Return-Path: <linux-wireless+bounces-19573-lists+linux-wireless=lfdr.de@vger.kernel.org>
X-Original-To: lists+linux-wireless@lfdr.de
Delivered-To: lists+linux-wireless@lfdr.de
Received: from ny.mirrors.kernel.org (ny.mirrors.kernel.org [IPv6:2604:1380:45d1:ec00::1])
	by mail.lfdr.de (Postfix) with ESMTPS id B48AEA4970D
	for <lists+linux-wireless@lfdr.de>; Fri, 28 Feb 2025 11:22:29 +0100 (CET)
Received: from smtp.subspace.kernel.org (relay.kernel.org [52.25.139.140])
	(using TLSv1.2 with cipher ECDHE-ECDSA-AES256-GCM-SHA384 (256/256 bits))
	(No client certificate requested)
	by ny.mirrors.kernel.org (Postfix) with ESMTPS id AC4411757D6
	for <lists+linux-wireless@lfdr.de>; Fri, 28 Feb 2025 10:21:24 +0000 (UTC)
Received: from localhost.localdomain (localhost.localdomain [127.0.0.1])
	by smtp.subspace.kernel.org (Postfix) with ESMTP id 4068C25D1FD;
	Fri, 28 Feb 2025 10:20:48 +0000 (UTC)
Authentication-Results: smtp.subspace.kernel.org;
	dkim=pass (2048-bit key) header.d=heusel.eu header.i=christian@heusel.eu header.b="mDhs/bHh"
X-Original-To: linux-wireless@vger.kernel.org
Received: from mout.kundenserver.de (mout.kundenserver.de [212.227.126.187])
	(using TLSv1.2 with cipher ECDHE-RSA-AES256-GCM-SHA384 (256/256 bits))
	(No client certificate requested)
	by smtp.subspace.kernel.org (Postfix) with ESMTPS id D9CB825DD0F;
	Fri, 28 Feb 2025 10:20:36 +0000 (UTC)
Authentication-Results: smtp.subspace.kernel.org; arc=none smtp.client-ip=212.227.126.187
ARC-Seal:i=1; a=rsa-sha256; d=subspace.kernel.org; s=arc-20240116;
	t=1740738048; cv=none; b=uhoLyBDIPf3ZlYgTiyBjkN9C8tMI+uFfSCNeo4se8IJ5W+oHU/y6LvBBC1CkiRtc79BxqgnMh5jljCb3TM1QoidIlfBzCD3P3fFwQ1f+gxK+xZV9SC1/lyVnCUkiRop8i+YNz7HMHBujHlwPhmaK9+H9GNGfL0LYXn7g5Zs62Wc=
ARC-Message-Signature:i=1; a=rsa-sha256; d=subspace.kernel.org;
	s=arc-20240116; t=1740738048; c=relaxed/simple;
	bh=4krllKo7z2ckuH4TBpnSYU0vp6ONvcq5mJ1zaMn4CcU=;
	h=Date:From:To:Cc:Subject:Message-ID:MIME-Version:Content-Type:
	 Content-Disposition; b=t/Z7nos1q76/MfSqwZm0giKH7X2M5nL5paJ+BZxNgJgDPob0LIgNpnyUCnpAGD6Cy0MxcFJ25Ws/YmkVhScKuu5NQQByHqMFdzAkca1pCvwptI1oWwDF8zWZq0v+CxYJ4zYlXUmr9FOjabzJ5k0Oe9G/4zA/8U5zIOQxQorjUMs=
ARC-Authentication-Results:i=1; smtp.subspace.kernel.org; dmarc=none (p=none dis=none) header.from=heusel.eu; spf=pass smtp.mailfrom=heusel.eu; dkim=pass (2048-bit key) header.d=heusel.eu header.i=christian@heusel.eu header.b=mDhs/bHh; arc=none smtp.client-ip=212.227.126.187
Authentication-Results: smtp.subspace.kernel.org; dmarc=none (p=none dis=none) header.from=heusel.eu
Authentication-Results: smtp.subspace.kernel.org; spf=pass smtp.mailfrom=heusel.eu
DKIM-Signature: v=1; a=rsa-sha256; c=relaxed/relaxed; d=heusel.eu;
	s=s1-ionos; t=1740737994; x=1741342794; i=christian@heusel.eu;
	bh=vmEFqJ56LnvWrP5Z/T3/6CxwTi7oeTW9qfy3kuXb9nU=;
	h=X-UI-Sender-Class:Date:From:To:Cc:Subject:Message-ID:
	 MIME-Version:Content-Type:cc:content-transfer-encoding:
	 content-type:date:from:message-id:mime-version:reply-to:subject:
	 to;
	b=mDhs/bHhu581OOTnTgXLsLAdt4OpV5l04QxSQZHT9CGssHp4tBsEBOAviQbmdmpz
	 kAm1X0M5kb0QdM+5wxDsvDxUGhGuZ4Pb2ieiUwwXKb48EYlusBzGCKyJjBZnSJEaS
	 ch1ABurKu8g0Vm63R3ekrJh1iuLq/3qWDP2h4x2Fpm0qKZgexuH0pKw48kw8ses+E
	 drPLyD/gpFkhBJVww2TxReDa9Nz2GAFCdARP1VgEX+gU0SMAWPcVo1yetC6TQ+Xd1
	 UiJ/9fss1oJra1yl0fthXOIP+15v6tSptX6v9QlGgh0tLzju2JKZH9pMvrm+j0A8k
	 EDn5zU2pPXW7mX+6Rg==
X-UI-Sender-Class: 55c96926-9e95-11ee-ae09-1f7a4046a0f6
Received: from localhost ([141.70.80.5]) by mrelayeu.kundenserver.de (mreue010
 [212.227.15.167]) with ESMTPSA (Nemesis) id 1McGp2-1tHuRJ3Znw-00izC7; Fri, 28
 Feb 2025 11:19:54 +0100
Date: Fri, 28 Feb 2025 11:19:52 +0100
From: Christian Heusel <christian@heusel.eu>
To: Ming Yen Hsieh <mingyen.hsieh@mediatek.com>, stable@vger.kernel.org
Cc: Benjamin Xiao <fossben@pm.me>, linux-kernel@vger.kernel.org, 
	regressions@lists.linux.dev, linux-mediatek@lists.infradead.org, 
	linux-wireless@vger.kernel.org
Subject: [REGRESSION][BISECTED][STABLE] MT7925 wifi throughput halved with
 6.13.2
Message-ID: <b994a256-ee2f-4831-ad61-288ae7bc864b@heusel.eu>
Precedence: bulk
X-Mailing-List: linux-wireless@vger.kernel.org
List-Id: <linux-wireless.vger.kernel.org>
List-Subscribe: <mailto:linux-wireless+subscribe@vger.kernel.org>
List-Unsubscribe: <mailto:linux-wireless+unsubscribe@vger.kernel.org>
MIME-Version: 1.0
Content-Type: multipart/signed; micalg=pgp-sha256;
	protocol="application/pgp-signature"; boundary="k65zb2ld7znvcohp"
Content-Disposition: inline
X-Provags-ID: V03:K1:OJwjJgfkpOqepGPvUTdBV26GZ07i9JzqAt87gYkxIZEKbxERckx
 SAm4F/bkJ09V1HH/FTNtJA8oASsnuq10LKB06Ppd9h62R4lDkxZ7tNkAl28S8G7d1xDa2gT
 PEXCP0VLlx0QkawtWhcZoi8H1XuAjMvnX8hezzTVVlLxF610lL3AKcij0xDDtEUQc3CEQD5
 TPaOdVoD/Z3rLf531MyNw==
X-Spam-Flag: NO
UI-OutboundReport: notjunk:1;M01:P0:j43Dhi4OnSQ=;pPrxw8z5Z4FEOj+UReFM/WLv3ek
 k6EI90zHjv/ditfhTm1P/su83Jle+PE4sZ7Lx6qEXFzY78U1w1eMYlyGhcfsZB6jypXExVms+
 76yu/2CQbnaBGURh5AqnhVL0W5LNuVg3SCqEqmwEpT1f78wy/gE+Ua0GhgrwcJmPI0Fz4q6+g
 s62KzQPu9E+VpL71TnsTc3O9Dh0+Xry6CJ9XTKwjUKOQelF4PYEsSUMZohaj4d/QTbG792rxl
 IMcjeR2edJf6+0WBVTvV9+A6CjAcebV1geldeonaBXafMoqcIX/kLQN/gMcHzYf11yon30CAp
 9QNAkGha2hTjeflxyp1Lc7RmneqlCMqfzPnOnWNaRhc2HEKkALshPORCdi5LfKrW7Eb/n4LpH
 bLos1d4MkOevwZdAEAow8IgSVtUBJc4mikMx5qBqAvIeNLVrtz6JXxbKEsLCmJOTQOnUY+7Dl
 RrxSiwAe9Ao92e4Dbvjfq4Eq8XfVTTXdPYWfO9bkGNEfivYy5ikAx5d66bBROe/Ye10KRGJrI
 lB9BEqzGzNnYMkLCr5koPsZ9SxDZZ81O2Z0vtnXfiWV5aoWKza9pvEFr7nV1RYa6AhshaIJx0
 Sg+tOFV14AHZbvXPOP0iEHylDFUzgQazFjY3KrgrXKJT4GOQ1pBeTIL+kwd4DAW3XJpwmFpRZ
 BjyysaA3KoB9HMaZimk8rUkA1BcX7hAsALT5vMPBCdA4+xK/h5HQro6rDN69bG+B3svBRP69x
 TAxyj0bsRQRYyQRUdrnPuw2zoKXwJ1bKs9r7iQ71sjv71rPV2iPvEhxi4yvIIQ4GjCZ9NIHHi
 CX8ET7k+SxYqW5XUAxgevSkHq4WkKo6FDcVdDOr4qRuBaqMc96aWnEy+AuAdNdfTSyobjcGhA
 kBsM0Ibdeh41xDiLtH6LmnZFo1q6DgERNPleqUu0FMKzCwv8L0+jigsl3/YiJnvoypZDjZXRs
 mp4DTjKNYWNfeDeAQuozuCGcgCjVKJyFAG1jOubRkdR7zOm9OI7BHiiiz9A2uzRRDpWEnW8ZJ
 I+TXC3yuSUUEm0QOmSiuq5vBivlC2KbgtsyHb4khp0T7hKpkoQwhZbKyORm5Qio8IqtBpKuEZ
 UNywojc++myXwgvG04BQLg3OgntgZJNSFYBjqFik4BwsuGcSznz2WnCqf9bDvh2CZAc9RFF2m
 oHfaWAC+rJEoD+R75ZTXQyeZ75MghygvChAXxUErFC+Urk8BJisnX06lhpiAsCiDby3Yxwg2g
 gXC2pYxps1I0LFEx4yyHNS5Rv8VNhBOPlTeoyURtbV8xstMleh4aLAIuCxIe3vWQE+Soyky3G
 IAIWybSFUZp0hYylQErLGq0xrKjpnyWyt70jxvOIWr2GOaOkjVXChD4wIkAz0khYu4ZISW6JX
 jOAZRZyYonk2iodQ==


--k65zb2ld7znvcohp
Content-Type: multipart/mixed; protected-headers=v1;
	boundary="lzlqbxrg6pxvnqvz"
Content-Disposition: inline
Subject: [REGRESSION][BISECTED][STABLE] MT7925 wifi throughput halved with
 6.13.2
MIME-Version: 1.0


--lzlqbxrg6pxvnqvz
Content-Type: text/plain; charset=us-ascii
Content-Disposition: inline

Hello everyone,

on the Arch Linux Bugtracker[1] Benjamin (also added in CC) reported
that his MT7925 wifi card has halved it's throughput when updating from
the v6.13.1 to the v6.13.2 stable kernel. The problem is still present
in the 6.13.5 stable kernel.

We have bisected this issue together and found the backporting of the
following commit responsible for this issue:

    4cf9f08632c0 ("wifi: mt76: mt7925: Update mt7925_mcu_uni_[tx,rx]_ba for MLO")

We unfortunately didn't have a chance to test the mainline releases as
the reporter uses the (out of tree) nvidia modules that were not
compatible with mainline release at the time of testing. We will soon
test against Mainline aswell.

I have attached dmesg outputs of a good and a bad boot aswell as his
other hardware specs and will be available to debug this further.

Cheers,
Christian

[1]: https://gitlab.archlinux.org/archlinux/packaging/packages/linux/-/issues/112

--lzlqbxrg6pxvnqvz
Content-Type: text/plain; charset=us-ascii
Content-Disposition: attachment; filename="inxi.txt"

System:
  Host: arch-desktop Kernel: 6.13.1-arch2-2 arch: x86_64 bits: 64
  Desktop: KDE Plasma v: 6.3.0 Distro: Arch Linux
Machine:
  Type: Desktop Mobo: Gigabyte model: X870E AORUS ELITE WIFI7
    serial: <superuser required> UEFI: American Megatrends LLC. v: F3i
    date: 12/19/2024
CPU:
  Info: 8-core model: AMD Ryzen 7 9800X3D bits: 64 type: MT MCP cache:
    L2: 8 MiB
  Speed (MHz): avg: 2983 min/max: 600/5269 cores: 1: 2983 2: 2983 3: 2983
    4: 2983 5: 2983 6: 2983 7: 2983 8: 2983 9: 2983 10: 2983 11: 2983 12: 2983
    13: 2983 14: 2983 15: 2983 16: 2983
Graphics:
  Device-1: NVIDIA GA102 [GeForce RTX 3090] driver: nvidia v: 565.77
  Device-2: Advanced Micro Devices [AMD/ATI] Granite Ridge [Radeon Graphics]
    driver: amdgpu v: kernel
  Device-3: Insta360 Link driver: snd-usb-audio,uvcvideo type: USB
  Display: wayland server: X.org v: 1.21.1.15 with: Xwayland v: 24.1.5
    compositor: kwin_wayland driver: X: loaded: nvidia unloaded: modesetting
    gpu: nvidia,nvidia-nvswitch resolution: 3840x2160~120Hz
  API: EGL v: 1.5 drivers: nvidia
    platforms: gbm,wayland,x11,surfaceless,device
  API: OpenGL v: 4.6.0 vendor: nvidia v: 565.77 renderer: NVIDIA GeForce
    RTX 3090/PCIe/SSE2
  API: Vulkan v: 1.4.303 drivers: N/A surfaces: xcb,xlib,wayland
  Info: Tools: api: clinfo, eglinfo, glxinfo, vulkaninfo
    de: kscreen-console,kscreen-doctor gpu: nvidia-smi wl: wayland-info
    x11: xdpyinfo, xprop, xrandr
Audio:
  Device-1: NVIDIA GA102 High Definition Audio driver: snd_hda_intel
  Device-2: Advanced Micro Devices [AMD/ATI] Rembrandt Radeon High
    Definition Audio driver: snd_hda_intel
  Device-3: Advanced Micro Devices [AMD] Family 17h/19h/1ah HD Audio
    driver: snd_hda_intel
  Device-4: SteelSeries ApS Arctis Nova 7
    driver: hid-generic,snd-usb-audio,usbhid type: USB
  Device-5: Audio-Technica ATR USB microphone
    driver: hid-generic,snd-usb-audio,usbhid type: USB
  Device-6: Insta360 Link driver: snd-usb-audio,uvcvideo type: USB
  API: ALSA v: k6.13.1-arch2-2 status: kernel-api
  Server-1: PipeWire v: 1.2.7 status: active
Network:
  Device-1: MEDIATEK driver: mt7925e
  IF: wlan0 state: up mac: 44:fa:66:66:57:a9
  Device-2: Realtek RTL8125 2.5GbE driver: r8169
  IF: enp14s0 state: down mac: 10:ff:e0:6a:b0:50
Bluetooth:
  Device-1: Foxconn / Hon Hai Wireless_Device driver: btusb type: USB
  Report: rfkill ID: hci0 state: up address: see --recommends
Drives:
  Local Storage: total: 8.15 TiB used: 2.33 TiB (28.6%)
  ID-1: /dev/nvme0n1 vendor: Samsung model: SSD 990 PRO 4TB size: 3.64 TiB
  ID-2: /dev/sda vendor: Western Digital model: WDS400T2B0A-00SM50
    size: 3.64 TiB
  ID-3: /dev/sdb vendor: SanDisk model: SDSSDHII960G size: 894.25 GiB
Partition:
  ID-1: / size: 3.61 TiB used: 1.34 TiB (37.1%) fs: btrfs dev: /dev/nvme0n1p2
  ID-2: /home size: 3.61 TiB used: 1.34 TiB (37.1%) fs: btrfs
    dev: /dev/nvme0n1p2
  ID-3: /var/log size: 3.61 TiB used: 1.34 TiB (37.1%) fs: btrfs
    dev: /dev/nvme0n1p2
Swap:
  ID-1: swap-1 type: partition size: 32 GiB used: 0 KiB (0.0%)
    dev: /dev/nvme0n1p3
Sensors:
  System Temperatures: cpu: 39.6 C mobo: 45.0 C gpu: amdgpu temp: 36.0 C
  Fan Speeds (rpm): N/A
Info:
  Memory: total: 60 GiB note: est. available: 60.44 GiB used: 5.44 GiB (9.0%)
  Processes: 452 Uptime: 12m Shell: Bash inxi: 3.3.37

--lzlqbxrg6pxvnqvz
Content-Type: text/plain; charset=us-ascii
Content-Disposition: attachment; filename="dmesg_slow_wifi.txt"
Content-Transfer-Encoding: quoted-printable

[    0.000000] Linux version 6.13.1-1-00200-g4cf9f08632c0 (linux@archlinux)=
 (gcc (GCC) 14.2.1 20250207, GNU ld (GNU Binutils) 2.44) #1 SMP PREEMPT_DYN=
AMIC Wed, 12 Feb 2025 15:53:57 +0000
[    0.000000] Command line: BOOT_IMAGE=3D/@/boot/vmlinuz-linux root=3DUUID=
=3D04de5227-e261-4049-9f7b-6c95c0e36ef9 rw rootflags=3Dsubvol=3D@ nvidia.NV=
reg_EnableGpuFirmware=3D0
[    0.000000] x86/split lock detection: #DB: warning on user-space bus_loc=
ks
[    0.000000] BIOS-provided physical RAM map:
[    0.000000] BIOS-e820: [mem 0x0000000000000000-0x000000000009ffff] usable
[    0.000000] BIOS-e820: [mem 0x00000000000a0000-0x00000000000fffff] reser=
ved
[    0.000000] BIOS-e820: [mem 0x0000000000100000-0x0000000009afefff] usable
[    0.000000] BIOS-e820: [mem 0x0000000009aff000-0x0000000009ffffff] reser=
ved
[    0.000000] BIOS-e820: [mem 0x000000000a000000-0x000000000a1fffff] usable
[    0.000000] BIOS-e820: [mem 0x000000000a200000-0x000000000a21dfff] ACPI =
NVS
[    0.000000] BIOS-e820: [mem 0x000000000a21e000-0x000000000affffff] usable
[    0.000000] BIOS-e820: [mem 0x000000000b000000-0x000000000b020fff] reser=
ved
[    0.000000] BIOS-e820: [mem 0x000000000b021000-0x0000000088211fff] usable
[    0.000000] BIOS-e820: [mem 0x0000000088212000-0x000000008e211fff] reser=
ved
[    0.000000] BIOS-e820: [mem 0x000000008e212000-0x000000008e47efff] ACPI =
data
[    0.000000] BIOS-e820: [mem 0x000000008e47f000-0x000000009047efff] ACPI =
NVS
[    0.000000] BIOS-e820: [mem 0x000000009047f000-0x00000000985fefff] reser=
ved
[    0.000000] BIOS-e820: [mem 0x00000000985ff000-0x0000000099ff6fff] usable
[    0.000000] BIOS-e820: [mem 0x0000000099ff7000-0x0000000099ffbfff] reser=
ved
[    0.000000] BIOS-e820: [mem 0x0000000099ffc000-0x0000000099ffffff] usable
[    0.000000] BIOS-e820: [mem 0x000000009a000000-0x000000009bffffff] reser=
ved
[    0.000000] BIOS-e820: [mem 0x000000009d7f3000-0x000000009fffffff] reser=
ved
[    0.000000] BIOS-e820: [mem 0x00000000e0000000-0x00000000efffffff] reser=
ved
[    0.000000] BIOS-e820: [mem 0x00000000f7000000-0x00000000ffffffff] reser=
ved
[    0.000000] BIOS-e820: [mem 0x0000000100000000-0x0000000fdde7ffff] usable
[    0.000000] BIOS-e820: [mem 0x0000000fdeec0000-0x00000010801fffff] reser=
ved
[    0.000000] BIOS-e820: [mem 0x000000fd00000000-0x000000ffffffffff] reser=
ved
[    0.000000] NX (Execute Disable) protection: active
[    0.000000] APIC: Static calls initialized
[    0.000000] e820: update [mem 0x82042018-0x82068457] usable =3D=3D> usab=
le
[    0.000000] e820: update [mem 0x82033018-0x82041057] usable =3D=3D> usab=
le
[    0.000000] e820: update [mem 0x82028018-0x82032e57] usable =3D=3D> usab=
le
[    0.000000] extended physical RAM map:
[    0.000000] reserve setup_data: [mem 0x0000000000000000-0x000000000009ff=
ff] usable
[    0.000000] reserve setup_data: [mem 0x00000000000a0000-0x00000000000fff=
ff] reserved
[    0.000000] reserve setup_data: [mem 0x0000000000100000-0x0000000009afef=
ff] usable
[    0.000000] reserve setup_data: [mem 0x0000000009aff000-0x0000000009ffff=
ff] reserved
[    0.000000] reserve setup_data: [mem 0x000000000a000000-0x000000000a1fff=
ff] usable
[    0.000000] reserve setup_data: [mem 0x000000000a200000-0x000000000a21df=
ff] ACPI NVS
[    0.000000] reserve setup_data: [mem 0x000000000a21e000-0x000000000affff=
ff] usable
[    0.000000] reserve setup_data: [mem 0x000000000b000000-0x000000000b020f=
ff] reserved
[    0.000000] reserve setup_data: [mem 0x000000000b021000-0x00000000820280=
17] usable
[    0.000000] reserve setup_data: [mem 0x0000000082028018-0x0000000082032e=
57] usable
[    0.000000] reserve setup_data: [mem 0x0000000082032e58-0x00000000820330=
17] usable
[    0.000000] reserve setup_data: [mem 0x0000000082033018-0x00000000820410=
57] usable
[    0.000000] reserve setup_data: [mem 0x0000000082041058-0x00000000820420=
17] usable
[    0.000000] reserve setup_data: [mem 0x0000000082042018-0x00000000820684=
57] usable
[    0.000000] reserve setup_data: [mem 0x0000000082068458-0x0000000088211f=
ff] usable
[    0.000000] reserve setup_data: [mem 0x0000000088212000-0x000000008e211f=
ff] reserved
[    0.000000] reserve setup_data: [mem 0x000000008e212000-0x000000008e47ef=
ff] ACPI data
[    0.000000] reserve setup_data: [mem 0x000000008e47f000-0x000000009047ef=
ff] ACPI NVS
[    0.000000] reserve setup_data: [mem 0x000000009047f000-0x00000000985fef=
ff] reserved
[    0.000000] reserve setup_data: [mem 0x00000000985ff000-0x0000000099ff6f=
ff] usable
[    0.000000] reserve setup_data: [mem 0x0000000099ff7000-0x0000000099ffbf=
ff] reserved
[    0.000000] reserve setup_data: [mem 0x0000000099ffc000-0x0000000099ffff=
ff] usable
[    0.000000] reserve setup_data: [mem 0x000000009a000000-0x000000009bffff=
ff] reserved
[    0.000000] reserve setup_data: [mem 0x000000009d7f3000-0x000000009fffff=
ff] reserved
[    0.000000] reserve setup_data: [mem 0x00000000e0000000-0x00000000efffff=
ff] reserved
[    0.000000] reserve setup_data: [mem 0x00000000f7000000-0x00000000ffffff=
ff] reserved
[    0.000000] reserve setup_data: [mem 0x0000000100000000-0x0000000fdde7ff=
ff] usable
[    0.000000] reserve setup_data: [mem 0x0000000fdeec0000-0x00000010801fff=
ff] reserved
[    0.000000] reserve setup_data: [mem 0x000000fd00000000-0x000000ffffffff=
ff] reserved
[    0.000000] efi: EFI v2.9 by American Megatrends
[    0.000000] efi: ACPI=3D0x90466000 ACPI 2.0=3D0x90466014 TPMFinalLog=3D0=
x90432000 SMBIOS=3D0x97ada000 SMBIOS 3.0=3D0x97ad9000 MEMATTR=3D0x844c5318 =
ESRT=3D0x84509c18 INITRD=3D0x810fe518 RNG=3D0x8e28d018 TPMEventLog=3D0x8e28=
6018=20
[    0.000000] random: crng init done
[    0.000000] efi: Remove mem240: MMIO range=3D[0xe0000000-0xefffffff] (25=
6MB) from e820 map
[    0.000000] e820: remove [mem 0xe0000000-0xefffffff] reserved
[    0.000000] efi: Remove mem241: MMIO range=3D[0xf7000000-0xfedfffff] (12=
6MB) from e820 map
[    0.000000] e820: remove [mem 0xf7000000-0xfedfffff] reserved
[    0.000000] efi: Not removing mem242: MMIO range=3D[0xfee00000-0xfee00ff=
f] (4KB) from e820 map
[    0.000000] efi: Remove mem243: MMIO range=3D[0xfee01000-0xffffffff] (17=
MB) from e820 map
[    0.000000] e820: remove [mem 0xfee01000-0xffffffff] reserved
[    0.000000] efi: Remove mem245: MMIO range=3D[0x1060000000-0x10801fffff]=
 (514MB) from e820 map
[    0.000000] e820: remove [mem 0x1060000000-0x10801fffff] reserved
[    0.000000] SMBIOS 3.7.0 present.
[    0.000000] DMI: Gigabyte Technology Co., Ltd. X870E AORUS ELITE WIFI7/X=
870E AORUS ELITE WIFI7, BIOS F3i 12/19/2024
[    0.000000] DMI: Memory slots populated: 2/4
[    0.000000] tsc: Fast TSC calibration using PIT
[    0.000000] tsc: Detected 4691.451 MHz processor
[    0.000110] e820: update [mem 0x00000000-0x00000fff] usable =3D=3D> rese=
rved
[    0.000111] e820: remove [mem 0x000a0000-0x000fffff] usable
[    0.000116] last_pfn =3D 0xfdde80 max_arch_pfn =3D 0x400000000
[    0.000122] MTRR map: 5 entries (3 fixed + 2 variable; max 20), built fr=
om 9 variable MTRRs
[    0.000123] x86/PAT: Configuration [0-7]: WB  WC  UC- UC  WB  WP  UC- WT=
 =20
[    0.000287] e820: update [mem 0xa0000000-0xffffffff] usable =3D=3D> rese=
rved
[    0.000291] last_pfn =3D 0x9a000 max_arch_pfn =3D 0x400000000
[    0.003209] esrt: Reserving ESRT space from 0x0000000084509c18 to 0x0000=
000084509c50.
[    0.003216] e820: update [mem 0x84509000-0x84509fff] usable =3D=3D> rese=
rved
[    0.003232] Using GB pages for direct mapping
[    0.003551] Secure boot enabled
[    0.003552] RAMDISK: [mem 0x73b2d000-0x79261fff]
[    0.003680] ACPI: Early table checksum verification disabled
[    0.003683] ACPI: RSDP 0x0000000090466014 000024 (v02 ALASKA)
[    0.003685] ACPI: XSDT 0x0000000090465728 00010C (v01 ALASKA A M I    01=
072009 AMI  01000013)
[    0.003689] ACPI: FACP 0x000000008E467000 000114 (v06 ALASKA A M I    01=
072009 AMI  00010013)
[    0.003693] ACPI: DSDT 0x000000008E3EA000 07309A (v203 ALASKA A M I    0=
1072009 INTL 20230628)
[    0.003694] ACPI: FACS 0x0000000090462000 000040
[    0.003696] ACPI: HWIN 0x000000008E47E000 00006C (v00 GBT    AMD      00=
050000 AMI  01000013)
[    0.003697] ACPI: SSDT 0x000000008E472000 00B9E4 (v02 GBT    GSWApp   00=
000001 INTL 20230628)
[    0.003698] ACPI: SSDT 0x000000008E469000 00816C (v02 AMD    Splinter 00=
000002 MSFT 05000000)
[    0.003699] ACPI: SSDT 0x000000008E468000 000221 (v02 ALASKA CPUSSDT  01=
072009 AMI  01072009)
[    0.003701] ACPI: FIDT 0x000000008E461000 00009C (v01 ALASKA A M I    01=
072009 AMI  00010013)
[    0.003702] ACPI: MCFG 0x000000008E460000 00003C (v01 ALASKA A M I    01=
072009 MSFT 00010013)
[    0.003703] ACPI: HPET 0x000000008E45F000 000038 (v01 ALASKA A M I    01=
072009 AMI  00000005)
[    0.003704] ACPI: FPDT 0x000000008E45E000 000044 (v01 ALASKA A M I    01=
072009 AMI  01000013)
[    0.003705] ACPI: VFCT 0x000000008E3DF000 00AE84 (v01 ALASKA A M I    00=
000001 AMD  33504F47)
[    0.003706] ACPI: BGRT 0x000000008E466000 000038 (v01 ALASKA A M I    01=
072009 AMI  00010013)
[    0.003707] ACPI: SSDT 0x000000008E3DA000 004DEE (v02 AMD    AMD CPU  00=
000001 AMD  00000001)
[    0.003709] ACPI: TPM2 0x000000008E465000 00004C (v04 ALASKA A M I    00=
000001 AMI  00000000)
[    0.003710] ACPI: WPBT 0x000000008E464000 000034 (v01 ALASKA A M I    00=
000001 GBT  24112800)
[    0.003711] ACPI: SSDT 0x000000008E2A9000 00D214 (v02 AMD    DISCUSB4 00=
000002 INTL 20230628)
[    0.003712] ACPI: SSDT 0x000000008E463000 0006D4 (v02 AMD    CPMWLRC  00=
000001 INTL 20230628)
[    0.003713] ACPI: SSDT 0x000000008E2A7000 00169E (v02 AMD    CPMDFIG2 00=
000001 INTL 20230628)
[    0.003714] ACPI: SSDT 0x000000008E2A4000 002AA6 (v02 AMD    CDFAAIG2 00=
000001 INTL 20230628)
[    0.003715] ACPI: SSDT 0x000000008E462000 00078F (v02 AMD    CPMDFDG1 00=
000001 INTL 20230628)
[    0.003716] ACPI: SSDT 0x000000008E29A000 0097C3 (v02 AMD    CPMCMN   00=
000001 INTL 20230628)
[    0.003717] ACPI: SSDT 0x000000008E297000 0029D1 (v02 AMD    AOD      00=
000001 INTL 20230628)
[    0.003719] ACPI: WSMT 0x000000008E296000 000028 (v01 ALASKA A M I    01=
072009 AMI  00010013)
[    0.003720] ACPI: APIC 0x000000008E295000 00015E (v06 ALASKA A M I    01=
072009 AMI  00010013)
[    0.003721] ACPI: IVRS 0x000000008E294000 0000C8 (v02 AMD    AmdTable 00=
000001 AMD  00000001)
[    0.003722] ACPI: SSDT 0x000000008E293000 000500 (v02 AMD    MEMTOOL0 00=
000002 INTL 20230628)
[    0.003723] ACPI: SSDT 0x000000008E292000 0009D0 (v02 AMD    CPMMSOSC 00=
000001 INTL 20230628)
[    0.003724] ACPI: SSDT 0x000000008E291000 00047C (v02 AMD    AMDWOV   00=
000001 INTL 20230628)
[    0.003725] ACPI: SSDT 0x000000008E28F000 001046 (v02 AMD    CPMACPV4 00=
000001 INTL 20230628)
[    0.003726] ACPI: SSDT 0x000000008E28E000 00053E (v01 AMD    CPMAPMFD 00=
000001 INTL 20230628)
[    0.003727] ACPI: Reserving FACP table memory at [mem 0x8e467000-0x8e467=
113]
[    0.003728] ACPI: Reserving DSDT table memory at [mem 0x8e3ea000-0x8e45d=
099]
[    0.003728] ACPI: Reserving FACS table memory at [mem 0x90462000-0x90462=
03f]
[    0.003728] ACPI: Reserving HWIN table memory at [mem 0x8e47e000-0x8e47e=
06b]
[    0.003729] ACPI: Reserving SSDT table memory at [mem 0x8e472000-0x8e47d=
9e3]
[    0.003729] ACPI: Reserving SSDT table memory at [mem 0x8e469000-0x8e471=
16b]
[    0.003729] ACPI: Reserving SSDT table memory at [mem 0x8e468000-0x8e468=
220]
[    0.003729] ACPI: Reserving FIDT table memory at [mem 0x8e461000-0x8e461=
09b]
[    0.003730] ACPI: Reserving MCFG table memory at [mem 0x8e460000-0x8e460=
03b]
[    0.003730] ACPI: Reserving HPET table memory at [mem 0x8e45f000-0x8e45f=
037]
[    0.003730] ACPI: Reserving FPDT table memory at [mem 0x8e45e000-0x8e45e=
043]
[    0.003730] ACPI: Reserving VFCT table memory at [mem 0x8e3df000-0x8e3e9=
e83]
[    0.003731] ACPI: Reserving BGRT table memory at [mem 0x8e466000-0x8e466=
037]
[    0.003731] ACPI: Reserving SSDT table memory at [mem 0x8e3da000-0x8e3de=
ded]
[    0.003731] ACPI: Reserving TPM2 table memory at [mem 0x8e465000-0x8e465=
04b]
[    0.003732] ACPI: Reserving WPBT table memory at [mem 0x8e464000-0x8e464=
033]
[    0.003732] ACPI: Reserving SSDT table memory at [mem 0x8e2a9000-0x8e2b6=
213]
[    0.003732] ACPI: Reserving SSDT table memory at [mem 0x8e463000-0x8e463=
6d3]
[    0.003732] ACPI: Reserving SSDT table memory at [mem 0x8e2a7000-0x8e2a8=
69d]
[    0.003733] ACPI: Reserving SSDT table memory at [mem 0x8e2a4000-0x8e2a6=
aa5]
[    0.003733] ACPI: Reserving SSDT table memory at [mem 0x8e462000-0x8e462=
78e]
[    0.003733] ACPI: Reserving SSDT table memory at [mem 0x8e29a000-0x8e2a3=
7c2]
[    0.003733] ACPI: Reserving SSDT table memory at [mem 0x8e297000-0x8e299=
9d0]
[    0.003734] ACPI: Reserving WSMT table memory at [mem 0x8e296000-0x8e296=
027]
[    0.003734] ACPI: Reserving APIC table memory at [mem 0x8e295000-0x8e295=
15d]
[    0.003734] ACPI: Reserving IVRS table memory at [mem 0x8e294000-0x8e294=
0c7]
[    0.003734] ACPI: Reserving SSDT table memory at [mem 0x8e293000-0x8e293=
4ff]
[    0.003735] ACPI: Reserving SSDT table memory at [mem 0x8e292000-0x8e292=
9cf]
[    0.003735] ACPI: Reserving SSDT table memory at [mem 0x8e291000-0x8e291=
47b]
[    0.003735] ACPI: Reserving SSDT table memory at [mem 0x8e28f000-0x8e290=
045]
[    0.003735] ACPI: Reserving SSDT table memory at [mem 0x8e28e000-0x8e28e=
53d]
[    0.003775] No NUMA configuration found
[    0.003776] Faking a node at [mem 0x0000000000000000-0x0000000fdde7ffff]
[    0.003778] NODE_DATA(0) allocated [mem 0xfdde7bec0-0xfdde7ffff]
[    0.003811] Zone ranges:
[    0.003812]   DMA      [mem 0x0000000000001000-0x0000000000ffffff]
[    0.003812]   DMA32    [mem 0x0000000001000000-0x00000000ffffffff]
[    0.003813]   Normal   [mem 0x0000000100000000-0x0000000fdde7ffff]
[    0.003814]   Device   empty
[    0.003814] Movable zone start for each node
[    0.003815] Early memory node ranges
[    0.003815]   node   0: [mem 0x0000000000001000-0x000000000009ffff]
[    0.003815]   node   0: [mem 0x0000000000100000-0x0000000009afefff]
[    0.003816]   node   0: [mem 0x000000000a000000-0x000000000a1fffff]
[    0.003816]   node   0: [mem 0x000000000a21e000-0x000000000affffff]
[    0.003816]   node   0: [mem 0x000000000b021000-0x0000000088211fff]
[    0.003817]   node   0: [mem 0x00000000985ff000-0x0000000099ff6fff]
[    0.003817]   node   0: [mem 0x0000000099ffc000-0x0000000099ffffff]
[    0.003817]   node   0: [mem 0x0000000100000000-0x0000000fdde7ffff]
[    0.003820] Initmem setup node 0 [mem 0x0000000000001000-0x0000000fdde7f=
fff]
[    0.003823] On node 0, zone DMA: 1 pages in unavailable ranges
[    0.003830] On node 0, zone DMA: 96 pages in unavailable ranges
[    0.003880] On node 0, zone DMA32: 1281 pages in unavailable ranges
[    0.003885] On node 0, zone DMA32: 30 pages in unavailable ranges
[    0.004543] On node 0, zone DMA32: 33 pages in unavailable ranges
[    0.004646] On node 0, zone DMA32: 33773 pages in unavailable ranges
[    0.004647] On node 0, zone DMA32: 5 pages in unavailable ranges
[    0.040542] On node 0, zone Normal: 24576 pages in unavailable ranges
[    0.040569] On node 0, zone Normal: 8576 pages in unavailable ranges
[    0.041357] ACPI: PM-Timer IO Port: 0x808
[    0.041364] ACPI: LAPIC_NMI (acpi_id[0xff] high edge lint[0x1])
[    0.041374] IOAPIC[0]: apic_id 32, version 33, address 0xfec00000, GSI 0=
-23
[    0.041377] IOAPIC[1]: apic_id 33, version 33, address 0xfec01000, GSI 2=
4-55
[    0.041378] ACPI: INT_SRC_OVR (bus 0 bus_irq 0 global_irq 2 dfl dfl)
[    0.041379] ACPI: INT_SRC_OVR (bus 0 bus_irq 9 global_irq 9 low level)
[    0.041381] ACPI: Using ACPI (MADT) for SMP configuration information
[    0.041382] ACPI: HPET id: 0x10228201 base: 0xfed00000
[    0.041390] e820: update [mem 0x8405e000-0x840b4fff] usable =3D=3D> rese=
rved
[    0.041400] CPU topo: Max. logical packages:   1
[    0.041401] CPU topo: Max. logical dies:       1
[    0.041401] CPU topo: Max. dies per package:   1
[    0.041403] CPU topo: Max. threads per core:   2
[    0.041403] CPU topo: Num. cores per package:     8
[    0.041404] CPU topo: Num. threads per package:  16
[    0.041404] CPU topo: Allowing 16 present CPUs plus 0 hotplug CPUs
[    0.041415] PM: hibernation: Registered nosave memory: [mem 0x00000000-0=
x00000fff]
[    0.041416] PM: hibernation: Registered nosave memory: [mem 0x000a0000-0=
x000fffff]
[    0.041416] PM: hibernation: Registered nosave memory: [mem 0x09aff000-0=
x09ffffff]
[    0.041417] PM: hibernation: Registered nosave memory: [mem 0x0a200000-0=
x0a21dfff]
[    0.041418] PM: hibernation: Registered nosave memory: [mem 0x0b000000-0=
x0b020fff]
[    0.041418] PM: hibernation: Registered nosave memory: [mem 0x82028000-0=
x82028fff]
[    0.041419] PM: hibernation: Registered nosave memory: [mem 0x82032000-0=
x82032fff]
[    0.041419] PM: hibernation: Registered nosave memory: [mem 0x82033000-0=
x82033fff]
[    0.041419] PM: hibernation: Registered nosave memory: [mem 0x82041000-0=
x82041fff]
[    0.041420] PM: hibernation: Registered nosave memory: [mem 0x82042000-0=
x82042fff]
[    0.041420] PM: hibernation: Registered nosave memory: [mem 0x82068000-0=
x82068fff]
[    0.041421] PM: hibernation: Registered nosave memory: [mem 0x8405e000-0=
x840b4fff]
[    0.041421] PM: hibernation: Registered nosave memory: [mem 0x84509000-0=
x84509fff]
[    0.041422] PM: hibernation: Registered nosave memory: [mem 0x88212000-0=
x8e211fff]
[    0.041422] PM: hibernation: Registered nosave memory: [mem 0x8e212000-0=
x8e47efff]
[    0.041422] PM: hibernation: Registered nosave memory: [mem 0x8e47f000-0=
x9047efff]
[    0.041422] PM: hibernation: Registered nosave memory: [mem 0x9047f000-0=
x985fefff]
[    0.041423] PM: hibernation: Registered nosave memory: [mem 0x99ff7000-0=
x99ffbfff]
[    0.041423] PM: hibernation: Registered nosave memory: [mem 0x9a000000-0=
x9bffffff]
[    0.041424] PM: hibernation: Registered nosave memory: [mem 0x9c000000-0=
x9d7f2fff]
[    0.041424] PM: hibernation: Registered nosave memory: [mem 0x9d7f3000-0=
x9fffffff]
[    0.041424] PM: hibernation: Registered nosave memory: [mem 0xa0000000-0=
xfedfffff]
[    0.041424] PM: hibernation: Registered nosave memory: [mem 0xfee00000-0=
xfee00fff]
[    0.041424] PM: hibernation: Registered nosave memory: [mem 0xfee01000-0=
xffffffff]
[    0.041425] [mem 0xa0000000-0xfedfffff] available for PCI devices
[    0.041426] Booting paravirtualized kernel on bare hardware
[    0.041428] clocksource: refined-jiffies: mask: 0xffffffff max_cycles: 0=
xffffffff, max_idle_ns: 6370452778343963 ns
[    0.044523] setup_percpu: NR_CPUS:320 nr_cpumask_bits:16 nr_cpu_ids:16 n=
r_node_ids:1
[    0.044905] percpu: Embedded 67 pages/cpu s237568 r8192 d28672 u524288
[    0.044908] pcpu-alloc: s237568 r8192 d28672 u524288 alloc=3D1*2097152
[    0.044909] pcpu-alloc: [0] 00 01 02 03 [0] 04 05 06 07=20
[    0.044911] pcpu-alloc: [0] 08 09 10 11 [0] 12 13 14 15=20
[    0.044919] Kernel command line: BOOT_IMAGE=3D/@/boot/vmlinuz-linux root=
=3DUUID=3D04de5227-e261-4049-9f7b-6c95c0e36ef9 rw rootflags=3Dsubvol=3D@ nv=
idia.NVreg_EnableGpuFirmware=3D0
[    0.044950] Unknown kernel command line parameters "BOOT_IMAGE=3D/@/boot=
/vmlinuz-linux", will be passed to user space.
[    0.045148] printk: log buffer data + meta data: 131072 + 458752 =3D 589=
824 bytes
[    0.047570] Dentry cache hash table entries: 8388608 (order: 14, 6710886=
4 bytes, linear)
[    0.048689] Inode-cache hash table entries: 4194304 (order: 13, 33554432=
 bytes, linear)
[    0.048741] Fallback order for Node 0: 0=20
[    0.048744] Built 1 zonelists, mobility grouping on.  Total pages: 16151=
789
[    0.048744] Policy zone: Normal
[    0.048823] mem auto-init: stack:all(zero), heap alloc:on, heap free:off
[    0.048852] software IO TLB: area num 16.
[    0.103210] SLUB: HWalign=3D64, Order=3D0-3, MinObjects=3D0, CPUs=3D16, =
Nodes=3D1
[    0.103236] ftrace: allocating 51152 entries in 200 pages
[    0.121531] ftrace: allocated 200 pages with 3 groups
[    0.121569] Dynamic Preempt: full
[    0.121602] rcu: Preemptible hierarchical RCU implementation.
[    0.121603] rcu: 	RCU restricting CPUs from NR_CPUS=3D320 to nr_cpu_ids=
=3D16.
[    0.121603] rcu: 	RCU priority boosting: priority 1 delay 500 ms.
[    0.121604] 	Trampoline variant of Tasks RCU enabled.
[    0.121604] 	Rude variant of Tasks RCU enabled.
[    0.121604] 	Tracing variant of Tasks RCU enabled.
[    0.121605] rcu: RCU calculated value of scheduler-enlistment delay is 3=
0 jiffies.
[    0.121605] rcu: Adjusting geometry for rcu_fanout_leaf=3D16, nr_cpu_ids=
=3D16
[    0.121611] RCU Tasks: Setting shift to 4 and lim to 1 rcu_task_cb_adjus=
t=3D1 rcu_task_cpu_ids=3D16.
[    0.121612] RCU Tasks Rude: Setting shift to 4 and lim to 1 rcu_task_cb_=
adjust=3D1 rcu_task_cpu_ids=3D16.
[    0.121613] RCU Tasks Trace: Setting shift to 4 and lim to 1 rcu_task_cb=
_adjust=3D1 rcu_task_cpu_ids=3D16.
[    0.123687] NR_IRQS: 20736, nr_irqs: 1096, preallocated irqs: 16
[    0.123860] rcu: srcu_init: Setting srcu_struct sizes based on contentio=
n.
[    0.123998] kfence: initialized - using 2097152 bytes for 255 objects at=
 0x(____ptrval____)-0x(____ptrval____)
[    0.124017] Console: colour dummy device 80x25
[    0.124018] printk: legacy console [tty0] enabled
[    0.124043] ACPI: Core revision 20240827
[    0.124254] clocksource: hpet: mask: 0xffffffff max_cycles: 0xffffffff, =
max_idle_ns: 133484873504 ns
[    0.124265] APIC: Switch to symmetric I/O mode setup
[    0.124661] AMD-Vi: Using global IVHD EFR:0x246577efa2254afa, EFR2:0x0
[    0.125420] ..TIMER: vector=3D0x30 apic1=3D0 pin1=3D2 apic2=3D-1 pin2=3D=
-1
[    0.140936] clocksource: tsc-early: mask: 0xffffffffffffffff max_cycles:=
 0x439fe184c33, max_idle_ns: 440795389281 ns
[    0.140938] Calibrating delay loop (skipped), value calculated using tim=
er frequency.. 9386.85 BogoMIPS (lpj=3D15638170)
[    0.140950] x86/cpu: User Mode Instruction Prevention (UMIP) activated
[    0.141009] LVT offset 1 assigned for vector 0xf9
[    0.141218] LVT offset 2 assigned for vector 0xf4
[    0.141281] Last level iTLB entries: 4KB 64, 2MB 64, 4MB 32
[    0.141282] Last level dTLB entries: 4KB 128, 2MB 128, 4MB 64, 1GB 0
[    0.141283] process: using mwait in idle threads
[    0.141284] Spectre V1 : Mitigation: usercopy/swapgs barriers and __user=
 pointer sanitization
[    0.141286] Spectre V2 : Mitigation: Enhanced / Automatic IBRS
[    0.141286] Spectre V2 : Spectre v2 / SpectreRSB mitigation: Filling RSB=
 on context switch
[    0.141288] Spectre V2 : mitigation: Enabling conditional Indirect Branc=
h Prediction Barrier
[    0.141288] Spectre V2 : User space: Mitigation: STIBP always-on protect=
ion
[    0.141289] Speculative Store Bypass: Mitigation: Speculative Store Bypa=
ss disabled via prctl
[    0.141293] x86/fpu: Supporting XSAVE feature 0x001: 'x87 floating point=
 registers'
[    0.141294] x86/fpu: Supporting XSAVE feature 0x002: 'SSE registers'
[    0.141295] x86/fpu: Supporting XSAVE feature 0x004: 'AVX registers'
[    0.141295] x86/fpu: Supporting XSAVE feature 0x020: 'AVX-512 opmask'
[    0.141296] x86/fpu: Supporting XSAVE feature 0x040: 'AVX-512 Hi256'
[    0.141296] x86/fpu: Supporting XSAVE feature 0x080: 'AVX-512 ZMM_Hi256'
[    0.141297] x86/fpu: Supporting XSAVE feature 0x200: 'Protection Keys Us=
er registers'
[    0.141297] x86/fpu: Supporting XSAVE feature 0x800: 'Control-flow User =
registers'
[    0.141298] x86/fpu: xstate_offset[2]:  576, xstate_sizes[2]:  256
[    0.141299] x86/fpu: xstate_offset[5]:  832, xstate_sizes[5]:   64
[    0.141299] x86/fpu: xstate_offset[6]:  896, xstate_sizes[6]:  512
[    0.141300] x86/fpu: xstate_offset[7]: 1408, xstate_sizes[7]: 1024
[    0.141300] x86/fpu: xstate_offset[9]: 2432, xstate_sizes[9]:    8
[    0.141301] x86/fpu: xstate_offset[11]: 2440, xstate_sizes[11]:   16
[    0.141302] x86/fpu: Enabled xstate features 0xae7, context size is 2456=
 bytes, using 'compacted' format.
[    0.155013] Freeing SMP alternatives memory: 40K
[    0.155014] pid_max: default: 32768 minimum: 301
[    0.156580] LSM: initializing lsm=3Dcapability,landlock,lockdown,yama,bpf
[    0.156619] landlock: Up and running.
[    0.156621] Yama: becoming mindful.
[    0.156730] LSM support for eBPF active
[    0.156773] Mount-cache hash table entries: 131072 (order: 8, 1048576 by=
tes, linear)
[    0.156815] Mountpoint-cache hash table entries: 131072 (order: 8, 10485=
76 bytes, linear)
[    0.263727] smpboot: CPU0: AMD Ryzen 7 9800X3D 8-Core Processor (family:=
 0x1a, model: 0x44, stepping: 0x0)
[    0.263805] Performance Events: Fam17h+ 16-deep LBR, core perfctr, AMD P=
MU driver.
[    0.263822] ... version:                2
[    0.263822] ... bit width:              48
[    0.263823] ... generic registers:      6
[    0.263823] ... value mask:             0000ffffffffffff
[    0.263823] ... max period:             00007fffffffffff
[    0.263824] ... fixed-purpose events:   0
[    0.263824] ... event mask:             000000000000003f
[    0.263876] signal: max sigframe size: 3376
[    0.263890] rcu: Hierarchical SRCU implementation.
[    0.263890] rcu: 	Max phase no-delay instances is 1000.
[    0.263909] Timer migration: 2 hierarchy levels; 8 children per group; 2=
 crossnode level
[    0.264002] MCE: In-kernel MCE decoding enabled.
[    0.264019] NMI watchdog: Enabled. Permanently consumes one hw-PMU count=
er.
[    0.264055] smp: Bringing up secondary CPUs ...
[    0.264091] smpboot: x86: Booting SMP configuration:
[    0.264091] .... node  #0, CPUs:        #1  #2  #3  #4  #5  #6  #7  #8  =
#9 #10 #11 #12 #13 #14 #15
[    0.264958] Spectre V2 : Update user space SMT mitigation: STIBP always-=
on
[    0.264958] smp: Brought up 1 node, 16 CPUs
[    0.264958] smpboot: Total of 16 processors activated (150186.70 BogoMIP=
S)
[    0.265418] Memory: 63264164K/64607156K available (18432K kernel code, 2=
268K rwdata, 14108K rodata, 3564K init, 3112K bss, 1322912K reserved, 0K cm=
a-reserved)
[    0.267681] devtmpfs: initialized
[    0.267681] x86/mm: Memory block size: 128MB
[    0.269044] ACPI: PM: Registering ACPI NVS region [mem 0x0a200000-0x0a21=
dfff] (122880 bytes)
[    0.269044] ACPI: PM: Registering ACPI NVS region [mem 0x8e47f000-0x9047=
efff] (33554432 bytes)
[    0.269044] clocksource: jiffies: mask: 0xffffffff max_cycles: 0xfffffff=
f, max_idle_ns: 6370867519511994 ns
[    0.269044] futex hash table entries: 4096 (order: 6, 262144 bytes, line=
ar)
[    0.269044] pinctrl core: initialized pinctrl subsystem
[    0.269044] PM: RTC time: 16:38:51, date: 2025-02-12
[    0.269044] NET: Registered PF_NETLINK/PF_ROUTE protocol family
[    0.269044] DMA: preallocated 4096 KiB GFP_KERNEL pool for atomic alloca=
tions
[    0.269044] DMA: preallocated 4096 KiB GFP_KERNEL|GFP_DMA pool for atomi=
c allocations
[    0.269044] DMA: preallocated 4096 KiB GFP_KERNEL|GFP_DMA32 pool for ato=
mic allocations
[    0.269044] audit: initializing netlink subsys (disabled)
[    0.269044] audit: type=3D2000 audit(1739378331.000:1): state=3Dinitiali=
zed audit_enabled=3D0 res=3D1
[    0.269044] thermal_sys: Registered thermal governor 'fair_share'
[    0.269044] thermal_sys: Registered thermal governor 'bang_bang'
[    0.269044] thermal_sys: Registered thermal governor 'step_wise'
[    0.269044] thermal_sys: Registered thermal governor 'user_space'
[    0.269044] thermal_sys: Registered thermal governor 'power_allocator'
[    0.269044] cpuidle: using governor ladder
[    0.269044] cpuidle: using governor menu
[    0.269044] acpiphp: ACPI Hot Plug PCI Controller Driver version: 0.5
[    0.269044] PCI: ECAM [mem 0xe0000000-0xefffffff] (base 0xe0000000) for =
domain 0000 [bus 00-ff]
[    0.269044] PCI: Using configuration type 1 for base access
[    0.269044] kprobes: kprobe jump-optimization is enabled. All kprobes ar=
e optimized if possible.
[    0.271202] HugeTLB: registered 1.00 GiB page size, pre-allocated 0 pages
[    0.271202] HugeTLB: 16380 KiB vmemmap can be freed for a 1.00 GiB page
[    0.271202] HugeTLB: registered 2.00 MiB page size, pre-allocated 0 pages
[    0.271202] HugeTLB: 28 KiB vmemmap can be freed for a 2.00 MiB page
[    0.271202] ACPI: Added _OSI(Module Device)
[    0.271202] ACPI: Added _OSI(Processor Device)
[    0.271202] ACPI: Added _OSI(3.0 _SCP Extensions)
[    0.271202] ACPI: Added _OSI(Processor Aggregator Device)
[    0.279641] ACPI: 17 ACPI AML tables successfully acquired and loaded
[    0.316261] ACPI: USB4 _OSC: OS supports USB3+ DisplayPort+ PCIe+ XDomai=
n+
[    0.316263] ACPI: USB4 _OSC: OS controls USB3+ DisplayPort+ PCIe+ XDomai=
n+
[    0.316638] ACPI: Interpreter enabled
[    0.316646] ACPI: PM: (supports S0 S3 S4 S5)
[    0.316647] ACPI: Using IOAPIC for interrupt routing
[    0.351824] PCI: Using host bridge windows from ACPI; if necessary, use =
"pci=3Dnocrs" and report a bug
[    0.351825] PCI: Ignoring E820 reservations for host bridge windows
[    0.351980] ACPI: Enabled 11 GPEs in block 00 to 1F
[    0.352748] ACPI: \_SB_.PCI0.GP17.XHC0.P0U0: New power resource
[    0.353280] ACPI: \_SB_.PCI0.GP17.XHC1.P0U1: New power resource
[    0.354271] ACPI: \_SB_.PCI0.GP19.XHC2.P0U2: New power resource
[    0.354332] ACPI: \_SB_.PCI0.GPP0.M237: New power resource
[    0.354436] ACPI: \_SB_.PCI0.GPP1.P0NV: New power resource
[    0.354736] ACPI: \_SB_.PCI0.GPP7.PWRS: New power resource
[    0.354847] ACPI: \_SB_.PCI0.GPP7.UP00.PWRS: New power resource
[    0.354948] ACPI: \_SB_.PCI0.GPP7.UP00.DP00.PWRS: New power resource
[    0.355096] ACPI: \_SB_.PCI0.GPP7.UP00.DP00.NV00.PWRS: New power resource
[    0.355182] ACPI: \_SB_.PCI0.GPP7.UP00.DP08.PWRS: New power resource
[    0.355248] ACPI: \_SB_.PCI0.GPP7.UP00.DP08.EP00.PWRS: New power resource
[    0.355326] ACPI: \_SB_.PCI0.GPP7.UP00.DP10.PWRS: New power resource
[    0.355392] ACPI: \_SB_.PCI0.GPP7.UP00.DP10.WN00.PWRS: New power resource
[    0.355470] ACPI: \_SB_.PCI0.GPP7.UP00.DP18.PWRS: New power resource
[    0.355535] ACPI: \_SB_.PCI0.GPP7.UP00.DP18.LN00.PWRS: New power resource
[    0.355615] ACPI: \_SB_.PCI0.GPP7.UP00.DP20.PWRS: New power resource
[    0.355760] ACPI: \_SB_.PCI0.GPP7.UP00.DP20.NV00.PWRS: New power resource
[    0.355847] ACPI: \_SB_.PCI0.GPP7.UP00.DP28.PWRS: New power resource
[    0.355993] ACPI: \_SB_.PCI0.GPP7.UP00.DP28.EP00.PWRS: New power resource
[    0.356079] ACPI: \_SB_.PCI0.GPP7.UP00.DP30.PWRS: New power resource
[    0.356222] ACPI: \_SB_.PCI0.GPP7.UP00.DP30.EP00.PWRS: New power resource
[    0.356308] ACPI: \_SB_.PCI0.GPP7.UP00.DP38.PWRS: New power resource
[    0.356451] ACPI: \_SB_.PCI0.GPP7.UP00.DP38.EP00.PWRS: New power resource
[    0.356537] ACPI: \_SB_.PCI0.GPP7.UP00.DP40.PWRS: New power resource
[    0.356638] ACPI: \_SB_.PCI0.GPP7.UP00.DP40.UP00.PWRS: New power resource
[    0.356740] ACPI: \_SB_.PCI0.GPP7.UP00.DP40.UP00.DP00.PWRS: New power re=
source
[    0.356888] ACPI: \_SB_.PCI0.GPP7.UP00.DP40.UP00.DP00.NV00.PWRS: New pow=
er resource
[    0.356975] ACPI: \_SB_.PCI0.GPP7.UP00.DP40.UP00.DP08.PWRS: New power re=
source
[    0.357042] ACPI: \_SB_.PCI0.GPP7.UP00.DP40.UP00.DP08.EP00.PWRS: New pow=
er resource
[    0.357120] ACPI: \_SB_.PCI0.GPP7.UP00.DP40.UP00.DP10.PWRS: New power re=
source
[    0.357220] ACPI: \_SB_.PCI0.GPP7.UP00.DP40.UP00.DP10.WN00.PWRS: New pow=
er resource
[    0.357325] ACPI: \_SB_.PCI0.GPP7.UP00.DP40.UP00.DP18.PWRS: New power re=
source
[    0.357425] ACPI: \_SB_.PCI0.GPP7.UP00.DP40.UP00.DP18.LN00.PWRS: New pow=
er resource
[    0.357526] ACPI: \_SB_.PCI0.GPP7.UP00.DP40.UP00.DP20.PWRS: New power re=
source
[    0.357675] ACPI: \_SB_.PCI0.GPP7.UP00.DP40.UP00.DP20.NV00.PWRS: New pow=
er resource
[    0.357763] ACPI: \_SB_.PCI0.GPP7.UP00.DP40.UP00.DP28.PWRS: New power re=
source
[    0.357829] ACPI: \_SB_.PCI0.GPP7.UP00.DP40.UP00.DP28.EP00.PWRS: New pow=
er resource
[    0.357908] ACPI: \_SB_.PCI0.GPP7.UP00.DP40.UP00.DP30.PWRS: New power re=
source
[    0.357974] ACPI: \_SB_.PCI0.GPP7.UP00.DP40.UP00.DP30.EP00.PWRS: New pow=
er resource
[    0.358054] ACPI: \_SB_.PCI0.GPP7.UP00.DP40.UP00.DP38.PWRS: New power re=
source
[    0.358121] ACPI: \_SB_.PCI0.GPP7.UP00.DP40.UP00.DP38.EP00.PWRS: New pow=
er resource
[    0.358199] ACPI: \_SB_.PCI0.GPP7.UP00.DP40.UP00.DP40.PWRS: New power re=
source
[    0.358345] ACPI: \_SB_.PCI0.GPP7.UP00.DP40.UP00.DP40.EP00.PWRS: New pow=
er resource
[    0.358433] ACPI: \_SB_.PCI0.GPP7.UP00.DP40.UP00.DP48.PWRS: New power re=
source
[    0.358499] ACPI: \_SB_.PCI0.GPP7.UP00.DP40.UP00.DP48.EP00.PWRS: New pow=
er resource
[    0.358578] ACPI: \_SB_.PCI0.GPP7.UP00.DP40.UP00.DP50.PWRS: New power re=
source
[    0.358644] ACPI: \_SB_.PCI0.GPP7.UP00.DP40.UP00.DP50.EP00.PWRS: New pow=
er resource
[    0.358725] ACPI: \_SB_.PCI0.GPP7.UP00.DP40.UP00.DP58.PWRS: New power re=
source
[    0.358791] ACPI: \_SB_.PCI0.GPP7.UP00.DP40.UP00.DP58.EP00.PWRS: New pow=
er resource
[    0.358869] ACPI: \_SB_.PCI0.GPP7.UP00.DP40.UP00.DP60.PWRS: New power re=
source
[    0.358969] ACPI: \_SB_.PCI0.GPP7.UP00.DP40.UP00.DP60.XH00.PWRS: New pow=
er resource
[    0.359070] ACPI: \_SB_.PCI0.GPP7.UP00.DP40.UP00.DP68.PWRS: New power re=
source
[    0.359170] ACPI: \_SB_.PCI0.GPP7.UP00.DP40.UP00.DP68.SA00.PWRS: New pow=
er resource
[    0.359271] ACPI: \_SB_.PCI0.GPP7.UP00.DP48.PWRS: New power resource
[    0.359338] ACPI: \_SB_.PCI0.GPP7.UP00.DP48.EP00.PWRS: New power resource
[    0.359420] ACPI: \_SB_.PCI0.GPP7.UP00.DP50.PWRS: New power resource
[    0.359486] ACPI: \_SB_.PCI0.GPP7.UP00.DP50.EP00.PWRS: New power resource
[    0.359563] ACPI: \_SB_.PCI0.GPP7.UP00.DP58.PWRS: New power resource
[    0.359629] ACPI: \_SB_.PCI0.GPP7.UP00.DP58.EP00.PWRS: New power resource
[    0.359706] ACPI: \_SB_.PCI0.GPP7.UP00.DP60.PWRS: New power resource
[    0.359804] ACPI: \_SB_.PCI0.GPP7.UP00.DP60.XH00.PWRS: New power resource
[    0.361238] ACPI: \_SB_.PCI0.GPP7.UP00.DP68.PWRS: New power resource
[    0.361339] ACPI: \_SB_.PCI0.GPP7.UP00.DP68.SA00.PWRS: New power resource
[    0.361690] ACPI: \_SB_.PCI0.GPP8.PWRS: New power resource
[    0.366122] ACPI: \_SB_.PCI0.GPP8.U4UP.PWRS: New power resource
[    0.368730] ACPI: \_SB_.PCI0.GPP8.U4UP.U4P0.PWRS: New power resource
[    0.371393] ACPI: \_SB_.PCI0.GPP8.U4UP.U4P0.UP0D.PWRS: New power resource
[    0.371676] ACPI: \_SB_.PCI0.GPP8.U4UP.U4P1.PWRS: New power resource
[    0.374233] ACPI: \_SB_.PCI0.GPP8.U4UP.U4P1.UP1D.PWRS: New power resource
[    0.374428] ACPI: \_SB_.PCI0.GPP8.U4UP.U4P2.PWRS: New power resource
[    0.376941] ACPI: \_SB_.PCI0.GPP8.U4UP.U4P2.UXHC.PWRS: New power resource
[    0.379831] ACPI: \_SB_.PCI0.GPP8.U4UP.U4P3.PWRS: New power resource
[    0.382344] ACPI: \_SB_.PCI0.GPP8.U4UP.U4P3.UHI0.PWRS: New power resource
[    0.386161] ACPI: \_SB_.PRWL: New power resource
[    0.386169] ACPI: \_SB_.PRWB: New power resource
[    0.386426] ACPI: PCI Root Bridge [PCI0] (domain 0000 [bus 00-ff])
[    0.386429] acpi PNP0A08:00: _OSC: OS supports [ExtendedConfig ASPM Cloc=
kPM Segments MSI EDR HPX-Type3]
[    0.386478] acpi PNP0A08:00: _OSC: OS now controls [PCIeHotplug SHPCHotp=
lug PME AER PCIeCapability LTR DPC]
[    0.386733] PCI host bridge to bus 0000:00
[    0.386734] pci_bus 0000:00: root bus resource [io  0x0000-0x03af window]
[    0.386736] pci_bus 0000:00: root bus resource [io  0x03e0-0x0cf7 window]
[    0.386736] pci_bus 0000:00: root bus resource [io  0x03b0-0x03df window]
[    0.386736] pci_bus 0000:00: root bus resource [io  0x0d00-0xffff window]
[    0.386737] pci_bus 0000:00: root bus resource [mem 0x000a0000-0x000dfff=
f window]
[    0.386738] pci_bus 0000:00: root bus resource [mem 0xa0000000-0xdffffff=
f window]
[    0.386738] pci_bus 0000:00: root bus resource [mem 0x1060000000-0xfffff=
fffff window]
[    0.386739] pci_bus 0000:00: root bus resource [bus 00-ff]
[    0.386749] pci 0000:00:00.0: [1022:14d8] type 00 class 0x060000 convent=
ional PCI endpoint
[    0.386810] pci 0000:00:00.2: [1022:14d9] type 00 class 0x080600 convent=
ional PCI endpoint
[    0.386860] pci 0000:00:01.0: [1022:14da] type 00 class 0x060000 convent=
ional PCI endpoint
[    0.386898] pci 0000:00:01.1: [1022:14db] type 01 class 0x060400 PCIe Ro=
ot Port
[    0.386910] pci 0000:00:01.1: PCI bridge to [bus 01]
[    0.386914] pci 0000:00:01.1:   bridge window [io  0xf000-0xffff]
[    0.386916] pci 0000:00:01.1:   bridge window [mem 0xdd000000-0xde0fffff]
[    0.386920] pci 0000:00:01.1:   bridge window [mem 0xf000000000-0xf801ff=
ffff 64bit pref]
[    0.386970] pci 0000:00:01.1: PME# supported from D0 D3hot D3cold
[    0.387166] pci 0000:00:01.2: [1022:14db] type 01 class 0x060400 PCIe Ro=
ot Port
[    0.387178] pci 0000:00:01.2: PCI bridge to [bus 02]
[    0.387182] pci 0000:00:01.2:   bridge window [mem 0xdf300000-0xdf3fffff]
[    0.387233] pci 0000:00:01.2: PME# supported from D0 D3hot D3cold
[    0.387316] pci 0000:00:02.0: [1022:14da] type 00 class 0x060000 convent=
ional PCI endpoint
[    0.387353] pci 0000:00:02.1: [1022:14db] type 01 class 0x060400 PCIe Ro=
ot Port
[    0.387365] pci 0000:00:02.1: PCI bridge to [bus 03-14]
[    0.387368] pci 0000:00:02.1:   bridge window [io  0xe000-0xefff]
[    0.387369] pci 0000:00:02.1:   bridge window [mem 0xde200000-0xdebfffff]
[    0.387379] pci 0000:00:02.1: enabling Extended Tags
[    0.387422] pci 0000:00:02.1: PME# supported from D0 D3hot D3cold
[    0.387557] pci 0000:00:02.2: [1022:14db] type 01 class 0x060400 PCIe Ro=
ot Port
[    0.387569] pci 0000:00:02.2: PCI bridge to [bus 15-78]
[    0.387572] pci 0000:00:02.2:   bridge window [io  0x7000-0xcfff]
[    0.387573] pci 0000:00:02.2:   bridge window [mem 0xac000000-0xdc7fffff]
[    0.387578] pci 0000:00:02.2:   bridge window [mem 0xb000000000-0xefffff=
ffff 64bit pref]
[    0.387626] pci 0000:00:02.2: PME# supported from D0 D3hot D3cold
[    0.387718] pci 0000:00:03.0: [1022:14da] type 00 class 0x060000 convent=
ional PCI endpoint
[    0.387760] pci 0000:00:04.0: [1022:14da] type 00 class 0x060000 convent=
ional PCI endpoint
[    0.387804] pci 0000:00:08.0: [1022:14da] type 00 class 0x060000 convent=
ional PCI endpoint
[    0.387844] pci 0000:00:08.1: [1022:14dd] type 01 class 0x060400 PCIe Ro=
ot Port
[    0.387853] pci 0000:00:08.1: PCI bridge to [bus 79]
[    0.387855] pci 0000:00:08.1:   bridge window [io  0xd000-0xdfff]
[    0.387857] pci 0000:00:08.1:   bridge window [mem 0xdec00000-0xdf1fffff]
[    0.387860] pci 0000:00:08.1:   bridge window [mem 0xf810000000-0xf81fff=
ffff 64bit pref]
[    0.387864] pci 0000:00:08.1: enabling Extended Tags
[    0.387887] pci 0000:00:08.1: PME# supported from D0 D3hot D3cold
[    0.387947] pci 0000:00:08.3: [1022:14dd] type 01 class 0x060400 PCIe Ro=
ot Port
[    0.387956] pci 0000:00:08.3: PCI bridge to [bus 7a]
[    0.387959] pci 0000:00:08.3:   bridge window [mem 0xdf200000-0xdf2fffff]
[    0.387966] pci 0000:00:08.3: enabling Extended Tags
[    0.387989] pci 0000:00:08.3: PME# supported from D0 D3hot D3cold
[    0.388052] pci 0000:00:14.0: [1022:790b] type 00 class 0x0c0500 convent=
ional PCI endpoint
[    0.388120] pci 0000:00:14.3: [1022:790e] type 00 class 0x060100 convent=
ional PCI endpoint
[    0.388194] pci 0000:00:18.0: [1022:14e0] type 00 class 0x060000 convent=
ional PCI endpoint
[    0.388213] pci 0000:00:18.1: [1022:14e1] type 00 class 0x060000 convent=
ional PCI endpoint
[    0.388230] pci 0000:00:18.2: [1022:14e2] type 00 class 0x060000 convent=
ional PCI endpoint
[    0.388248] pci 0000:00:18.3: [1022:14e3] type 00 class 0x060000 convent=
ional PCI endpoint
[    0.388265] pci 0000:00:18.4: [1022:14e4] type 00 class 0x060000 convent=
ional PCI endpoint
[    0.388282] pci 0000:00:18.5: [1022:14e5] type 00 class 0x060000 convent=
ional PCI endpoint
[    0.388299] pci 0000:00:18.6: [1022:14e6] type 00 class 0x060000 convent=
ional PCI endpoint
[    0.388316] pci 0000:00:18.7: [1022:14e7] type 00 class 0x060000 convent=
ional PCI endpoint
[    0.388378] pci 0000:01:00.0: [10de:2204] type 00 class 0x030000 PCIe Le=
gacy Endpoint
[    0.388385] pci 0000:01:00.0: BAR 0 [mem 0xdd000000-0xddffffff]
[    0.388391] pci 0000:01:00.0: BAR 1 [mem 0xf000000000-0xf7ffffffff 64bit=
 pref]
[    0.388397] pci 0000:01:00.0: BAR 3 [mem 0xf800000000-0xf801ffffff 64bit=
 pref]
[    0.388400] pci 0000:01:00.0: BAR 5 [io  0xf000-0xf07f]
[    0.388404] pci 0000:01:00.0: ROM [mem 0xde000000-0xde07ffff pref]
[    0.388440] pci 0000:01:00.0: PME# supported from D0 D3hot
[    0.388553] pci 0000:01:00.1: [10de:1aef] type 00 class 0x040300 PCIe En=
dpoint
[    0.388559] pci 0000:01:00.1: BAR 0 [mem 0xde080000-0xde083fff]
[    0.388646] pci 0000:00:01.1: PCI bridge to [bus 01]
[    0.388702] pci 0000:02:00.0: [144d:a80c] type 00 class 0x010802 PCIe En=
dpoint
[    0.388714] pci 0000:02:00.0: BAR 0 [mem 0xdf300000-0xdf303fff 64bit]
[    0.388893] pci 0000:00:01.2: PCI bridge to [bus 02]
[    0.388947] pci 0000:03:00.0: [1022:43f4] type 01 class 0x060400 PCIe Sw=
itch Upstream Port
[    0.388965] pci 0000:03:00.0: PCI bridge to [bus 04-14]
[    0.388969] pci 0000:03:00.0:   bridge window [io  0xe000-0xefff]
[    0.388970] pci 0000:03:00.0:   bridge window [mem 0xde200000-0xdebfffff]
[    0.388984] pci 0000:03:00.0: enabling Extended Tags
[    0.389027] pci 0000:03:00.0: PME# supported from D0 D3hot D3cold
[    0.389192] pci 0000:00:02.1: PCI bridge to [bus 03-14]
[    0.389258] pci 0000:04:00.0: [1022:43f5] type 01 class 0x060400 PCIe Sw=
itch Downstream Port
[    0.389275] pci 0000:04:00.0: PCI bridge to [bus 05]
[    0.389294] pci 0000:04:00.0: enabling Extended Tags
[    0.389340] pci 0000:04:00.0: PME# supported from D0 D3hot D3cold
[    0.389436] pci 0000:04:04.0: [1022:43f5] type 01 class 0x060400 PCIe Sw=
itch Downstream Port
[    0.389454] pci 0000:04:04.0: PCI bridge to [bus 06]
[    0.389472] pci 0000:04:04.0: enabling Extended Tags
[    0.389518] pci 0000:04:04.0: PME# supported from D0 D3hot D3cold
[    0.389612] pci 0000:04:05.0: [1022:43f5] type 01 class 0x060400 PCIe Sw=
itch Downstream Port
[    0.389630] pci 0000:04:05.0: PCI bridge to [bus 07]
[    0.389648] pci 0000:04:05.0: enabling Extended Tags
[    0.389694] pci 0000:04:05.0: PME# supported from D0 D3hot D3cold
[    0.389789] pci 0000:04:06.0: [1022:43f5] type 01 class 0x060400 PCIe Sw=
itch Downstream Port
[    0.389807] pci 0000:04:06.0: PCI bridge to [bus 08]
[    0.389825] pci 0000:04:06.0: enabling Extended Tags
[    0.389871] pci 0000:04:06.0: PME# supported from D0 D3hot D3cold
[    0.389966] pci 0000:04:07.0: [1022:43f5] type 01 class 0x060400 PCIe Sw=
itch Downstream Port
[    0.389984] pci 0000:04:07.0: PCI bridge to [bus 09]
[    0.390002] pci 0000:04:07.0: enabling Extended Tags
[    0.390048] pci 0000:04:07.0: PME# supported from D0 D3hot D3cold
[    0.390145] pci 0000:04:08.0: [1022:43f5] type 01 class 0x060400 PCIe Sw=
itch Downstream Port
[    0.390163] pci 0000:04:08.0: PCI bridge to [bus 0a-12]
[    0.390167] pci 0000:04:08.0:   bridge window [io  0xe000-0xefff]
[    0.390168] pci 0000:04:08.0:   bridge window [mem 0xde200000-0xde9fffff]
[    0.390182] pci 0000:04:08.0: enabling Extended Tags
[    0.390226] pci 0000:04:08.0: PME# supported from D0 D3hot D3cold
[    0.390355] pci 0000:04:0c.0: [1022:43f5] type 01 class 0x060400 PCIe Sw=
itch Downstream Port
[    0.390373] pci 0000:04:0c.0: PCI bridge to [bus 13]
[    0.390376] pci 0000:04:0c.0:   bridge window [mem 0xdeb00000-0xdebfffff]
[    0.390389] pci 0000:04:0c.0: enabling Extended Tags
[    0.390420] pci 0000:04:0c.0: PME# supported from D0 D3hot D3cold
[    0.390488] pci 0000:04:0d.0: [1022:43f5] type 01 class 0x060400 PCIe Sw=
itch Downstream Port
[    0.390506] pci 0000:04:0d.0: PCI bridge to [bus 14]
[    0.390510] pci 0000:04:0d.0:   bridge window [mem 0xdea00000-0xdeafffff]
[    0.390523] pci 0000:04:0d.0: enabling Extended Tags
[    0.390553] pci 0000:04:0d.0: PME# supported from D0 D3hot D3cold
[    0.390613] pci 0000:03:00.0: PCI bridge to [bus 04-14]
[    0.390642] pci 0000:04:00.0: PCI bridge to [bus 05]
[    0.390671] pci 0000:04:04.0: PCI bridge to [bus 06]
[    0.390700] pci 0000:04:05.0: PCI bridge to [bus 07]
[    0.390729] pci 0000:04:06.0: PCI bridge to [bus 08]
[    0.390758] pci 0000:04:07.0: PCI bridge to [bus 09]
[    0.390802] pci 0000:0a:00.0: [1022:43f4] type 01 class 0x060400 PCIe Sw=
itch Upstream Port
[    0.390830] pci 0000:0a:00.0: PCI bridge to [bus 0b-12]
[    0.390836] pci 0000:0a:00.0:   bridge window [io  0xe000-0xefff]
[    0.390838] pci 0000:0a:00.0:   bridge window [mem 0xde200000-0xde9fffff]
[    0.390859] pci 0000:0a:00.0: enabling Extended Tags
[    0.390930] pci 0000:0a:00.0: PME# supported from D0 D3hot D3cold
[    0.391221] pci 0000:04:08.0: PCI bridge to [bus 0a-12]
[    0.391308] pci 0000:0b:00.0: [1022:43f5] type 01 class 0x060400 PCIe Sw=
itch Downstream Port
[    0.391336] pci 0000:0b:00.0: PCI bridge to [bus 0c]
[    0.391366] pci 0000:0b:00.0: enabling Extended Tags
[    0.391441] pci 0000:0b:00.0: PME# supported from D0 D3hot D3cold
[    0.391590] pci 0000:0b:02.0: [1022:43f5] type 01 class 0x060400 PCIe Sw=
itch Downstream Port
[    0.391618] pci 0000:0b:02.0: PCI bridge to [bus 0d]
[    0.391626] pci 0000:0b:02.0:   bridge window [mem 0xde200000-0xde4fffff]
[    0.391648] pci 0000:0b:02.0: enabling Extended Tags
[    0.391720] pci 0000:0b:02.0: PME# supported from D0 D3hot D3cold
[    0.391868] pci 0000:0b:03.0: [1022:43f5] type 01 class 0x060400 PCIe Sw=
itch Downstream Port
[    0.391896] pci 0000:0b:03.0: PCI bridge to [bus 0e]
[    0.391901] pci 0000:0b:03.0:   bridge window [io  0xe000-0xefff]
[    0.391904] pci 0000:0b:03.0:   bridge window [mem 0xde900000-0xde9fffff]
[    0.391926] pci 0000:0b:03.0: enabling Extended Tags
[    0.391998] pci 0000:0b:03.0: PME# supported from D0 D3hot D3cold
[    0.392146] pci 0000:0b:04.0: [1022:43f5] type 01 class 0x060400 PCIe Sw=
itch Downstream Port
[    0.392174] pci 0000:0b:04.0: PCI bridge to [bus 0f]
[    0.392203] pci 0000:0b:04.0: enabling Extended Tags
[    0.392278] pci 0000:0b:04.0: PME# supported from D0 D3hot D3cold
[    0.392431] pci 0000:0b:08.0: [1022:43f5] type 01 class 0x060400 PCIe Sw=
itch Downstream Port
[    0.392460] pci 0000:0b:08.0: PCI bridge to [bus 10]
[    0.392489] pci 0000:0b:08.0: enabling Extended Tags
[    0.392564] pci 0000:0b:08.0: PME# supported from D0 D3hot D3cold
[    0.392717] pci 0000:0b:0c.0: [1022:43f5] type 01 class 0x060400 PCIe Sw=
itch Downstream Port
[    0.392745] pci 0000:0b:0c.0: PCI bridge to [bus 11]
[    0.392750] pci 0000:0b:0c.0:   bridge window [mem 0xde800000-0xde8fffff]
[    0.392772] pci 0000:0b:0c.0: enabling Extended Tags
[    0.392820] pci 0000:0b:0c.0: PME# supported from D0 D3hot D3cold
[    0.392907] pci 0000:0b:0d.0: [1022:43f5] type 01 class 0x060400 PCIe Sw=
itch Downstream Port
[    0.392935] pci 0000:0b:0d.0: PCI bridge to [bus 12]
[    0.392940] pci 0000:0b:0d.0:   bridge window [mem 0xde600000-0xde7fffff]
[    0.392962] pci 0000:0b:0d.0: enabling Extended Tags
[    0.393009] pci 0000:0b:0d.0: PME# supported from D0 D3hot D3cold
[    0.393098] pci 0000:0a:00.0: PCI bridge to [bus 0b-12]
[    0.393140] pci 0000:0b:00.0: PCI bridge to [bus 0c]
[    0.393209] pci 0000:0d:00.0: [14c3:7925] type 00 class 0x028000 PCIe En=
dpoint
[    0.393239] pci 0000:0d:00.0: BAR 0 [mem 0xde200000-0xde3fffff 64bit]
[    0.393257] pci 0000:0d:00.0: BAR 2 [mem 0xde400000-0xde407fff 64bit]
[    0.393297] pci 0000:0d:00.0: enabling Extended Tags
[    0.393404] pci 0000:0d:00.0: PME# supported from D0 D3hot D3cold
[    0.393662] pci 0000:0b:02.0: PCI bridge to [bus 0d]
[    0.393734] pci 0000:0e:00.0: [10ec:8125] type 00 class 0x020000 PCIe En=
dpoint
[    0.393758] pci 0000:0e:00.0: BAR 0 [io  0xe000-0xe0ff]
[    0.393791] pci 0000:0e:00.0: BAR 2 [mem 0xde900000-0xde90ffff 64bit]
[    0.393811] pci 0000:0e:00.0: BAR 4 [mem 0xde910000-0xde913fff 64bit]
[    0.393970] pci 0000:0e:00.0: supports D1 D2
[    0.393970] pci 0000:0e:00.0: PME# supported from D0 D1 D2 D3hot D3cold
[    0.394264] pci 0000:0b:03.0: PCI bridge to [bus 0e]
[    0.394308] pci 0000:0b:04.0: PCI bridge to [bus 0f]
[    0.394351] pci 0000:0b:08.0: PCI bridge to [bus 10]
[    0.394408] pci 0000:11:00.0: [1022:43fd] type 00 class 0x0c0330 PCIe Le=
gacy Endpoint
[    0.394426] pci 0000:11:00.0: BAR 0 [mem 0xde800000-0xde807fff 64bit]
[    0.394467] pci 0000:11:00.0: enabling Extended Tags
[    0.394520] pci 0000:11:00.0: PME# supported from D0 D3hot D3cold
[    0.394606] pci 0000:0b:0c.0: PCI bridge to [bus 11]
[    0.394662] pci 0000:12:00.0: [1022:43f6] type 00 class 0x010601 PCIe Le=
gacy Endpoint
[    0.394710] pci 0000:12:00.0: BAR 5 [mem 0xde680000-0xde6803ff]
[    0.394718] pci 0000:12:00.0: ROM [mem 0xde600000-0xde67ffff pref]
[    0.394724] pci 0000:12:00.0: enabling Extended Tags
[    0.394766] pci 0000:12:00.0: PME# supported from D0 D3hot D3cold
[    0.394838] pci 0000:0b:0d.0: PCI bridge to [bus 12]
[    0.394922] pci 0000:13:00.0: [1022:43fd] type 00 class 0x0c0330 PCIe Le=
gacy Endpoint
[    0.394933] pci 0000:13:00.0: BAR 0 [mem 0xdeb00000-0xdeb07fff 64bit]
[    0.394958] pci 0000:13:00.0: enabling Extended Tags
[    0.394991] pci 0000:13:00.0: PME# supported from D0 D3hot D3cold
[    0.395058] pci 0000:04:0c.0: PCI bridge to [bus 13]
[    0.395097] pci 0000:14:00.0: [1022:43f6] type 00 class 0x010601 PCIe Le=
gacy Endpoint
[    0.395127] pci 0000:14:00.0: BAR 5 [mem 0xdea80000-0xdea803ff]
[    0.395131] pci 0000:14:00.0: ROM [mem 0xdea00000-0xdea7ffff pref]
[    0.395135] pci 0000:14:00.0: enabling Extended Tags
[    0.395162] pci 0000:14:00.0: PME# supported from D0 D3hot D3cold
[    0.395209] pci 0000:04:0d.0: PCI bridge to [bus 14]
[    0.395297] pci 0000:15:00.0: [1b21:2421] type 01 class 0x060400 PCIe Sw=
itch Upstream Port
[    0.395315] pci 0000:15:00.0: PCI bridge to [bus 16-78]
[    0.395318] pci 0000:15:00.0:   bridge window [io  0x7000-0xcfff]
[    0.395320] pci 0000:15:00.0:   bridge window [mem 0xac000000-0xdc7fffff]
[    0.395326] pci 0000:15:00.0:   bridge window [mem 0xb000000000-0xefffff=
ffff 64bit pref]
[    0.395378] pci 0000:15:00.0: PME# supported from D0 D3hot D3cold
[    0.395492] pci 0000:00:02.2: PCI bridge to [bus 15-78]
[    0.395535] pci 0000:16:00.0: [1b21:2423] type 01 class 0x060400 PCIe Sw=
itch Downstream Port
[    0.395553] pci 0000:16:00.0: PCI bridge to [bus 17-46]
[    0.395556] pci 0000:16:00.0:   bridge window [io  0xa000-0xcfff]
[    0.395558] pci 0000:16:00.0:   bridge window [mem 0xc4000000-0xdbffffff]
[    0.395564] pci 0000:16:00.0:   bridge window [mem 0xd000000000-0xefffff=
ffff 64bit pref]
[    0.395658] pci 0000:16:00.0: PME# supported from D0 D3hot D3cold
[    0.395963] pci 0000:16:01.0: [1b21:2423] type 01 class 0x060400 PCIe Sw=
itch Downstream Port
[    0.395981] pci 0000:16:01.0: PCI bridge to [bus 47-76]
[    0.395984] pci 0000:16:01.0:   bridge window [io  0x7000-0x9fff]
[    0.395986] pci 0000:16:01.0:   bridge window [mem 0xac000000-0xc3ffffff]
[    0.395992] pci 0000:16:01.0:   bridge window [mem 0xb000000000-0xcfffff=
ffff 64bit pref]
[    0.396078] pci 0000:16:01.0: PME# supported from D0 D3hot D3cold
[    0.396379] pci 0000:16:02.0: [1b21:2423] type 01 class 0x060400 PCIe Sw=
itch Downstream Port
[    0.396397] pci 0000:16:02.0: PCI bridge to [bus 77]
[    0.396400] pci 0000:16:02.0:   bridge window [mem 0xdc400000-0xdc7fffff]
[    0.396450] pci 0000:16:02.0: PME# supported from D0 D3hot D3cold
[    0.396525] pci 0000:16:03.0: [1b21:2423] type 01 class 0x060400 PCIe Sw=
itch Downstream Port
[    0.396543] pci 0000:16:03.0: PCI bridge to [bus 78]
[    0.396546] pci 0000:16:03.0:   bridge window [mem 0xdc000000-0xdc3fffff]
[    0.396596] pci 0000:16:03.0: PME# supported from D0 D3hot D3cold
[    0.396676] pci 0000:15:00.0: PCI bridge to [bus 16-78]
[    0.396714] pci 0000:16:00.0: PCI bridge to [bus 17-46]
[    0.396753] pci 0000:16:01.0: PCI bridge to [bus 47-76]
[    0.396792] pci 0000:77:00.0: [1b21:2426] type 00 class 0x0c0330 PCIe Le=
gacy Endpoint
[    0.396803] pci 0000:77:00.0: BAR 0 [mem 0xdc400000-0xdc407fff 64bit]
[    0.396862] pci 0000:77:00.0: PME# supported from D0 D3hot D3cold
[    0.396933] pci 0000:16:02.0: PCI bridge to [bus 77]
[    0.396981] pci 0000:78:00.0: [1b21:2425] type 00 class 0x0c0340 PCIe Le=
gacy Endpoint
[    0.396991] pci 0000:78:00.0: BAR 0 [mem 0xdc000000-0xdc03ffff 64bit]
[    0.396997] pci 0000:78:00.0: BAR 2 [mem 0xdc040000-0xdc04ffff 64bit]
[    0.397044] pci 0000:78:00.0: PME# supported from D0 D3hot D3cold
[    0.397185] pci 0000:16:03.0: PCI bridge to [bus 78]
[    0.397253] pci 0000:79:00.0: [1002:13c0] type 00 class 0x030000 PCIe Le=
gacy Endpoint
[    0.397260] pci 0000:79:00.0: BAR 0 [mem 0xf810000000-0xf81fffffff 64bit=
 pref]
[    0.397265] pci 0000:79:00.0: BAR 2 [mem 0xdec00000-0xdedfffff 64bit pre=
f]
[    0.397268] pci 0000:79:00.0: BAR 4 [io  0xd000-0xd0ff]
[    0.397271] pci 0000:79:00.0: BAR 5 [mem 0xdf100000-0xdf17ffff]
[    0.397277] pci 0000:79:00.0: enabling Extended Tags
[    0.397309] pci 0000:79:00.0: PME# supported from D1 D2 D3hot D3cold
[    0.397371] pci 0000:79:00.1: [1002:1640] type 00 class 0x040300 PCIe Le=
gacy Endpoint
[    0.397375] pci 0000:79:00.1: BAR 0 [mem 0xdf188000-0xdf18bfff]
[    0.397389] pci 0000:79:00.1: enabling Extended Tags
[    0.397409] pci 0000:79:00.1: PME# supported from D1 D2 D3hot D3cold
[    0.397445] pci 0000:79:00.2: [1022:1649] type 00 class 0x108000 PCIe En=
dpoint
[    0.397479] pci 0000:79:00.2: BAR 2 [mem 0xdf000000-0xdf0fffff]
[    0.397485] pci 0000:79:00.2: BAR 5 [mem 0xdf18c000-0xdf18dfff]
[    0.397490] pci 0000:79:00.2: enabling Extended Tags
[    0.397541] pci 0000:79:00.3: [1022:15b6] type 00 class 0x0c0330 PCIe En=
dpoint
[    0.397548] pci 0000:79:00.3: BAR 0 [mem 0xdef00000-0xdeffffff 64bit]
[    0.397564] pci 0000:79:00.3: enabling Extended Tags
[    0.397585] pci 0000:79:00.3: PME# supported from D0 D3hot D3cold
[    0.397624] pci 0000:79:00.4: [1022:15b7] type 00 class 0x0c0330 PCIe En=
dpoint
[    0.397631] pci 0000:79:00.4: BAR 0 [mem 0xdee00000-0xdeefffff 64bit]
[    0.397647] pci 0000:79:00.4: enabling Extended Tags
[    0.397668] pci 0000:79:00.4: PME# supported from D0 D3hot D3cold
[    0.397706] pci 0000:79:00.6: [1022:15e3] type 00 class 0x040300 PCIe En=
dpoint
[    0.397711] pci 0000:79:00.6: BAR 0 [mem 0xdf180000-0xdf187fff]
[    0.397724] pci 0000:79:00.6: enabling Extended Tags
[    0.397744] pci 0000:79:00.6: PME# supported from D0 D3hot D3cold
[    0.397789] pci 0000:00:08.1: PCI bridge to [bus 79]
[    0.397813] pci 0000:7a:00.0: [1022:15b8] type 00 class 0x0c0330 PCIe En=
dpoint
[    0.397824] pci 0000:7a:00.0: BAR 0 [mem 0xdf200000-0xdf2fffff 64bit]
[    0.397845] pci 0000:7a:00.0: enabling Extended Tags
[    0.397872] pci 0000:7a:00.0: PME# supported from D0 D3hot D3cold
[    0.397923] pci 0000:00:08.3: PCI bridge to [bus 7a]
[    0.401691] ACPI: PCI: Interrupt link LNKA configured for IRQ 0
[    0.401710] ACPI: PCI: Interrupt link LNKB configured for IRQ 0
[    0.401726] ACPI: PCI: Interrupt link LNKC configured for IRQ 0
[    0.401746] ACPI: PCI: Interrupt link LNKD configured for IRQ 0
[    0.401764] ACPI: PCI: Interrupt link LNKE configured for IRQ 0
[    0.401778] ACPI: PCI: Interrupt link LNKF configured for IRQ 0
[    0.401793] ACPI: PCI: Interrupt link LNKG configured for IRQ 0
[    0.401807] ACPI: PCI: Interrupt link LNKH configured for IRQ 0
[    0.402247] iommu: Default domain type: Translated
[    0.402247] iommu: DMA domain TLB invalidation policy: lazy mode
[    0.402247] SCSI subsystem initialized
[    0.402247] libata version 3.00 loaded.
[    0.402247] ACPI: bus type USB registered
[    0.402247] usbcore: registered new interface driver usbfs
[    0.402247] usbcore: registered new interface driver hub
[    0.402247] usbcore: registered new device driver usb
[    0.413190] EDAC MC: Ver: 3.0.0
[    0.413306] efivars: Registered efivars operations
[    0.413306] NetLabel: Initializing
[    0.413306] NetLabel:  domain hash size =3D 128
[    0.413306] NetLabel:  protocols =3D UNLABELED CIPSOv4 CALIPSO
[    0.413306] NetLabel:  unlabeled traffic allowed by default
[    0.413306] mctp: management component transport protocol core
[    0.413306] NET: Registered PF_MCTP protocol family
[    0.413306] PCI: Using ACPI for IRQ routing
[    0.418662] PCI: pci_cache_line_size set to 64 bytes
[    0.418748] e820: reserve RAM buffer [mem 0x09aff000-0x0bffffff]
[    0.418750] e820: reserve RAM buffer [mem 0x0a200000-0x0bffffff]
[    0.418750] e820: reserve RAM buffer [mem 0x0b000000-0x0bffffff]
[    0.418751] e820: reserve RAM buffer [mem 0x82028018-0x83ffffff]
[    0.418751] e820: reserve RAM buffer [mem 0x82033018-0x83ffffff]
[    0.418752] e820: reserve RAM buffer [mem 0x82042018-0x83ffffff]
[    0.418752] e820: reserve RAM buffer [mem 0x8405e000-0x87ffffff]
[    0.418752] e820: reserve RAM buffer [mem 0x84509000-0x87ffffff]
[    0.418753] e820: reserve RAM buffer [mem 0x88212000-0x8bffffff]
[    0.418753] e820: reserve RAM buffer [mem 0x99ff7000-0x9bffffff]
[    0.418753] e820: reserve RAM buffer [mem 0x9a000000-0x9bffffff]
[    0.418754] e820: reserve RAM buffer [mem 0xfdde80000-0xfdfffffff]
[    0.418767] pci 0000:01:00.0: vgaarb: setting as boot VGA device
[    0.418767] pci 0000:01:00.0: vgaarb: bridge control possible
[    0.418767] pci 0000:01:00.0: vgaarb: VGA device added: decodes=3Dio+mem=
,owns=3Dnone,locks=3Dnone
[    0.418767] pci 0000:79:00.0: vgaarb: bridge control possible
[    0.418767] pci 0000:79:00.0: vgaarb: VGA device added: decodes=3Dio+mem=
,owns=3Dnone,locks=3Dnone
[    0.418767] vgaarb: loaded
[    0.418767] hpet0: at MMIO 0xfed00000, IRQs 2, 8, 0
[    0.418767] hpet0: 3 comparators, 32-bit 14.318180 MHz counter
[    0.420939] clocksource: Switched to clocksource tsc-early
[    0.421264] VFS: Disk quotas dquot_6.6.0
[    0.421272] VFS: Dquot-cache hash table entries: 512 (order 0, 4096 byte=
s)
[    0.421328] pnp: PnP ACPI init
[    0.421397] system 00:00: [mem 0xe0000000-0xefffffff] has been reserved
[    0.421451] system 00:01: [mem 0xfe0000000-0x105fffffff window] has been=
 reserved
[    0.421609] system 00:03: [io  0x0a00-0x0a2f] has been reserved
[    0.421611] system 00:03: [io  0x0a30-0x0a3f] has been reserved
[    0.421612] system 00:03: [io  0x0a40-0x0a4f] has been reserved
[    0.421614] system 00:03: [mem 0xfe000000-0xfe01ffff] has been reserved
[    0.421757] system 00:04: [io  0x04d0-0x04d1] has been reserved
[    0.421758] system 00:04: [io  0x040b] has been reserved
[    0.421759] system 00:04: [io  0x04d6] has been reserved
[    0.421760] system 00:04: [io  0x0c00-0x0c01] has been reserved
[    0.421761] system 00:04: [io  0x0c14] has been reserved
[    0.421762] system 00:04: [io  0x0c50-0x0c51] has been reserved
[    0.421762] system 00:04: [io  0x0c52] has been reserved
[    0.421763] system 00:04: [io  0x0c6c] has been reserved
[    0.421764] system 00:04: [io  0x0c6f] has been reserved
[    0.421765] system 00:04: [io  0x0cd8-0x0cdf] has been reserved
[    0.421766] system 00:04: [io  0x0800-0x089f] has been reserved
[    0.421767] system 00:04: [io  0x0b00-0x0b0f] has been reserved
[    0.421768] system 00:04: [io  0x0b20-0x0b3f] has been reserved
[    0.421769] system 00:04: [io  0x0900-0x090f] has been reserved
[    0.421770] system 00:04: [io  0x0910-0x091f] has been reserved
[    0.421771] system 00:04: [mem 0xfedc0000-0xfedc0fff] has been reserved
[    0.421773] system 00:04: [mem 0xfee00000-0xfee00fff] has been reserved
[    0.421774] system 00:04: [mem 0xfec10000-0xfec10fff] has been reserved
[    0.421775] system 00:04: [mem 0xfeb00000-0xfeb00fff] has been reserved
[    0.421776] system 00:04: [mem 0xff000000-0xffffffff] has been reserved
[    0.424613] pnp: PnP ACPI: found 5 devices
[    0.429674] clocksource: acpi_pm: mask: 0xffffff max_cycles: 0xffffff, m=
ax_idle_ns: 2085701024 ns
[    0.429696] NET: Registered PF_INET protocol family
[    0.429752] IP idents hash table entries: 262144 (order: 9, 2097152 byte=
s, linear)
[    0.435919] tcp_listen_portaddr_hash hash table entries: 32768 (order: 7=
, 524288 bytes, linear)
[    0.435951] Table-perturb hash table entries: 65536 (order: 6, 262144 by=
tes, linear)
[    0.436044] TCP established hash table entries: 524288 (order: 10, 41943=
04 bytes, linear)
[    0.436292] TCP bind hash table entries: 65536 (order: 9, 2097152 bytes,=
 linear)
[    0.436344] TCP: Hash tables configured (established 524288 bind 65536)
[    0.436426] MPTCP token hash table entries: 65536 (order: 8, 1572864 byt=
es, linear)
[    0.436514] UDP hash table entries: 32768 (order: 9, 2097152 bytes, line=
ar)
[    0.436615] UDP-Lite hash table entries: 32768 (order: 9, 2097152 bytes,=
 linear)
[    0.436686] NET: Registered PF_UNIX/PF_LOCAL protocol family
[    0.436689] NET: Registered PF_XDP protocol family
[    0.436698] pci 0000:00:01.1: PCI bridge to [bus 01]
[    0.436700] pci 0000:00:01.1:   bridge window [io  0xf000-0xffff]
[    0.436702] pci 0000:00:01.1:   bridge window [mem 0xdd000000-0xde0fffff]
[    0.436704] pci 0000:00:01.1:   bridge window [mem 0xf000000000-0xf801ff=
ffff 64bit pref]
[    0.436713] pci 0000:00:01.2: PCI bridge to [bus 02]
[    0.436715] pci 0000:00:01.2:   bridge window [mem 0xdf300000-0xdf3fffff]
[    0.436725] pci 0000:04:00.0: PCI bridge to [bus 05]
[    0.436735] pci 0000:04:04.0: PCI bridge to [bus 06]
[    0.436741] pci 0000:04:05.0: PCI bridge to [bus 07]
[    0.436747] pci 0000:04:06.0: PCI bridge to [bus 08]
[    0.436753] pci 0000:04:07.0: PCI bridge to [bus 09]
[    0.436759] pci 0000:0b:00.0: PCI bridge to [bus 0c]
[    0.436768] pci 0000:0b:02.0: PCI bridge to [bus 0d]
[    0.436771] pci 0000:0b:02.0:   bridge window [mem 0xde200000-0xde4fffff]
[    0.436778] pci 0000:0b:03.0: PCI bridge to [bus 0e]
[    0.436779] pci 0000:0b:03.0:   bridge window [io  0xe000-0xefff]
[    0.436782] pci 0000:0b:03.0:   bridge window [mem 0xde900000-0xde9fffff]
[    0.436789] pci 0000:0b:04.0: PCI bridge to [bus 0f]
[    0.436798] pci 0000:0b:08.0: PCI bridge to [bus 10]
[    0.436807] pci 0000:0b:0c.0: PCI bridge to [bus 11]
[    0.436810] pci 0000:0b:0c.0:   bridge window [mem 0xde800000-0xde8fffff]
[    0.436817] pci 0000:0b:0d.0: PCI bridge to [bus 12]
[    0.436820] pci 0000:0b:0d.0:   bridge window [mem 0xde600000-0xde7fffff]
[    0.436826] pci 0000:0a:00.0: PCI bridge to [bus 0b-12]
[    0.436828] pci 0000:0a:00.0:   bridge window [io  0xe000-0xefff]
[    0.436831] pci 0000:0a:00.0:   bridge window [mem 0xde200000-0xde9fffff]
[    0.436837] pci 0000:04:08.0: PCI bridge to [bus 0a-12]
[    0.436838] pci 0000:04:08.0:   bridge window [io  0xe000-0xefff]
[    0.436841] pci 0000:04:08.0:   bridge window [mem 0xde200000-0xde9fffff]
[    0.436845] pci 0000:04:0c.0: PCI bridge to [bus 13]
[    0.436847] pci 0000:04:0c.0:   bridge window [mem 0xdeb00000-0xdebfffff]
[    0.436851] pci 0000:04:0d.0: PCI bridge to [bus 14]
[    0.436853] pci 0000:04:0d.0:   bridge window [mem 0xdea00000-0xdeafffff]
[    0.436857] pci 0000:03:00.0: PCI bridge to [bus 04-14]
[    0.436858] pci 0000:03:00.0:   bridge window [io  0xe000-0xefff]
[    0.436860] pci 0000:03:00.0:   bridge window [mem 0xde200000-0xdebfffff]
[    0.436864] pci 0000:00:02.1: PCI bridge to [bus 03-14]
[    0.436865] pci 0000:00:02.1:   bridge window [io  0xe000-0xefff]
[    0.436867] pci 0000:00:02.1:   bridge window [mem 0xde200000-0xdebfffff]
[    0.436877] pci 0000:16:00.0: PCI bridge to [bus 17-46]
[    0.436878] pci 0000:16:00.0:   bridge window [io  0xa000-0xcfff]
[    0.436880] pci 0000:16:00.0:   bridge window [mem 0xc4000000-0xdbffffff]
[    0.436882] pci 0000:16:00.0:   bridge window [mem 0xd000000000-0xefffff=
ffff 64bit pref]
[    0.436885] pci 0000:16:01.0: PCI bridge to [bus 47-76]
[    0.436886] pci 0000:16:01.0:   bridge window [io  0x7000-0x9fff]
[    0.436888] pci 0000:16:01.0:   bridge window [mem 0xac000000-0xc3ffffff]
[    0.436889] pci 0000:16:01.0:   bridge window [mem 0xb000000000-0xcfffff=
ffff 64bit pref]
[    0.436892] pci 0000:16:02.0: PCI bridge to [bus 77]
[    0.436894] pci 0000:16:02.0:   bridge window [mem 0xdc400000-0xdc7fffff]
[    0.436898] pci 0000:16:03.0: PCI bridge to [bus 78]
[    0.436901] pci 0000:16:03.0:   bridge window [mem 0xdc000000-0xdc3fffff]
[    0.436905] pci 0000:15:00.0: PCI bridge to [bus 16-78]
[    0.436906] pci 0000:15:00.0:   bridge window [io  0x7000-0xcfff]
[    0.436908] pci 0000:15:00.0:   bridge window [mem 0xac000000-0xdc7fffff]
[    0.436909] pci 0000:15:00.0:   bridge window [mem 0xb000000000-0xefffff=
ffff 64bit pref]
[    0.436912] pci 0000:00:02.2: PCI bridge to [bus 15-78]
[    0.436913] pci 0000:00:02.2:   bridge window [io  0x7000-0xcfff]
[    0.436915] pci 0000:00:02.2:   bridge window [mem 0xac000000-0xdc7fffff]
[    0.436916] pci 0000:00:02.2:   bridge window [mem 0xb000000000-0xefffff=
ffff 64bit pref]
[    0.436926] pci 0000:00:08.1: PCI bridge to [bus 79]
[    0.436931] pci 0000:00:08.1:   bridge window [io  0xd000-0xdfff]
[    0.436932] pci 0000:00:08.1:   bridge window [mem 0xdec00000-0xdf1fffff]
[    0.436933] pci 0000:00:08.1:   bridge window [mem 0xf810000000-0xf81fff=
ffff 64bit pref]
[    0.436935] pci 0000:00:08.3: PCI bridge to [bus 7a]
[    0.436936] pci 0000:00:08.3:   bridge window [mem 0xdf200000-0xdf2fffff]
[    0.436939] pci_bus 0000:00: resource 4 [io  0x0000-0x03af window]
[    0.436940] pci_bus 0000:00: resource 5 [io  0x03e0-0x0cf7 window]
[    0.436940] pci_bus 0000:00: resource 6 [io  0x03b0-0x03df window]
[    0.436941] pci_bus 0000:00: resource 7 [io  0x0d00-0xffff window]
[    0.436941] pci_bus 0000:00: resource 8 [mem 0x000a0000-0x000dffff windo=
w]
[    0.436942] pci_bus 0000:00: resource 9 [mem 0xa0000000-0xdfffffff windo=
w]
[    0.436942] pci_bus 0000:00: resource 10 [mem 0x1060000000-0xffffffffff =
window]
[    0.436943] pci_bus 0000:01: resource 0 [io  0xf000-0xffff]
[    0.436943] pci_bus 0000:01: resource 1 [mem 0xdd000000-0xde0fffff]
[    0.436944] pci_bus 0000:01: resource 2 [mem 0xf000000000-0xf801ffffff 6=
4bit pref]
[    0.436944] pci_bus 0000:02: resource 1 [mem 0xdf300000-0xdf3fffff]
[    0.436945] pci_bus 0000:03: resource 0 [io  0xe000-0xefff]
[    0.436945] pci_bus 0000:03: resource 1 [mem 0xde200000-0xdebfffff]
[    0.436946] pci_bus 0000:04: resource 0 [io  0xe000-0xefff]
[    0.436946] pci_bus 0000:04: resource 1 [mem 0xde200000-0xdebfffff]
[    0.436946] pci_bus 0000:0a: resource 0 [io  0xe000-0xefff]
[    0.436947] pci_bus 0000:0a: resource 1 [mem 0xde200000-0xde9fffff]
[    0.436947] pci_bus 0000:0b: resource 0 [io  0xe000-0xefff]
[    0.436948] pci_bus 0000:0b: resource 1 [mem 0xde200000-0xde9fffff]
[    0.436948] pci_bus 0000:0d: resource 1 [mem 0xde200000-0xde4fffff]
[    0.436948] pci_bus 0000:0e: resource 0 [io  0xe000-0xefff]
[    0.436949] pci_bus 0000:0e: resource 1 [mem 0xde900000-0xde9fffff]
[    0.436949] pci_bus 0000:11: resource 1 [mem 0xde800000-0xde8fffff]
[    0.436950] pci_bus 0000:12: resource 1 [mem 0xde600000-0xde7fffff]
[    0.436950] pci_bus 0000:13: resource 1 [mem 0xdeb00000-0xdebfffff]
[    0.436951] pci_bus 0000:14: resource 1 [mem 0xdea00000-0xdeafffff]
[    0.436951] pci_bus 0000:15: resource 0 [io  0x7000-0xcfff]
[    0.436951] pci_bus 0000:15: resource 1 [mem 0xac000000-0xdc7fffff]
[    0.436952] pci_bus 0000:15: resource 2 [mem 0xb000000000-0xefffffffff 6=
4bit pref]
[    0.436952] pci_bus 0000:16: resource 0 [io  0x7000-0xcfff]
[    0.436953] pci_bus 0000:16: resource 1 [mem 0xac000000-0xdc7fffff]
[    0.436953] pci_bus 0000:16: resource 2 [mem 0xb000000000-0xefffffffff 6=
4bit pref]
[    0.436953] pci_bus 0000:17: resource 0 [io  0xa000-0xcfff]
[    0.436954] pci_bus 0000:17: resource 1 [mem 0xc4000000-0xdbffffff]
[    0.436954] pci_bus 0000:17: resource 2 [mem 0xd000000000-0xefffffffff 6=
4bit pref]
[    0.436955] pci_bus 0000:47: resource 0 [io  0x7000-0x9fff]
[    0.436955] pci_bus 0000:47: resource 1 [mem 0xac000000-0xc3ffffff]
[    0.436955] pci_bus 0000:47: resource 2 [mem 0xb000000000-0xcfffffffff 6=
4bit pref]
[    0.436956] pci_bus 0000:77: resource 1 [mem 0xdc400000-0xdc7fffff]
[    0.436956] pci_bus 0000:78: resource 1 [mem 0xdc000000-0xdc3fffff]
[    0.436957] pci_bus 0000:79: resource 0 [io  0xd000-0xdfff]
[    0.436957] pci_bus 0000:79: resource 1 [mem 0xdec00000-0xdf1fffff]
[    0.436958] pci_bus 0000:79: resource 2 [mem 0xf810000000-0xf81fffffff 6=
4bit pref]
[    0.436958] pci_bus 0000:7a: resource 1 [mem 0xdf200000-0xdf2fffff]
[    0.437028] pci 0000:01:00.1: extending delay after power-on from D3hot =
to 20 msec
[    0.437038] pci 0000:01:00.1: D0 power state depends on 0000:01:00.0
[    0.437287] pci 0000:79:00.1: D0 power state depends on 0000:79:00.0
[    0.437407] PCI: CLS 64 bytes, default 64
[    0.437422] pci 0000:00:00.2: AMD-Vi: IOMMU performance counters support=
ed
[    0.437444] pci 0000:00:01.0: Adding to iommu group 0
[    0.437445] Trying to unpack rootfs image as initramfs...
[    0.437450] pci 0000:00:01.1: Adding to iommu group 1
[    0.437456] pci 0000:00:01.2: Adding to iommu group 2
[    0.437467] pci 0000:00:02.0: Adding to iommu group 3
[    0.437473] pci 0000:00:02.1: Adding to iommu group 4
[    0.437479] pci 0000:00:02.2: Adding to iommu group 5
[    0.437487] pci 0000:00:03.0: Adding to iommu group 6
[    0.437496] pci 0000:00:04.0: Adding to iommu group 7
[    0.437506] pci 0000:00:08.0: Adding to iommu group 8
[    0.437512] pci 0000:00:08.1: Adding to iommu group 9
[    0.437517] pci 0000:00:08.3: Adding to iommu group 10
[    0.437530] pci 0000:00:14.0: Adding to iommu group 11
[    0.437536] pci 0000:00:14.3: Adding to iommu group 11
[    0.437569] pci 0000:00:18.0: Adding to iommu group 12
[    0.437575] pci 0000:00:18.1: Adding to iommu group 12
[    0.437581] pci 0000:00:18.2: Adding to iommu group 12
[    0.437586] pci 0000:00:18.3: Adding to iommu group 12
[    0.437592] pci 0000:00:18.4: Adding to iommu group 12
[    0.437598] pci 0000:00:18.5: Adding to iommu group 12
[    0.437603] pci 0000:00:18.6: Adding to iommu group 12
[    0.437609] pci 0000:00:18.7: Adding to iommu group 12
[    0.437622] pci 0000:01:00.0: Adding to iommu group 13
[    0.437629] pci 0000:01:00.1: Adding to iommu group 13
[    0.437635] pci 0000:02:00.0: Adding to iommu group 14
[    0.437642] pci 0000:03:00.0: Adding to iommu group 15
[    0.437648] pci 0000:04:00.0: Adding to iommu group 16
[    0.437654] pci 0000:04:04.0: Adding to iommu group 17
[    0.437660] pci 0000:04:05.0: Adding to iommu group 18
[    0.437666] pci 0000:04:06.0: Adding to iommu group 19
[    0.437672] pci 0000:04:07.0: Adding to iommu group 20
[    0.437679] pci 0000:04:08.0: Adding to iommu group 21
[    0.437685] pci 0000:04:0c.0: Adding to iommu group 22
[    0.437691] pci 0000:04:0d.0: Adding to iommu group 23
[    0.437692] pci 0000:0a:00.0: Adding to iommu group 21
[    0.437693] pci 0000:0b:00.0: Adding to iommu group 21
[    0.437695] pci 0000:0b:02.0: Adding to iommu group 21
[    0.437696] pci 0000:0b:03.0: Adding to iommu group 21
[    0.437698] pci 0000:0b:04.0: Adding to iommu group 21
[    0.437699] pci 0000:0b:08.0: Adding to iommu group 21
[    0.437701] pci 0000:0b:0c.0: Adding to iommu group 21
[    0.437702] pci 0000:0b:0d.0: Adding to iommu group 21
[    0.437703] pci 0000:0d:00.0: Adding to iommu group 21
[    0.437705] pci 0000:0e:00.0: Adding to iommu group 21
[    0.437706] pci 0000:11:00.0: Adding to iommu group 21
[    0.437708] pci 0000:12:00.0: Adding to iommu group 21
[    0.437709] pci 0000:13:00.0: Adding to iommu group 22
[    0.437710] pci 0000:14:00.0: Adding to iommu group 23
[    0.437716] pci 0000:15:00.0: Adding to iommu group 24
[    0.437723] pci 0000:16:00.0: Adding to iommu group 25
[    0.437729] pci 0000:16:01.0: Adding to iommu group 26
[    0.437735] pci 0000:16:02.0: Adding to iommu group 27
[    0.437741] pci 0000:16:03.0: Adding to iommu group 28
[    0.437743] pci 0000:77:00.0: Adding to iommu group 27
[    0.437744] pci 0000:78:00.0: Adding to iommu group 28
[    0.437766] pci 0000:79:00.0: Adding to iommu group 29
[    0.437772] pci 0000:79:00.1: Adding to iommu group 30
[    0.437779] pci 0000:79:00.2: Adding to iommu group 31
[    0.437785] pci 0000:79:00.3: Adding to iommu group 32
[    0.437792] pci 0000:79:00.4: Adding to iommu group 33
[    0.437798] pci 0000:79:00.6: Adding to iommu group 34
[    0.437804] pci 0000:7a:00.0: Adding to iommu group 35
[    0.439068] AMD-Vi: Extended features (0x246577efa2254afa, 0x0): PPR NX =
GT [5] IA GA PC GA_vAPIC
[    0.439071] AMD-Vi: Interrupt remapping enabled
[    0.475960] AMD-Vi: Virtual APIC enabled
[    0.475968] PCI-DMA: Using software bounce buffering for IO (SWIOTLB)
[    0.475970] software IO TLB: mapped [mem 0x000000007d105000-0x0000000081=
105000] (64MB)
[    0.475987] LVT offset 0 assigned for vector 0x400
[    0.477077] perf: AMD IBS detected (0x00081bff)
[    0.477079] perf/amd_iommu: Detected AMD IOMMU #0 (2 banks, 4 counters/b=
ank).
[    0.484098] Initialise system trusted keyrings
[    0.484106] Key type blacklist registered
[    0.484124] workingset: timestamp_bits=3D41 max_order=3D24 bucket_order=
=3D0
[    0.484129] zbud: loaded
[    0.484188] fuse: init (API version 7.41)
[    0.484240] integrity: Platform Keyring initialized
[    0.484242] integrity: Machine keyring initialized
[    0.488596] Key type asymmetric registered
[    0.488597] Asymmetric key parser 'x509' registered
[    0.488608] Block layer SCSI generic (bsg) driver version 0.4 loaded (ma=
jor 246)
[    0.488623] io scheduler mq-deadline registered
[    0.488624] io scheduler kyber registered
[    0.488627] io scheduler bfq registered
[    0.491407] ledtrig-cpu: registered to indicate activity on CPUs
[    0.491494] pcieport 0000:00:01.1: PME: Signaling with IRQ 29
[    0.491604] pcieport 0000:00:01.2: PME: Signaling with IRQ 30
[    0.491702] pcieport 0000:00:02.1: PME: Signaling with IRQ 31
[    0.491801] pcieport 0000:00:02.2: PME: Signaling with IRQ 32
[    0.491904] pcieport 0000:00:08.1: PME: Signaling with IRQ 33
[    0.491988] pcieport 0000:00:08.3: PME: Signaling with IRQ 34
[    0.493786] pcieport 0000:16:00.0: pciehp: Slot #0 AttnBtn- PwrCtrl- MRL=
- AttnInd- PwrInd- HotPlug+ Surprise+ Interlock- NoCompl+ IbPresDis- LLActR=
ep+
[    0.493978] pcieport 0000:16:01.0: pciehp: Slot #0 AttnBtn- PwrCtrl- MRL=
- AttnInd- PwrInd- HotPlug+ Surprise+ Interlock- NoCompl+ IbPresDis- LLActR=
ep+
[    0.494187] shpchp: Standard Hot Plug PCI Controller Driver version: 0.4
[    0.494307] input: Power Button as /devices/LNXSYSTM:00/LNXSYBUS:00/PNP0=
C0C:00/input/input0
[    0.494318] ACPI: button: Power Button [PWRB]
[    0.494332] input: Power Button as /devices/LNXSYSTM:00/LNXPWRBN:00/inpu=
t/input1
[    0.495178] Freeing initrd memory: 89300K
[    0.495198] ACPI: button: Power Button [PWRF]
[    0.495363] Monitor-Mwait will be used to enter C-1 state
[    0.496184] Estimated ratio of average max frequency by base frequency (=
times 1024): 1086
[    1.483970] tsc: Refined TSC clocksource calibration: 4691.205 MHz
[    1.483979] clocksource: tsc: mask: 0xffffffffffffffff max_cycles: 0x439=
ef830147, max_idle_ns: 440795309423 ns
[    1.484008] clocksource: Switched to clocksource tsc
[    2.526789] ACPI: \_TZ_.TZ10: _PSL evaluation failure
[    2.526917] thermal LNXTHERM:00: registered as thermal_zone0
[    2.526918] ACPI: thermal: Thermal Zone [TZ10] (17 C)
[    2.527125] Serial: 8250/16550 driver, 32 ports, IRQ sharing enabled
[    2.527773] Non-volatile memory driver v1.3
[    2.527774] Linux agpgart interface v0.103
[    2.620739] tpm_crb MSFT0101:00: Disabling hwrng
[    2.621018] ACPI: bus type drm_connector registered
[    2.622187] ahci 0000:12:00.0: version 3.0
[    2.622298] ahci 0000:12:00.0: SSS flag set, parallel bus scan disabled
[    2.622336] ahci 0000:12:00.0: AHCI vers 0001.0301, 32 command slots, 6 =
Gbps, SATA mode
[    2.622337] ahci 0000:12:00.0: 4/6 ports implemented (port mask 0xf)
[    2.622338] ahci 0000:12:00.0: flags: 64bit ncq sntf stag pm led clo onl=
y pmp pio slum part sxs deso sadm sds apst=20
[    2.622546] scsi host0: ahci
[    2.622618] scsi host1: ahci
[    2.622660] scsi host2: ahci
[    2.622720] scsi host3: ahci
[    2.622786] scsi host4: ahci
[    2.622833] scsi host5: ahci
[    2.622851] ata1: SATA max UDMA/133 abar m1024@0xde680000 port 0xde68010=
0 irq 50 lpm-pol 0
[    2.622853] ata2: SATA max UDMA/133 abar m1024@0xde680000 port 0xde68018=
0 irq 50 lpm-pol 0
[    2.622855] ata3: SATA max UDMA/133 abar m1024@0xde680000 port 0xde68020=
0 irq 50 lpm-pol 0
[    2.622857] ata4: SATA max UDMA/133 abar m1024@0xde680000 port 0xde68028=
0 irq 50 lpm-pol 0
[    2.622858] ata5: DUMMY
[    2.622859] ata6: DUMMY
[    2.622995] ahci 0000:14:00.0: SSS flag set, parallel bus scan disabled
[    2.623020] ahci 0000:14:00.0: AHCI vers 0001.0301, 32 command slots, 6 =
Gbps, SATA mode
[    2.623023] ahci 0000:14:00.0: 4/6 ports implemented (port mask 0xf)
[    2.623024] ahci 0000:14:00.0: flags: 64bit ncq sntf stag pm led clo onl=
y pmp pio slum part sxs deso sadm sds apst=20
[    2.623256] scsi host6: ahci
[    2.623296] scsi host7: ahci
[    2.623332] scsi host8: ahci
[    2.623366] scsi host9: ahci
[    2.623390] scsi host10: ahci
[    2.623414] scsi host11: ahci
[    2.623427] ata7: SATA max UDMA/133 abar m1024@0xdea80000 port 0xdea8010=
0 irq 51 lpm-pol 0
[    2.623428] ata8: SATA max UDMA/133 abar m1024@0xdea80000 port 0xdea8018=
0 irq 51 lpm-pol 0
[    2.623428] ata9: SATA max UDMA/133 abar m1024@0xdea80000 port 0xdea8020=
0 irq 51 lpm-pol 0
[    2.623429] ata10: SATA max UDMA/133 abar m1024@0xdea80000 port 0xdea802=
80 irq 51 lpm-pol 0
[    2.623430] ata11: DUMMY
[    2.623431] ata12: DUMMY
[    2.623502] xhci_hcd 0000:11:00.0: xHCI Host Controller
[    2.623505] xhci_hcd 0000:11:00.0: new USB bus registered, assigned bus =
number 1
[    2.679476] xhci_hcd 0000:11:00.0: hcc params 0x0200ef81 hci version 0x1=
10 quirks 0x0000000000000010
[    2.679728] xhci_hcd 0000:11:00.0: xHCI Host Controller
[    2.679729] xhci_hcd 0000:11:00.0: new USB bus registered, assigned bus =
number 2
[    2.679730] xhci_hcd 0000:11:00.0: Host supports USB 3.2 Enhanced SuperS=
peed
[    2.680478] usb usb1: New USB device found, idVendor=3D1d6b, idProduct=
=3D0002, bcdDevice=3D 6.13
[    2.680482] usb usb1: New USB device strings: Mfr=3D3, Product=3D2, Seri=
alNumber=3D1
[    2.680483] usb usb1: Product: xHCI Host Controller
[    2.680484] usb usb1: Manufacturer: Linux 6.13.1-1-00200-g4cf9f08632c0 x=
hci-hcd
[    2.680485] usb usb1: SerialNumber: 0000:11:00.0
[    2.680558] hub 1-0:1.0: USB hub found
[    2.680579] hub 1-0:1.0: 12 ports detected
[    2.680753] usb usb2: We don't know the algorithms for LPM for this host=
, disabling LPM.
[    2.680769] usb usb2: New USB device found, idVendor=3D1d6b, idProduct=
=3D0003, bcdDevice=3D 6.13
[    2.680770] usb usb2: New USB device strings: Mfr=3D3, Product=3D2, Seri=
alNumber=3D1
[    2.680771] usb usb2: Product: xHCI Host Controller
[    2.680772] usb usb2: Manufacturer: Linux 6.13.1-1-00200-g4cf9f08632c0 x=
hci-hcd
[    2.680773] usb usb2: SerialNumber: 0000:11:00.0
[    2.680824] hub 2-0:1.0: USB hub found
[    2.680832] hub 2-0:1.0: 5 ports detected
[    2.680981] xhci_hcd 0000:13:00.0: xHCI Host Controller
[    2.680984] xhci_hcd 0000:13:00.0: new USB bus registered, assigned bus =
number 3
[    2.736949] xhci_hcd 0000:13:00.0: hcc params 0x0200ef81 hci version 0x1=
10 quirks 0x0000000000000010
[    2.737134] xhci_hcd 0000:13:00.0: xHCI Host Controller
[    2.737136] xhci_hcd 0000:13:00.0: new USB bus registered, assigned bus =
number 4
[    2.737136] xhci_hcd 0000:13:00.0: Host supports USB 3.1 Enhanced SuperS=
peed
[    2.737931] usb usb3: New USB device found, idVendor=3D1d6b, idProduct=
=3D0002, bcdDevice=3D 6.13
[    2.737931] usb usb3: New USB device strings: Mfr=3D3, Product=3D2, Seri=
alNumber=3D1
[    2.737932] usb usb3: Product: xHCI Host Controller
[    2.737932] usb usb3: Manufacturer: Linux 6.13.1-1-00200-g4cf9f08632c0 x=
hci-hcd
[    2.737933] usb usb3: SerialNumber: 0000:13:00.0
[    2.737988] hub 3-0:1.0: USB hub found
[    2.737996] hub 3-0:1.0: 12 ports detected
[    2.739890] usb usb4: We don't know the algorithms for LPM for this host=
, disabling LPM.
[    2.739897] usb usb4: New USB device found, idVendor=3D1d6b, idProduct=
=3D0003, bcdDevice=3D 6.13
[    2.739897] usb usb4: New USB device strings: Mfr=3D3, Product=3D2, Seri=
alNumber=3D1
[    2.739898] usb usb4: Product: xHCI Host Controller
[    2.739898] usb usb4: Manufacturer: Linux 6.13.1-1-00200-g4cf9f08632c0 x=
hci-hcd
[    2.739899] usb usb4: SerialNumber: 0000:13:00.0
[    2.739934] hub 4-0:1.0: USB hub found
[    2.739944] hub 4-0:1.0: 6 ports detected
[    2.740989] xhci_hcd 0000:77:00.0: xHCI Host Controller
[    2.740991] xhci_hcd 0000:77:00.0: new USB bus registered, assigned bus =
number 5
[    2.743586] xhci_hcd 0000:77:00.0: hcc params 0x0200ef81 hci version 0x1=
20 quirks 0x0000000200000010
[    2.743761] xhci_hcd 0000:77:00.0: xHCI Host Controller
[    2.743762] xhci_hcd 0000:77:00.0: new USB bus registered, assigned bus =
number 6
[    2.743763] xhci_hcd 0000:77:00.0: Host supports USB 3.2 Enhanced SuperS=
peed
[    2.743783] usb usb5: New USB device found, idVendor=3D1d6b, idProduct=
=3D0002, bcdDevice=3D 6.13
[    2.743783] usb usb5: New USB device strings: Mfr=3D3, Product=3D2, Seri=
alNumber=3D1
[    2.743784] usb usb5: Product: xHCI Host Controller
[    2.743784] usb usb5: Manufacturer: Linux 6.13.1-1-00200-g4cf9f08632c0 x=
hci-hcd
[    2.743785] usb usb5: SerialNumber: 0000:77:00.0
[    2.743825] hub 5-0:1.0: USB hub found
[    2.743828] hub 5-0:1.0: 2 ports detected
[    2.744245] usb usb6: We don't know the algorithms for LPM for this host=
, disabling LPM.
[    2.744252] usb usb6: New USB device found, idVendor=3D1d6b, idProduct=
=3D0003, bcdDevice=3D 6.13
[    2.744253] usb usb6: New USB device strings: Mfr=3D3, Product=3D2, Seri=
alNumber=3D1
[    2.744253] usb usb6: Product: xHCI Host Controller
[    2.744253] usb usb6: Manufacturer: Linux 6.13.1-1-00200-g4cf9f08632c0 x=
hci-hcd
[    2.744254] usb usb6: SerialNumber: 0000:77:00.0
[    2.744287] hub 6-0:1.0: USB hub found
[    2.744289] hub 6-0:1.0: 2 ports detected
[    2.744754] xhci_hcd 0000:79:00.3: xHCI Host Controller
[    2.744756] xhci_hcd 0000:79:00.3: new USB bus registered, assigned bus =
number 7
[    2.745100] xhci_hcd 0000:79:00.3: hcc params 0x0120ffc5 hci version 0x1=
20 quirks 0x0000000200000010
[    2.745332] xhci_hcd 0000:79:00.3: xHCI Host Controller
[    2.745332] xhci_hcd 0000:79:00.3: new USB bus registered, assigned bus =
number 8
[    2.745333] xhci_hcd 0000:79:00.3: Host supports USB 3.1 Enhanced SuperS=
peed
[    2.745343] usb usb7: New USB device found, idVendor=3D1d6b, idProduct=
=3D0002, bcdDevice=3D 6.13
[    2.745344] usb usb7: New USB device strings: Mfr=3D3, Product=3D2, Seri=
alNumber=3D1
[    2.745344] usb usb7: Product: xHCI Host Controller
[    2.745345] usb usb7: Manufacturer: Linux 6.13.1-1-00200-g4cf9f08632c0 x=
hci-hcd
[    2.745345] usb usb7: SerialNumber: 0000:79:00.3
[    2.745383] hub 7-0:1.0: USB hub found
[    2.745385] hub 7-0:1.0: 2 ports detected
[    2.745761] usb usb8: We don't know the algorithms for LPM for this host=
, disabling LPM.
[    2.745767] usb usb8: New USB device found, idVendor=3D1d6b, idProduct=
=3D0003, bcdDevice=3D 6.13
[    2.745768] usb usb8: New USB device strings: Mfr=3D3, Product=3D2, Seri=
alNumber=3D1
[    2.745768] usb usb8: Product: xHCI Host Controller
[    2.745768] usb usb8: Manufacturer: Linux 6.13.1-1-00200-g4cf9f08632c0 x=
hci-hcd
[    2.745769] usb usb8: SerialNumber: 0000:79:00.3
[    2.745803] hub 8-0:1.0: USB hub found
[    2.745809] hub 8-0:1.0: 2 ports detected
[    2.746253] xhci_hcd 0000:79:00.4: xHCI Host Controller
[    2.746255] xhci_hcd 0000:79:00.4: new USB bus registered, assigned bus =
number 9
[    2.746610] xhci_hcd 0000:79:00.4: hcc params 0x0120ffc5 hci version 0x1=
20 quirks 0x0000000200000010
[    2.746845] xhci_hcd 0000:79:00.4: xHCI Host Controller
[    2.746846] xhci_hcd 0000:79:00.4: new USB bus registered, assigned bus =
number 10
[    2.746846] xhci_hcd 0000:79:00.4: Host supports USB 3.1 Enhanced SuperS=
peed
[    2.746857] usb usb9: New USB device found, idVendor=3D1d6b, idProduct=
=3D0002, bcdDevice=3D 6.13
[    2.746857] usb usb9: New USB device strings: Mfr=3D3, Product=3D2, Seri=
alNumber=3D1
[    2.746858] usb usb9: Product: xHCI Host Controller
[    2.746858] usb usb9: Manufacturer: Linux 6.13.1-1-00200-g4cf9f08632c0 x=
hci-hcd
[    2.746859] usb usb9: SerialNumber: 0000:79:00.4
[    2.746902] hub 9-0:1.0: USB hub found
[    2.746908] hub 9-0:1.0: 2 ports detected
[    2.747296] usb usb10: We don't know the algorithms for LPM for this hos=
t, disabling LPM.
[    2.747302] usb usb10: New USB device found, idVendor=3D1d6b, idProduct=
=3D0003, bcdDevice=3D 6.13
[    2.747303] usb usb10: New USB device strings: Mfr=3D3, Product=3D2, Ser=
ialNumber=3D1
[    2.747303] usb usb10: Product: xHCI Host Controller
[    2.747304] usb usb10: Manufacturer: Linux 6.13.1-1-00200-g4cf9f08632c0 =
xhci-hcd
[    2.747304] usb usb10: SerialNumber: 0000:79:00.4
[    2.747340] hub 10-0:1.0: USB hub found
[    2.747342] hub 10-0:1.0: 2 ports detected
[    2.747783] xhci_hcd 0000:7a:00.0: xHCI Host Controller
[    2.747784] xhci_hcd 0000:7a:00.0: new USB bus registered, assigned bus =
number 11
[    2.749046] xhci_hcd 0000:7a:00.0: USB3 root hub has no ports
[    2.749048] xhci_hcd 0000:7a:00.0: hcc params 0x0110ffc5 hci version 0x1=
20 quirks 0x0000000200000010
[    2.749286] xhci_hcd 0000:7a:00.0: xHCI Host Controller
[    2.749286] xhci_hcd 0000:7a:00.0: new USB bus registered, assigned bus =
number 12
[    2.749287] xhci_hcd 0000:7a:00.0: Host supports USB 3.0 SuperSpeed
[    2.749301] usb usb11: New USB device found, idVendor=3D1d6b, idProduct=
=3D0002, bcdDevice=3D 6.13
[    2.749301] usb usb11: New USB device strings: Mfr=3D3, Product=3D2, Ser=
ialNumber=3D1
[    2.749302] usb usb11: Product: xHCI Host Controller
[    2.749303] usb usb11: Manufacturer: Linux 6.13.1-1-00200-g4cf9f08632c0 =
xhci-hcd
[    2.749303] usb usb11: SerialNumber: 0000:7a:00.0
[    2.749339] hub 11-0:1.0: USB hub found
[    2.749345] hub 11-0:1.0: 1 port detected
[    2.749536] usb usb12: We don't know the algorithms for LPM for this hos=
t, disabling LPM.
[    2.749542] usb usb12: New USB device found, idVendor=3D1d6b, idProduct=
=3D0003, bcdDevice=3D 6.13
[    2.749542] usb usb12: New USB device strings: Mfr=3D3, Product=3D2, Ser=
ialNumber=3D1
[    2.749543] usb usb12: Product: xHCI Host Controller
[    2.749543] usb usb12: Manufacturer: Linux 6.13.1-1-00200-g4cf9f08632c0 =
xhci-hcd
[    2.749544] usb usb12: SerialNumber: 0000:7a:00.0
[    2.749578] hub 12-0:1.0: USB hub found
[    2.749579] hub 12-0:1.0: config failed, hub doesn't have any ports! (er=
r -19)
[    2.749582] fbcon: Taking over console
[    2.749652] usbcore: registered new interface driver usbserial_generic
[    2.749654] usbserial: USB Serial support registered for generic
[    2.749687] rtc_cmos 00:02: RTC can wake from S4
[    2.749832] rtc_cmos 00:02: registered as rtc0
[    2.749862] rtc_cmos 00:02: setting system clock to 2025-02-12T16:38:54 =
UTC (1739378334)
[    2.749877] rtc_cmos 00:02: alarms up to one month, y3k, 114 bytes nvram
[    2.750655] [drm] Initialized simpledrm 1.0.0 for simple-framebuffer.0 o=
n minor 0
[    2.751270] Console: switching to colour frame buffer device 160x45
[    2.751871] simple-framebuffer simple-framebuffer.0: [drm] fb0: simpledr=
mdrmfb frame buffer device
[    2.752203] hid: raw HID events driver (C) Jiri Kosina
[    2.752228] drop_monitor: Initializing network drop monitor service
[    2.752281] NET: Registered PF_INET6 protocol family
[    2.755671] Segment Routing with IPv6
[    2.755671] RPL Segment Routing with IPv6
[    2.755674] In-situ OAM (IOAM) with IPv6
[    2.755683] NET: Registered PF_PACKET protocol family
[    2.756221] microcode: Current revision: 0x0b404023
[    2.756379] resctrl: L3 allocation detected
[    2.756379] resctrl: MB allocation detected
[    2.756379] resctrl: SMBA allocation detected
[    2.756380] resctrl: L3 monitoring detected
[    2.756389] IPI shorthand broadcast: enabled
[    2.756965] sched_clock: Marking stable (2755985201, 390481)->(275972100=
3, -3345321)
[    2.757030] registered taskstats version 1
[    2.757204] Loading compiled-in X.509 certificates
[    2.759466] Loaded X.509 cert 'Build time autogenerated kernel key: b1f6=
2fe9cf89f4cd0db529523a536caf3ee0a2e1'
[    2.760766] zswap: loaded using pool zstd/zsmalloc
[    2.760785] Demotion targets for Node 0: null
[    2.760824] Key type .fscrypt registered
[    2.760825] Key type fscrypt-provisioning registered
[    2.760909] integrity: Loading X.509 certificate: UEFI:db
[    2.762216] integrity: Loaded X.509 cert 'Database Key: 00947180a7e14d58=
a351b3cecc2879b4ad'
[    2.762216] integrity: Loading X.509 certificate: UEFI:db
