Return-Path: <linux-wireless-owner@vger.kernel.org>
X-Original-To: lists+linux-wireless@lfdr.de
Delivered-To: lists+linux-wireless@lfdr.de
Received: from out1.vger.email (out1.vger.email [IPv6:2620:137:e000::1:20])
	by mail.lfdr.de (Postfix) with ESMTP id B7C356EEBAB
	for <lists+linux-wireless@lfdr.de>; Wed, 26 Apr 2023 02:48:15 +0200 (CEST)
Received: (majordomo@vger.kernel.org) by vger.kernel.org via listexpand
        id S238605AbjDZAsN convert rfc822-to-8bit (ORCPT
        <rfc822;lists+linux-wireless@lfdr.de>);
        Tue, 25 Apr 2023 20:48:13 -0400
Received: from lindbergh.monkeyblade.net ([23.128.96.19]:54076 "EHLO
        lindbergh.monkeyblade.net" rhost-flags-OK-OK-OK-OK) by vger.kernel.org
        with ESMTP id S238185AbjDZAsL (ORCPT
        <rfc822;linux-wireless@vger.kernel.org>);
        Tue, 25 Apr 2023 20:48:11 -0400
Received: from mail.rslp.org (mail.rslp.org [46.23.92.29])
        by lindbergh.monkeyblade.net (Postfix) with ESMTPS id BB3BD18EAD
        for <linux-wireless@vger.kernel.org>; Tue, 25 Apr 2023 17:48:01 -0700 (PDT)
Received: from [IPv6:::1] (<unknown> [2607:fb90:2edf:5d51:6476:30b0:575d:e89b])
        by mao.rslp.org (OpenSMTPD) with ESMTPSA id 2dc4257c (TLSv1.3:TLS_AES_256_GCM_SHA384:256:NO);
        Wed, 26 Apr 2023 02:47:48 +0200 (CEST)
Date:   Wed, 26 Apr 2023 00:47:44 +0000
From:   Pogprogrammer <spikey@rslp.org>
To:     Larry Finger <Larry.Finger@lwfinger.net>,
        b43-dev@lists.infradead.org
CC:     linux-wireless <linux-wireless@vger.kernel.org>
Subject: Re: Macbook pro 7,1
In-Reply-To: <716d9146-605e-b370-b3e2-ded0849cddeb@lwfinger.net>
References: <63806E6D-2230-44FA-9DAE-0790F35C9F6C@rslp.org> <54db8ecb-b817-eda9-09ff-adbd54806c95@lwfinger.net> <726093C0-6877-4427-B7FF-9DACE88B9982@rslp.org> <716d9146-605e-b370-b3e2-ded0849cddeb@lwfinger.net>
Message-ID: <D675B28A-707B-4D9E-80E9-986EC1A266B6@rslp.org>
MIME-Version: 1.0
Content-Type: text/plain;
 charset=utf-8
Content-Transfer-Encoding: 8BIT
Autocrypt: addr=spikey@rslp.org; prefer-encrypt=mutual; keydata=
 mQGNBGPkJE4BDACOgaqd98r6AbAf++6TJeSvwWwXjsjzM+07WvPP5x8bXtaE4FLHfKeQFfwRc7Z+
 833cqSY/2aziD/Fd9WYIEq+Ga4DJ000371sr6A9Ju7zuWQFxNG68AFu7yvAy0ZaAb8w2+AxkuMK+
 qOsBygKQr2WDpSr1sZ4lvH5pqDFZDjeBXGvgCWuIC2a5+nbvXpD8MF+v/1YvlYrDfa8Yp/Jd8Ned
 gXIASjrsI0HWbnymplHldv7KeUgyqU/tvcUVpJdnOaYhIupkNxw8666e/vKkraXei7vp4fhtmzvQ
 8s1BSrfFz+oFoeENG911x9WolIjaXu2kXv5iCwYFnb+18ersp9HWb/RPvJES5j7C6n8GBz7JgA7z
 3kZa0fX7qkVHtSG9y1mjv/kF1Twbp38A4vDBB4bnSCMw7V/H5cjLHENiAeT2Y5Wj0JX7CbG4UdER
 rMgtz79uv3mTuEoO0twghaAe4B8wnX3HZLN0Q0bxhkhlA4Tx/slm3KxqcnCua8t1UGaIz4UAEQEA
 AbQPc3Bpa2V5QHJzbHAub3JniQGwBBMBCgAaBAsJCAcCFQoCFgECGQAFgmPkJE4CngECmwMACgkQ
 Hcc+Uk7U4eLgMgv9GkjUCNOZ0+vDbzbZV7Kw8i6z5P3VKMCZqO7PN5VkKF8NI/KgHifP/VlZaL8o
 f11psGHZrGSxaVW3A8Xavi05oFFhtx/yTdCNpqXaWIrANXfoQkG5xIx84qbAzgTpJ+erhk/NAJi6
 FRkei0uhk8fhU8lTUl9ek6d277rEnZSAowMzSuSD8ejyvXrVdm8sI+AVZ0FwajDXHqjQuNDWq8KR
 Qy3YthkSZRWSchKbAUc0lTEEVCUgut82FJxzxpm5Z1mP8IieIS2vZBXwuBFE2hDccR7ecA8Ty8x4
 h9RR76dxXiDHtPYnoGTMXkPt3OrUcGKaE4ojch2bu35du/u9lLIQcTv/6y0H/8oD8RPLJiGbp0V/
 SDX/nybcvduVNtFAJdEDZBaA1dPGPpd01lWXnf9usp5g5FOK0Bmthhs6Lu98u6GBEg1/F6AR3NGS
 6Uawo+Lwzv5abzHn6EUWzPZjaoei+u5hFT5OE5fIG45zSPoWeU9/GXLNSnuasOYlwKlEe3o2uQGN
 BGPkJE4BDACaP9xHcDAFw/DFIvVPdr8ibLXjZ3YRrAYAqWWjagNPcn7iTrlVixWDYseVG+vtQT5n
 R/Ibeyb2twdhTnIEnviD4447qV5l1Xcn2xO5gg9SBHMo9bQSc7thxq5pHSQDDoOok+qX7Gw29v5t
 Hhok0lZtVs6K4K9eM3iRRYxQm6YbR3fsoc7KuMAubZV1ihsfH/dcRyKSGS+/KDDBWmc6WYosL64u
 5iWoIpTxUygx4NEmePpfcnaaRr/aJNKDvLJEfdTCeNUOACpj4lI9slUZQMdhJdYi3pobjzOigfx5
 rhtzB5zIkWe5GBcu2kasZrpnQuRYFFxD/bgWuJQ7pa6rR1nHyTzSc1XevoH4v+/ShXqkwuOMkIkF
 Ay2oYf1W01N09FW4pOXISwlqs4jsjsz68Q5e+f71fJioQGMjV8BJyDjN1KqF5JdvdGq3kuKkkK4e
 vqiFzJ7yn3wJHN4b6ZKtPPVvyf3f16J/b+X9Gqx07dOcqUbpprj3SdCjfKOdrZ0S47MAEQEAAYkB
 nwQYAQoACQWCY+QkTgKbDAAKCRAdxz5STtTh4r4hC/4iCLXU7wYwMPYWOLUJAcm+7kKNeHWreRyE
 KMInMxiBIIPYU/YS0m7Bug3fWcGF6qKbPa3gNnQV+u6xa5crHLkhsOlAp58HWk+SIdPq6zqD7Hgu
 9Fn1VWiX4XtSAkYvlVPEIcXNLGDGi17Qhm27XUFnIM1XaqkjgyCzOf2BBfCRWHSrGygXm9H7apCC
 fvCUhnz/bY/hJLGbvbTtH4mkPIKXvcKodH7Ium6ikkeNnGWiznAzfsmQEh8MqvuKX9MUktQqlrHL
 687EmNJ6ED3CLb/MrhAbQWIF1TO7Ntl/vZGFw/W4U1GByCe1n5jHyF5k4kDLKyExB2hcsOg0XEv0
 z3AzEkioWLLS8wS9eAMWcPXWMbg2pW/hp90cD2BkqJ7MiJJmqPlm2d3CpUEkLfaBYfAAeZeuf+oO
 SCUtWVnYzzXpxE9KUO1wALF4UuzD77ke5irWq+WcYJwcmciTf2MnDf86XBUyaUg2ohCtLgdMaNnE
 4Qc089s6dQvvEUqpg0m4qGc=
X-Spam-Status: No, score=-1.9 required=5.0 tests=BAYES_00,SPF_HELO_NONE,
        SPF_NONE,T_SCC_BODY_TEXT_LINE autolearn=ham autolearn_force=no
        version=3.4.6
X-Spam-Checker-Version: SpamAssassin 3.4.6 (2021-04-09) on
        lindbergh.monkeyblade.net
Precedence: bulk
List-ID: <linux-wireless.vger.kernel.org>
X-Mailing-List: linux-wireless@vger.kernel.org

Oh, I'm sorry. Anonfiles works fine for me and shows no trackers in ublock. Ive always trusted the service, but I'll attach it to you in the email itself.

[    0.000000] Linux version 5.10.0-21-amd64 (debian-kernel@lists.debian.org) (gcc-10 (Debian 10.2.1-6) 10.2.1 20210110, GNU ld (GNU Binutils for Debian) 2.35.2) #1 SMP Debian 5.10.162-1 (2023-01-21)
[    0.000000] Command line: BOOT_IMAGE=/vmlinuz-5.10.0-21-amd64 root=/dev/mapper/data-root ro quiet
[    0.000000] x86/fpu: Supporting XSAVE feature 0x001: 'x87 floating point registers'
[    0.000000] x86/fpu: Supporting XSAVE feature 0x002: 'SSE registers'
[    0.000000] x86/fpu: Enabled xstate features 0x3, context size is 576 bytes, using 'standard' format.
[    0.000000] BIOS-provided physical RAM map:
[    0.000000] BIOS-e820: [mem 0x0000000000000000-0x000000000008efff] usable
[    0.000000] BIOS-e820: [mem 0x000000000008f000-0x000000000008ffff] ACPI NVS
[    0.000000] BIOS-e820: [mem 0x0000000000090000-0x000000000009ffff] usable
[    0.000000] BIOS-e820: [mem 0x0000000000100000-0x00000000aeffffff] usable
[    0.000000] BIOS-e820: [mem 0x00000000af000000-0x00000000beffffff] reserved
[    0.000000] BIOS-e820: [mem 0x00000000bf000000-0x00000000bf718fff] usable
[    0.000000] BIOS-e820: [mem 0x00000000bf719000-0x00000000bf938fff] ACPI NVS
[    0.000000] BIOS-e820: [mem 0x00000000bf939000-0x00000000bf954fff] usable
[    0.000000] BIOS-e820: [mem 0x00000000bf955000-0x00000000bf96afff] ACPI data
[    0.000000] BIOS-e820: [mem 0x00000000bf96b000-0x00000000bf976fff] usable
[    0.000000] BIOS-e820: [mem 0x00000000bf977000-0x00000000bf99afff] reserved
[    0.000000] BIOS-e820: [mem 0x00000000bf99b000-0x00000000bf9b5fff] usable
[    0.000000] BIOS-e820: [mem 0x00000000bf9b6000-0x00000000bf9dafff] type 20
[    0.000000] BIOS-e820: [mem 0x00000000bf9db000-0x00000000bfef8fff] usable
[    0.000000] BIOS-e820: [mem 0x00000000bfef9000-0x00000000bfefffff] reserved
[    0.000000] BIOS-e820: [mem 0x00000000d3400000-0x00000000d3400fff] reserved
[    0.000000] BIOS-e820: [mem 0x00000000ffc00000-0x00000000ffffffff] reserved
[    0.000000] BIOS-e820: [mem 0x0000000100000000-0x000000023fffffff] usable
[    0.000000] NX (Execute Disable) protection: active
[    0.000000] efi: EFI v1.10 by Apple
[    0.000000] efi: ACPI=0xbf96a000 ACPI 2.0=0xbf96a014 SMBIOS=0xbf71a000 MOKvar=0xac750000 
[    0.000000] secureboot: Secure boot disabled
[    0.000000] SMBIOS 2.4 present.
[    0.000000] DMI: Apple Inc. MacBookPro7,1/Mac-F222BEC8, BIOS 68.0.0.0.0 06/13/2019
[    0.000000] tsc: Fast TSC calibration using PIT
[    0.000000] tsc: Detected 2389.085 MHz processor
[    0.000016] e820: update [mem 0x00000000-0x00000fff] usable ==> reserved
[    0.000020] e820: remove [mem 0x000a0000-0x000fffff] usable
[    0.000032] last_pfn = 0x240000 max_arch_pfn = 0x400000000
[    0.000039] MTRR default type: write-back
[    0.000041] MTRR fixed ranges enabled:
[    0.000043]   00000-9FFFF write-back
[    0.000044]   A0000-FFFFF uncachable
[    0.000046] MTRR variable ranges enabled:
[    0.000048]   0 base 0C0000000 mask FC0000000 uncachable
[    0.000050]   1 base 0BFF00000 mask FFFF00000 uncachable
[    0.000051]   2 disabled
[    0.000052]   3 disabled
[    0.000053]   4 disabled
[    0.000054]   5 disabled
[    0.000055]   6 disabled
[    0.000056]   7 disabled
[    0.001180] x86/PAT: Configuration [0-7]: WB  WC  UC- UC  WB  WP  UC- WT  
[    0.001417] last_pfn = 0xbfef9 max_arch_pfn = 0x400000000
[    0.014949] e820: update [mem 0xac750000-0xac752fff] usable ==> reserved
[    0.016040] RAMDISK: [mem 0x34035000-0x36011fff]
[    0.016045] ACPI: Early table checksum verification disabled
[    0.016050] ACPI: RSDP 0x00000000BF96A014 000024 (v02 APPLE )
[    0.016056] ACPI: XSDT 0x00000000BF96A1C0 00007C (v01 APPLE  Apple00  0000F000      01000013)
[    0.016065] ACPI: FACP 0x00000000BF968000 0000F4 (v04 APPLE  Apple00  0000F000 Loki 0000005F)
[    0.016073] ACPI: DSDT 0x00000000BF95A000 0061ED (v01 APPLE  MacBookP 00070001 INTL 20061109)
[    0.016079] ACPI: FACS 0x00000000BF71E000 000040
[    0.016083] ACPI: FACS 0x00000000BF71E000 000040
[    0.016088] ACPI: HPET 0x00000000BF967000 000038 (v01 APPLE  Apple00  00000001 Loki 0000005F)
[    0.016094] ACPI: APIC 0x00000000BF966000 000068 (v01 APPLE  Apple00  00000001 Loki 0000005F)
[    0.016099] ACPI: APIC 0x00000000BF965000 000068 (v02 APPLE  Apple00  00000001 Loki 0000005F)
[    0.016105] ACPI: ASF! 0x00000000BF963000 0000A5 (v32 APPLE  Apple00  00000001 Loki 0000005F)
[    0.016110] ACPI: SBST 0x00000000BF962000 000030 (v01 APPLE  Apple00  00000001 Loki 0000005F)
[    0.016116] ACPI: ECDT 0x00000000BF961000 000053 (v01 APPLE  Apple00  00000001 Loki 0000005F)
[    0.016121] ACPI: SSDT 0x00000000BF957000 00023A (v01 APPLE  SataAhci 00001000 INTL 20061109)
[    0.016127] ACPI: SSDT 0x00000000BF956000 000024 (v01 APPLE  Apple    00001000 INTL 20061109)
[    0.016132] ACPI: SSDT 0x00000000BF955000 0004DC (v01 APPLE  CpuPm    00003000 INTL 20061109)
[    0.016138] ACPI: MCFG 0x00000000BF964000 00003C (v01 APPLE  Apple00  00000001 Loki 0000005F)
[    0.016143] ACPI: Reserving FACP table memory at [mem 0xbf968000-0xbf9680f3]
[    0.016144] ACPI: Reserving DSDT table memory at [mem 0xbf95a000-0xbf9601ec]
[    0.016146] ACPI: Reserving FACS table memory at [mem 0xbf71e000-0xbf71e03f]
[    0.016147] ACPI: Reserving FACS table memory at [mem 0xbf71e000-0xbf71e03f]
[    0.016149] ACPI: Reserving HPET table memory at [mem 0xbf967000-0xbf967037]
[    0.016151] ACPI: Reserving APIC table memory at [mem 0xbf966000-0xbf966067]
[    0.016152] ACPI: Reserving APIC table memory at [mem 0xbf965000-0xbf965067]
[    0.016154] ACPI: Reserving ASF! table memory at [mem 0xbf963000-0xbf9630a4]
[    0.016155] ACPI: Reserving SBST table memory at [mem 0xbf962000-0xbf96202f]
[    0.016157] ACPI: Reserving ECDT table memory at [mem 0xbf961000-0xbf961052]
[    0.016158] ACPI: Reserving SSDT table memory at [mem 0xbf957000-0xbf957239]
[    0.016160] ACPI: Reserving SSDT table memory at [mem 0xbf956000-0xbf956023]
[    0.016161] ACPI: Reserving SSDT table memory at [mem 0xbf955000-0xbf9554db]
[    0.016163] ACPI: Reserving MCFG table memory at [mem 0xbf964000-0xbf96403b]
[    0.016167] ACPI: BIOS bug: multiple APIC/MADT found, using 0
[    0.016169] ACPI: If "acpi_apic_instance=2" works better, notify linux-acpi@vger.kernel.org
[    0.016176] ACPI: DMI detected to setup _OSI("Darwin"): Apple hardware
[    0.016179] ACPI: Local APIC address 0xfee00000
[    0.016266] No NUMA configuration found
[    0.016267] Faking a node at [mem 0x0000000000000000-0x000000023fffffff]
[    0.016283] NODE_DATA(0) allocated [mem 0x23ffd2000-0x23fffbfff]
[    0.017061] Zone ranges:
[    0.017063]   DMA      [mem 0x0000000000001000-0x0000000000ffffff]
[    0.017065]   DMA32    [mem 0x0000000001000000-0x00000000ffffffff]
[    0.017068]   Normal   [mem 0x0000000100000000-0x000000023fffffff]
[    0.017070]   Device   empty
[    0.017072] Movable zone start for each node
[    0.017075] Early memory node ranges
[    0.017077]   node   0: [mem 0x0000000000001000-0x000000000008efff]
[    0.017079]   node   0: [mem 0x0000000000090000-0x000000000009ffff]
[    0.017080]   node   0: [mem 0x0000000000100000-0x00000000aeffffff]
[    0.017082]   node   0: [mem 0x00000000bf000000-0x00000000bf718fff]
[    0.017083]   node   0: [mem 0x00000000bf939000-0x00000000bf954fff]
[    0.017085]   node   0: [mem 0x00000000bf96b000-0x00000000bf976fff]
[    0.017086]   node   0: [mem 0x00000000bf99b000-0x00000000bf9b5fff]
[    0.017087]   node   0: [mem 0x00000000bf9db000-0x00000000bfef8fff]
[    0.017089]   node   0: [mem 0x0000000100000000-0x000000023fffffff]
[    0.017092] Initmem setup node 0 [mem 0x0000000000001000-0x000000023fffffff]
[    0.017094] On node 0 totalpages: 2030616
[    0.017096]   DMA zone: 64 pages used for memmap
[    0.017097]   DMA zone: 24 pages reserved
[    0.017099]   DMA zone: 3998 pages, LIFO batch:0
[    0.017101]   DMA32 zone: 11186 pages used for memmap
[    0.017102]   DMA32 zone: 715898 pages, LIFO batch:63
[    0.017103]   Normal zone: 20480 pages used for memmap
[    0.017104]   Normal zone: 1310720 pages, LIFO batch:63
[    0.017109] On node 0, zone DMA: 1 pages in unavailable ranges
[    0.017111] On node 0, zone DMA: 1 pages in unavailable ranges
[    0.017170] On node 0, zone DMA: 96 pages in unavailable ranges
[    0.037221] On node 0, zone DMA32: 32768 pages in unavailable ranges
[    0.037241] On node 0, zone DMA32: 544 pages in unavailable ranges
[    0.037243] On node 0, zone DMA32: 22 pages in unavailable ranges
[    0.037246] On node 0, zone DMA32: 36 pages in unavailable ranges
[    0.037286] On node 0, zone DMA32: 37 pages in unavailable ranges
[    0.038187] On node 0, zone Normal: 263 pages in unavailable ranges
[    0.038815] ACPI: PM-Timer IO Port: 0x408
[    0.038818] ACPI: Local APIC address 0xfee00000
[    0.038829] ACPI: LAPIC_NMI (acpi_id[0x00] high edge lint[0x1])
[    0.038831] ACPI: LAPIC_NMI (acpi_id[0x01] high edge lint[0x1])
[    0.038845] IOAPIC[0]: apic_id 1, version 17, address 0xfec00000, GSI 0-23
[    0.038849] ACPI: INT_SRC_OVR (bus 0 bus_irq 0 global_irq 2 dfl dfl)
[    0.038852] ACPI: INT_SRC_OVR (bus 0 bus_irq 9 global_irq 9 high level)
[    0.038854] ACPI: IRQ0 used by override.
[    0.038856] ACPI: IRQ9 used by override.
[    0.038858] Using ACPI (MADT) for SMP configuration information
[    0.038861] ACPI: HPET id: 0x10de8201 base: 0xfed00000
[    0.038870] smpboot: Allowing 2 CPUs, 0 hotplug CPUs
[    0.038905] PM: hibernation: Registered nosave memory: [mem 0x00000000-0x00000fff]
[    0.038908] PM: hibernation: Registered nosave memory: [mem 0x0008f000-0x0008ffff]
[    0.038911] PM: hibernation: Registered nosave memory: [mem 0x000a0000-0x000fffff]
[    0.038914] PM: hibernation: Registered nosave memory: [mem 0xac750000-0xac752fff]
[    0.038916] PM: hibernation: Registered nosave memory: [mem 0xaf000000-0xbeffffff]
[    0.038919] PM: hibernation: Registered nosave memory: [mem 0xbf719000-0xbf938fff]
[    0.038922] PM: hibernation: Registered nosave memory: [mem 0xbf955000-0xbf96afff]
[    0.038924] PM: hibernation: Registered nosave memory: [mem 0xbf977000-0xbf99afff]
[    0.038927] PM: hibernation: Registered nosave memory: [mem 0xbf9b6000-0xbf9dafff]
[    0.038930] PM: hibernation: Registered nosave memory: [mem 0xbfef9000-0xbfefffff]
[    0.038932] PM: hibernation: Registered nosave memory: [mem 0xbff00000-0xd33fffff]
[    0.038933] PM: hibernation: Registered nosave memory: [mem 0xd3400000-0xd3400fff]
[    0.038935] PM: hibernation: Registered nosave memory: [mem 0xd3401000-0xffbfffff]
[    0.038936] PM: hibernation: Registered nosave memory: [mem 0xffc00000-0xffffffff]
[    0.038939] [mem 0xd3401000-0xffbfffff] available for PCI devices
[    0.038942] Booting paravirtualized kernel on bare hardware
[    0.038947] clocksource: refined-jiffies: mask: 0xffffffff max_cycles: 0xffffffff, max_idle_ns: 7645519600211568 ns
[    0.045287] setup_percpu: NR_CPUS:8192 nr_cpumask_bits:2 nr_cpu_ids:2 nr_node_ids:1
[    0.046038] percpu: Embedded 63 pages/cpu s221184 r8192 d28672 u1048576
[    0.046048] pcpu-alloc: s221184 r8192 d28672 u1048576 alloc=1*2097152
[    0.046051] pcpu-alloc: [0] 0 1 
[    0.046099] Built 1 zonelists, mobility grouping on.  Total pages: 1998862
[    0.046101] Policy zone: Normal
[    0.046103] Kernel command line: BOOT_IMAGE=/vmlinuz-5.10.0-21-amd64 root=/dev/mapper/data-root ro quiet
[    0.048992] Dentry cache hash table entries: 1048576 (order: 11, 8388608 bytes, linear)
[    0.050485] Inode-cache hash table entries: 524288 (order: 10, 4194304 bytes, linear)
[    0.050543] mem auto-init: stack:off, heap alloc:on, heap free:off
[    0.103949] Memory: 2860488K/8122464K available (12295K kernel code, 2537K rwdata, 7560K rodata, 2660K init, 5468K bss, 329280K reserved, 0K cma-reserved)
[    0.104311] SLUB: HWalign=64, Order=0-3, MinObjects=0, CPUs=2, Nodes=1
[    0.104339] Kernel/User page tables isolation: enabled
[    0.104369] ftrace: allocating 36545 entries in 143 pages
[    0.127626] ftrace: allocated 143 pages with 5 groups
[    0.127875] rcu: Hierarchical RCU implementation.
[    0.127878] rcu: 	RCU restricting CPUs from NR_CPUS=8192 to nr_cpu_ids=2.
[    0.127879] 	Rude variant of Tasks RCU enabled.
[    0.127880] 	Tracing variant of Tasks RCU enabled.
[    0.127882] rcu: RCU calculated value of scheduler-enlistment delay is 25 jiffies.
[    0.127883] rcu: Adjusting geometry for rcu_fanout_leaf=16, nr_cpu_ids=2
[    0.134963] NR_IRQS: 524544, nr_irqs: 440, preallocated irqs: 16
[    0.135265] spurious 8259A interrupt: IRQ7.
[    0.135288] Console: colour dummy device 80x25
[    0.135308] printk: console [tty0] enabled
[    0.135333] ACPI: Core revision 20200925
[    0.135466] clocksource: hpet: mask: 0xffffffff max_cycles: 0xffffffff, max_idle_ns: 76450417870 ns
[    0.135486] APIC: Switch to symmetric I/O mode setup
[    0.135943] ..TIMER: vector=0x30 apic1=0 pin1=2 apic2=-1 pin2=-1
[    0.155488] clocksource: tsc-early: mask: 0xffffffffffffffff max_cycles: 0x226ff0a5d8d, max_idle_ns: 440795308870 ns
[    0.155493] Calibrating delay loop (skipped), value calculated using timer frequency.. 4778.17 BogoMIPS (lpj=9556340)
[    0.155497] pid_max: default: 32768 minimum: 301
[    0.193610] LSM: Security Framework initializing
[    0.193628] Yama: disabled by default; enable with sysctl kernel.yama.*
[    0.193690] AppArmor: AppArmor initialized
[    0.193693] TOMOYO Linux initialized
[    0.193775] Mount-cache hash table entries: 16384 (order: 5, 131072 bytes, linear)
[    0.193816] Mountpoint-cache hash table entries: 16384 (order: 5, 131072 bytes, linear)
[    0.194239] mce: CPU0: Thermal monitoring enabled (TM2)
[    0.194243] process: using mwait in idle threads
[    0.194247] Last level iTLB entries: 4KB 128, 2MB 4, 4MB 4
[    0.194249] Last level dTLB entries: 4KB 256, 2MB 0, 4MB 32, 1GB 0
[    0.194253] Spectre V1 : Mitigation: usercopy/swapgs barriers and __user pointer sanitization
[    0.194255] Spectre V2 : Mitigation: Retpolines
[    0.194256] Spectre V2 : Spectre v2 / SpectreRSB mitigation: Filling RSB on context switch
[    0.194257] Spectre V2 : Spectre v2 / SpectreRSB : Filling RSB on VMEXIT
[    0.194259] Speculative Store Bypass: Vulnerable
[    0.194262] MDS: Vulnerable: Clear CPU buffers attempted, no microcode
[    0.194263] MMIO Stale Data: Unknown: No mitigations
[    0.208344] Freeing SMP alternatives memory: 32K
[    0.318954] smpboot: CPU0: Intel(R) Core(TM)2 Duo CPU     P8600  @ 2.40GHz (family: 0x6, model: 0x17, stepping: 0xa)
[    0.319208] Performance Events: PEBS fmt0+, Core2 events, 4-deep LBR, Intel PMU driver.
[    0.319218] ... version:                2
[    0.319219] ... bit width:              40
[    0.319220] ... generic registers:      2
[    0.319221] ... value mask:             000000ffffffffff
[    0.319222] ... max period:             000000007fffffff
[    0.319223] ... fixed-purpose events:   3
[    0.319224] ... event mask:             0000000700000003
[    0.319372] rcu: Hierarchical SRCU implementation.
[    0.319490] NMI watchdog: Enabled. Permanently consumes one hw-PMU counter.
[    0.319490] smp: Bringing up secondary CPUs ...
[    0.319490] x86: Booting SMP configuration:
[    0.319490] .... node  #0, CPUs:      #1
[    0.319490] smp: Brought up 1 node, 2 CPUs
[    0.319490] smpboot: Max logical packages: 1
[    0.319490] smpboot: Total of 2 processors activated (9556.34 BogoMIPS)
[    0.359848] node 0 deferred pages initialised in 40ms
[    0.360154] devtmpfs: initialized
[    0.360154] x86/mm: Memory block size: 128MB
[    0.360824] PM: Registering ACPI NVS region [mem 0x0008f000-0x0008ffff] (4096 bytes)
[    0.360824] PM: Registering ACPI NVS region [mem 0xbf719000-0xbf938fff] (2228224 bytes)
[    0.360824] clocksource: jiffies: mask: 0xffffffff max_cycles: 0xffffffff, max_idle_ns: 7645041785100000 ns
[    0.360824] futex hash table entries: 512 (order: 3, 32768 bytes, linear)
[    0.360824] pinctrl core: initialized pinctrl subsystem
[    0.360824] NET: Registered protocol family 16
[    0.360824] DMA: preallocated 1024 KiB GFP_KERNEL pool for atomic allocations
[    0.360824] DMA: preallocated 1024 KiB GFP_KERNEL|GFP_DMA pool for atomic allocations
[    0.360824] DMA: preallocated 1024 KiB GFP_KERNEL|GFP_DMA32 pool for atomic allocations
[    0.360824] audit: initializing netlink subsys (disabled)
[    0.363549] audit: type=2000 audit(1682461442.228:1): state=initialized audit_enabled=0 res=1
[    0.363712] thermal_sys: Registered thermal governor 'fair_share'
[    0.363714] thermal_sys: Registered thermal governor 'bang_bang'
[    0.363715] thermal_sys: Registered thermal governor 'step_wise'
[    0.363716] thermal_sys: Registered thermal governor 'user_space'
[    0.363718] thermal_sys: Registered thermal governor 'power_allocator'
[    0.363739] cpuidle: using governor ladder
[    0.363745] cpuidle: using governor menu
[    0.363801] ACPI FADT declares the system doesn't support PCIe ASPM, so disable it
[    0.363803] ACPI: bus type PCI registered
[    0.363805] acpiphp: ACPI Hot Plug PCI Controller Driver version: 0.5
[    0.364145] PCI: MMCONFIG for domain 0000 [bus 00-04] at [mem 0xf0000000-0xf04fffff] (base 0xf0000000)
[    0.364150] PCI: not using MMCONFIG
[    0.364156] PCI: Using configuration type 1 for base access
[    0.365681] Kprobes globally optimized
[    0.365688] HugeTLB registered 2.00 MiB page size, pre-allocated 0 pages
[    0.603956] ACPI: Disabled all _OSI OS vendors
[    0.603956] ACPI: Added _OSI(Module Device)
[    0.603956] ACPI: Added _OSI(Processor Device)
[    0.603956] ACPI: Added _OSI(3.0 _SCP Extensions)
[    0.603956] ACPI: Added _OSI(Processor Aggregator Device)
[    0.603956] ACPI: Added _OSI(Linux-Dell-Video)
[    0.603956] ACPI: Added _OSI(Linux-Lenovo-NV-HDMI-Audio)
[    0.603956] ACPI: Added _OSI(Linux-HPI-Hybrid-Graphics)
[    0.603956] ACPI: Added _OSI(Darwin)
[    0.606202] ACPI: 4 ACPI AML tables successfully acquired and loaded
[    0.606560] ACPI: EC: EC started
[    0.606561] ACPI: EC: interrupt blocked
[    0.608734] ACPI: EC: EC_CMD/EC_SC=0x66, EC_DATA=0x62
[    0.608735] ACPI: EC: Boot ECDT EC used to handle transactions
[    0.609016] ACPI: BIOS _OSI(Darwin) query honored via DMI
[    0.609618] ACPI: Dynamic OEM Table Load:
[    0.609626] ACPI: SSDT 0xFFFF9B3A9B26B400 00027A (v01 APPLE  Cpu0Ist  00003000 INTL 20061109)
[    0.610162] ACPI: Dynamic OEM Table Load:
[    0.610169] ACPI: SSDT 0xFFFF9B39802F4000 0005A6 (v01 APPLE  Cpu0Cst  00003001 INTL 20061109)
[    0.610835] ACPI: Dynamic OEM Table Load:
[    0.610842] ACPI: SSDT 0xFFFF9B3980337100 0000C8 (v01 APPLE  Cpu1Ist  00003000 INTL 20061109)
[    0.611258] ACPI: Dynamic OEM Table Load:
[    0.611264] ACPI: SSDT 0xFFFF9B3980310900 000085 (v01 APPLE  Cpu1Cst  00003000 INTL 20061109)
[    0.611833] ACPI: Interpreter enabled
[    0.611854] ACPI: (supports S0 S3 S4 S5)
[    0.611856] ACPI: Using IOAPIC for interrupt routing
[    0.611883] PCI: MMCONFIG for domain 0000 [bus 00-04] at [mem 0xf0000000-0xf04fffff] (base 0xf0000000)
[    0.612196] PCI: MMCONFIG at [mem 0xf0000000-0xf04fffff] reserved in ACPI motherboard resources
[    0.612211] PCI: Using host bridge windows from ACPI; if necessary, use "pci=nocrs" and report a bug
[    0.612466] ACPI: Enabled 8 GPEs in block 00 to 1F
[    0.612479] ACPI: Enabled 3 GPEs in block 20 to 5F
[    0.625216] ACPI: PCI Root Bridge [PCI0] (domain 0000 [bus 00-ff])
[    0.625223] acpi PNP0A08:00: _OSC: OS assumes control of [PCIeHotplug SHPCHotplug AER PCIeCapability LTR DPC]
[    0.625234] acpi PNP0A08:00: [Firmware Info]: MMCONFIG for domain 0000 [bus 00-04] only partially covers this bridge
[    0.625507] PCI host bridge to bus 0000:00
[    0.625510] pci_bus 0000:00: root bus resource [io  0x0000-0x0cf7 window]
[    0.625512] pci_bus 0000:00: root bus resource [io  0x0d00-0xffff window]
[    0.625514] pci_bus 0000:00: root bus resource [mem 0x000a0000-0x000bffff window]
[    0.625515] pci_bus 0000:00: root bus resource [mem 0x000c0000-0x000c3fff window]
[    0.625517] pci_bus 0000:00: root bus resource [mem 0x000c4000-0x000c7fff window]
[    0.625519] pci_bus 0000:00: root bus resource [mem 0x000c8000-0x000cbfff window]
[    0.625520] pci_bus 0000:00: root bus resource [mem 0x000cc000-0x000cffff window]
[    0.625522] pci_bus 0000:00: root bus resource [mem 0x000d0000-0x000d3fff window]
[    0.625524] pci_bus 0000:00: root bus resource [mem 0x000d4000-0x000d7fff window]
[    0.625525] pci_bus 0000:00: root bus resource [mem 0x000d8000-0x000dbfff window]
[    0.625527] pci_bus 0000:00: root bus resource [mem 0x000dc000-0x000dffff window]
[    0.625529] pci_bus 0000:00: root bus resource [mem 0x000e0000-0x000e3fff window]
[    0.625530] pci_bus 0000:00: root bus resource [mem 0x000e4000-0x000e7fff window]
[    0.625532] pci_bus 0000:00: root bus resource [mem 0x000e8000-0x000ebfff window]
[    0.625533] pci_bus 0000:00: root bus resource [mem 0x000ec000-0x000effff window]
[    0.625535] pci_bus 0000:00: root bus resource [mem 0x000f0000-0x000fffff window]
[    0.625537] pci_bus 0000:00: root bus resource [mem 0xc0000000-0xfebfffff window]
[    0.625539] pci_bus 0000:00: root bus resource [bus 00-ff]
[    0.625561] pci 0000:00:00.0: [10de:0d60] type 00 class 0x060000
[    0.625797] pci 0000:00:00.1: [10de:0d68] type 00 class 0x050000
[    0.626039] pci 0000:00:01.0: [10de:0d6d] type 00 class 0x050000
[    0.626252] pci 0000:00:01.1: [10de:0d6e] type 00 class 0x050000
[    0.626487] pci 0000:00:01.2: [10de:0d6f] type 00 class 0x050000
[    0.626700] pci 0000:00:01.3: [10de:0d70] type 00 class 0x050000
[    0.626925] pci 0000:00:02.0: [10de:0d71] type 00 class 0x050000
[    0.627154] pci 0000:00:02.1: [10de:0d72] type 00 class 0x050000
[    0.627364] pci 0000:00:03.0: [10de:0d80] type 00 class 0x060100
[    0.627375] pci 0000:00:03.0: reg 0x10: [io  0x2100-0x21ff]
[    0.627512] pci 0000:00:03.1: [10de:0d7b] type 00 class 0x050000
[    0.627676] pci 0000:00:03.2: [10de:0d79] type 00 class 0x0c0500
[    0.627687] pci 0000:00:03.2: reg 0x10: [io  0x2000-0x20ff]
[    0.627693] pci 0000:00:03.2: reg 0x14: [mem 0xd3486000-0xd3487fff]
[    0.627709] pci 0000:00:03.2: reg 0x20: [io  0x2240-0x227f]
[    0.627715] pci 0000:00:03.2: reg 0x24: [io  0x2200-0x223f]
[    0.627750] pci 0000:00:03.2: PME# supported from D3hot D3cold
[    0.627875] pci 0000:00:03.3: [10de:0d69] type 00 class 0x050000
[    0.628127] pci 0000:00:03.4: [10de:0d7a] type 00 class 0x0b4000
[    0.628155] pci 0000:00:03.4: reg 0x10: [mem 0xd3400000-0xd347ffff]
[    0.628392] pci 0000:00:04.0: [10de:0d9c] type 00 class 0x0c0310
[    0.628403] pci 0000:00:04.0: reg 0x10: [mem 0xd348a000-0xd348afff]
[    0.628452] pci 0000:00:04.0: supports D1 D2
[    0.628454] pci 0000:00:04.0: PME# supported from D0 D1 D2 D3hot D3cold
[    0.628609] pci 0000:00:04.1: [10de:0d9d] type 00 class 0x0c0320
[    0.628620] pci 0000:00:04.1: reg 0x10: [mem 0xd348b100-0xd348b1ff]
[    0.628675] pci 0000:00:04.1: supports D1 D2
[    0.628677] pci 0000:00:04.1: PME# supported from D0 D1 D2 D3hot D3cold
[    0.628859] pci 0000:00:06.0: [10de:0d9c] type 00 class 0x0c0310
[    0.628870] pci 0000:00:06.0: reg 0x10: [mem 0xd3489000-0xd3489fff]
[    0.628919] pci 0000:00:06.0: supports D1 D2
[    0.628921] pci 0000:00:06.0: PME# supported from D0 D1 D2 D3hot D3cold
[    0.629074] pci 0000:00:06.1: [10de:0d9d] type 00 class 0x0c0320
[    0.629086] pci 0000:00:06.1: reg 0x10: [mem 0xd348b000-0xd348b0ff]
[    0.629140] pci 0000:00:06.1: supports D1 D2
[    0.629142] pci 0000:00:06.1: PME# supported from D0 D1 D2 D3hot D3cold
[    0.629313] pci 0000:00:08.0: [10de:0d94] type 00 class 0x040300
[    0.629323] pci 0000:00:08.0: reg 0x10: [mem 0xd3480000-0xd3483fff]
[    0.629372] pci 0000:00:08.0: PME# supported from D3hot D3cold
[    0.629505] pci 0000:00:0a.0: [10de:0d88] type 00 class 0x010601
[    0.629515] pci 0000:00:0a.0: reg 0x10: [io  0x2298-0x229f]
[    0.629520] pci 0000:00:0a.0: reg 0x14: [io  0x22a4-0x22a7]
[    0.629526] pci 0000:00:0a.0: reg 0x18: [io  0x2290-0x2297]
[    0.629531] pci 0000:00:0a.0: reg 0x1c: [io  0x22a0-0x22a3]
[    0.629536] pci 0000:00:0a.0: reg 0x20: [io  0x2280-0x228f]
[    0.629542] pci 0000:00:0a.0: reg 0x24: [mem 0xd3484000-0xd3485fff]
[    0.629675] pci 0000:00:0b.0: [10de:0d75] type 00 class 0x050000
[    0.629684] pci 0000:00:0b.0: reg 0x10: [mem 0xd3488000-0xd3488fff]
[    0.629860] pci 0000:00:0e.0: [10de:0d9a] type 01 class 0x060400
[    0.629992] pci 0000:00:0e.0: enabling Extended Tags
[    0.630163] pci 0000:00:0e.0: PME# supported from D0 D1 D2 D3hot D3cold
[    0.630419] pci 0000:00:15.0: [10de:0d9b] type 01 class 0x060400
[    0.630551] pci 0000:00:15.0: enabling Extended Tags
[    0.630721] pci 0000:00:15.0: PME# supported from D0 D1 D2 D3hot D3cold
[    0.630963] pci 0000:00:16.0: [10de:0d9b] type 01 class 0x060400
[    0.631095] pci 0000:00:16.0: enabling Extended Tags
[    0.631264] pci 0000:00:16.0: PME# supported from D0 D1 D2 D3hot D3cold
[    0.631467] pci 0000:00:17.0: [10de:0d76] type 01 class 0x060400
[    0.631512] pci 0000:00:17.0: PME# supported from D0 D3hot D3cold
[    0.631765] pci 0000:01:00.0: [11c1:5901] type 00 class 0x0c0010
[    0.631790] pci 0000:01:00.0: reg 0x10: [mem 0xd3300000-0xd3300fff 64bit]
[    0.631912] pci 0000:01:00.0: supports D1 D2
[    0.631914] pci 0000:01:00.0: PME# supported from D0 D1 D2 D3hot D3cold
[    0.632115] pci 0000:00:0e.0: PCI bridge to [bus 01]
[    0.632137] pci 0000:00:0e.0:   bridge window [mem 0xd3300000-0xd33fffff]
[    0.632452] pci 0000:02:00.0: [14e4:432b] type 00 class 0x028000
[    0.632475] pci 0000:02:00.0: reg 0x10: [mem 0xd3200000-0xd3203fff 64bit]
[    0.632528] pci 0000:02:00.0: enabling Extended Tags
[    0.632601] pci 0000:02:00.0: supports D1 D2
[    0.632603] pci 0000:02:00.0: PME# supported from D0 D3hot D3cold
[    0.632906] pci 0000:00:15.0: PCI bridge to [bus 02]
[    0.632928] pci 0000:00:15.0:   bridge window [mem 0xd3200000-0xd32fffff]
[    0.633241] pci 0000:03:00.0: [14e4:1684] type 00 class 0x020000
[    0.633265] pci 0000:03:00.0: reg 0x10: [mem 0xd3100000-0xd310ffff 64bit]
[    0.633318] pci 0000:03:00.0: enabling Extended Tags
[    0.633401] pci 0000:03:00.0: PME# supported from D3hot D3cold
[    0.633711] pci 0000:00:16.0: PCI bridge to [bus 03]
[    0.633733] pci 0000:00:16.0:   bridge window [mem 0xd3100000-0xd31fffff]
[    0.633764] pci_bus 0000:04: extended config space not accessible
[    0.633801] pci 0000:04:00.0: [10de:08a0] type 00 class 0x030000
[    0.633810] pci 0000:04:00.0: reg 0x10: [mem 0xd2000000-0xd2ffffff]
[    0.633818] pci 0000:04:00.0: reg 0x14: [mem 0xc0000000-0xcfffffff 64bit pref]
[    0.633826] pci 0000:04:00.0: reg 0x1c: [mem 0xd0000000-0xd1ffffff 64bit pref]
[    0.633831] pci 0000:04:00.0: reg 0x24: [io  0x1000-0x107f]
[    0.633837] pci 0000:04:00.0: reg 0x30: [mem 0xd3000000-0xd301ffff pref]
[    0.633845] pci 0000:04:00.0: Enabling HDA controller
[    0.633849] pci 0000:04:00.0: BAR 1: assigned to efifb
[    0.634034] pci 0000:00:17.0: PCI bridge to [bus 04]
[    0.634038] pci 0000:00:17.0:   bridge window [io  0x1000-0x1fff]
[    0.634041] pci 0000:00:17.0:   bridge window [mem 0xd2000000-0xd30fffff]
[    0.634044] pci 0000:00:17.0:   bridge window [mem 0xc0000000-0xd1ffffff 64bit pref]
[    0.634598] ACPI: PCI Interrupt Link [LNK1] (IRQs *16 17 18 19 20 21 22 23)
[    0.634710] ACPI: PCI Interrupt Link [LNK2] (IRQs 16 *17 18 19 20 21 22 23)
[    0.634820] ACPI: PCI Interrupt Link [LNK3] (IRQs 16 17 *18 19 20 21 22 23)
[    0.634929] ACPI: PCI Interrupt Link [LNK4] (IRQs 16 17 18 *19 20 21 22 23)
[    0.635039] ACPI: PCI Interrupt Link [Z00B] (IRQs 16 17 18 *19 20 21 22 23)
[    0.635148] ACPI: PCI Interrupt Link [Z00C] (IRQs 16 17 18 *19 20 21 22 23)
[    0.635258] ACPI: PCI Interrupt Link [Z00D] (IRQs 16 17 18 *19 20 21 22 23)
[    0.635367] ACPI: PCI Interrupt Link [Z00E] (IRQs 16 17 18 *19 20 21 22 23)
[    0.635477] ACPI: PCI Interrupt Link [Z00J] (IRQs 16 17 18 19 20 *21 22 23)
[    0.635591] ACPI: PCI Interrupt Link [Z00K] (IRQs 16 17 18 19 20 *21 22 23)
[    0.635701] ACPI: PCI Interrupt Link [Z00L] (IRQs 16 17 18 19 20 *21 22 23)
[    0.635811] ACPI: PCI Interrupt Link [Z00M] (IRQs 16 17 18 19 20 *21 22 23)
[    0.635920] ACPI: PCI Interrupt Link [Z00N] (IRQs 16 17 18 19 20 21 22 *23)
[    0.636029] ACPI: PCI Interrupt Link [Z00O] (IRQs 16 17 18 19 20 21 22 *23)
[    0.636139] ACPI: PCI Interrupt Link [Z00P] (IRQs 16 17 18 19 20 21 22 *23)
[    0.636248] ACPI: PCI Interrupt Link [Z00Q] (IRQs 16 17 18 19 20 21 22 *23)
[    0.636357] ACPI: PCI Interrupt Link [LSMB] (IRQs 16 17 18 19 20 21 *22 23)
[    0.636465] ACPI: PCI Interrupt Link [LUS0] (IRQs 16 *17 18 19 20 21 22 23)
[    0.636573] ACPI: PCI Interrupt Link [LUS2] (IRQs 16 *17 18 19 20 21 22 23)
[    0.636681] ACPI: PCI Interrupt Link [LMAC] (IRQs 16 *17 18 19 20 21 22 23)
[    0.636788] ACPI: PCI Interrupt Link [LAZA] (IRQs 16 17 18 19 *20 21 22 23)
[    0.636896] ACPI: PCI Interrupt Link [LGPU] (IRQs *16 17 18 19 20 21 22 23)
[    0.637002] ACPI: PCI Interrupt Link [LPID] (IRQs 16 17 18 19 20 21 22 23) *0, disabled.
[    0.637117] ACPI: PCI Interrupt Link [LSI0] (IRQs 16 17 *18 19 20 21 22 23)
[    0.637225] ACPI: PCI Interrupt Link [Z000] (IRQs 16 17 *18 19 20 21 22 23)
[    0.637333] ACPI: PCI Interrupt Link [Z001] (IRQs 16 17 18 19 20 21 *22 23)
[    0.637438] ACPI: PCI Interrupt Link [LPMU] (IRQs 16 17 18 19 20 21 22 23) *0, disabled.
[    0.637778] ACPI: EC: interrupt unblocked
[    0.637780] ACPI: EC: event unblocked
[    0.639494] ACPI: EC: EC_CMD/EC_SC=0x66, EC_DATA=0x62
[    0.639494] ACPI: EC: GPE=0x57
[    0.639494] ACPI: \_SB_.PCI0.LPCB.EC__: Boot ECDT EC initialization complete
[    0.639494] ACPI: \_SB_.PCI0.LPCB.EC__: EC: Used to handle transactions and events
[    0.639494] iommu: Default domain type: Translated 
[    0.639661] pci 0000:04:00.0: vgaarb: VGA device added: decodes=io+mem,owns=none,locks=none
[    0.639663] pci 0000:04:00.0: vgaarb: bridge control possible
[    0.639664] pci 0000:04:00.0: vgaarb: setting as boot device
[    0.639666] vgaarb: loaded
[    0.639954] EDAC MC: Ver: 3.0.0
[    0.640412] Registered efivars operations
[    0.640412] NetLabel: Initializing
[    0.640412] NetLabel:  domain hash size = 128
[    0.640412] NetLabel:  protocols = UNLABELED CIPSOv4 CALIPSO
[    0.640412] NetLabel:  unlabeled traffic allowed by default
[    0.640412] PCI: Using ACPI for IRQ routing
[    0.640412] PCI: pci_cache_line_size set to 64 bytes
[    0.640412] e820: reserve RAM buffer [mem 0x0008f000-0x0008ffff]
[    0.640412] e820: reserve RAM buffer [mem 0xac750000-0xafffffff]
[    0.640412] e820: reserve RAM buffer [mem 0xaf000000-0xafffffff]
[    0.640412] e820: reserve RAM buffer [mem 0xbf719000-0xbfffffff]
[    0.640412] e820: reserve RAM buffer [mem 0xbf955000-0xbfffffff]
[    0.640412] e820: reserve RAM buffer [mem 0xbf977000-0xbfffffff]
[    0.640412] e820: reserve RAM buffer [mem 0xbf9b6000-0xbfffffff]
[    0.640412] e820: reserve RAM buffer [mem 0xbfef9000-0xbfffffff]
[    0.640412] hpet: 4 channels of 0 reserved for per-cpu timers
[    0.640412] hpet0: at MMIO 0xfed00000, IRQs 2, 8, 31, 31
[    0.640412] hpet0: 4 comparators, 64-bit 25.000000 MHz counter
[    0.643492] clocksource: Switched to clocksource tsc-early
[    0.663440] VFS: Disk quotas dquot_6.6.0
[    0.663469] VFS: Dquot-cache hash table entries: 512 (order 0, 4096 bytes)
[    0.663703] AppArmor: AppArmor Filesystem Enabled
[    0.663731] pnp: PnP ACPI init
[    0.663903] system 00:00: [mem 0xf0000000-0xf3ffffff] has been reserved
[    0.663912] system 00:00: Plug and Play ACPI device, IDs PNP0c02 (active)
[    0.664091] system 00:01: [mem 0xfed00000-0xfed003ff] has been reserved
[    0.664097] system 00:01: Plug and Play ACPI device, IDs PNP0103 PNP0c01 (active)
[    0.664234] system 00:02: [io  0x0400-0x047f] has been reserved
[    0.664237] system 00:02: [io  0x0480-0x04ff] has been reserved
[    0.664239] system 00:02: [io  0x0500-0x057f] has been reserved
[    0.664241] system 00:02: [io  0x0580-0x05ff] has been reserved
[    0.664242] system 00:02: [io  0x0800-0x087f] has been reserved
[    0.664244] system 00:02: [io  0x0880-0x08ff] has been reserved
[    0.664247] system 00:02: [io  0x04d0-0x04d1] has been reserved
[    0.664248] system 00:02: [io  0x0295-0x0296] has been reserved
[    0.664254] system 00:02: Plug and Play ACPI device, IDs PNP0c02 (active)
[    0.664286] pnp 00:03: Plug and Play ACPI device, IDs PNP0b00 (active)
[    0.664915] pnp: PnP ACPI: found 4 devices
[    0.671601] clocksource: acpi_pm: mask: 0xffffff max_cycles: 0xffffff, max_idle_ns: 2085701024 ns
[    0.671714] NET: Registered protocol family 2
[    0.672067] IP idents hash table entries: 131072 (order: 8, 1048576 bytes, linear)
[    0.674319] tcp_listen_portaddr_hash hash table entries: 4096 (order: 4, 65536 bytes, linear)
[    0.674613] TCP established hash table entries: 65536 (order: 7, 524288 bytes, linear)
[    0.675072] TCP bind hash table entries: 65536 (order: 8, 1048576 bytes, linear)
[    0.675223] TCP: Hash tables configured (established 65536 bind 65536)
[    0.675382] UDP hash table entries: 4096 (order: 5, 131072 bytes, linear)
[    0.675455] UDP-Lite hash table entries: 4096 (order: 5, 131072 bytes, linear)
[    0.675557] NET: Registered protocol family 1
[    0.675570] NET: Registered protocol family 44
[    0.675613] pci 0000:00:0e.0: PCI bridge to [bus 01]
[    0.675628] pci 0000:00:0e.0:   bridge window [mem 0xd3300000-0xd33fffff]
[    0.675649] pci 0000:00:15.0: PCI bridge to [bus 02]
[    0.675659] pci 0000:00:15.0:   bridge window [mem 0xd3200000-0xd32fffff]
[    0.675680] pci 0000:00:16.0: PCI bridge to [bus 03]
[    0.675690] pci 0000:00:16.0:   bridge window [mem 0xd3100000-0xd31fffff]
[    0.675711] pci 0000:00:17.0: PCI bridge to [bus 04]
[    0.675714] pci 0000:00:17.0:   bridge window [io  0x1000-0x1fff]
[    0.675717] pci 0000:00:17.0:   bridge window [mem 0xd2000000-0xd30fffff]
[    0.675720] pci 0000:00:17.0:   bridge window [mem 0xc0000000-0xd1ffffff 64bit pref]
[    0.675724] pci_bus 0000:00: resource 4 [io  0x0000-0x0cf7 window]
[    0.675726] pci_bus 0000:00: resource 5 [io  0x0d00-0xffff window]
[    0.675728] pci_bus 0000:00: resource 6 [mem 0x000a0000-0x000bffff window]
[    0.675730] pci_bus 0000:00: resource 7 [mem 0x000c0000-0x000c3fff window]
[    0.675732] pci_bus 0000:00: resource 8 [mem 0x000c4000-0x000c7fff window]
[    0.675734] pci_bus 0000:00: resource 9 [mem 0x000c8000-0x000cbfff window]
[    0.675735] pci_bus 0000:00: resource 10 [mem 0x000cc000-0x000cffff window]
[    0.675737] pci_bus 0000:00: resource 11 [mem 0x000d0000-0x000d3fff window]
[    0.675739] pci_bus 0000:00: resource 12 [mem 0x000d4000-0x000d7fff window]
[    0.675741] pci_bus 0000:00: resource 13 [mem 0x000d8000-0x000dbfff window]
[    0.675742] pci_bus 0000:00: resource 14 [mem 0x000dc000-0x000dffff window]
[    0.675744] pci_bus 0000:00: resource 15 [mem 0x000e0000-0x000e3fff window]
[    0.675746] pci_bus 0000:00: resource 16 [mem 0x000e4000-0x000e7fff window]
[    0.675748] pci_bus 0000:00: resource 17 [mem 0x000e8000-0x000ebfff window]
[    0.675749] pci_bus 0000:00: resource 18 [mem 0x000ec000-0x000effff window]
[    0.675751] pci_bus 0000:00: resource 19 [mem 0x000f0000-0x000fffff window]
[    0.675753] pci_bus 0000:00: resource 20 [mem 0xc0000000-0xfebfffff window]
[    0.675755] pci_bus 0000:01: resource 1 [mem 0xd3300000-0xd33fffff]
[    0.675757] pci_bus 0000:02: resource 1 [mem 0xd3200000-0xd32fffff]
[    0.675759] pci_bus 0000:03: resource 1 [mem 0xd3100000-0xd31fffff]
[    0.675761] pci_bus 0000:04: resource 0 [io  0x1000-0x1fff]
[    0.675762] pci_bus 0000:04: resource 1 [mem 0xd2000000-0xd30fffff]
[    0.675764] pci_bus 0000:04: resource 2 [mem 0xc0000000-0xd1ffffff 64bit pref]
[    0.676318] PCI Interrupt Link [LUS0] enabled at IRQ 20
[    0.676856] PCI Interrupt Link [LUS2] enabled at IRQ 22
[    0.677318] PCI Interrupt Link [Z000] enabled at IRQ 20
[    0.677905] PCI Interrupt Link [Z001] enabled at IRQ 18
[    0.678526] PCI: CLS 256 bytes, default 64
[    0.678603] Trying to unpack rootfs image as initramfs...
[    1.364140] Freeing initrd memory: 32628K
[    1.364165] PCI-DMA: Using software bounce buffering for IO (SWIOTLB)
[    1.364169] software IO TLB: mapped [mem 0x00000000a8675000-0x00000000ac675000] (64MB)
[    1.364351] efifb: dmi detected MacBookPro7,1 - framebuffer at 0xc0010000 (1280x800, stride 8192)
[    1.364866] Initialise system trusted keyrings
[    1.364886] Key type blacklist registered
[    1.364976] workingset: timestamp_bits=36 max_order=21 bucket_order=0
[    1.366997] zbud: loaded
[    1.367258] integrity: Platform Keyring initialized
[    1.367262] Key type asymmetric registered
[    1.367263] Asymmetric key parser 'x509' registered
[    1.367275] Block layer SCSI generic (bsg) driver version 0.4 loaded (major 251)
[    1.367339] io scheduler mq-deadline registered
[    1.368486] PCI Interrupt Link [Z00B] enabled at IRQ 22
[    1.369042] PCI Interrupt Link [Z00J] enabled at IRQ 17
[    1.369560] PCI Interrupt Link [Z00N] enabled at IRQ 16
[    1.369869] shpchp: Standard Hot Plug PCI Controller Driver version: 0.4
[    1.369892] efifb: probing for efifb
[    1.369922] efifb: framebuffer at 0xc0010000, using 6400k, total 6400k
[    1.369923] efifb: mode is 1280x800x32, linelength=8192, pages=1
[    1.369924] efifb: scrolling: redraw
[    1.369926] efifb: Truecolor: size=8:8:8:8, shift=24:16:8:0
[    1.370057] Console: switching to colour frame buffer device 160x50
[    1.373964] fb0: EFI VGA frame buffer device
[    1.374147] intel_idle: MWAIT substates: 0x3122220
[    1.374230] Monitor-Mwait will be used to enter C-1 state
[    1.374241] Monitor-Mwait will be used to enter C-2 state
[    1.374248] Monitor-Mwait will be used to enter C-3 state
[    1.374254] ACPI: \_PR_.CPU0: Found 3 idle states
[    1.374256] intel_idle: v0.5.1 model 0x17
[    1.374356] intel_idle: Local APIC timer is reliable in C1
[    1.374818] Serial: 8250/16550 driver, 4 ports, IRQ sharing enabled
[    1.375451] Linux agpgart interface v0.103
[    1.375531] AMD-Vi: AMD IOMMUv2 functionality not available on this system - This is not a bug.
[    1.375697] i8042: PNP: No PS/2 controller found.
[    1.375788] mousedev: PS/2 mouse device common for all mice
[    1.375831] rtc_cmos 00:03: RTC can wake from S4
[    1.376315] rtc_cmos 00:03: registered as rtc0
[    1.376410] rtc_cmos 00:03: setting system clock to 2023-04-25T22:24:03 UTC (1682461443)
[    1.376441] rtc_cmos 00:03: alarms up to one year, y3k, 242 bytes nvram, hpet irqs
[    1.376450] intel_pstate: CPU model not supported
[    1.376480] ledtrig-cpu: registered to indicate activity on CPUs
[    1.376957] NET: Registered protocol family 10
[    1.386955] Segment Routing with IPv6
[    1.386987] mip6: Mobile IPv6
[    1.386991] NET: Registered protocol family 17
[    1.387042] mpls_gso: MPLS GSO support
[    1.387248] microcode: sig=0x1067a, pf=0x80, revision=0xa07
[    1.387256] microcode: Microcode Update Driver: v2.2.
[    1.387262] IPI shorthand broadcast: enabled
[    1.387273] sched_clock: Marking stable (1386877599, 257711)->(1393123750, -5988440)
[    1.387376] registered taskstats version 1
[    1.387381] Loading compiled-in X.509 certificates
[    1.442138] Loaded X.509 cert 'Debian Secure Boot CA: 6ccece7e4c6c0d1f6149f3dd27dfcc5cbb419ea1'
[    1.442166] Loaded X.509 cert 'Debian Secure Boot Signer 2022 - linux: 14011249c2675ea8e5148542202005810584b25f'
[    1.442192] zswap: loaded using pool lzo/zbud
[    1.442361] Key type .fscrypt registered
[    1.442363] Key type fscrypt-provisioning registered
[    1.442445] AppArmor: AppArmor sha1 policy hashing enabled
[    1.549378] Freeing unused decrypted memory: 2036K
[    1.550601] Freeing unused kernel image (initmem) memory: 2660K
[    1.559515] Write protecting the kernel read-only data: 22528k
[    1.560786] Freeing unused kernel image (text/rodata gap) memory: 2040K
[    1.561176] Freeing unused kernel image (rodata/data gap) memory: 632K
[    1.616894] x86/mm: Checked W+X mappings: passed, no W+X pages found.
[    1.616932] x86/mm: Checking user space page tables
[    1.670244] x86/mm: Checked W+X mappings: passed, no W+X pages found.
[    1.670256] Run /init as init process
[    1.670258]   with arguments:
[    1.670259]     /init
[    1.670260]   with environment:
[    1.670261]     HOME=/
[    1.670262]     TERM=linux
[    1.670263]     BOOT_IMAGE=/vmlinuz-5.10.0-21-amd64
[    1.795086] udevd[96]: starting version 3.2.9
[    1.795467] random: udevd: uninitialized urandom read (16 bytes read)
[    1.795525] random: udevd: uninitialized urandom read (16 bytes read)
[    1.795542] random: udevd: uninitialized urandom read (16 bytes read)
[    1.796864] udevd[97]: starting eudev-3.2.9
[    1.840911] [Firmware Bug]: ACPI(IGPU) defines _DOD but not _DOS
[    1.840940] ACPI: Video Device [IGPU] (multi-head: yes  rom: no  post: no)
[    1.841113] input: Video Bus as /devices/LNXSYSTM:00/LNXSYBUS:00/PNP0A08:00/device:2c/LNXVIDEO:00/input/input0
[    1.849279] ACPI: bus type USB registered
[    1.849319] usbcore: registered new interface driver usbfs
[    1.849330] usbcore: registered new interface driver hub
[    1.849345] usbcore: registered new device driver usb
[    1.854311] ehci_hcd: USB 2.0 'Enhanced' Host Controller (EHCI) Driver
[    1.857538] ohci_hcd: USB 1.1 'Open' Host Controller (OHCI) Driver
[    1.858446] ehci-pci: EHCI PCI platform driver
[    1.858693] ehci-pci 0000:00:04.1: EHCI Host Controller
[    1.858701] ehci-pci 0000:00:04.1: new USB bus registered, assigned bus number 1
[    1.858711] ehci-pci 0000:00:04.1: debug port 1
[    1.858747] ehci-pci 0000:00:04.1: disable ppcd for nvidia mcp89
[    1.858753] ehci-pci 0000:00:04.1: cache line size of 256 is not supported
[    1.858773] ehci-pci 0000:00:04.1: irq 22, io mem 0xd348b100
[    1.869777] pps_core: LinuxPPS API ver. 1 registered
[    1.869780] pps_core: Software ver. 5.3.6 - Copyright 2005-2007 Rodolfo Giometti <giometti@linux.it>
[    1.871395] PTP clock support registered
[    1.871515] ehci-pci 0000:00:04.1: USB 2.0 started, EHCI 1.10
[    1.871623] usb usb1: New USB device found, idVendor=1d6b, idProduct=0002, bcdDevice= 5.10
[    1.871625] usb usb1: New USB device strings: Mfr=3, Product=2, SerialNumber=1
[    1.871627] usb usb1: Product: EHCI Host Controller
[    1.871629] usb usb1: Manufacturer: Linux 5.10.0-21-amd64 ehci_hcd
[    1.871630] usb usb1: SerialNumber: 0000:00:04.1
[    1.874452] hub 1-0:1.0: USB hub found
[    1.874461] hub 1-0:1.0: 6 ports detected
[    1.875042] ehci-pci 0000:00:06.1: EHCI Host Controller
[    1.875050] ehci-pci 0000:00:06.1: new USB bus registered, assigned bus number 2
[    1.875071] ehci-pci 0000:00:06.1: debug port 1
[    1.875100] ehci-pci 0000:00:06.1: disable ppcd for nvidia mcp89
[    1.875105] ehci-pci 0000:00:06.1: cache line size of 256 is not supported
[    1.875127] ehci-pci 0000:00:06.1: irq 18, io mem 0xd348b000
[    1.878377] SCSI subsystem initialized
[    1.887560] ehci-pci 0000:00:06.1: USB 2.0 started, EHCI 1.10
[    1.887643] usb usb2: New USB device found, idVendor=1d6b, idProduct=0002, bcdDevice= 5.10
[    1.887646] usb usb2: New USB device strings: Mfr=3, Product=2, SerialNumber=1
[    1.887647] usb usb2: Product: EHCI Host Controller
[    1.887649] usb usb2: Manufacturer: Linux 5.10.0-21-amd64 ehci_hcd
[    1.887650] usb usb2: SerialNumber: 0000:00:06.1
[    1.887811] hub 2-0:1.0: USB hub found
[    1.887821] hub 2-0:1.0: 6 ports detected
[    1.889193] ohci-pci: OHCI PCI platform driver
[    1.889405] ohci-pci 0000:00:04.0: OHCI PCI host controller
[    1.889412] ohci-pci 0000:00:04.0: new USB bus registered, assigned bus number 3
[    1.889452] ohci-pci 0000:00:04.0: irq 20, io mem 0xd348a000
[    1.909874] libata version 3.00 loaded.
[    1.915047] ahci 0000:00:0a.0: version 3.0
[    1.915390] PCI Interrupt Link [LSI0] enabled at IRQ 18
[    1.915521] ahci 0000:00:0a.0: AHCI 0001.0300 32 slots 2 ports 3 Gbps 0x3 impl SATA mode
[    1.915523] ahci 0000:00:0a.0: flags: 64bit ncq sntf pm led pio slum part apst 
[    1.916205] scsi host0: ahci
[    1.916424] scsi host1: ahci
[    1.916503] ata1: SATA max UDMA/133 abar m8192@0xd3484000 port 0xd3484100 irq 28
[    1.916505] ata2: SATA max UDMA/133 abar m8192@0xd3484000 port 0xd3484180 irq 28
[    1.939557] firewire_ohci 0000:01:00.0: added OHCI v1.10 device as card 0, 8 IR + 8 IT contexts, quirks 0x0, physUB
[    1.949613] usb usb3: New USB device found, idVendor=1d6b, idProduct=0001, bcdDevice= 5.10
[    1.949616] usb usb3: New USB device strings: Mfr=3, Product=2, SerialNumber=1
[    1.949618] usb usb3: Product: OHCI PCI host controller
[    1.949619] usb usb3: Manufacturer: Linux 5.10.0-21-amd64 ohci_hcd
[    1.949621] usb usb3: SerialNumber: 0000:00:04.0
[    1.949810] hub 3-0:1.0: USB hub found
[    1.949851] hub 3-0:1.0: 6 ports detected
[    1.950470] ohci-pci 0000:00:06.0: OHCI PCI host controller
[    1.950477] ohci-pci 0000:00:06.0: new USB bus registered, assigned bus number 4
[    1.950500] ohci-pci 0000:00:06.0: irq 20, io mem 0xd3489000
[    2.009558] usb usb4: New USB device found, idVendor=1d6b, idProduct=0001, bcdDevice= 5.10
[    2.009560] usb usb4: New USB device strings: Mfr=3, Product=2, SerialNumber=1
[    2.009562] usb usb4: Product: OHCI PCI host controller
[    2.009563] usb usb4: Manufacturer: Linux 5.10.0-21-amd64 ohci_hcd
[    2.009565] usb usb4: SerialNumber: 0000:00:06.0
[    2.009702] hub 4-0:1.0: USB hub found
[    2.009712] hub 4-0:1.0: 6 ports detected
[    2.036655] tg3 0000:03:00.0 eth0: Tigon3 [partno(BCM95764m) rev 5784100] (PCI Express) MAC address 58:b0:35:f8:41:dd
[    2.036658] tg3 0000:03:00.0 eth0: attached PHY is 5784 (10/100/1000Base-T Ethernet) (WireSpeed[1], EEE[0])
[    2.036660] tg3 0000:03:00.0 eth0: RXcsums[1] LinkChgREG[0] MIirq[0] ASF[0] TSOcap[1]
[    2.036663] tg3 0000:03:00.0 eth0: dma_rwctrl[76180000] dma_mask[64-bit]
[    2.127518] usb 1-6: new high-speed USB device number 2 using ehci-pci
[    2.147511] usb 2-1: new high-speed USB device number 2 using ehci-pci
[    2.183508] clocksource: timekeeping watchdog on CPU1: Marking clocksource 'tsc-early' as unstable because the skew is too large:
[    2.183512] clocksource:                       'hpet' wd_now: 4e88bbc wd_last: 254c79e mask: ffffffff
[    2.183515] clocksource:                       'tsc-early' cs_now: 7baa68bc0 cs_last: 771bdaf56 mask: ffffffffffffffff
[    2.183519] tsc: Marking TSC unstable due to clocksource watchdog
[    2.183527] TSC found unstable after boot, most likely due to broken BIOS. Use 'tsc=unstable'.
[    2.183529] sched_clock: Marking unstable (2183268472, 257721)<-(2189514655, -5988440)
[    2.183666] clocksource: Switched to clocksource hpet
[    2.230330] ata1: SATA link up 3.0 Gbps (SStatus 123 SControl 300)
[    2.230794] ata2: SATA link up 1.5 Gbps (SStatus 113 SControl 300)
[    2.231000] ata1.00: ACPI cmd ef/10:03:00:00:00:a0 (SET FEATURES) filtered out
[    2.235458] ata2.00: ACPI cmd ef/10:03:00:00:00:a0 (SET FEATURES) filtered out
[    2.235461] ata2.00: ATAPI: HL-DT-ST DVDRW  GS23NR, TR17, max UDMA/133
[    2.240655] ata2.00: ACPI cmd ef/10:03:00:00:00:a0 (SET FEATURES) filtered out
[    2.240659] ata2.00: configured for UDMA/133
[    2.276589] ata1.00: ATA-8: TOSHIBA MK5065GSXF, GV108B, max UDMA/100
[    2.276592] ata1.00: 976773168 sectors, multi 16: LBA48 NCQ (depth 32)
[    2.277463] ata1.00: ACPI cmd ef/10:03:00:00:00:a0 (SET FEATURES) filtered out
[    2.277641] ata1.00: configured for UDMA/100
[    2.277889] scsi 0:0:0:0: Direct-Access     ATA      TOSHIBA MK5065GS 8B   PQ: 0 ANSI: 5
[    2.281292] scsi 1:0:0:0: CD-ROM            HL-DT-ST DVDRW  GS23NR    TR17 PQ: 0 ANSI: 5
[    2.293754] usb 1-6: New USB device found, idVendor=05ac, idProduct=8507, bcdDevice= 4.35
[    2.293757] usb 1-6: New USB device strings: Mfr=1, Product=2, SerialNumber=3
[    2.293760] usb 1-6: Product: Built-in iSight
[    2.293762] usb 1-6: Manufacturer: Apple Inc.
[    2.293764] usb 1-6: SerialNumber: 8HA4405DXDCLPA00
[    2.308057] usb 2-1: New USB device found, idVendor=05ac, idProduct=8403, bcdDevice=98.33
[    2.308061] usb 2-1: New USB device strings: Mfr=3, Product=4, SerialNumber=2
[    2.308064] usb 2-1: Product: Card Reader
[    2.308066] usb 2-1: Manufacturer: Apple
[    2.308068] usb 2-1: SerialNumber: 000000009833
[    2.314460] usb-storage 2-1:1.0: USB Mass Storage device detected
[    2.314707] scsi host2: usb-storage 2-1:1.0
[    2.314921] usbcore: registered new interface driver usb-storage
[    2.321644] usbcore: registered new interface driver uas
[    2.359048] sr 1:0:0:0: [sr0] scsi3-mmc drive: 24x/24x writer cd/rw xa/form2 cdda caddy
[    2.359052] cdrom: Uniform CD-ROM driver Revision: 3.20
[    2.370460] sd 0:0:0:0: [sda] 976773168 512-byte logical blocks: (500 GB/466 GiB)
[    2.370486] sd 0:0:0:0: [sda] Write Protect is off
[    2.370489] sd 0:0:0:0: [sda] Mode Sense: 00 3a 00 00
[    2.370531] sd 0:0:0:0: [sda] Write cache: enabled, read cache: enabled, doesn't support DPO or FUA
[    2.439629] sr 1:0:0:0: Attached scsi CD-ROM sr0
[    2.471696] firewire_core 0000:01:00.0: created device fw0: GUID d83062fffef53c02, S800
[    2.471704] firewire_core 0000:01:00.0: phy config: new root=ffc0, gap_count=63
[    2.499453]  sda: sda1 sda2 sda3 sda4 sda5
[    2.523986] sd 0:0:0:0: [sda] Attached SCSI disk
[    2.526637] sd 0:0:0:0: Attached scsi generic sg0 type 0
[    2.526697] sr 1:0:0:0: Attached scsi generic sg1 type 5
[    2.763536] usb 4-3: new full-speed USB device number 2 using ohci-pci
[    3.011644] usb 4-3: New USB device found, idVendor=05ac, idProduct=0236, bcdDevice= 0.90
[    3.011648] usb 4-3: New USB device strings: Mfr=1, Product=2, SerialNumber=0
[    3.011651] usb 4-3: Product: Apple Internal Keyboard / Trackpad
[    3.011653] usb 4-3: Manufacturer: Apple Inc.
[    3.012354] random: udevd: uninitialized urandom read (16 bytes read)
[    3.033106] hid: raw HID events driver (C) Jiri Kosina
[    3.049757] usbcore: registered new interface driver usbhid
[    3.049761] usbhid: USB HID core driver
[    3.053332] input: Apple Inc. Apple Internal Keyboard / Trackpad as /devices/pci0000:00/0000:00:06.0/usb4/4-3/4-3:1.0/0003:05AC:0236.0001/input/input1
[    3.111830] apple 0003:05AC:0236.0001: input,hidraw0: USB HID v1.11 Keyboard [Apple Inc. Apple Internal Keyboard / Trackpad] on usb-0000:00:06.0-3/input0
[    3.111989] apple 0003:05AC:0236.0002: hidraw1: USB HID v1.11 Device [Apple Inc. Apple Internal Keyboard / Trackpad] on usb-0000:00:06.0-3/input1
[    3.337782] scsi 2:0:0:0: Direct-Access     APPLE    SD Card Reader   1.00 PQ: 0 ANSI: 0
[    3.338106] sd 2:0:0:0: Attached scsi generic sg2 type 0
[    3.393636] sd 2:0:0:0: [sdb] Attached SCSI removable disk
[    3.551640] usb 4-5: new low-speed USB device number 3 using ohci-pci
[    3.770783] random: lvm: uninitialized urandom read (4 bytes read)
[    3.795645] usb 4-5: New USB device found, idVendor=05ac, idProduct=8242, bcdDevice= 0.16
[    3.795651] usb 4-5: New USB device strings: Mfr=1, Product=2, SerialNumber=0
[    3.795659] usb 4-5: Product: IR Receiver
[    3.795660] usb 4-5: Manufacturer: Apple Computer, Inc.
[    3.811964] input: Apple Computer, Inc. IR Receiver as /devices/pci0000:00/0000:00:06.0/usb4/4-5/4-5:1.0/0003:05AC:8242.0003/input/input2
[    3.871720] appleir 0003:05AC:8242.0003: input,hiddev0,hidraw2: USB HID v1.11 Device [Apple Computer, Inc. IR Receiver] on usb-0000:00:06.0-5/input0
[    4.103765] random: lvm: uninitialized urandom read (4 bytes read)
[    4.196497] device-mapper: uevent: version 1.0.3
[    4.196642] device-mapper: ioctl: 4.43.0-ioctl (2020-10-01) initialised: dm-devel@redhat.com
[    4.227454] random: cryptsetup: uninitialized urandom read (4 bytes read)
[    4.383608] usb 4-6: new full-speed USB device number 4 using ohci-pci
[    4.648703] usb 4-6: New USB device found, idVendor=0a5c, idProduct=4500, bcdDevice= 1.00
[    4.648707] usb 4-6: New USB device strings: Mfr=1, Product=2, SerialNumber=0
[    4.648709] usb 4-6: Product: BRCM2046 Hub
[    4.648712] usb 4-6: Manufacturer: Apple Inc.
[    4.651709] hub 4-6:1.0: USB hub found
[    4.654697] hub 4-6:1.0: 3 ports detected
[    4.987602] usb 4-6.1: new full-speed USB device number 5 using ohci-pci
[    5.136698] usb 4-6.1: New USB device found, idVendor=05ac, idProduct=8213, bcdDevice= 2.08
[    5.136702] usb 4-6.1: New USB device strings: Mfr=1, Product=2, SerialNumber=3
[    5.136704] usb 4-6.1: Product: Bluetooth USB Host Controller
[    5.136706] usb 4-6.1: Manufacturer: Apple Inc.
[    5.136708] usb 4-6.1: SerialNumber: 58B035927762
[    5.227602] usb 4-6.2: new full-speed USB device number 6 using ohci-pci
[    5.364704] usb 4-6.2: New USB device found, idVendor=05ac, idProduct=820a, bcdDevice= 1.00
[    5.364707] usb 4-6.2: New USB device strings: Mfr=0, Product=0, SerialNumber=0
[    5.375224] input: HID 05ac:820a as /devices/pci0000:00/0000:00:06.0/usb4/4-6/4-6.2/4-6.2:1.0/0003:05AC:820A.0004/input/input3
[    5.435913] hid-generic 0003:05AC:820A.0004: input,hidraw3: USB HID v1.11 Keyboard [HID 05ac:820a] on usb-0000:00:06.0-6.2/input0
[    5.527602] usb 4-6.3: new full-speed USB device number 7 using ohci-pci
[    5.663641] usb 4-6.3: New USB device found, idVendor=05ac, idProduct=820b, bcdDevice= 1.00
[    5.663645] usb 4-6.3: New USB device strings: Mfr=0, Product=0, SerialNumber=0
[    5.674144] input: HID 05ac:820b as /devices/pci0000:00/0000:00:06.0/usb4/4-6/4-6.3/4-6.3:1.0/0003:05AC:820B.0005/input/input4
[    5.674248] hid-generic 0003:05AC:820B.0005: input,hidraw4: USB HID v1.11 Mouse [HID 05ac:820b] on usb-0000:00:06.0-6.3/input0
[    9.331602] random: crng init done
[    9.331609] random: 1 urandom warning(s) missed due to ratelimiting
[   11.660976] cryptd: max_cpu_qlen set to 1000
[   12.572473] PM: Image not found (code -22)
[   12.975093] EXT4-fs (dm-2): mounted filesystem with ordered data mode. Opts: (null)
[   13.162118] Not activating Mandatory Access Control as /sbin/tomoyo-init does not exist.
[   14.577091] udevd[463]: starting version 3.2.9
[   15.169329] udevd[464]: starting eudev-3.2.9
[   15.673108] ACPI: AC Adapter [ADP1] (off-line)
[   15.676637] input: Lid Switch as /devices/LNXSYSTM:00/LNXSYBUS:00/PNP0C0D:00/input/input5
[   15.678418] smbus_hc ACPI0001:00: SBS HC: offset = 0x20, query_bit = 0x10
[   15.691545] ACPI: Lid Switch [LID0]
[   15.691615] input: Power Button as /devices/LNXSYSTM:00/LNXSYBUS:00/PNP0C0C:00/input/input6
[   15.691653] ACPI: Power Button [PWRB]
[   15.691699] input: Sleep Button as /devices/LNXSYSTM:00/LNXSYBUS:00/PNP0C0E:00/input/input7
[   15.691727] ACPI: Sleep Button [SLPB]
[   15.692414] input: Power Button as /devices/LNXSYSTM:00/LNXPWRBN:00/input/input8
[   15.692460] ACPI: Power Button [PWRF]
[   15.851766] usbcore: registered new device driver apple-mfi-fastcharge
[   15.937749] ACPI: Smart Battery System [SBS0]: Battery Slot [BAT0] (battery present)
[   15.984699] mc: Linux media interface: v0.10
[   16.181694] input: bcm5974 as /devices/pci0000:00/0000:00:06.0/usb4/4-3/4-3:1.2/input/input9
[   16.181851] usbcore: registered new interface driver bcm5974
[   16.411648] videodev: Linux video capture interface: v2.00
[   16.570217] cfg80211: Loading compiled-in X.509 certificates for regulatory database
[   16.570549] cfg80211: Loaded X.509 cert 'benh@debian.org: 577e021cb980e0e820821ba7b54b4961b8b4fadf'
[   16.570882] cfg80211: Loaded X.509 cert 'romain.perier@gmail.com: 3abbc6ec146e09d1b6016ab9d6cf71dd233f0328'
[   16.571220] cfg80211: Loaded X.509 cert 'sforshee: 00b28ddf47aef9cea7'
[   16.602752] alg: No test for fips(ansi_cprng) (fips_ansi_cprng)
[   16.975237] platform regulatory.0: firmware: direct-loading firmware regulatory.db
[   17.070192] uvcvideo: Found UVC 1.00 device Built-in iSight (05ac:8507)
[   17.084509] input: Built-in iSight: Built-in iSigh as /devices/pci0000:00/0000:00:04.1/usb1/1-6/1-6:1.0/input/input10
[   17.084660] usbcore: registered new interface driver uvcvideo
[   17.084662] USB Video Class driver (1.1.1)
[   17.153826] wl: loading out-of-tree module taints kernel.
[   17.153837] wl: module license 'MIXED/Proprietary' taints kernel.
[   17.153838] Disabling lock debugging due to kernel taint
[   17.164164] wl: module verification failed: signature and/or required key missing - tainting kernel
[   17.215776] wlan0: Broadcom BCM432b 802.11 Hybrid Wireless Controller 6.30.223.271 (r587334)

[   17.265918] platform regulatory.0: firmware: direct-loading firmware regulatory.db.p7s
[   17.439347] Bluetooth: Core ver 2.22
[   17.439386] NET: Registered protocol family 31
[   17.439387] Bluetooth: HCI device and connection manager initialized
[   17.439393] Bluetooth: HCI socket layer initialized
[   17.439396] Bluetooth: L2CAP socket layer initialized
[   17.439401] Bluetooth: SCO socket layer initialized
[   17.454314] input: PC Speaker as /devices/platform/pcspkr/input/input11
[   17.802222] ACPI Warning: \_SB.PCI0.IXVE.IGPU._DSM: Argument #4 type mismatch - Found [Buffer], ACPI requires [Package] (20200925/nsarguments-61)
[   17.802315] ACPI: \_SB_.PCI0.IXVE.IGPU: failed to evaluate _DSM
[   17.802533] nouveau 0000:04:00.0: enabling device (0006 -> 0007)
[   17.802791] PCI Interrupt Link [LGPU] enabled at IRQ 16
[   17.803013] checking generic (c0010000 640000) vs hw (d2000000 1000000)
[   17.803014] checking generic (c0010000 640000) vs hw (c0000000 10000000)
[   17.803016] fb0: switching to nouveaufb from EFI VGA
[   17.811717] Console: switching to colour dummy device 80x25
[   17.813286] nouveau 0000:04:00.0: vgaarb: deactivate vga console
[   17.813513] nouveau 0000:04:00.0: NVIDIA MCP89 (0af000a2)
[   17.922012] nouveau 0000:04:00.0: bios: version 70.89.02.00.00
[   17.945029] nouveau 0000:04:00.0: fb: 256 MiB stolen system memory
[   18.028067] nouveau 0000:04:00.0: bus: MMIO write of 0000807f FAULT at 100c18
[   18.111122] nouveau 0000:04:00.0: bus: MMIO write of 0000807e FAULT at 100c1c
[   18.195055] usbcore: registered new interface driver btusb
[   18.241801] usb 4-6.2: USB disconnect, device number 6
[   18.355534] Bluetooth: hci0: BCM: chip id 254 build 0522
[   18.371900] Bluetooth: hci0: BCM: product 05ac:8213
[   18.389460] Bluetooth: hci0: BCM: features 0x00
[   18.439627] Bluetooth: hci0: Bluetooth USB Host Controller
[   18.525381] snd_hda_intel 0000:00:08.0: enabling device (0000 -> 0002)
[   18.526462] PCI Interrupt Link [LAZA] enabled at IRQ 20
[   18.526499] snd_hda_intel 0000:00:08.0: Disabling MSI
[   18.526502] snd_hda_intel 0000:00:08.0: position_fix set to 1 for device 10de:cb89
[   18.647600] usb 4-6.3: USB disconnect, device number 7
[   18.867147] snd_hda_codec_cirrus hdaudioC0D0: autoconfig for CS4206: line_outs=2 (0xb/0xa/0x0/0x0/0x0) type:speaker
[   18.867151] snd_hda_codec_cirrus hdaudioC0D0:    speaker_outs=0 (0x0/0x0/0x0/0x0/0x0)
[   18.867153] snd_hda_codec_cirrus hdaudioC0D0:    hp_outs=1 (0x9/0x0/0x0/0x0/0x0)
[   18.867155] snd_hda_codec_cirrus hdaudioC0D0:    mono: mono_out=0x0
[   18.867157] snd_hda_codec_cirrus hdaudioC0D0:    dig-out=0x10/0x0
[   18.867158] snd_hda_codec_cirrus hdaudioC0D0:    inputs:
[   18.867160] snd_hda_codec_cirrus hdaudioC0D0:      Mic=0xd
[   18.988950] intel_powerclamp: No package C-state available
[   19.116548] intel_powerclamp: No package C-state available
[   19.684587] udevd[479]: Unable to EVIOCGABS device "/dev/input/event1"
[   19.684600] udevd[479]: Unable to EVIOCGABS device "/dev/input/event1"
[   19.684607] udevd[479]: Unable to EVIOCGABS device "/dev/input/event1"
[   19.684614] udevd[479]: Unable to EVIOCGABS device "/dev/input/event1"
[   19.771268] [TTM] Zone  kernel: Available graphics memory: 3942424 KiB
[   19.771339] [TTM] Zone   dma32: Available graphics memory: 2097152 KiB
[   19.771340] [TTM] Initializing pool allocator
[   19.771641] [TTM] Initializing DMA pool allocator
[   19.777161] input: HDA NVidia Headphone as /devices/pci0000:00/0000:00:08.0/sound/card0/input12
[   19.777267] input: HDA NVidia HDMI/DP,pcm=3 as /devices/pci0000:00/0000:00:08.0/sound/card0/input13
[   19.777379] input: HDA NVidia HDMI/DP,pcm=7 as /devices/pci0000:00/0000:00:08.0/sound/card0/input14
[   19.777493] input: HDA NVidia HDMI/DP,pcm=8 as /devices/pci0000:00/0000:00:08.0/sound/card0/input15
[   19.783643] nouveau 0000:04:00.0: DRM: VRAM: 256 MiB
[   19.783646] nouveau 0000:04:00.0: DRM: GART: 1048576 MiB
[   19.783660] nouveau 0000:04:00.0: DRM: TMDS table version 2.0
[   19.783663] nouveau 0000:04:00.0: DRM: DCB version 4.0
[   19.783665] nouveau 0000:04:00.0: DRM: DCB outp 00: 01800113 00010030
[   19.783668] nouveau 0000:04:00.0: DRM: DCB outp 01: 020112a6 0f220010
[   19.783669] nouveau 0000:04:00.0: DRM: DCB outp 02: 02011262 00020010
[   19.783671] nouveau 0000:04:00.0: DRM: DCB conn 00: 00000040
[   19.783673] nouveau 0000:04:00.0: DRM: DCB conn 01: 00101146
[   19.799035] nouveau 0000:04:00.0: DRM: MM: using M2MF for buffer copies
[   19.971487] nouveau 0000:04:00.0: DRM: allocated 1280x800 fb: 0x50000, bo 00000000db1465fa
[   19.972369] fbcon: nouveaudrmfb (fb0) is primary device
[   20.016132] Console: switching to colour frame buffer device 160x50
[   20.018905] nouveau 0000:04:00.0: [drm] fb0: nouveaudrmfb frame buffer device
[   20.120461] [drm] Initialized nouveau 1.3.1 20120801 for 0000:04:00.0 on minor 0
[   20.225910] applesmc: key=323 fan=1 temp=15 index=15 acc=1 lux=2 kbd=1
[   20.333365] input: applesmc as /devices/platform/applesmc.768/input/input16
[   20.335108] applesmc applesmc.768: hwmon_device_register() is deprecated. Please convert the driver to use hwmon_device_register_with_info().
[   22.302314] pstore: Using crash dump compression: deflate
[   22.302331] pstore: Registered efi as persistent store backend
[   22.656866] EXT4-fs (dm-2): re-mounted. Opts: errors=remount-ro
[   24.746759] EXT4-fs (sda4): mounted filesystem with ordered data mode. Opts: (null)
[   24.958472] FAT-fs (sda1): Volume was not properly unmounted. Some data may be corrupt. Please run fsck.
[   25.059688] Adding 7811068k swap on /dev/mapper/data-swap.  Priority:-2 extents:1 across:7811068k FS
[   25.849888] audit: type=1400 audit(1682461469.232:2): apparmor="STATUS" operation="profile_load" profile="unconfined" name="nvidia_modprobe" pid=1195 comm="apparmor_parser"
[   25.849892] audit: type=1400 audit(1682461469.232:3): apparmor="STATUS" operation="profile_load" profile="unconfined" name="nvidia_modprobe//kmod" pid=1195 comm="apparmor_parser"
[   25.850764] audit: type=1400 audit(1682461469.232:4): apparmor="STATUS" operation="profile_load" profile="unconfined" name="/usr/bin/man" pid=1196 comm="apparmor_parser"
[   25.850766] audit: type=1400 audit(1682461469.232:5): apparmor="STATUS" operation="profile_load" profile="unconfined" name="man_filter" pid=1196 comm="apparmor_parser"
[   25.850768] audit: type=1400 audit(1682461469.232:6): apparmor="STATUS" operation="profile_load" profile="unconfined" name="man_groff" pid=1196 comm="apparmor_parser"
[   25.921646] audit: type=1400 audit(1682461469.304:7): apparmor="STATUS" operation="profile_load" profile="unconfined" name="lsb_release" pid=1252 comm="apparmor_parser"
[   28.188621] Bluetooth: BNEP (Ethernet Emulation) ver 1.3
[   28.188623] Bluetooth: BNEP filters: protocol multicast
[   28.188629] Bluetooth: BNEP socket layer initialized
[   87.079607] tg3 0000:03:00.0 eth0: Link is up at 1000 Mbps, full duplex
[   87.079637] tg3 0000:03:00.0 eth0: Flow control is on for TX and on for RX
[   87.079692] IPv6: ADDRCONF(NETDEV_CHANGE): eth0: link becomes ready


On April 26, 2023 12:14:54 AM UTC, Larry Finger <Larry.Finger@lwfinger.net> wrote:
>On 4/25/23 17:30, Pogprogrammer wrote:
>> Additionally, my dmesg is available on anonfiles. I'm pretty sure I sent you a link before as well but it may be down by now.
>> 
>> https://anonfiles.com/Y2Ad37n8z6
>> 
>
>I forgot to tell you that anonfiles tried to install all manner of extensions into Google Chrome. As far as I am concerned, that site is malware!!
>
>Larry
>
