Return-Path: <linux-wireless-owner@vger.kernel.org>
X-Original-To: lists+linux-wireless@lfdr.de
Delivered-To: lists+linux-wireless@lfdr.de
Received: from out1.vger.email (out1.vger.email [IPv6:2620:137:e000::1:20])
	by mail.lfdr.de (Postfix) with ESMTP id 68BD474A5FE
	for <lists+linux-wireless@lfdr.de>; Thu,  6 Jul 2023 23:39:42 +0200 (CEST)
Received: (majordomo@vger.kernel.org) by vger.kernel.org via listexpand
        id S231666AbjGFVjl (ORCPT <rfc822;lists+linux-wireless@lfdr.de>);
        Thu, 6 Jul 2023 17:39:41 -0400
Received: from lindbergh.monkeyblade.net ([23.128.96.19]:59430 "EHLO
        lindbergh.monkeyblade.net" rhost-flags-OK-OK-OK-OK) by vger.kernel.org
        with ESMTP id S229552AbjGFVjk (ORCPT
        <rfc822;linux-wireless@vger.kernel.org>);
        Thu, 6 Jul 2023 17:39:40 -0400
X-Greylist: delayed 374 seconds by postgrey-1.37 at lindbergh.monkeyblade.net; Thu, 06 Jul 2023 14:39:34 PDT
Received: from ci74p00im-qukt09081702.me.com (ci74p00im-qukt09081702.me.com [17.57.156.7])
        by lindbergh.monkeyblade.net (Postfix) with ESMTPS id 984CF1995
        for <linux-wireless@vger.kernel.org>; Thu,  6 Jul 2023 14:39:34 -0700 (PDT)
DKIM-Signature: v=1; a=rsa-sha256; c=relaxed/relaxed; d=icloud.com;
        s=1a1hai; t=1688679200;
        bh=8mBQgl5qY1d/Gespk0lE7yShK+UOgKQDPTfVPQwPcII=;
        h=Content-Type:from:Mime-Version:Subject:Message-Id:Date:to;
        b=n+FkXBMW+cYZ4LPKGWDlu1EGth8rPbmM8v5yuMi78o4tu410dF6bhMZcqgIpsPwvU
         o3eNndlZvc8+5ICs57Btp5xrFwp9blmibxmAS7QIwyBEDtxMDEjgGezJqoYRhD6OcR
         JQVQ4sRTWBedE93JvtVca6HgM9JeR8Lw4BPLZF1ObqibziZvvaTygLs5Rklhb/Cb6+
         LKx6wrLBp4k864hj5RD6R1mElj8041s7bOH67OIw0Ao7OovBfANJETIsl5CZoEpG7x
         pSdLuNRfdUDyMWS7rMC0IhW7zRrSXVYXHKClFFlVDX0J1jGrYpbofkduILZlB9xlnO
         V86OLrxegjEJw==
Received: from smtpclient.apple (ci77p00im-dlb-asmtp-mailmevip.me.com [17.57.156.26])
        by ci74p00im-qukt09081702.me.com (Postfix) with ESMTPSA id 865ED3BC0295
        for <linux-wireless_at_vger_kernel_org_r951af2q59fdg4_937j3445@icloud.com>; Thu,  6 Jul 2023 21:33:18 +0000 (UTC)
Content-Type: multipart/mixed; boundary=Apple-Mail-556BA95D-9864-4713-964A-6D8F27E6F8BE
Content-Transfer-Encoding: 7bit
from:   sepali_ardimento0e@icloud.com
Mime-Version: 1.0 (1.0)
Subject: Intel WiFi 6E AX210
Message-Id: <C9D9A9C3-4D15-4387-9A10-1FD291AD15C1@icloud.com>
Date:   Thu, 6 Jul 2023 23:33:04 +0200
to:     linux-wireless@vger.kernel.org
X-Mailer: iPhone Mail (20F75)
X-MANTSH: 1TEIXSUMdHVoaGkNHB1tfQV4aEhsaGBsaGxEKTEMXGxoEGxwSBBscGgQfGhAbHho
 fGhEKTFkXBx4fEQpZRBdoZVJSARl/ZkZraBEKWU0XbVhPUxEKWUkXBxkacRsGBxwadwYHGx8GG
 gYaBhoGGnEaEBp3BhoGGgYaBhoGGgYacRoQGncGGhEKWV4XaGN5EQpDThdwaR5DaFhTbB9wXwd
 rT0lGUHBNZEh5HVhOfV9TQ2RTexEKWFwXGQQaBB8aBRsaGgQSGAQeGAQYExAbHhofGhEKXlkXS
 BlkTxwRCkxaF2hba29rEQpDWhcbGhsEHxIEHQQcGxEKQl4XGxEKRF4XGBEKXk4XGxEKQkUXbEV
 PTm96a3odY34RCkJOF2tFGlJQHkNcWVxoEQpCTBdibktsTlN/AX5rGREKQmwXYh1DW2tkbU5uR
 lARCkJAF2Qbbx58Wx4BaWEaEQpCWBdgbk1vTE9hX3sYfREKRUMXGxEKcGgXY1NQbWdMUH54S2I
 QBxkaEQpwaBdkWHJ8XFpeWW1OZRAHGRoRCnBoF29ZQHlkUlhTSWRSEAcZGhEKcGgXZURue01ga
 XkfW1MQBxkaEQpwaBduQUxaSBtEY21eUBAHGRoRCnBsF2JTU2dpH2BSSRJOEAcZGhEKcEwXaW9
 aXm5mch8bHU4QBxkaEQptfhcaEQpYTRdLEQ==
X-CLX-Shades: Grey
X-CLX-UShades: None
X-CLX-Score: -45
X-CLX-UnSpecialScore: None
X-CLX-Spam: true
X-Proofpoint-ORIG-GUID: ZC4iBryF5Zu-AeclzZgNbS7rdWuyiNyQ
X-Proofpoint-GUID: ZC4iBryF5Zu-AeclzZgNbS7rdWuyiNyQ
X-Proofpoint-Virus-Version: =?UTF-8?Q?vendor=3Dfsecure_engine=3D1.1.170-22c6f66c430a71ce266a39bfe25bc?=
 =?UTF-8?Q?2903e8d5c8f:6.0.425,18.0.572,17.0.605.474.0000000_definitions?=
 =?UTF-8?Q?=3D2022-01-11=5F01:2022-01-11=5F01,2020-02-14=5F11,2020-01-23?=
 =?UTF-8?Q?=5F02_signatures=3D0?=
X-Proofpoint-Spam-Details: rule=notspam policy=default score=0 adultscore=0 mlxscore=0 spamscore=0
 clxscore=-45 bulkscore=0 malwarescore=0 phishscore=0 mlxlogscore=999
 suspectscore=0 classifier=spam adjust=0 reason=mlx scancount=1
 engine=8.12.0-2212070000 definitions=main-2307060188
X-Spam-Status: No, score=-2.8 required=5.0 tests=BAYES_00,DKIM_SIGNED,
        DKIM_VALID,DKIM_VALID_AU,DKIM_VALID_EF,FREEMAIL_FROM,MIME_QP_LONG_LINE,
        RCVD_IN_DNSWL_LOW,RCVD_IN_MSPIKE_H4,RCVD_IN_MSPIKE_WL,SPF_HELO_NONE,
        SPF_PASS,T_SCC_BODY_TEXT_LINE autolearn=ham autolearn_force=no
        version=3.4.6
X-Spam-Checker-Version: SpamAssassin 3.4.6 (2021-04-09) on
        lindbergh.monkeyblade.net
Precedence: bulk
List-ID: <linux-wireless.vger.kernel.org>
X-Mailing-List: linux-wireless@vger.kernel.org


--Apple-Mail-556BA95D-9864-4713-964A-6D8F27E6F8BE
Content-Type: text/plain;
	charset=utf-8
Content-Transfer-Encoding: quoted-printable

Hi, I recently installed some distribution (like Fedora 38) with kernel 6.3.=
11 and I have one issue with Intel WiFi 6E AX210

I don=E2=80=99t have specific steps for reproducing it but it happens mostly=
 when I start using it intensively (like when downloading big files), after s=
ome minutes it stop working, even in WiFi settings it disappears everything

I did a dmesg, logs start to appear on line 1789

HWInfo if needed:
CPU: Ryzen 9 7950x3d
GPU: RX 7900 xtx
Motherboard: Asus rog strix x670E-E Gaming WiFi
RAM: 32GB DDR5 G.Skill

--Apple-Mail-556BA95D-9864-4713-964A-6D8F27E6F8BE
Content-Type: text/plain;
	name=log6.txt;
	x-apple-part-url=63492B6F-CA98-456D-9B88-7F4BDDAAC3E7
Content-Disposition: attachment;
	filename=log6.txt
Content-Transfer-Encoding: quoted-printable

[    0.000000] reserve setup_data: [mem 0x000000000a200000-0x000000000a20fff=
f] ACPI NVS
[    0.000000] reserve setup_data: [mem 0x000000000a210000-0x000000000afffff=
f] usable
[    0.000000] reserve setup_data: [mem 0x000000000b000000-0x000000000b020ff=
f] reserved
[    0.000000] reserve setup_data: [mem 0x000000000b021000-0x000000005208601=
7] usable
[    0.000000] reserve setup_data: [mem 0x0000000052086018-0x0000000052090e5=
7] usable
[    0.000000] reserve setup_data: [mem 0x0000000052090e58-0x000000005209101=
7] usable
[    0.000000] reserve setup_data: [mem 0x0000000052091018-0x00000000520a005=
7] usable
[    0.000000] reserve setup_data: [mem 0x00000000520a0058-0x00000000520a101=
7] usable
[    0.000000] reserve setup_data: [mem 0x00000000520a1018-0x00000000520bc25=
7] usable
[    0.000000] reserve setup_data: [mem 0x00000000520bc258-0x000000006f611ff=
f] usable
[    0.000000] reserve setup_data: [mem 0x000000006f612000-0x0000000075e5dff=
f] reserved
[    0.000000] reserve setup_data: [mem 0x0000000075e5e000-0x000000007603dff=
f] ACPI data
[    0.000000] reserve setup_data: [mem 0x000000007603e000-0x000000007803dff=
f] ACPI NVS
[    0.000000] reserve setup_data: [mem 0x000000007803e000-0x000000007a1feff=
f] reserved
[    0.000000] reserve setup_data: [mem 0x000000007a1ff000-0x000000007bffaff=
f] usable
[    0.000000] reserve setup_data: [mem 0x000000007bffb000-0x000000007cfffff=
f] reserved
[    0.000000] reserve setup_data: [mem 0x000000007d7f3000-0x000000007ffffff=
f] reserved
[    0.000000] reserve setup_data: [mem 0x00000000f0000000-0x00000000f7fffff=
f] reserved
[    0.000000] reserve setup_data: [mem 0x00000000fd000000-0x00000000fffffff=
f] reserved
[    0.000000] reserve setup_data: [mem 0x0000000100000000-0x0000000857fffff=
f] usable
[    0.000000] reserve setup_data: [mem 0x0000000858000000-0x0000000877fffff=
f] reserved
[    0.000000] reserve setup_data: [mem 0x000000087eec0000-0x00000008a01ffff=
f] reserved
[    0.000000] reserve setup_data: [mem 0x000000fd00000000-0x000000fffffffff=
f] reserved
[    0.000000] efi: EFI v2.8 by American Megatrends
[    0.000000] efi: ACPI=3D0x7603d000 ACPI 2.0=3D0x7603d014 TPMFinalLog=3D0x=
77ff4000 SMBIOS=3D0x796a6000 SMBIOS 3.0=3D0x796a5000 MEMATTR=3D0x66ffa698 ES=
RT=3D0x6b5c6418 MOKvar=3D0x79736000 RNG=3D0x7601bc18 TPMEventLog=3D0x520bd01=
8=20
[    0.000000] random: crng init done
[    0.000000] efi: Remove mem53: MMIO range=3D[0xf0000000-0xf7ffffff] (128M=
B) from e820 map
[    0.000000] e820: remove [mem 0xf0000000-0xf7ffffff] reserved
[    0.000000] efi: Remove mem54: MMIO range=3D[0xfd000000-0xfedfffff] (30MB=
) from e820 map
[    0.000000] e820: remove [mem 0xfd000000-0xfedfffff] reserved
[    0.000000] efi: Not removing mem55: MMIO range=3D[0xfee00000-0xfee00fff]=
 (4KB) from e820 map
[    0.000000] efi: Remove mem56: MMIO range=3D[0xfee01000-0xffffffff] (17MB=
) from e820 map
[    0.000000] e820: remove [mem 0xfee01000-0xffffffff] reserved
[    0.000000] efi: Remove mem59: MMIO range=3D[0x880000000-0x8a01fffff] (51=
4MB) from e820 map
[    0.000000] e820: remove [mem 0x880000000-0x8a01fffff] reserved
[    0.000000] secureboot: Secure boot enabled
[    0.000000] Kernel is locked down from EFI Secure Boot mode; see man kern=
el_lockdown.7
[    0.000000] SMBIOS 3.5.0 present.
[    0.000000] DMI: ASUS System Product Name/ROG STRIX X670E-E GAMING WIFI, B=
IOS 1416 05/16/2023
[    0.000000] tsc: Fast TSC calibration using PIT
[    0.000000] tsc: Detected 4200.001 MHz processor
[    0.000117] e820: update [mem 0x00000000-0x00000fff] usable =3D=3D> reser=
ved
[    0.000119] e820: remove [mem 0x000a0000-0x000fffff] usable
[    0.000123] last_pfn =3D 0x858000 max_arch_pfn =3D 0x400000000
[    0.000126] x86/PAT: Configuration [0-7]: WB  WC  UC- UC  WB  WP  UC- WT =
=20
[    0.001133] last_pfn =3D 0x7bffb max_arch_pfn =3D 0x400000000
[    0.003534] esrt: Reserving ESRT space from 0x000000006b5c6418 to 0x00000=
0006b5c6450.
[    0.003538] e820: update [mem 0x6b5c6000-0x6b5c6fff] usable =3D=3D> reser=
ved
[    0.003548] Using GB pages for direct mapping
[    0.003828] secureboot: Secure boot enabled
[    0.003828] RAMDISK: [mem 0x530c9000-0x5631efff]
[    0.003831] ACPI: Early table checksum verification disabled
[    0.003833] ACPI: RSDP 0x000000007603D014 000024 (v02 ALASKA)
[    0.003835] ACPI: XSDT 0x000000007603C728 000114 (v01 ALASKA A M I    010=
72009 AMI  01000013)
[    0.003839] ACPI: FACP 0x0000000076030000 000114 (v06 ALASKA A M I    010=
72009 AMI  00010013)
[    0.003842] ACPI: DSDT 0x0000000076021000 00E1A2 (v02 ALASKA A M I    010=
72009 INTL 20120913)
[    0.003843] ACPI: FACS 0x0000000078024000 000040
[    0.003844] ACPI: SSDT 0x000000007603B000 000FB0 (v01 AMD    PTUP     000=
00001 ASUS 00000001)
[    0.003845] ACPI: SSDT 0x000000007603A000 000308 (v01 AMD    HBUP     000=
00001 ASUS 00000001)
[    0.003846] ACPI: SSDT 0x0000000076032000 007B85 (v02 AMD    Splinter 000=
00002 MSFT 05000000)
[    0.003847] ACPI: SSDT 0x0000000076031000 0003F1 (v02 ALASKA CPUSSDT  010=
72009 AMI  01072009)
[    0.003848] ACPI: FIDT 0x0000000076020000 00009C (v01 ALASKA A M I    010=
72009 AMI  00010013)
[    0.003849] ACPI: MCFG 0x000000007601E000 00003C (v01 ALASKA A M I    010=
72009 MSFT 00010013)
[    0.003850] ACPI: HPET 0x000000007601D000 000038 (v01 ALASKA A M I    010=
72009 AMI  00000005)
[    0.003851] ACPI: WDRT 0x000000007601C000 000047 (v01 ALASKA A M I    010=
72009 AMI  00000005)
[    0.003852] ACPI: FPDT 0x000000007601A000 000044 (v01 ALASKA A M I    010=
72009 AMI  01000013)
[    0.003854] ACPI: VFCT 0x0000000076000000 0190A0 (v01 ALASKA A M I    000=
00001 AMD  31504F47)
[    0.003855] ACPI: BGRT 0x0000000075FFF000 000038 (v01 ALASKA A M I    010=
72009 AMI  00010013)
[    0.003856] ACPI: TPM2 0x0000000075FFE000 00004C (v04 ALASKA A M I    000=
00001 AMI  00000000)
[    0.003857] ACPI: SSDT 0x0000000075FF4000 009BAE (v02 AMD    AmdTable 000=
00001 AMD  00000001)
[    0.003858] ACPI: CRAT 0x0000000075FF2000 001D28 (v01 AMD    AmdTable 000=
00001 AMD  00000001)
[    0.003859] ACPI: CDIT 0x0000000075FF1000 000029 (v01 AMD    AmdTable 000=
00001 AMD  00000001)
[    0.003860] ACPI: SSDT 0x0000000075FF0000 000E0D (v02 AMD    CPMDFIG2 000=
00001 INTL 20120913)
[    0.003861] ACPI: SSDT 0x0000000075FED000 00250B (v02 AMD    CDFAAIG2 000=
00001 INTL 20120913)
[    0.003862] ACPI: SSDT 0x0000000075FEC000 000450 (v02 AMD    CPMDFDG2 000=
00001 INTL 20120913)
[    0.003863] ACPI: SSDT 0x0000000075FE3000 008879 (v02 AMD    CPMCMN   000=
00001 INTL 20120913)
[    0.003864] ACPI: SSDT 0x0000000075FE0000 0022C3 (v02 AMD    AOD      000=
00001 INTL 20120913)
[    0.003865] ACPI: WSMT 0x0000000075FDF000 000028 (v01 ALASKA A M I    010=
72009 AMI  00010013)
[    0.003866] ACPI: APIC 0x0000000075FDE000 00015E (v05 ALASKA A M I    010=
72009 AMI  00010013)
[    0.003867] ACPI: IVRS 0x0000000075FDD000 0000D0 (v02 AMD    AmdTable 000=
00001 AMD  00000001)
[    0.003868] ACPI: SSDT 0x0000000075FDC000 0000BC (v02 AMD    MEMTOOL0 000=
00002 INTL 20120913)
[    0.003869] ACPI: SSDT 0x0000000075FDB000 0004E7 (v02 AMD    CPMMSOSC 000=
00001 INTL 20120913)
[    0.003870] ACPI: SSDT 0x0000000075FDA000 000042 (v02 AMD    AMDWOV   000=
00001 INTL 20120913)
[    0.003871] ACPI: SSDT 0x0000000075FD9000 00010D (v01 AMD    CPMAPMFD 000=
00001 INTL 20120913)
[    0.003872] ACPI: SSDT 0x0000000075FD8000 000085 (v02 AMD    AmdTable 000=
00001 INTL 20120913)
[    0.003873] ACPI: SSDT 0x0000000075FD7000 0000B3 (v02 AMD    AmdTable 000=
00001 INTL 20120913)
[    0.003874] ACPI: Reserving FACP table memory at [mem 0x76030000-0x760301=
13]
[    0.003875] ACPI: Reserving DSDT table memory at [mem 0x76021000-0x7602f1=
a1]
[    0.003875] ACPI: Reserving FACS table memory at [mem 0x78024000-0x780240=
3f]
[    0.003875] ACPI: Reserving SSDT table memory at [mem 0x7603b000-0x7603bf=
af]
[    0.003876] ACPI: Reserving SSDT table memory at [mem 0x7603a000-0x7603a3=
07]
[    0.003876] ACPI: Reserving SSDT table memory at [mem 0x76032000-0x76039b=
84]
[    0.003876] ACPI: Reserving SSDT table memory at [mem 0x76031000-0x760313=
f0]
[    0.003877] ACPI: Reserving FIDT table memory at [mem 0x76020000-0x760200=
9b]
[    0.003877] ACPI: Reserving MCFG table memory at [mem 0x7601e000-0x7601e0=
3b]
[    0.003877] ACPI: Reserving HPET table memory at [mem 0x7601d000-0x7601d0=
37]
[    0.003877] ACPI: Reserving WDRT table memory at [mem 0x7601c000-0x7601c0=
46]
[    0.003878] ACPI: Reserving FPDT table memory at [mem 0x7601a000-0x7601a0=
43]
[    0.003878] ACPI: Reserving VFCT table memory at [mem 0x76000000-0x760190=
9f]
[    0.003878] ACPI: Reserving BGRT table memory at [mem 0x75fff000-0x75fff0=
37]
[    0.003879] ACPI: Reserving TPM2 table memory at [mem 0x75ffe000-0x75ffe0=
4b]
[    0.003879] ACPI: Reserving SSDT table memory at [mem 0x75ff4000-0x75ffdb=
ad]
[    0.003879] ACPI: Reserving CRAT table memory at [mem 0x75ff2000-0x75ff3d=
27]
[    0.003880] ACPI: Reserving CDIT table memory at [mem 0x75ff1000-0x75ff10=
28]
[    0.003880] ACPI: Reserving SSDT table memory at [mem 0x75ff0000-0x75ff0e=
0c]
[    0.003880] ACPI: Reserving SSDT table memory at [mem 0x75fed000-0x75fef5=
0a]
[    0.003880] ACPI: Reserving SSDT table memory at [mem 0x75fec000-0x75fec4=
4f]
[    0.003881] ACPI: Reserving SSDT table memory at [mem 0x75fe3000-0x75feb8=
78]
[    0.003881] ACPI: Reserving SSDT table memory at [mem 0x75fe0000-0x75fe22=
c2]
[    0.003881] ACPI: Reserving WSMT table memory at [mem 0x75fdf000-0x75fdf0=
27]
[    0.003882] ACPI: Reserving APIC table memory at [mem 0x75fde000-0x75fde1=
5d]
[    0.003882] ACPI: Reserving IVRS table memory at [mem 0x75fdd000-0x75fdd0=
cf]
[    0.003882] ACPI: Reserving SSDT table memory at [mem 0x75fdc000-0x75fdc0=
bb]
[    0.003882] ACPI: Reserving SSDT table memory at [mem 0x75fdb000-0x75fdb4=
e6]
[    0.003883] ACPI: Reserving SSDT table memory at [mem 0x75fda000-0x75fda0=
41]
[    0.003883] ACPI: Reserving SSDT table memory at [mem 0x75fd9000-0x75fd91=
0c]
[    0.003883] ACPI: Reserving SSDT table memory at [mem 0x75fd8000-0x75fd80=
84]
[    0.003884] ACPI: Reserving SSDT table memory at [mem 0x75fd7000-0x75fd70=
b2]
[    0.003929] No NUMA configuration found
[    0.003930] Faking a node at [mem 0x0000000000000000-0x0000000857ffffff]
[    0.003933] NODE_DATA(0) allocated [mem 0x857fd5000-0x857ffffff]
[    0.021148] Zone ranges:
[    0.021150]   DMA      [mem 0x0000000000001000-0x0000000000ffffff]
[    0.021152]   DMA32    [mem 0x0000000001000000-0x00000000ffffffff]
[    0.021153]   Normal   [mem 0x0000000100000000-0x0000000857ffffff]
[    0.021153]   Device   empty
[    0.021154] Movable zone start for each node
[    0.021154] Early memory node ranges
[    0.021154]   node   0: [mem 0x0000000000001000-0x000000000009ffff]
[    0.021155]   node   0: [mem 0x0000000000100000-0x0000000009afefff]
[    0.021156]   node   0: [mem 0x000000000a000000-0x000000000a1fffff]
[    0.021156]   node   0: [mem 0x000000000a210000-0x000000000affffff]
[    0.021156]   node   0: [mem 0x000000000b021000-0x000000006f611fff]
[    0.021157]   node   0: [mem 0x000000007a1ff000-0x000000007bffafff]
[    0.021157]   node   0: [mem 0x0000000100000000-0x0000000857ffffff]
[    0.021159] Initmem setup node 0 [mem 0x0000000000001000-0x0000000857ffff=
ff]
[    0.021162] On node 0, zone DMA: 1 pages in unavailable ranges
[    0.021172] On node 0, zone DMA: 96 pages in unavailable ranges
[    0.021257] On node 0, zone DMA32: 1281 pages in unavailable ranges
[    0.021266] On node 0, zone DMA32: 16 pages in unavailable ranges
[    0.022201] On node 0, zone DMA32: 33 pages in unavailable ranges
[    0.022251] On node 0, zone DMA32: 11245 pages in unavailable ranges
[    0.039665] On node 0, zone Normal: 16389 pages in unavailable ranges
[    0.040976] ACPI: PM-Timer IO Port: 0x808
[    0.040981] ACPI: LAPIC_NMI (acpi_id[0xff] high edge lint[0x1])
[    0.040991] IOAPIC[0]: apic_id 32, version 33, address 0xfec00000, GSI 0-=
23
[    0.040995] IOAPIC[1]: apic_id 33, version 33, address 0xfec01000, GSI 24=
-55
[    0.040996] ACPI: INT_SRC_OVR (bus 0 bus_irq 0 global_irq 2 dfl dfl)
[    0.040997] ACPI: INT_SRC_OVR (bus 0 bus_irq 9 global_irq 9 low level)
[    0.040998] ACPI: Using ACPI (MADT) for SMP configuration information
[    0.040999] ACPI: HPET id: 0x10228201 base: 0xfed00000
[    0.041004] e820: update [mem 0x696b0000-0x697a3fff] usable =3D=3D> reser=
ved
[    0.041011] smpboot: Allowing 32 CPUs, 0 hotplug CPUs
[    0.041022] PM: hibernation: Registered nosave memory: [mem 0x00000000-0x=
00000fff]
[    0.041023] PM: hibernation: Registered nosave memory: [mem 0x000a0000-0x=
000fffff]
[    0.041024] PM: hibernation: Registered nosave memory: [mem 0x09aff000-0x=
09ffffff]
[    0.041024] PM: hibernation: Registered nosave memory: [mem 0x0a200000-0x=
0a20ffff]
[    0.041025] PM: hibernation: Registered nosave memory: [mem 0x0b000000-0x=
0b020fff]
[    0.041026] PM: hibernation: Registered nosave memory: [mem 0x52086000-0x=
52086fff]
[    0.041026] PM: hibernation: Registered nosave memory: [mem 0x52090000-0x=
52090fff]
[    0.041027] PM: hibernation: Registered nosave memory: [mem 0x52091000-0x=
52091fff]
[    0.041027] PM: hibernation: Registered nosave memory: [mem 0x520a0000-0x=
520a0fff]
[    0.041028] PM: hibernation: Registered nosave memory: [mem 0x520a1000-0x=
520a1fff]
[    0.041028] PM: hibernation: Registered nosave memory: [mem 0x520bc000-0x=
520bcfff]
[    0.041029] PM: hibernation: Registered nosave memory: [mem 0x696b0000-0x=
697a3fff]
[    0.041030] PM: hibernation: Registered nosave memory: [mem 0x6b5c6000-0x=
6b5c6fff]
[    0.041030] PM: hibernation: Registered nosave memory: [mem 0x6f612000-0x=
75e5dfff]
[    0.041031] PM: hibernation: Registered nosave memory: [mem 0x75e5e000-0x=
7603dfff]
[    0.041031] PM: hibernation: Registered nosave memory: [mem 0x7603e000-0x=
7803dfff]
[    0.041031] PM: hibernation: Registered nosave memory: [mem 0x7803e000-0x=
7a1fefff]
[    0.041032] PM: hibernation: Registered nosave memory: [mem 0x7bffb000-0x=
7cffffff]
[    0.041032] PM: hibernation: Registered nosave memory: [mem 0x7d000000-0x=
7d7f2fff]
[    0.041032] PM: hibernation: Registered nosave memory: [mem 0x7d7f3000-0x=
7fffffff]
[    0.041033] PM: hibernation: Registered nosave memory: [mem 0x80000000-0x=
fedfffff]
[    0.041033] PM: hibernation: Registered nosave memory: [mem 0xfee00000-0x=
fee00fff]
[    0.041033] PM: hibernation: Registered nosave memory: [mem 0xfee01000-0x=
ffffffff]
[    0.041034] [mem 0x80000000-0xfedfffff] available for PCI devices
[    0.041035] Booting paravirtualized kernel on bare hardware
[    0.041036] clocksource: refined-jiffies: mask: 0xffffffff max_cycles: 0x=
ffffffff, max_idle_ns: 1910969940391419 ns
[    0.044036] setup_percpu: NR_CPUS:8192 nr_cpumask_bits:32 nr_cpu_ids:32 n=
r_node_ids:1
[    0.044562] percpu: Embedded 64 pages/cpu s225280 r8192 d28672 u262144
[    0.044565] pcpu-alloc: s225280 r8192 d28672 u262144 alloc=3D1*2097152
[    0.044566] pcpu-alloc: [0] 00 01 02 03 04 05 06 07 [0] 08 09 10 11 12 13=
 14 15=20
[    0.044570] pcpu-alloc: [0] 16 17 18 19 20 21 22 23 [0] 24 25 26 27 28 29=
 30 31=20
[    0.044586] Fallback order for Node 0: 0=20
[    0.044588] Built 1 zonelists, mobility grouping on.  Total pages: 803523=
2
[    0.044589] Policy zone: Normal
[    0.044590] Kernel command line: BOOT_IMAGE=3D(hd1,gpt2)/vmlinuz-6.3.11-2=
00.fc38.x86_64 root=3DUUID=3Da04909e6-6957-4157-90d3-c6a177250694 ro rootfla=
gs=3Dsubvol=3Droot rhgb quiet
[    0.044628] Unknown kernel command line parameters "rhgb BOOT_IMAGE=3D(hd=
1,gpt2)/vmlinuz-6.3.11-200.fc38.x86_64", will be passed to user space.
[    0.045871] Dentry cache hash table entries: 4194304 (order: 13, 33554432=
 bytes, linear)
[    0.046405] Inode-cache hash table entries: 2097152 (order: 12, 16777216 b=
ytes, linear)
[    0.046577] mem auto-init: stack:all(zero), heap alloc:off, heap free:off=

[    0.046609] software IO TLB: area num 32.
[    0.074776] Memory: 31814052K/32651756K available (18432K kernel code, 32=
57K rwdata, 14144K rodata, 4460K init, 17440K bss, 837444K reserved, 0K cma-=
reserved)
[    0.074837] SLUB: HWalign=3D64, Order=3D0-3, MinObjects=3D0, CPUs=3D32, N=
odes=3D1
[    0.074852] ftrace: allocating 52015 entries in 204 pages
[    0.081003] ftrace: allocated 204 pages with 4 groups
[    0.081516] Dynamic Preempt: voluntary
[    0.081548] rcu: Preemptible hierarchical RCU implementation.
[    0.081549] rcu: 	RCU restricting CPUs from NR_CPUS=3D8192 to nr_cpu_=
ids=3D32.
[    0.081550] 	Trampoline variant of Tasks RCU enabled.
[    0.081550] 	Rude variant of Tasks RCU enabled.
[    0.081550] 	Tracing variant of Tasks RCU enabled.
[    0.081550] rcu: RCU calculated value of scheduler-enlistment delay is 10=
0 jiffies.
[    0.081551] rcu: Adjusting geometry for rcu_fanout_leaf=3D16, nr_cpu_ids=3D=
32
[    0.082917] NR_IRQS: 524544, nr_irqs: 1224, preallocated irqs: 16
[    0.083074] rcu: srcu_init: Setting srcu_struct sizes based on contention=
.
[    0.083199] kfence: initialized - using 2097152 bytes for 255 objects at 0=
x(____ptrval____)-0x(____ptrval____)
[    0.083223] Console: colour dummy device 80x25
[    0.083224] printk: console [tty0] enabled
[    0.083248] ACPI: Core revision 20221020
[    0.083380] clocksource: hpet: mask: 0xffffffff max_cycles: 0xffffffff, m=
ax_idle_ns: 133484873504 ns
[    0.083392] APIC: Switch to symmetric I/O mode setup
[    0.083829] AMD-Vi: Using global IVHD EFR:0x246577efa2254afa, EFR2:0x0
[    0.084032] x2apic: IRQ remapping doesn't support X2APIC mode
[    0.084034] Switched APIC routing to physical flat.
[    0.084620] ..TIMER: vector=3D0x30 apic1=3D0 pin1=3D2 apic2=3D-1 pin2=3D-=
1
[    0.089397] clocksource: tsc-early: mask: 0xffffffffffffffff max_cycles: 0=
x3c8a6238495, max_idle_ns: 440795233402 ns
[    0.089399] Calibrating delay loop (skipped), value calculated using time=
r frequency.. 8400.00 BogoMIPS (lpj=3D4200001)
[    0.089400] pid_max: default: 32768 minimum: 301
[    0.090383] LSM: initializing lsm=3Dlockdown,capability,yama,integrity,se=
linux,bpf,landlock
[    0.090388] Yama: becoming mindful.
[    0.090391] SELinux:  Initializing.
[    0.090405] LSM support for eBPF active
[    0.090405] landlock: Up and running.
[    0.090431] Mount-cache hash table entries: 65536 (order: 7, 524288 bytes=
, linear)
[    0.090447] Mountpoint-cache hash table entries: 65536 (order: 7, 524288 b=
ytes, linear)
[    0.090550] x86/cpu: User Mode Instruction Prevention (UMIP) activated
[    0.090587] LVT offset 1 assigned for vector 0xf9
[    0.090710] LVT offset 2 assigned for vector 0xf4
[    0.090747] process: using mwait in idle threads
[    0.090748] Last level iTLB entries: 4KB 512, 2MB 512, 4MB 256
[    0.090749] Last level dTLB entries: 4KB 3072, 2MB 3072, 4MB 1536, 1GB 0
[    0.090751] Spectre V1 : Mitigation: usercopy/swapgs barriers and __user p=
ointer sanitization
[    0.090752] Spectre V2 : Mitigation: Enhanced / Automatic IBRS
[    0.090752] Spectre V2 : Spectre v2 / SpectreRSB mitigation: Filling RSB o=
n context switch
[    0.090753] Spectre V2 : mitigation: Enabling conditional Indirect Branch=
 Prediction Barrier
[    0.090754] Speculative Store Bypass: Mitigation: Speculative Store Bypas=
s disabled via prctl
[    0.102324] Freeing SMP alternatives memory: 44K
[    0.205282] smpboot: CPU0: AMD Ryzen 9 7950X3D 16-Core Processor (family:=
 0x19, model: 0x61, stepping: 0x2)
[    0.205343] cblist_init_generic: Setting adjustable number of callback qu=
eues.
[    0.205345] cblist_init_generic: Setting shift to 5 and lim to 1.
[    0.205352] cblist_init_generic: Setting shift to 5 and lim to 1.
[    0.205358] cblist_init_generic: Setting shift to 5 and lim to 1.
[    0.205363] Performance Events: Fam17h+ 16-deep LBR, core perfctr, AMD PM=
U driver.
[    0.205373] ... version:                2
[    0.205373] ... bit width:              48
[    0.205374] ... generic registers:      6
[    0.205374] ... value mask:             0000ffffffffffff
[    0.205374] ... max period:             00007fffffffffff
[    0.205375] ... fixed-purpose events:   0
[    0.205375] ... event mask:             000000000000003f
[    0.205398] rcu: Hierarchical SRCU implementation.
[    0.205398] rcu: 	Max phase no-delay instances is 400.
[    0.205398] NMI watchdog: Enabled. Permanently consumes one hw-PMU counte=
r.
[    0.205398] smp: Bringing up secondary CPUs ...
[    0.205398] x86: Booting SMP configuration:
[    0.205398] .... node  #0, CPUs:        #1  #2  #3  #4  #5  #6  #7  #8  #=
9 #10 #11 #12 #13 #14 #15 #16 #17 #18 #19 #20 #21 #22 #23 #24 #25 #26 #27 #2=
8 #29 #30 #31
[    0.243421] smp: Brought up 1 node, 32 CPUs
[    0.243421] smpboot: Max logical packages: 1
[    0.243421] smpboot: Total of 32 processors activated (268800.06 BogoMIPS=
)
[    0.245626] devtmpfs: initialized
[    0.245626] x86/mm: Memory block size: 128MB
[    0.246567] ACPI: PM: Registering ACPI NVS region [mem 0x0a200000-0x0a20f=
fff] (65536 bytes)
[    0.246567] ACPI: PM: Registering ACPI NVS region [mem 0x7603e000-0x7803d=
fff] (33554432 bytes)
[    0.246582] clocksource: jiffies: mask: 0xffffffff max_cycles: 0xffffffff=
, max_idle_ns: 1911260446275000 ns
[    0.246585] futex hash table entries: 8192 (order: 7, 524288 bytes, linea=
r)
[    0.246625] pinctrl core: initialized pinctrl subsystem
[    0.246688] PM: RTC time: 20:10:50, date: 2023-07-06
[    0.246831] NET: Registered PF_NETLINK/PF_ROUTE protocol family
[    0.246876] DMA: preallocated 4096 KiB GFP_KERNEL pool for atomic allocat=
ions
[    0.246880] DMA: preallocated 4096 KiB GFP_KERNEL|GFP_DMA pool for atomic=
 allocations
[    0.246883] DMA: preallocated 4096 KiB GFP_KERNEL|GFP_DMA32 pool for atom=
ic allocations
[    0.246888] audit: initializing netlink subsys (disabled)
[    0.246891] audit: type=3D2000 audit(1688674250.162:1): state=3Dinitializ=
ed audit_enabled=3D0 res=3D1
[    0.246891] thermal_sys: Registered thermal governor 'fair_share'
[    0.246891] thermal_sys: Registered thermal governor 'bang_bang'
[    0.246891] thermal_sys: Registered thermal governor 'step_wise'
[    0.246891] thermal_sys: Registered thermal governor 'user_space'
[    0.246891] cpuidle: using governor menu
[    0.246891] acpiphp: ACPI Hot Plug PCI Controller Driver version: 0.5
[    0.246891] PCI: MMCONFIG for domain 0000 [bus 00-7f] at [mem 0xf0000000-=
0xf7ffffff] (base 0xf0000000)
[    0.246891] PCI: not using MMCONFIG
[    0.246891] PCI: Using configuration type 1 for base access
[    0.246891] PCI: Using configuration type 1 for extended access
[    0.247741] kprobes: kprobe jump-optimization is enabled. All kprobes are=
 optimized if possible.
[    0.256438] HugeTLB: registered 1.00 GiB page size, pre-allocated 0 pages=

[    0.256438] HugeTLB: 16380 KiB vmemmap can be freed for a 1.00 GiB page
[    0.256438] HugeTLB: registered 2.00 MiB page size, pre-allocated 0 pages=

[    0.256438] HugeTLB: 28 KiB vmemmap can be freed for a 2.00 MiB page
[    0.256727] cryptd: max_cpu_qlen set to 1000
[    0.256727] raid6: skipped pq benchmark and selected avx512x4
[    0.256727] raid6: using avx512x2 recovery algorithm
[    0.256727] ACPI: Added _OSI(Module Device)
[    0.256727] ACPI: Added _OSI(Processor Device)
[    0.256727] ACPI: Added _OSI(3.0 _SCP Extensions)
[    0.256727] ACPI: Added _OSI(Processor Aggregator Device)
[    0.260416] ACPI BIOS Error (bug): Could not resolve symbol [\_SB.PCI0.GP=
P7.UP00.DP40.UP00.DP68], AE_NOT_FOUND (20221020/dswload2-162)
[    0.260419] ACPI Error: AE_NOT_FOUND, During name lookup/catalog (2022102=
0/psobject-220)
[    0.260420] ACPI: Skipping parse of AML opcode: OpcodeName unavailable (0=
x0010)
[    0.260446] ACPI: 17 ACPI AML tables successfully acquired and loaded
[    0.261066] ACPI: [Firmware Bug]: BIOS _OSI(Linux) query ignored
[    0.263932] ACPI: EC: EC started
[    0.263932] ACPI: EC: interrupt blocked
[    0.263932] ACPI: EC: EC_CMD/EC_SC=3D0x66, EC_DATA=3D0x62
[    0.263932] ACPI: \_SB_.PCI0.SBRG.EC0_: Boot DSDT EC used to handle trans=
actions
[    0.263932] ACPI: Interpreter enabled
[    0.263932] ACPI: PM: (supports S0 S3 S4 S5)
[    0.263932] ACPI: Using IOAPIC for interrupt routing
[    0.264111] PCI: MMCONFIG for domain 0000 [bus 00-7f] at [mem 0xf0000000-=
0xf7ffffff] (base 0xf0000000)
[    0.264131] PCI: MMCONFIG at [mem 0xf0000000-0xf7ffffff] reserved as ACPI=
 motherboard resource
[    0.264139] PCI: Using host bridge windows from ACPI; if necessary, use "=
pci=3Dnocrs" and report a bug
[    0.264139] PCI: Ignoring E820 reservations for host bridge windows
[    0.264321] ACPI: Enabled 7 GPEs in block 00 to 1F
[    0.265432] ACPI: \_SB_.PCI0.GPP0.M237: New power resource
[    0.265447] ACPI: \_SB_.PCI0.GPP0.SWUS.M237: New power resource
[    0.265465] ACPI: \_SB_.PCI0.GPP0.SWUS.SWDS.M237: New power resource
[    0.267949] ACPI: PCI Root Bridge [PCI0] (domain 0000 [bus 00-ff])
[    0.267952] acpi PNP0A08:00: _OSC: OS supports [ExtendedConfig ASPM Clock=
PM Segments MSI EDR HPX-Type3]
[    0.267999] acpi PNP0A08:00: _OSC: OS now controls [PCIeHotplug SHPCHotpl=
ug PME AER PCIeCapability LTR DPC]
[    0.268005] acpi PNP0A08:00: [Firmware Info]: MMCONFIG for domain 0000 [b=
us 00-7f] only partially covers this bridge
[    0.268178] PCI host bridge to bus 0000:00
[    0.268178] pci_bus 0000:00: root bus resource [io  0x0000-0x03af window]=

[    0.268179] pci_bus 0000:00: root bus resource [io  0x03e0-0x0cf7 window]=

[    0.268179] pci_bus 0000:00: root bus resource [io  0x03b0-0x03df window]=

[    0.268180] pci_bus 0000:00: root bus resource [io  0x0d00-0xffff window]=

[    0.268180] pci_bus 0000:00: root bus resource [mem 0x000a0000-0x000dffff=
 window]
[    0.268181] pci_bus 0000:00: root bus resource [mem 0x80000000-0xfcffffff=
 window]
[    0.268181] pci_bus 0000:00: root bus resource [mem 0x880000000-0xfffffff=
fff window]
[    0.268182] pci_bus 0000:00: root bus resource [bus 00-ff]
[    0.268191] pci 0000:00:00.0: [1022:14d8] type 00 class 0x060000
[    0.268249] pci 0000:00:00.2: [1022:14d9] type 00 class 0x080600
[    0.268300] pci 0000:00:01.0: [1022:14da] type 00 class 0x060000
[    0.268336] pci 0000:00:01.1: [1022:14db] type 01 class 0x060400
[    0.268395] pci 0000:00:01.1: PME# supported from D0 D3hot D3cold
[    0.268480] pci 0000:00:01.2: [1022:14db] type 01 class 0x060400
[    0.268580] pci 0000:00:01.2: PME# supported from D0 D3hot D3cold
[    0.268712] pci 0000:00:02.0: [1022:14da] type 00 class 0x060000
[    0.268752] pci 0000:00:02.1: [1022:14db] type 01 class 0x060400
[    0.268785] pci 0000:00:02.1: enabling Extended Tags
[    0.268854] pci 0000:00:02.1: PME# supported from D0 D3hot D3cold
[    0.269003] pci 0000:00:03.0: [1022:14da] type 00 class 0x060000
[    0.269046] pci 0000:00:04.0: [1022:14da] type 00 class 0x060000
[    0.269092] pci 0000:00:08.0: [1022:14da] type 00 class 0x060000
[    0.269129] pci 0000:00:08.1: [1022:14dd] type 01 class 0x060400
[    0.269143] pci 0000:00:08.1: enabling Extended Tags
[    0.269164] pci 0000:00:08.1: PME# supported from D0 D3hot D3cold
[    0.269221] pci 0000:00:08.3: [1022:14dd] type 01 class 0x060400
[    0.269235] pci 0000:00:08.3: enabling Extended Tags
[    0.269256] pci 0000:00:08.3: PME# supported from D0 D3hot D3cold
[    0.269319] pci 0000:00:14.0: [1022:790b] type 00 class 0x0c0500
[    0.269395] pci 0000:00:14.3: [1022:790e] type 00 class 0x060100
[    0.269484] pci 0000:00:18.0: [1022:14e0] type 00 class 0x060000
[    0.269502] pci 0000:00:18.1: [1022:14e1] type 00 class 0x060000
[    0.269520] pci 0000:00:18.2: [1022:14e2] type 00 class 0x060000
[    0.269537] pci 0000:00:18.3: [1022:14e3] type 00 class 0x060000
[    0.269555] pci 0000:00:18.4: [1022:14e4] type 00 class 0x060000
[    0.269573] pci 0000:00:18.5: [1022:14e5] type 00 class 0x060000
[    0.269590] pci 0000:00:18.6: [1022:14e6] type 00 class 0x060000
[    0.269607] pci 0000:00:18.7: [1022:14e7] type 00 class 0x060000
[    0.269674] pci 0000:01:00.0: [1002:1478] type 01 class 0x060400
[    0.269684] pci 0000:01:00.0: reg 0x10: [mem 0xfcd00000-0xfcd03fff]
[    0.269756] pci 0000:01:00.0: PME# supported from D0 D3hot D3cold
[    0.269868] pci 0000:00:01.1: PCI bridge to [bus 01-03]
[    0.269870] pci 0000:00:01.1:   bridge window [io  0xf000-0xffff]
[    0.269871] pci 0000:00:01.1:   bridge window [mem 0xfcb00000-0xfcdfffff]=

[    0.269874] pci 0000:00:01.1:   bridge window [mem 0xf000000000-0xf80ffff=
fff 64bit pref]
[    0.269906] pci 0000:02:00.0: [1002:1479] type 01 class 0x060400
[    0.269983] pci 0000:02:00.0: PME# supported from D0 D3hot D3cold
[    0.270173] pci 0000:01:00.0: PCI bridge to [bus 02-03]
[    0.270176] pci 0000:01:00.0:   bridge window [io  0xf000-0xffff]
[    0.270178] pci 0000:01:00.0:   bridge window [mem 0xfcb00000-0xfccfffff]=

[    0.270181] pci 0000:01:00.0:   bridge window [mem 0xf000000000-0xf80ffff=
fff 64bit pref]
[    0.270214] pci 0000:03:00.0: [1002:744c] type 00 class 0x030000
[    0.270226] pci 0000:03:00.0: reg 0x10: [mem 0xf000000000-0xf7ffffffff 64=
bit pref]
[    0.270234] pci 0000:03:00.0: reg 0x18: [mem 0xf800000000-0xf80fffffff 64=
bit pref]
[    0.270239] pci 0000:03:00.0: reg 0x20: [io  0xf000-0xf0ff]
[    0.270244] pci 0000:03:00.0: reg 0x24: [mem 0xfcb00000-0xfcbfffff]
[    0.270249] pci 0000:03:00.0: reg 0x30: [mem 0xfcc00000-0xfcc1ffff pref]
[    0.270265] pci 0000:03:00.0: BAR 0: assigned to efifb
[    0.270311] pci 0000:03:00.0: PME# supported from D1 D2 D3hot D3cold
[    0.270417] pci 0000:03:00.1: [1002:ab30] type 00 class 0x040300
[    0.270425] pci 0000:03:00.1: reg 0x10: [mem 0xfcc20000-0xfcc23fff]
[    0.270487] pci 0000:03:00.1: PME# supported from D1 D2 D3hot D3cold
[    0.270562] pci 0000:02:00.0: PCI bridge to [bus 03]
[    0.270566] pci 0000:02:00.0:   bridge window [io  0xf000-0xffff]
[    0.270567] pci 0000:02:00.0:   bridge window [mem 0xfcb00000-0xfccfffff]=

[    0.270570] pci 0000:02:00.0:   bridge window [mem 0xf000000000-0xf80ffff=
fff 64bit pref]
[    0.270870] pci 0000:04:00.0: [c0a9:540a] type 00 class 0x010802
[    0.270918] pci 0000:04:00.0: reg 0x10: [mem 0xfcf00000-0xfcf03fff 64bit]=

[    0.271676] pci 0000:00:01.2: PCI bridge to [bus 04]
[    0.271679] pci 0000:00:01.2:   bridge window [mem 0xfcf00000-0xfcffffff]=

[    0.271951] pci 0000:05:00.0: [1022:43f4] type 01 class 0x060400
[    0.271978] pci 0000:05:00.0: enabling Extended Tags
[    0.272018] pci 0000:05:00.0: PME# supported from D0 D3hot D3cold
[    0.272734] pci 0000:00:02.1: PCI bridge to [bus 05-13]
[    0.272737] pci 0000:00:02.1:   bridge window [mem 0xfbf00000-0xfc6fffff]=

[    0.272770] pci 0000:06:00.0: [1022:43f5] type 01 class 0x060400
[    0.272799] pci 0000:06:00.0: enabling Extended Tags
[    0.272840] pci 0000:06:00.0: PME# supported from D0 D3hot D3cold
[    0.273236] pci 0000:06:08.0: [1022:43f5] type 01 class 0x060400
[    0.273264] pci 0000:06:08.0: enabling Extended Tags
[    0.273304] pci 0000:06:08.0: PME# supported from D0 D3hot D3cold
[    0.273747] pci 0000:06:0c.0: [1022:43f5] type 01 class 0x060400
[    0.273774] pci 0000:06:0c.0: enabling Extended Tags
[    0.273803] pci 0000:06:0c.0: PME# supported from D0 D3hot D3cold
[    0.274715] pci 0000:06:0d.0: [1022:43f5] type 01 class 0x060400
[    0.274742] pci 0000:06:0d.0: enabling Extended Tags
[    0.274771] pci 0000:06:0d.0: PME# supported from D0 D3hot D3cold
[    0.274814] pci 0000:05:00.0: PCI bridge to [bus 06-13]
[    0.274818] pci 0000:05:00.0:   bridge window [mem 0xfbf00000-0xfc6fffff]=

[    0.274841] pci 0000:06:00.0: PCI bridge to [bus 07]
[    0.274952] pci 0000:08:00.0: [1022:43f4] type 01 class 0x060400
[    0.274996] pci 0000:08:00.0: enabling Extended Tags
[    0.275061] pci 0000:08:00.0: PME# supported from D0 D3hot D3cold
[    0.275219] pci 0000:06:08.0: PCI bridge to [bus 08-11]
[    0.275224] pci 0000:06:08.0:   bridge window [mem 0xfbf00000-0xfc4fffff]=

[    0.275274] pci 0000:09:00.0: [1022:43f5] type 01 class 0x060400
[    0.275319] pci 0000:09:00.0: enabling Extended Tags
[    0.275388] pci 0000:09:00.0: PME# supported from D0 D3hot D3cold
[    0.275511] pci 0000:09:04.0: [1022:43f5] type 01 class 0x060400
[    0.275556] pci 0000:09:04.0: enabling Extended Tags
[    0.275622] pci 0000:09:04.0: PME# supported from D0 D3hot D3cold
[    0.275746] pci 0000:09:05.0: [1022:43f5] type 01 class 0x060400
[    0.275792] pci 0000:09:05.0: enabling Extended Tags
[    0.275858] pci 0000:09:05.0: PME# supported from D0 D3hot D3cold
[    0.275983] pci 0000:09:06.0: [1022:43f5] type 01 class 0x060400
[    0.276029] pci 0000:09:06.0: enabling Extended Tags
[    0.276097] pci 0000:09:06.0: PME# supported from D0 D3hot D3cold
[    0.276216] pci 0000:09:07.0: [1022:43f5] type 01 class 0x060400
[    0.276262] pci 0000:09:07.0: enabling Extended Tags
[    0.276330] pci 0000:09:07.0: PME# supported from D0 D3hot D3cold
[    0.276450] pci 0000:09:08.0: [1022:43f5] type 01 class 0x060400
[    0.276496] pci 0000:09:08.0: enabling Extended Tags
[    0.276562] pci 0000:09:08.0: PME# supported from D0 D3hot D3cold
[    0.276696] pci 0000:09:0c.0: [1022:43f5] type 01 class 0x060400
[    0.276740] pci 0000:09:0c.0: enabling Extended Tags
[    0.276786] pci 0000:09:0c.0: PME# supported from D0 D3hot D3cold
[    0.276864] pci 0000:09:0d.0: [1022:43f5] type 01 class 0x060400
[    0.276908] pci 0000:09:0d.0: enabling Extended Tags
[    0.276954] pci 0000:09:0d.0: PME# supported from D0 D3hot D3cold
[    0.277023] pci 0000:08:00.0: PCI bridge to [bus 09-11]
[    0.277029] pci 0000:08:00.0:   bridge window [mem 0xfbf00000-0xfc4fffff]=

[    0.277060] pci 0000:09:00.0: PCI bridge to [bus 0a]
[    0.277158] pci 0000:0b:00.0: [8086:2725] type 00 class 0x028000
[    0.277187] pci 0000:0b:00.0: reg 0x10: [mem 0xfc400000-0xfc403fff 64bit]=

[    0.277340] pci 0000:0b:00.0: PME# supported from D0 D3hot D3cold
[    0.277643] pci 0000:09:04.0: PCI bridge to [bus 0b]
[    0.277650] pci 0000:09:04.0:   bridge window [mem 0xfc400000-0xfc4fffff]=

[    0.277738] pci 0000:0c:00.0: [8086:15f3] type 00 class 0x020000
[    0.277760] pci 0000:0c:00.0: reg 0x10: [mem 0xfbf00000-0xfbffffff]
[    0.277796] pci 0000:0c:00.0: reg 0x1c: [mem 0xfc000000-0xfc003fff]
[    0.277940] pci 0000:0c:00.0: PME# supported from D0 D3hot D3cold
[    0.278144] pci 0000:09:05.0: PCI bridge to [bus 0c]
[    0.278150] pci 0000:09:05.0:   bridge window [mem 0xfbf00000-0xfc0fffff]=

[    0.278182] pci 0000:09:06.0: PCI bridge to [bus 0d]
[    0.278220] pci 0000:09:07.0: PCI bridge to [bus 0e]
[    0.278358] pci 0000:0f:00.0: [c0a9:540a] type 00 class 0x010802
[    0.278411] pci 0000:0f:00.0: reg 0x10: [mem 0xfc300000-0xfc303fff 64bit]=

[    0.278538] pci 0000:0f:00.0: enabling Extended Tags
[    0.279038] pci 0000:09:08.0: PCI bridge to [bus 0f]
[    0.279045] pci 0000:09:08.0:   bridge window [mem 0xfc300000-0xfc3fffff]=

[    0.279093] pci 0000:10:00.0: [1022:43f7] type 00 class 0x0c0330
[    0.279110] pci 0000:10:00.0: reg 0x10: [mem 0xfc200000-0xfc207fff 64bit]=

[    0.279150] pci 0000:10:00.0: enabling Extended Tags
[    0.279200] pci 0000:10:00.0: PME# supported from D0 D3hot D3cold
[    0.279309] pci 0000:09:0c.0: PCI bridge to [bus 10]
[    0.279314] pci 0000:09:0c.0:   bridge window [mem 0xfc200000-0xfc2fffff]=

[    0.279358] pci 0000:11:00.0: [1022:43f6] type 00 class 0x010601
[    0.279407] pci 0000:11:00.0: reg 0x24: [mem 0xfc180000-0xfc1803ff]
[    0.279414] pci 0000:11:00.0: reg 0x30: [mem 0xfc100000-0xfc17ffff pref]
[    0.279421] pci 0000:11:00.0: enabling Extended Tags
[    0.279461] pci 0000:11:00.0: PME# supported from D0 D3hot D3cold
[    0.279531] pci 0000:09:0d.0: PCI bridge to [bus 11]
[    0.279536] pci 0000:09:0d.0:   bridge window [mem 0xfc100000-0xfc1fffff]=

[    0.279605] pci 0000:12:00.0: [1022:43f7] type 00 class 0x0c0330
[    0.279616] pci 0000:12:00.0: reg 0x10: [mem 0xfc600000-0xfc607fff 64bit]=

[    0.279641] pci 0000:12:00.0: enabling Extended Tags
[    0.279672] pci 0000:12:00.0: PME# supported from D0 D3hot D3cold
[    0.279739] pci 0000:06:0c.0: PCI bridge to [bus 12]
[    0.279742] pci 0000:06:0c.0:   bridge window [mem 0xfc600000-0xfc6fffff]=

[    0.279770] pci 0000:13:00.0: [1022:43f6] type 00 class 0x010601
[    0.279799] pci 0000:13:00.0: reg 0x24: [mem 0xfc580000-0xfc5803ff]
[    0.279804] pci 0000:13:00.0: reg 0x30: [mem 0xfc500000-0xfc57ffff pref]
[    0.279808] pci 0000:13:00.0: enabling Extended Tags
[    0.279833] pci 0000:13:00.0: PME# supported from D0 D3hot D3cold
[    0.279877] pci 0000:06:0d.0: PCI bridge to [bus 13]
[    0.279880] pci 0000:06:0d.0:   bridge window [mem 0xfc500000-0xfc5fffff]=

[    0.279940] pci 0000:14:00.0: [1002:164e] type 00 class 0x030000
[    0.279947] pci 0000:14:00.0: reg 0x10: [mem 0xf820000000-0xf82fffffff 64=
bit pref]
[    0.279951] pci 0000:14:00.0: reg 0x18: [mem 0xf830000000-0xf8301fffff 64=
bit pref]
[    0.279954] pci 0000:14:00.0: reg 0x20: [io  0xe000-0xe0ff]
[    0.279957] pci 0000:14:00.0: reg 0x24: [mem 0xfca00000-0xfca7ffff]
[    0.279962] pci 0000:14:00.0: enabling Extended Tags
[    0.279991] pci 0000:14:00.0: PME# supported from D1 D2 D3hot D3cold
[    0.280049] pci 0000:14:00.1: [1002:1640] type 00 class 0x040300
[    0.280054] pci 0000:14:00.1: reg 0x10: [mem 0xfca80000-0xfca83fff]
[    0.280067] pci 0000:14:00.1: enabling Extended Tags
[    0.280086] pci 0000:14:00.1: PME# supported from D1 D2 D3hot D3cold
[    0.280120] pci 0000:14:00.2: [1022:1649] type 00 class 0x108000
[    0.280147] pci 0000:14:00.2: reg 0x18: [mem 0xfc900000-0xfc9fffff]
[    0.280153] pci 0000:14:00.2: reg 0x24: [mem 0xfca84000-0xfca85fff]
[    0.280157] pci 0000:14:00.2: enabling Extended Tags
[    0.280209] pci 0000:14:00.3: [1022:15b6] type 00 class 0x0c0330
[    0.280215] pci 0000:14:00.3: reg 0x10: [mem 0xfc800000-0xfc8fffff 64bit]=

[    0.280231] pci 0000:14:00.3: enabling Extended Tags
[    0.280251] pci 0000:14:00.3: PME# supported from D0 D3hot D3cold
[    0.280286] pci 0000:14:00.4: [1022:15b7] type 00 class 0x0c0330
[    0.280292] pci 0000:14:00.4: reg 0x10: [mem 0xfc700000-0xfc7fffff 64bit]=

[    0.280307] pci 0000:14:00.4: enabling Extended Tags
[    0.280327] pci 0000:14:00.4: PME# supported from D0 D3hot D3cold
[    0.280370] pci 0000:00:08.1: PCI bridge to [bus 14]
[    0.280371] pci 0000:00:08.1:   bridge window [io  0xe000-0xefff]
[    0.280372] pci 0000:00:08.1:   bridge window [mem 0xfc700000-0xfcafffff]=

[    0.280374] pci 0000:00:08.1:   bridge window [mem 0xf820000000-0xf8301ff=
fff 64bit pref]
[    0.280393] pci 0000:15:00.0: [1022:15b8] type 00 class 0x0c0330
[    0.280404] pci 0000:15:00.0: reg 0x10: [mem 0xfce00000-0xfcefffff 64bit]=

[    0.280425] pci 0000:15:00.0: enabling Extended Tags
[    0.280449] pci 0000:15:00.0: PME# supported from D0 D3hot D3cold
[    0.280497] pci 0000:00:08.3: PCI bridge to [bus 15]
[    0.280499] pci 0000:00:08.3:   bridge window [mem 0xfce00000-0xfcefffff]=

[    0.280728] ACPI: PCI: Interrupt link LNKA configured for IRQ 0
[    0.280745] ACPI: PCI: Interrupt link LNKB configured for IRQ 0
[    0.280758] ACPI: PCI: Interrupt link LNKC configured for IRQ 0
[    0.280776] ACPI: PCI: Interrupt link LNKD configured for IRQ 0
[    0.280791] ACPI: PCI: Interrupt link LNKE configured for IRQ 0
[    0.280803] ACPI: PCI: Interrupt link LNKF configured for IRQ 0
[    0.280815] ACPI: PCI: Interrupt link LNKG configured for IRQ 0
[    0.280827] ACPI: PCI: Interrupt link LNKH configured for IRQ 0
[    0.281235] ACPI: EC: interrupt unblocked
[    0.281236] ACPI: EC: event unblocked
[    0.281241] ACPI: EC: EC_CMD/EC_SC=3D0x66, EC_DATA=3D0x62
[    0.281242] ACPI: EC: GPE=3D0x4
[    0.281242] ACPI: \_SB_.PCI0.SBRG.EC0_: Boot DSDT EC initialization compl=
ete
[    0.281243] ACPI: \_SB_.PCI0.SBRG.EC0_: EC: Used to handle transactions a=
nd events
[    0.281408] iommu: Default domain type: Translated=20
[    0.281408] iommu: DMA domain TLB invalidation policy: lazy mode=20
[    0.281483] SCSI subsystem initialized
[    0.281488] libata version 3.00 loaded.
[    0.281488] ACPI: bus type USB registered
[    0.281488] usbcore: registered new interface driver usbfs
[    0.281488] usbcore: registered new interface driver hub
[    0.281488] usbcore: registered new device driver usb
[    0.282123] pps_core: LinuxPPS API ver. 1 registered
[    0.282124] pps_core: Software ver. 5.3.6 - Copyright 2005-2007 Rodolfo G=
iometti <giometti@linux.it>
[    0.282125] PTP clock support registered
[    0.282406] EDAC MC: Ver: 3.0.0
[    0.282808] efivars: Registered efivars operations
[    0.282808] NetLabel: Initializing
[    0.282808] NetLabel:  domain hash size =3D 128
[    0.282808] NetLabel:  protocols =3D UNLABELED CIPSOv4 CALIPSO
[    0.282808] NetLabel:  unlabeled traffic allowed by default
[    0.282808] mctp: management component transport protocol core
[    0.282808] NET: Registered PF_MCTP protocol family
[    0.282808] PCI: Using ACPI for IRQ routing
[    0.285769] PCI: pci_cache_line_size set to 64 bytes
[    0.286418] e820: reserve RAM buffer [mem 0x09aff000-0x0bffffff]
[    0.286419] e820: reserve RAM buffer [mem 0x0a200000-0x0bffffff]
[    0.286419] e820: reserve RAM buffer [mem 0x0b000000-0x0bffffff]
[    0.286420] e820: reserve RAM buffer [mem 0x52086018-0x53ffffff]
[    0.286420] e820: reserve RAM buffer [mem 0x52091018-0x53ffffff]
[    0.286421] e820: reserve RAM buffer [mem 0x520a1018-0x53ffffff]
[    0.286421] e820: reserve RAM buffer [mem 0x696b0000-0x6bffffff]
[    0.286421] e820: reserve RAM buffer [mem 0x6b5c6000-0x6bffffff]
[    0.286422] e820: reserve RAM buffer [mem 0x6f612000-0x6fffffff]
[    0.286422] e820: reserve RAM buffer [mem 0x7bffb000-0x7bffffff]
[    0.286438] pci 0000:03:00.0: vgaarb: setting as boot VGA device
[    0.286438] pci 0000:03:00.0: vgaarb: bridge control possible
[    0.286438] pci 0000:03:00.0: vgaarb: VGA device added: decodes=3Dio+mem,=
owns=3Dnone,locks=3Dnone
[    0.286438] pci 0000:14:00.0: vgaarb: bridge control possible
[    0.286438] pci 0000:14:00.0: vgaarb: VGA device added: decodes=3Dio+mem,=
owns=3Dnone,locks=3Dnone
[    0.286438] vgaarb: loaded
[    0.286438] hpet0: at MMIO 0xfed00000, IRQs 2, 8, 0
[    0.286438] hpet0: 3 comparators, 32-bit 14.318180 MHz counter
[    0.288439] clocksource: Switched to clocksource tsc-early
[    0.288466] VFS: Disk quotas dquot_6.6.0
[    0.288469] VFS: Dquot-cache hash table entries: 512 (order 0, 4096 bytes=
)
[    0.288538] pnp: PnP ACPI init
[    0.288576] system 00:00: [mem 0xf0000000-0xf7ffffff] has been reserved
[    0.288597] system 00:01: [mem 0x858000000-0x877ffffff window] has been r=
eserved
[    0.288684] system 00:03: [io  0x0290-0x029f] has been reserved
[    0.288684] system 00:03: [io  0x0200-0x023f] has been reserved
[    0.288766] system 00:04: [io  0x04d0-0x04d1] has been reserved
[    0.288766] system 00:04: [io  0x040b] has been reserved
[    0.288767] system 00:04: [io  0x04d6] has been reserved
[    0.288767] system 00:04: [io  0x0c00-0x0c01] has been reserved
[    0.288768] system 00:04: [io  0x0c14] has been reserved
[    0.288768] system 00:04: [io  0x0c50-0x0c51] has been reserved
[    0.288769] system 00:04: [io  0x0c52] has been reserved
[    0.288769] system 00:04: [io  0x0c6c] has been reserved
[    0.288770] system 00:04: [io  0x0c6f] has been reserved
[    0.288770] system 00:04: [io  0x0cd8-0x0cdf] has been reserved
[    0.288770] system 00:04: [io  0x0800-0x089f] has been reserved
[    0.288771] system 00:04: [io  0x0b00-0x0b0f] has been reserved
[    0.288771] system 00:04: [io  0x0b20-0x0b3f] has been reserved
[    0.288772] system 00:04: [io  0x0900-0x090f] has been reserved
[    0.288772] system 00:04: [io  0x0910-0x091f] has been reserved
[    0.288773] system 00:04: [mem 0xfec00000-0xfec00fff] could not be reserv=
ed
[    0.288773] system 00:04: [mem 0xfec01000-0xfec01fff] could not be reserv=
ed
[    0.288774] system 00:04: [mem 0xfedc0000-0xfedc0fff] has been reserved
[    0.288775] system 00:04: [mem 0xfee00000-0xfee00fff] has been reserved
[    0.288775] system 00:04: [mem 0xfed80000-0xfed8ffff] could not be reserv=
ed
[    0.288776] system 00:04: [mem 0xfec10000-0xfec10fff] has been reserved
[    0.288776] system 00:04: [mem 0xfeb00000-0xfeb00fff] has been reserved
[    0.288777] system 00:04: [mem 0xff000000-0xffffffff] has been reserved
[    0.289002] pnp: PnP ACPI: found 5 devices
[    0.294064] clocksource: acpi_pm: mask: 0xffffff max_cycles: 0xffffff, ma=
x_idle_ns: 2085701024 ns
[    0.294086] NET: Registered PF_INET protocol family
[    0.294142] IP idents hash table entries: 262144 (order: 9, 2097152 bytes=
, linear)
[    0.295341] tcp_listen_portaddr_hash hash table entries: 16384 (order: 6,=
 262144 bytes, linear)
[    0.295352] Table-perturb hash table entries: 65536 (order: 6, 262144 byt=
es, linear)
[    0.295355] TCP established hash table entries: 262144 (order: 9, 2097152=
 bytes, linear)
[    0.295447] TCP bind hash table entries: 65536 (order: 9, 2097152 bytes, l=
inear)
[    0.295509] TCP: Hash tables configured (established 262144 bind 65536)
[    0.295563] MPTCP token hash table entries: 32768 (order: 7, 786432 bytes=
, linear)
[    0.295583] UDP hash table entries: 16384 (order: 7, 524288 bytes, linear=
)
[    0.295605] UDP-Lite hash table entries: 16384 (order: 7, 524288 bytes, l=
inear)
[    0.295650] NET: Registered PF_UNIX/PF_LOCAL protocol family
[    0.295653] NET: Registered PF_XDP protocol family
[    0.295660] pci 0000:02:00.0: PCI bridge to [bus 03]
[    0.295666] pci 0000:02:00.0:   bridge window [io  0xf000-0xffff]
[    0.295669] pci 0000:02:00.0:   bridge window [mem 0xfcb00000-0xfccfffff]=

[    0.295671] pci 0000:02:00.0:   bridge window [mem 0xf000000000-0xf80ffff=
fff 64bit pref]
[    0.295674] pci 0000:01:00.0: PCI bridge to [bus 02-03]
[    0.295676] pci 0000:01:00.0:   bridge window [io  0xf000-0xffff]
[    0.295678] pci 0000:01:00.0:   bridge window [mem 0xfcb00000-0xfccfffff]=

[    0.295680] pci 0000:01:00.0:   bridge window [mem 0xf000000000-0xf80ffff=
fff 64bit pref]
[    0.295683] pci 0000:00:01.1: PCI bridge to [bus 01-03]
[    0.295684] pci 0000:00:01.1:   bridge window [io  0xf000-0xffff]
[    0.295685] pci 0000:00:01.1:   bridge window [mem 0xfcb00000-0xfcdfffff]=

[    0.295687] pci 0000:00:01.1:   bridge window [mem 0xf000000000-0xf80ffff=
fff 64bit pref]
[    0.295695] pci 0000:00:01.2: PCI bridge to [bus 04]
[    0.295697] pci 0000:00:01.2:   bridge window [mem 0xfcf00000-0xfcffffff]=

[    0.295706] pci 0000:06:00.0: PCI bridge to [bus 07]
[    0.295716] pci 0000:09:00.0: PCI bridge to [bus 0a]
[    0.295725] pci 0000:09:04.0: PCI bridge to [bus 0b]
[    0.295729] pci 0000:09:04.0:   bridge window [mem 0xfc400000-0xfc4fffff]=

[    0.295735] pci 0000:09:05.0: PCI bridge to [bus 0c]
[    0.295738] pci 0000:09:05.0:   bridge window [mem 0xfbf00000-0xfc0fffff]=

[    0.295744] pci 0000:09:06.0: PCI bridge to [bus 0d]
[    0.295753] pci 0000:09:07.0: PCI bridge to [bus 0e]
[    0.295763] pci 0000:09:08.0: PCI bridge to [bus 0f]
[    0.295766] pci 0000:09:08.0:   bridge window [mem 0xfc300000-0xfc3fffff]=

[    0.295772] pci 0000:09:0c.0: PCI bridge to [bus 10]
[    0.295775] pci 0000:09:0c.0:   bridge window [mem 0xfc200000-0xfc2fffff]=

[    0.295781] pci 0000:09:0d.0: PCI bridge to [bus 11]
[    0.295785] pci 0000:09:0d.0:   bridge window [mem 0xfc100000-0xfc1fffff]=

[    0.295791] pci 0000:08:00.0: PCI bridge to [bus 09-11]
[    0.295794] pci 0000:08:00.0:   bridge window [mem 0xfbf00000-0xfc4fffff]=

[    0.295800] pci 0000:06:08.0: PCI bridge to [bus 08-11]
[    0.295803] pci 0000:06:08.0:   bridge window [mem 0xfbf00000-0xfc4fffff]=

[    0.295806] pci 0000:06:0c.0: PCI bridge to [bus 12]
[    0.295809] pci 0000:06:0c.0:   bridge window [mem 0xfc600000-0xfc6fffff]=

[    0.295812] pci 0000:06:0d.0: PCI bridge to [bus 13]
[    0.295815] pci 0000:06:0d.0:   bridge window [mem 0xfc500000-0xfc5fffff]=

[    0.295818] pci 0000:05:00.0: PCI bridge to [bus 06-13]
[    0.295820] pci 0000:05:00.0:   bridge window [mem 0xfbf00000-0xfc6fffff]=

[    0.295824] pci 0000:00:02.1: PCI bridge to [bus 05-13]
[    0.295826] pci 0000:00:02.1:   bridge window [mem 0xfbf00000-0xfc6fffff]=

[    0.295835] pci 0000:00:08.1: PCI bridge to [bus 14]
[    0.295840] pci 0000:00:08.1:   bridge window [io  0xe000-0xefff]
[    0.295842] pci 0000:00:08.1:   bridge window [mem 0xfc700000-0xfcafffff]=

[    0.295842] pci 0000:00:08.1:   bridge window [mem 0xf820000000-0xf8301ff=
fff 64bit pref]
[    0.295844] pci 0000:00:08.3: PCI bridge to [bus 15]
[    0.295845] pci 0000:00:08.3:   bridge window [mem 0xfce00000-0xfcefffff]=

[    0.295848] pci_bus 0000:00: resource 4 [io  0x0000-0x03af window]
[    0.295849] pci_bus 0000:00: resource 5 [io  0x03e0-0x0cf7 window]
[    0.295849] pci_bus 0000:00: resource 6 [io  0x03b0-0x03df window]
[    0.295850] pci_bus 0000:00: resource 7 [io  0x0d00-0xffff window]
[    0.295850] pci_bus 0000:00: resource 8 [mem 0x000a0000-0x000dffff window=
]
[    0.295850] pci_bus 0000:00: resource 9 [mem 0x80000000-0xfcffffff window=
]
[    0.295851] pci_bus 0000:00: resource 10 [mem 0x880000000-0xffffffffff wi=
ndow]
[    0.295851] pci_bus 0000:01: resource 0 [io  0xf000-0xffff]
[    0.295852] pci_bus 0000:01: resource 1 [mem 0xfcb00000-0xfcdfffff]
[    0.295852] pci_bus 0000:01: resource 2 [mem 0xf000000000-0xf80fffffff 64=
bit pref]
[    0.295853] pci_bus 0000:02: resource 0 [io  0xf000-0xffff]
[    0.295853] pci_bus 0000:02: resource 1 [mem 0xfcb00000-0xfccfffff]
[    0.295853] pci_bus 0000:02: resource 2 [mem 0xf000000000-0xf80fffffff 64=
bit pref]
[    0.295854] pci_bus 0000:03: resource 0 [io  0xf000-0xffff]
[    0.295854] pci_bus 0000:03: resource 1 [mem 0xfcb00000-0xfccfffff]
[    0.295854] pci_bus 0000:03: resource 2 [mem 0xf000000000-0xf80fffffff 64=
bit pref]
[    0.295855] pci_bus 0000:04: resource 1 [mem 0xfcf00000-0xfcffffff]
[    0.295855] pci_bus 0000:05: resource 1 [mem 0xfbf00000-0xfc6fffff]
[    0.295855] pci_bus 0000:06: resource 1 [mem 0xfbf00000-0xfc6fffff]
[    0.295856] pci_bus 0000:08: resource 1 [mem 0xfbf00000-0xfc4fffff]
[    0.295856] pci_bus 0000:09: resource 1 [mem 0xfbf00000-0xfc4fffff]
[    0.295857] pci_bus 0000:0b: resource 1 [mem 0xfc400000-0xfc4fffff]
[    0.295857] pci_bus 0000:0c: resource 1 [mem 0xfbf00000-0xfc0fffff]
[    0.295857] pci_bus 0000:0f: resource 1 [mem 0xfc300000-0xfc3fffff]
[    0.295858] pci_bus 0000:10: resource 1 [mem 0xfc200000-0xfc2fffff]
[    0.295858] pci_bus 0000:11: resource 1 [mem 0xfc100000-0xfc1fffff]
[    0.295858] pci_bus 0000:12: resource 1 [mem 0xfc600000-0xfc6fffff]
[    0.295859] pci_bus 0000:13: resource 1 [mem 0xfc500000-0xfc5fffff]
[    0.295859] pci_bus 0000:14: resource 0 [io  0xe000-0xefff]
[    0.295859] pci_bus 0000:14: resource 1 [mem 0xfc700000-0xfcafffff]
[    0.295860] pci_bus 0000:14: resource 2 [mem 0xf820000000-0xf8301fffff 64=
bit pref]
[    0.295860] pci_bus 0000:15: resource 1 [mem 0xfce00000-0xfcefffff]
[    0.295911] pci 0000:03:00.1: D0 power state depends on 0000:03:00.0
[    0.296439] pci 0000:14:00.1: D0 power state depends on 0000:14:00.0
[    0.296558] PCI: CLS 64 bytes, default 64
[    0.296563] pci 0000:00:00.2: AMD-Vi: IOMMU performance counters supporte=
d
[    0.296581] pci 0000:00:01.0: Adding to iommu group 0
[    0.296586] Trying to unpack rootfs image as initramfs...
[    0.296586] pci 0000:00:01.1: Adding to iommu group 1
[    0.296592] pci 0000:00:01.2: Adding to iommu group 2
[    0.296599] pci 0000:00:02.0: Adding to iommu group 3
[    0.296604] pci 0000:00:02.1: Adding to iommu group 4
[    0.296610] pci 0000:00:03.0: Adding to iommu group 5
[    0.296617] pci 0000:00:04.0: Adding to iommu group 6
[    0.296625] pci 0000:00:08.0: Adding to iommu group 7
[    0.296630] pci 0000:00:08.1: Adding to iommu group 8
[    0.296634] pci 0000:00:08.3: Adding to iommu group 9
[    0.296643] pci 0000:00:14.0: Adding to iommu group 10
[    0.296647] pci 0000:00:14.3: Adding to iommu group 10
[    0.296669] pci 0000:00:18.0: Adding to iommu group 11
[    0.296673] pci 0000:00:18.1: Adding to iommu group 11
[    0.296678] pci 0000:00:18.2: Adding to iommu group 11
[    0.296682] pci 0000:00:18.3: Adding to iommu group 11
[    0.296686] pci 0000:00:18.4: Adding to iommu group 11
[    0.296690] pci 0000:00:18.5: Adding to iommu group 11
[    0.296694] pci 0000:00:18.6: Adding to iommu group 11
[    0.296698] pci 0000:00:18.7: Adding to iommu group 11
[    0.296703] pci 0000:01:00.0: Adding to iommu group 12
[    0.296708] pci 0000:02:00.0: Adding to iommu group 13
[    0.296716] pci 0000:03:00.0: Adding to iommu group 14
[    0.296724] pci 0000:03:00.1: Adding to iommu group 15
[    0.296728] pci 0000:04:00.0: Adding to iommu group 16
[    0.296735] pci 0000:05:00.0: Adding to iommu group 17
[    0.296740] pci 0000:06:00.0: Adding to iommu group 18
[    0.296745] pci 0000:06:08.0: Adding to iommu group 19
[    0.296750] pci 0000:06:0c.0: Adding to iommu group 20
[    0.296756] pci 0000:06:0d.0: Adding to iommu group 21
[    0.296759] pci 0000:08:00.0: Adding to iommu group 19
[    0.296760] pci 0000:09:00.0: Adding to iommu group 19
[    0.296762] pci 0000:09:04.0: Adding to iommu group 19
[    0.296763] pci 0000:09:05.0: Adding to iommu group 19
[    0.296764] pci 0000:09:06.0: Adding to iommu group 19
[    0.296766] pci 0000:09:07.0: Adding to iommu group 19
[    0.296767] pci 0000:09:08.0: Adding to iommu group 19
[    0.296768] pci 0000:09:0c.0: Adding to iommu group 19
[    0.296770] pci 0000:09:0d.0: Adding to iommu group 19
[    0.296772] pci 0000:0b:00.0: Adding to iommu group 19
[    0.296773] pci 0000:0c:00.0: Adding to iommu group 19
[    0.296775] pci 0000:0f:00.0: Adding to iommu group 19
[    0.296776] pci 0000:10:00.0: Adding to iommu group 19
[    0.296777] pci 0000:11:00.0: Adding to iommu group 19
[    0.296779] pci 0000:12:00.0: Adding to iommu group 20
[    0.296780] pci 0000:13:00.0: Adding to iommu group 21
[    0.296794] pci 0000:14:00.0: Adding to iommu group 22
[    0.296799] pci 0000:14:00.1: Adding to iommu group 23
[    0.296804] pci 0000:14:00.2: Adding to iommu group 24
[    0.296809] pci 0000:14:00.3: Adding to iommu group 25
[    0.296815] pci 0000:14:00.4: Adding to iommu group 26
[    0.296820] pci 0000:15:00.0: Adding to iommu group 27
[    0.298780] pci 0000:00:00.2: can't derive routing for PCI INT A
[    0.298781] pci 0000:00:00.2: PCI INT A: not connected
[    0.298855] pci 0000:00:00.2: AMD-Vi: Found IOMMU cap 0x40
[    0.298856] AMD-Vi: Extended features (0x246577efa2254afa, 0x0): PPR NX G=
T [5] IA GA PC GA_vAPIC
[    0.298859] AMD-Vi: Interrupt remapping enabled
[    0.369481] AMD-Vi: Virtual APIC enabled
[    0.369532] PCI-DMA: Using software bounce buffering for IO (SWIOTLB)
[    0.369534] software IO TLB: mapped [mem 0x0000000062ffa000-0x0000000066f=
fa000] (64MB)
[    0.369557] LVT offset 0 assigned for vector 0x400
[    0.369711] perf: AMD IBS detected (0x00000bff)
[    0.369714] amd_uncore: 16  amd_df counters detected
[    0.369717] amd_uncore: 6  amd_l3 counters detected
[    0.370155] perf/amd_iommu: Detected AMD IOMMU #0 (2 banks, 4 counters/ba=
nk).
[    0.371673] Initialise system trusted keyrings
[    0.371679] Key type blacklist registered
[    0.371696] workingset: timestamp_bits=3D36 max_order=3D23 bucket_order=3D=
0
[    0.371704] zbud: loaded
[    0.371895] integrity: Platform Keyring initialized
[    0.371897] integrity: Machine keyring initialized
[    0.373604] NET: Registered PF_ALG protocol family
[    0.373606] xor: automatically using best checksumming function   avx    =
  =20
[    0.373607] Key type asymmetric registered
[    0.373607] Asymmetric key parser 'x509' registered
[    0.500075] Freeing initrd memory: 51544K
[    0.501797] Block layer SCSI generic (bsg) driver version 0.4 loaded (maj=
or 245)
[    0.501823] io scheduler mq-deadline registered
[    0.501823] io scheduler kyber registered
[    0.501828] io scheduler bfq registered
[    0.502783] atomic64_test: passed for x86-64 platform with CX8 and with S=
SE
[    0.503649] pcieport 0000:00:01.1: PME: Signaling with IRQ 27
[    0.503727] pcieport 0000:00:01.2: PME: Signaling with IRQ 28
[    0.503803] pcieport 0000:00:02.1: PME: Signaling with IRQ 29
[    0.503884] pcieport 0000:00:08.1: PME: Signaling with IRQ 30
[    0.503946] pcieport 0000:00:08.3: PME: Signaling with IRQ 31
[    0.505168] shpchp: Standard Hot Plug PCI Controller Driver version: 0.4
[    0.505216] input: Power Button as /devices/LNXSYSTM:00/LNXSYBUS:00/PNP0C=
0C:00/input/input0
[    0.505224] ACPI: button: Power Button [PWRB]
[    0.505237] input: Power Button as /devices/LNXSYSTM:00/LNXPWRBN:00/input=
/input1
[    0.505253] ACPI: button: Power Button [PWRF]
[    0.505301] Estimated ratio of average max frequency by base frequency (t=
imes 1024): 1214
[    0.505307] Monitor-Mwait will be used to enter C-1 state
[    0.505311] ACPI: \_SB_.PLTF.C000: Found 3 idle states
[    0.505379] ACPI: \_SB_.PLTF.C002: Found 3 idle states
[    0.505438] ACPI: \_SB_.PLTF.C004: Found 3 idle states
[    0.505492] ACPI: \_SB_.PLTF.C006: Found 3 idle states
[    0.505546] ACPI: \_SB_.PLTF.C008: Found 3 idle states
[    0.505599] ACPI: \_SB_.PLTF.C00A: Found 3 idle states
[    0.505654] ACPI: \_SB_.PLTF.C00C: Found 3 idle states
[    0.505708] ACPI: \_SB_.PLTF.C00E: Found 3 idle states
[    0.505746] ACPI: \_SB_.PLTF.C010: Found 3 idle states
[    0.505786] ACPI: \_SB_.PLTF.C012: Found 3 idle states
[    0.505819] ACPI: \_SB_.PLTF.C014: Found 3 idle states
[    0.505867] ACPI: \_SB_.PLTF.C016: Found 3 idle states
[    0.505917] ACPI: \_SB_.PLTF.C018: Found 3 idle states
[    0.505973] ACPI: \_SB_.PLTF.C01A: Found 3 idle states
[    0.506025] ACPI: \_SB_.PLTF.C01C: Found 3 idle states
[    0.506079] ACPI: \_SB_.PLTF.C01E: Found 3 idle states
[    0.506118] ACPI: \_SB_.PLTF.C001: Found 3 idle states
[    0.506172] ACPI: \_SB_.PLTF.C003: Found 3 idle states
[    0.506224] ACPI: \_SB_.PLTF.C005: Found 3 idle states
[    0.506274] ACPI: \_SB_.PLTF.C007: Found 3 idle states
[    0.506326] ACPI: \_SB_.PLTF.C009: Found 3 idle states
[    0.506376] ACPI: \_SB_.PLTF.C00B: Found 3 idle states
[    0.506421] ACPI: \_SB_.PLTF.C00D: Found 3 idle states
[    0.506468] ACPI: \_SB_.PLTF.C00F: Found 3 idle states
[    0.506520] ACPI: \_SB_.PLTF.C011: Found 3 idle states
[    0.506569] ACPI: \_SB_.PLTF.C013: Found 3 idle states
[    0.506617] ACPI: \_SB_.PLTF.C015: Found 3 idle states
[    0.506661] ACPI: \_SB_.PLTF.C017: Found 3 idle states
[    0.506706] ACPI: \_SB_.PLTF.C019: Found 3 idle states
[    0.506753] ACPI: \_SB_.PLTF.C01B: Found 3 idle states
[    0.506804] ACPI: \_SB_.PLTF.C01D: Found 3 idle states
[    0.506848] ACPI: \_SB_.PLTF.C01F: Found 3 idle states
[    0.506975] Serial: 8250/16550 driver, 32 ports, IRQ sharing enabled
[    0.507062] serial8250: ttyS0 at I/O 0x3f8 (irq =3D 4, base_baud =3D 1152=
00) is a 16550A
[    0.507544] Non-volatile memory driver v1.3
[    0.507546] Linux agpgart interface v0.103
[    0.532614] ACPI: bus type drm_connector registered
[    0.533307] ahci 0000:11:00.0: version 3.0
[    0.533378] ahci 0000:11:00.0: SSS flag set, parallel bus scan disabled
[    0.533414] ahci 0000:11:00.0: AHCI 0001.0301 32 slots 6 ports 6 Gbps 0xf=
 impl SATA mode
[    0.533415] ahci 0000:11:00.0: flags: 64bit ncq sntf stag pm led clo only=
 pmp pio slum part sxs deso sadm sds apst=20
[    0.533582] scsi host0: ahci
[    0.533630] scsi host1: ahci
[    0.533669] scsi host2: ahci
[    0.533705] scsi host3: ahci
[    0.533739] scsi host4: ahci
[    0.533775] scsi host5: ahci
[    0.533789] ata1: SATA max UDMA/133 abar m1024@0xfc180000 port 0xfc180100=
 irq 45
[    0.533791] ata2: SATA max UDMA/133 abar m1024@0xfc180000 port 0xfc180180=
 irq 45
[    0.533794] ata3: SATA max UDMA/133 abar m1024@0xfc180000 port 0xfc180200=
 irq 45
[    0.533794] ata4: SATA max UDMA/133 abar m1024@0xfc180000 port 0xfc180280=
 irq 45
[    0.533796] ata5: DUMMY
[    0.533796] ata6: DUMMY
[    0.533860] ahci 0000:13:00.0: SSS flag set, parallel bus scan disabled
[    0.533883] ahci 0000:13:00.0: AHCI 0001.0301 32 slots 6 ports 6 Gbps 0xf=
 impl SATA mode
[    0.533884] ahci 0000:13:00.0: flags: 64bit ncq sntf stag pm led clo only=
 pmp pio slum part sxs deso sadm sds apst=20
[    0.534039] scsi host6: ahci
[    0.534077] scsi host7: ahci
[    0.534110] scsi host8: ahci
[    0.534144] scsi host9: ahci
[    0.534179] scsi host10: ahci
[    0.534216] scsi host11: ahci
[    0.534228] ata7: SATA max UDMA/133 abar m1024@0xfc580000 port 0xfc580100=
 irq 46
[    0.534229] ata8: SATA max UDMA/133 abar m1024@0xfc580000 port 0xfc580180=
 irq 46
[    0.534230] ata9: SATA max UDMA/133 abar m1024@0xfc580000 port 0xfc580200=
 irq 46
[    0.534231] ata10: SATA max UDMA/133 abar m1024@0xfc580000 port 0xfc58028=
0 irq 46
[    0.534232] ata11: DUMMY
[    0.534232] ata12: DUMMY
[    0.534371] xhci_hcd 0000:10:00.0: xHCI Host Controller
[    0.534383] xhci_hcd 0000:10:00.0: new USB bus registered, assigned bus n=
umber 1
[    0.590363] xhci_hcd 0000:10:00.0: hcc params 0x0200ef81 hci version 0x11=
0 quirks 0x0000000000000410
[    0.590682] xhci_hcd 0000:10:00.0: xHCI Host Controller
[    0.590694] xhci_hcd 0000:10:00.0: new USB bus registered, assigned bus n=
umber 2
[    0.590695] xhci_hcd 0000:10:00.0: Host supports USB 3.2 Enhanced SuperSp=
eed
[    0.591272] usb usb1: New USB device found, idVendor=3D1d6b, idProduct=3D=
0002, bcdDevice=3D 6.03
[    0.591273] usb usb1: New USB device strings: Mfr=3D3, Product=3D2, Seria=
lNumber=3D1
[    0.591273] usb usb1: Product: xHCI Host Controller
[    0.591274] usb usb1: Manufacturer: Linux 6.3.11-200.fc38.x86_64 xhci-hcd=

[    0.591274] usb usb1: SerialNumber: 0000:10:00.0
[    0.591320] hub 1-0:1.0: USB hub found
[    0.591333] hub 1-0:1.0: 12 ports detected
[    0.591939] usb usb2: We don't know the algorithms for LPM for this host,=
 disabling LPM.
[    0.591945] usb usb2: New USB device found, idVendor=3D1d6b, idProduct=3D=
0003, bcdDevice=3D 6.03
[    0.591946] usb usb2: New USB device strings: Mfr=3D3, Product=3D2, Seria=
lNumber=3D1
[    0.591947] usb usb2: Product: xHCI Host Controller
[    0.591947] usb usb2: Manufacturer: Linux 6.3.11-200.fc38.x86_64 xhci-hcd=

[    0.591947] usb usb2: SerialNumber: 0000:10:00.0
[    0.591971] hub 2-0:1.0: USB hub found
[    0.591977] hub 2-0:1.0: 5 ports detected
[    0.592264] xhci_hcd 0000:12:00.0: xHCI Host Controller
[    0.592275] xhci_hcd 0000:12:00.0: new USB bus registered, assigned bus n=
umber 3
[    0.648253] xhci_hcd 0000:12:00.0: hcc params 0x0200ef81 hci version 0x11=
0 quirks 0x0000000000000410
[    0.648517] xhci_hcd 0000:12:00.0: xHCI Host Controller
[    0.648527] xhci_hcd 0000:12:00.0: new USB bus registered, assigned bus n=
umber 4
[    0.648529] xhci_hcd 0000:12:00.0: Host supports USB 3.2 Enhanced SuperSp=
eed
[    0.649164] usb usb3: New USB device found, idVendor=3D1d6b, idProduct=3D=
0002, bcdDevice=3D 6.03
[    0.649165] usb usb3: New USB device strings: Mfr=3D3, Product=3D2, Seria=
lNumber=3D1
[    0.649165] usb usb3: Product: xHCI Host Controller
[    0.649166] usb usb3: Manufacturer: Linux 6.3.11-200.fc38.x86_64 xhci-hcd=

[    0.649166] usb usb3: SerialNumber: 0000:12:00.0
[    0.649212] hub 3-0:1.0: USB hub found
[    0.649221] hub 3-0:1.0: 12 ports detected
[    0.649787] usb usb4: We don't know the algorithms for LPM for this host,=
 disabling LPM.
[    0.649792] usb usb4: New USB device found, idVendor=3D1d6b, idProduct=3D=
0003, bcdDevice=3D 6.03
[    0.649793] usb usb4: New USB device strings: Mfr=3D3, Product=3D2, Seria=
lNumber=3D1
[    0.649793] usb usb4: Product: xHCI Host Controller
[    0.649794] usb usb4: Manufacturer: Linux 6.3.11-200.fc38.x86_64 xhci-hcd=

[    0.649794] usb usb4: SerialNumber: 0000:12:00.0
[    0.649817] hub 4-0:1.0: USB hub found
[    0.649821] hub 4-0:1.0: 5 ports detected
[    0.650088] xhci_hcd 0000:14:00.3: xHCI Host Controller
[    0.650099] xhci_hcd 0000:14:00.3: new USB bus registered, assigned bus n=
umber 5
[    0.650426] xhci_hcd 0000:14:00.3: hcc params 0x0120ffc5 hci version 0x12=
0 quirks 0x0000000200000410
[    0.650701] xhci_hcd 0000:14:00.3: xHCI Host Controller
[    0.650711] xhci_hcd 0000:14:00.3: new USB bus registered, assigned bus n=
umber 6
[    0.650711] xhci_hcd 0000:14:00.3: Host supports USB 3.1 Enhanced SuperSp=
eed
[    0.650721] usb usb5: New USB device found, idVendor=3D1d6b, idProduct=3D=
0002, bcdDevice=3D 6.03
[    0.650722] usb usb5: New USB device strings: Mfr=3D3, Product=3D2, Seria=
lNumber=3D1
[    0.650723] usb usb5: Product: xHCI Host Controller
[    0.650723] usb usb5: Manufacturer: Linux 6.3.11-200.fc38.x86_64 xhci-hcd=

[    0.650724] usb usb5: SerialNumber: 0000:14:00.3
[    0.650749] hub 5-0:1.0: USB hub found
[    0.650751] hub 5-0:1.0: 2 ports detected
[    0.650887] usb usb6: We don't know the algorithms for LPM for this host,=
 disabling LPM.
[    0.650892] usb usb6: New USB device found, idVendor=3D1d6b, idProduct=3D=
0003, bcdDevice=3D 6.03
[    0.650893] usb usb6: New USB device strings: Mfr=3D3, Product=3D2, Seria=
lNumber=3D1
[    0.650893] usb usb6: Product: xHCI Host Controller
[    0.650893] usb usb6: Manufacturer: Linux 6.3.11-200.fc38.x86_64 xhci-hcd=

[    0.650894] usb usb6: SerialNumber: 0000:14:00.3
[    0.650915] hub 6-0:1.0: USB hub found
[    0.650917] hub 6-0:1.0: 2 ports detected
[    0.651050] xhci_hcd 0000:14:00.4: xHCI Host Controller
[    0.651063] xhci_hcd 0000:14:00.4: new USB bus registered, assigned bus n=
umber 7
[    0.651410] xhci_hcd 0000:14:00.4: hcc params 0x0120ffc5 hci version 0x12=
0 quirks 0x0000000200000410
[    0.651662] xhci_hcd 0000:14:00.4: xHCI Host Controller
[    0.651672] xhci_hcd 0000:14:00.4: new USB bus registered, assigned bus n=
umber 8
[    0.651672] xhci_hcd 0000:14:00.4: Host supports USB 3.1 Enhanced SuperSp=
eed
[    0.651682] usb usb7: New USB device found, idVendor=3D1d6b, idProduct=3D=
0002, bcdDevice=3D 6.03
[    0.651682] usb usb7: New USB device strings: Mfr=3D3, Product=3D2, Seria=
lNumber=3D1
[    0.651683] usb usb7: Product: xHCI Host Controller
[    0.651683] usb usb7: Manufacturer: Linux 6.3.11-200.fc38.x86_64 xhci-hcd=

[    0.651683] usb usb7: SerialNumber: 0000:14:00.4
[    0.651707] hub 7-0:1.0: USB hub found
[    0.651709] hub 7-0:1.0: 2 ports detected
[    0.651822] usb usb8: We don't know the algorithms for LPM for this host,=
 disabling LPM.
[    0.651827] usb usb8: New USB device found, idVendor=3D1d6b, idProduct=3D=
0003, bcdDevice=3D 6.03
[    0.651828] usb usb8: New USB device strings: Mfr=3D3, Product=3D2, Seria=
lNumber=3D1
[    0.651828] usb usb8: Product: xHCI Host Controller
[    0.651829] usb usb8: Manufacturer: Linux 6.3.11-200.fc38.x86_64 xhci-hcd=

[    0.651829] usb usb8: SerialNumber: 0000:14:00.4
[    0.651849] hub 8-0:1.0: USB hub found
[    0.651851] hub 8-0:1.0: 2 ports detected
[    0.651982] xhci_hcd 0000:15:00.0: xHCI Host Controller
[    0.651991] xhci_hcd 0000:15:00.0: new USB bus registered, assigned bus n=
umber 9
[    0.653261] xhci_hcd 0000:15:00.0: USB3 root hub has no ports
[    0.653263] xhci_hcd 0000:15:00.0: hcc params 0x0110ffc5 hci version 0x12=
0 quirks 0x0000000200000410
[    0.653537] xhci_hcd 0000:15:00.0: xHCI Host Controller
[    0.653545] xhci_hcd 0000:15:00.0: new USB bus registered, assigned bus n=
umber 10
[    0.653545] xhci_hcd 0000:15:00.0: Host supports USB 3.0 SuperSpeed
[    0.653560] usb usb9: New USB device found, idVendor=3D1d6b, idProduct=3D=
0002, bcdDevice=3D 6.03
[    0.653560] usb usb9: New USB device strings: Mfr=3D3, Product=3D2, Seria=
lNumber=3D1
[    0.653561] usb usb9: Product: xHCI Host Controller
[    0.653561] usb usb9: Manufacturer: Linux 6.3.11-200.fc38.x86_64 xhci-hcd=

[    0.653561] usb usb9: SerialNumber: 0000:15:00.0
[    0.653587] hub 9-0:1.0: USB hub found
[    0.653589] hub 9-0:1.0: 1 port detected
[    0.653654] usb usb10: We don't know the algorithms for LPM for this host=
, disabling LPM.
[    0.653659] usb usb10: New USB device found, idVendor=3D1d6b, idProduct=3D=
0003, bcdDevice=3D 6.03
[    0.653660] usb usb10: New USB device strings: Mfr=3D3, Product=3D2, Seri=
alNumber=3D1
[    0.653660] usb usb10: Product: xHCI Host Controller
[    0.653660] usb usb10: Manufacturer: Linux 6.3.11-200.fc38.x86_64 xhci-hc=
d
[    0.653661] usb usb10: SerialNumber: 0000:15:00.0
[    0.653682] hub 10-0:1.0: USB hub found
[    0.653683] hub 10-0:1.0: config failed, hub doesn't have any ports! (err=
 -19)
[    0.653699] usbcore: registered new interface driver usbserial_generic
[    0.653701] usbserial: USB Serial support registered for generic
[    0.653710] i8042: PNP: No PS/2 controller found.
[    0.653719] mousedev: PS/2 mouse device common for all mice
[    0.653745] rtc_cmos 00:02: RTC can wake from S4
[    0.653884] rtc_cmos 00:02: registered as rtc0
[    0.653906] rtc_cmos 00:02: setting system clock to 2023-07-06T20:10:50 U=
TC (1688674250)
[    0.653919] rtc_cmos 00:02: alarms up to one month, y3k, 114 bytes nvram,=
 hpet irqs
[    0.653927] device-mapper: core: CONFIG_IMA_DISABLE_HTABLE is disabled. D=
uplicate IMA measurements will not be recorded in the IMA log.
[    0.653929] device-mapper: uevent: version 1.0.3
[    0.653945] device-mapper: ioctl: 4.47.0-ioctl (2022-07-28) initialised: d=
m-devel@redhat.com
[    0.653974] amd_pstate: driver load is disabled, boot with specific mode t=
o enable this
[    0.654104] [drm] Initialized simpledrm 1.0.0 20200625 for simple-framebu=
ffer.0 on minor 0
[    0.654479] fbcon: Deferring console take-over
[    0.654480] simple-framebuffer simple-framebuffer.0: [drm] fb0: simpledrm=
drmfb frame buffer device
[    0.654505] hid: raw HID events driver (C) Jiri Kosina
[    0.654519] usbcore: registered new interface driver usbhid
[    0.654520] usbhid: USB HID core driver
[    0.654610] drop_monitor: Initializing network drop monitor service
[    0.660054] Initializing XFRM netlink socket
[    0.660063] NET: Registered PF_INET6 protocol family
[    0.661758] Segment Routing with IPv6
[    0.661759] RPL Segment Routing with IPv6
[    0.661761] In-situ OAM (IOAM) with IPv6
[    0.661768] mip6: Mobile IPv6
[    0.661769] NET: Registered PF_PACKET protocol family
[    0.662716] microcode: CPU1: patch_level=3D0x0a601203
[    0.662716] microcode: CPU0: patch_level=3D0x0a601203
[    0.662717] microcode: CPU2: patch_level=3D0x0a601203
[    0.662717] microcode: CPU3: patch_level=3D0x0a601203
[    0.662717] microcode: CPU4: patch_level=3D0x0a601203
[    0.662718] microcode: CPU5: patch_level=3D0x0a601203
[    0.662718] microcode: CPU8: patch_level=3D0x0a601203
[    0.662718] microcode: CPU9: patch_level=3D0x0a601203
[    0.662718] microcode: CPU6: patch_level=3D0x0a601203
[    0.662719] microcode: CPU7: patch_level=3D0x0a601203
[    0.662719] microcode: CPU13: patch_level=3D0x0a601203
[    0.662719] microcode: CPU14: patch_level=3D0x0a601203
[    0.662720] microcode: CPU12: patch_level=3D0x0a601203
[    0.662719] microcode: CPU11: patch_level=3D0x0a601203
[    0.662720] microcode: CPU15: patch_level=3D0x0a601203
[    0.662721] microcode: CPU16: patch_level=3D0x0a601203
[    0.662722] microcode: CPU17: patch_level=3D0x0a601203
[    0.662722] microcode: CPU18: patch_level=3D0x0a601203
[    0.662723] microcode: CPU19: patch_level=3D0x0a601203
[    0.662723] microcode: CPU20: patch_level=3D0x0a601203
[    0.662724] microcode: CPU21: patch_level=3D0x0a601203
[    0.662725] microcode: CPU22: patch_level=3D0x0a601203
[    0.662726] microcode: CPU25: patch_level=3D0x0a601203
[    0.662726] microcode: CPU24: patch_level=3D0x0a601203
[    0.662726] microcode: CPU23: patch_level=3D0x0a601203
[    0.662727] microcode: CPU26: patch_level=3D0x0a601203
[    0.662727] microcode: CPU28: patch_level=3D0x0a601203
[    0.662727] microcode: CPU27: patch_level=3D0x0a601203
[    0.662728] microcode: CPU10: patch_level=3D0x0a601203
[    0.662728] microcode: CPU29: patch_level=3D0x0a601203
[    0.662728] microcode: CPU30: patch_level=3D0x0a601203
[    0.662729] microcode: CPU31: patch_level=3D0x0a601203
[    0.662755] microcode: Microcode Update Driver: v2.2.
[    0.662887] resctrl: L3 allocation detected
[    0.662888] resctrl: MB allocation detected
[    0.662888] resctrl: SMBA allocation detected
[    0.662888] resctrl: L3 monitoring detected
[    0.662890] IPI shorthand broadcast: enabled
[    0.662893] AVX2 version of gcm_enc/dec engaged.
[    0.663003] AES CTR mode by8 optimization enabled
[    0.663541] sched_clock: Marking stable (661581643, 1302118)->(700635712,=
 -37751951)
[    0.663921] registered taskstats version 1
[    0.664191] Loading compiled-in X.509 certificates
[    0.668144] Loaded X.509 cert 'Fedora kernel signing key: 0051eda10f5b2ef=
a45b5ee9ab5488aa75690e61c'
[    0.668389] zswap: loaded using pool lzo/zbud
[    0.669221] page_owner is disabled
[    0.669245] Key type .fscrypt registered
[    0.669246] Key type fscrypt-provisioning registered
[    0.669385] Btrfs loaded, crc32c=3Dcrc32c-generic, zoned=3Dyes, fsverity=3D=
yes
[    0.669391] Key type big_key registered
[    0.669575] Key type trusted registered
[    0.670592] Key type encrypted registered
[    0.670637] integrity: Loading X.509 certificate: UEFI:db
[    0.674108] integrity: Loaded X.509 cert 'ASUSTeK MotherBoard SW Key Cert=
ificate: da83b990422ebc8c441f8d8b039a65a2'
[    0.674109] integrity: Loading X.509 certificate: UEFI:db
[    0.674180] integrity: Loaded X.509 cert 'ASUSTeK Notebook SW Key Certifi=
cate: b8e581e4df77a5bb4282d5ccfc00c071'
[    0.674181] integrity: Loading X.509 certificate: UEFI:db
[    0.674188] integrity: Loaded X.509 cert 'Microsoft Corporation UEFI CA 2=
011: 13adbf4309bd82709c8cd54f316ed522988a1bd4'
[    0.674188] integrity: Loading X.509 certificate: UEFI:db
[    0.674195] integrity: Loaded X.509 cert 'Microsoft Windows Production PC=
A 2011: a92902398e16c49778cd90f99e4f9ae17c55af53'
[    0.674195] integrity: Loading X.509 certificate: UEFI:db
[    0.674306] integrity: Loaded X.509 cert 'Canonical Ltd. Master Certifica=
te Authority: ad91990bc22ab1f517048c23b6655a268e345a63'
[    0.675031] integrity: Loading X.509 certificate: UEFI:MokListRT (MOKvar t=
able)
[    0.675138] integrity: Loaded X.509 cert 'Fedora Secure Boot CA: fde32599=
c2d61db1bf5807335d7b20e4cd963b42'
[    0.675141] Loading compiled-in module X.509 certificates
[    0.675382] Loaded X.509 cert 'Fedora kernel signing key: 0051eda10f5b2ef=
a45b5ee9ab5488aa75690e61c'
[    0.675383] ima: Allocated hash algorithm: sha256
[    0.707759] audit: type=3D1807 audit(1688674250.552:2): action=3Dmeasure f=
unc=3DKEXEC_KERNEL_CHECK res=3D1
[    0.707761] audit: type=3D1807 audit(1688674250.552:3): action=3Dmeasure f=
unc=3DMODULE_CHECK res=3D1
[    0.707762] evm: Initialising EVM extended attributes:
[    0.707762] evm: security.selinux
[    0.707763] evm: security.SMACK64 (disabled)
[    0.707763] evm: security.SMACK64EXEC (disabled)
[    0.707763] evm: security.SMACK64TRANSMUTE (disabled)
[    0.707763] evm: security.SMACK64MMAP (disabled)
[    0.707764] evm: security.apparmor (disabled)
[    0.707764] evm: security.ima
[    0.707764] evm: security.capability
[    0.707764] evm: HMAC attrs: 0x1
[    0.723180] alg: No test for 842 (842-scomp)
[    0.723195] alg: No test for 842 (842-generic)
[    0.773920] PM:   Magic number: 15:195:194
[    0.775452] RAS: Correctable Errors collector initialized.
[    0.775464] Lockdown: swapper/0: hibernation is restricted; see man kerne=
l_lockdown.7
[    0.840972] ata7: SATA link down (SStatus 0 SControl 300)
[    0.846611] ata1: SATA link down (SStatus 0 SControl 330)
[    0.894662] usb 7-2: new full-speed USB device number 2 using xhci_hcd
[    0.932415] usb 1-2: new full-speed USB device number 2 using xhci_hcd
[    0.948620] usb 3-5: new high-speed USB device number 2 using xhci_hcd
[    1.046790] usb 7-2: New USB device found, idVendor=3D3151, idProduct=3D4=
003, bcdDevice=3D 3.01
[    1.046791] usb 7-2: New USB device strings: Mfr=3D1, Product=3D2, Serial=
Number=3D0
[    1.046792] usb 7-2: Product: Akko Keyboard
[    1.046792] usb 7-2: Manufacturer: ROYUAN
[    1.058739] input: ROYUAN Akko Keyboard as /devices/pci0000:00/0000:00:08=
.1/0000:14:00.4/usb7/7-2/7-2:1.0/0003:3151:4003.0001/input/input2
[    1.110379] hid-generic 0003:3151:4003.0001: input,hidraw0: USB HID v1.11=
 Keyboard [ROYUAN Akko Keyboard] on usb-0000:14:00.4-2/input0
[    1.113740] input: ROYUAN Akko Keyboard Consumer Control as /devices/pci0=
000:00/0000:00:08.1/0000:14:00.4/usb7/7-2/7-2:1.1/0003:3151:4003.0002/input/=
input3
[    1.156385] ata2: SATA link down (SStatus 0 SControl 330)
[    1.165374] input: ROYUAN Akko Keyboard System Control as /devices/pci000=
0:00/0000:00:08.1/0000:14:00.4/usb7/7-2/7-2:1.1/0003:3151:4003.0002/input/in=
put4
[    1.165404] input: ROYUAN Akko Keyboard as /devices/pci0000:00/0000:00:08=
.1/0000:14:00.4/usb7/7-2/7-2:1.1/0003:3151:4003.0002/input/input5
[    1.165425] input: ROYUAN Akko Keyboard Mouse as /devices/pci0000:00/0000=
:00:08.1/0000:14:00.4/usb7/7-2/7-2:1.1/0003:3151:4003.0002/input/input6
[    1.165452] input: ROYUAN Akko Keyboard as /devices/pci0000:00/0000:00:08=
.1/0000:14:00.4/usb7/7-2/7-2:1.1/0003:3151:4003.0002/input/input7
[    1.165501] hid-generic 0003:3151:4003.0002: input,hiddev96,hidraw1: USB H=
ID v1.11 Keyboard [ROYUAN Akko Keyboard] on usb-0000:14:00.4-2/input1
[    1.175033] usb 3-5: New USB device found, idVendor=3D05e3, idProduct=3D0=
610, bcdDevice=3D70.31
[    1.175034] usb 3-5: New USB device strings: Mfr=3D1, Product=3D2, Serial=
Number=3D0
[    1.175035] usb 3-5: Product: USB2.1 Hub
[    1.175036] usb 3-5: Manufacturer: GenesysLogic
[    1.183067] hub 3-5:1.0: USB hub found
[    1.187021] hub 3-5:1.0: 4 ports detected
[    1.272561] usb 4-5: new SuperSpeed Plus Gen 2x1 USB device number 2 usin=
g xhci_hcd
[    1.288822] usb 4-5: New USB device found, idVendor=3D05e3, idProduct=3D0=
625, bcdDevice=3D70.31
[    1.288825] usb 4-5: New USB device strings: Mfr=3D1, Product=3D2, Serial=
Number=3D0
[    1.288826] usb 4-5: Product: USB3.2 Hub
[    1.288827] usb 4-5: Manufacturer: GenesysLogic
[    1.295378] hub 4-5:1.0: USB hub found
[    1.295657] hub 4-5:1.0: 4 ports detected
[    1.304828] usb 1-2: New USB device found, idVendor=3D046d, idProduct=3Dc=
095, bcdDevice=3D27.00
[    1.304830] usb 1-2: New USB device strings: Mfr=3D1, Product=3D2, Serial=
Number=3D3
[    1.304830] usb 1-2: Product: G502 X PLUS
[    1.304831] usb 1-2: Manufacturer: Logitech
[    1.304831] usb 1-2: SerialNumber: A1E093D3
[    1.329934] input: Logitech G502 X PLUS as /devices/pci0000:00/0000:00:02=
.1/0000:05:00.0/0000:06:08.0/0000:08:00.0/0000:09:0c.0/0000:10:00.0/usb1/1-2=
/1-2:1.0/0003:046D:C095.0003/input/input8
[    1.330005] hid-generic 0003:046D:C095.0003: input,hidraw2: USB HID v1.11=
 Mouse [Logitech G502 X PLUS] on usb-0000:10:00.0-2/input0
[    1.339000] input: Logitech G502 X PLUS Keyboard as /devices/pci0000:00/0=
000:00:02.1/0000:05:00.0/0000:06:08.0/0000:08:00.0/0000:09:0c.0/0000:10:00.0=
/usb1/1-2/1-2:1.1/0003:046D:C095.0004/input/input9
[    1.390595] hid-generic 0003:046D:C095.0004: input,hidraw3: USB HID v1.11=
 Keyboard [Logitech G502 X PLUS] on usb-0000:10:00.0-2/input1
[    1.396336] tsc: Refined TSC clocksource calibration: 4199.978 MHz
[    1.396342] clocksource: tsc: mask: 0xffffffffffffffff max_cycles: 0x3c8a=
4cbe93a, max_idle_ns: 440795327229 ns
[    1.396380] clocksource: Switched to clocksource tsc
[    1.397663] hid-generic 0003:046D:C095.0005: hiddev97,hidraw4: USB HID v1=
.11 Device [Logitech G502 X PLUS] on usb-0000:10:00.0-2/input2
[    1.462709] usb 3-6: new high-speed USB device number 3 using xhci_hcd
[    1.468026] ata3: SATA link down (SStatus 0 SControl 330)
[    1.573541] usb 1-4: new high-speed USB device number 3 using xhci_hcd
[    1.782055] ata4: SATA link down (SStatus 0 SControl 330)
[    1.927318] usb 1-4: New USB device found, idVendor=3D046d, idProduct=3D0=
ab7, bcdDevice=3D 0.20
[    1.927323] usb 1-4: New USB device strings: Mfr=3D3, Product=3D1, Serial=
Number=3D2
[    1.927324] usb 1-4: Product: Blue Microphones
[    1.927325] usb 1-4: Manufacturer: Generic
[    1.927326] usb 1-4: SerialNumber: 2149BAH07JQ8
[    1.974181] input: Generic Blue Microphones Consumer Control as /devices/=
pci0000:00/0000:00:02.1/0000:05:00.0/0000:06:08.0/0000:08:00.0/0000:09:0c.0/=
0000:10:00.0/usb1/1-4/1-4:1.3/0003:046D:0AB7.0006/input/input10
[    2.025642] input: Generic Blue Microphones as /devices/pci0000:00/0000:0=
0:02.1/0000:05:00.0/0000:06:08.0/0000:08:00.0/0000:09:0c.0/0000:10:00.0/usb1=
/1-4/1-4:1.3/0003:046D:0AB7.0006/input/input11
[    2.025697] hid-generic 0003:046D:0AB7.0006: input,hiddev98,hidraw5: USB H=
ID v1.11 Device [Generic Blue Microphones] on usb-0000:10:00.0-4/input3
[    2.094517] ata8: SATA link down (SStatus 0 SControl 300)
[    2.202564] usb 1-9: new full-speed USB device number 4 using xhci_hcd
[    2.406546] ata9: SATA link down (SStatus 0 SControl 300)
[    2.582815] usb 1-9: New USB device found, idVendor=3D8087, idProduct=3D0=
032, bcdDevice=3D 0.00
[    2.582820] usb 1-9: New USB device strings: Mfr=3D0, Product=3D0, Serial=
Number=3D0
[    2.718542] ata10: SATA link down (SStatus 0 SControl 300)
[    2.719153] Freeing unused decrypted memory: 2036K
[    2.719405] Freeing unused kernel image (initmem) memory: 4460K
[    2.719407] Write protecting the kernel read-only data: 32768k
[    2.719527] Freeing unused kernel image (rodata/data gap) memory: 192K
[    2.736961] x86/mm: Checked W+X mappings: passed, no W+X pages found.
[    2.736964] Run /init as init process
[    2.736965]   with arguments:
[    2.736965]     /init
[    2.736966]     rhgb
[    2.736966]   with environment:
[    2.736966]     HOME=3D/
[    2.736967]     TERM=3Dlinux
[    2.736967]     BOOT_IMAGE=3D(hd1,gpt2)/vmlinuz-6.3.11-200.fc38.x86_64
[    2.742887] systemd[1]: systemd 253.5-1.fc38 running in system mode (+PAM=
 +AUDIT +SELINUX -APPARMOR +IMA +SMACK +SECCOMP -GCRYPT +GNUTLS +OPENSSL +AC=
L +BLKID +CURL +ELFUTILS +FIDO2 +IDN2 -IDN -IPTC +KMOD +LIBCRYPTSETUP +LIBFD=
ISK +PCRE2 +PWQUALITY +P11KIT +QRENCODE +TPM2 +BZIP2 +LZ4 +XZ +ZLIB +ZSTD +B=
PF_FRAMEWORK +XKBCOMMON +UTMP +SYSVINIT default-hierarchy=3Dunified)
[    2.742889] systemd[1]: Detected architecture x86-64.
[    2.742890] systemd[1]: Running in initrd.
[    2.742928] systemd[1]: No hostname configured, using default hostname.
[    2.742946] systemd[1]: Hostname set to <fedora>.
[    2.789475] systemd[1]: bpf-lsm: LSM BPF program attached
[    2.811215] systemd[1]: Queued start job for default target initrd.target=
.
[    2.828474] systemd[1]: Reached target initrd-usr-fs.target - Initrd /usr=
 File System.
[    2.828502] systemd[1]: Reached target local-fs.target - Local File Syste=
ms.
[    2.828512] systemd[1]: Reached target slices.target - Slice Units.
[    2.828521] systemd[1]: Reached target swap.target - Swaps.
[    2.828527] systemd[1]: Reached target timers.target - Timer Units.
[    2.828571] systemd[1]: Listening on dbus.socket - D-Bus System Message B=
us Socket.
[    2.828617] systemd[1]: Listening on systemd-journald-dev-log.socket - Jo=
urnal Socket (/dev/log).
[    2.828659] systemd[1]: Listening on systemd-journald.socket - Journal So=
cket.
[    2.828705] systemd[1]: Listening on systemd-udevd-control.socket - udev C=
ontrol Socket.
[    2.828739] systemd[1]: Listening on systemd-udevd-kernel.socket - udev K=
ernel Socket.
[    2.828745] systemd[1]: Reached target sockets.target - Socket Units.
[    2.829238] systemd[1]: Starting kmod-static-nodes.service - Create List o=
f Static Device Nodes...
[    2.829263] systemd[1]: memstrack.service - Memstrack Anylazing Service w=
as skipped because no trigger condition checks were met.
[    2.830126] systemd[1]: Starting systemd-journald.service - Journal Servi=
ce...
[    2.830434] systemd[1]: Starting systemd-modules-load.service - Load Kern=
el Modules...
[    2.830678] systemd[1]: Starting systemd-sysusers.service - Create System=
 Users...
[    2.830957] systemd[1]: Starting systemd-vconsole-setup.service - Setup V=
irtual Console...
[    2.834484] systemd-journald[481]: Collecting audit messages is disabled.=

[    2.839746] fuse: init (API version 7.38)
[    2.846392] systemd[1]: Finished kmod-static-nodes.service - Create List o=
f Static Device Nodes.
[    2.866387] systemd[1]: Finished systemd-modules-load.service - Load Kern=
el Modules.
[    2.866450] systemd[1]: Started systemd-journald.service - Journal Servic=
e.
[    3.083920] acpi PNP0C14:03: duplicate WMI GUID 97845ED0-4E6D-11DE-8A39-0=
800200C9A66 (first instance was on PNP0C14:00)
[    3.086363] ACPI: video: Video Device [VGA] (multi-head: yes  rom: no  po=
st: no)
[    3.087946] input: Video Bus as /devices/LNXSYSTM:00/LNXSYBUS:00/PNP0A08:=
00/device:20/LNXVIDEO:00/input/input12
[    3.092287] sp5100_tco: SP5100/SB800 TCO WatchDog Timer Driver
[    3.092351] sp5100-tco sp5100-tco: Using 0xfeb00000 for watchdog MMIO add=
ress
[    3.092392] sp5100-tco sp5100-tco: initialized. heartbeat=3D60 sec (noway=
out=3D0)
[    3.093695] Intel(R) 2.5G Ethernet Linux Driver
[    3.093697] Copyright(c) 2018 Intel Corporation.
[    3.093775] igc 0000:0c:00.0: PCIe PTM not supported by PCIe bus/controll=
er
[    3.097634] ccp 0000:14:00.2: enabling device (0000 -> 0002)
[    3.099569] nvme nvme1: pci function 0000:0f:00.0
[    3.099971] nvme nvme0: pci function 0000:04:00.0
[    3.104861] nvme nvme0: missing or invalid SUBNQN field.
[    3.107899] ccp 0000:14:00.2: tee enabled
[    3.107905] ccp 0000:14:00.2: psp enabled
[    3.129784] nvme nvme0: allocated 32 MiB host memory buffer.
[    3.142621] pps pps0: new PPS source ptp0
[    3.142643] igc 0000:0c:00.0 (unnamed net_device) (uninitialized): PHC ad=
ded
[    3.166703] nvme nvme0: 8/0/0 default/read/poll queues
[    3.169323] nvme nvme0: Ignoring bogus Namespace Identifiers
[    3.169464] igc 0000:0c:00.0: 4.000 Gb/s available PCIe bandwidth (5.0 GT=
/s PCIe x1 link)
[    3.169466] igc 0000:0c:00.0 eth0: MAC: a0:36:bc:ac:c1:34
[    3.170524]  nvme0n1:
[    3.192057] nvme nvme1: missing or invalid SUBNQN field.
[    3.250160] nvme nvme1: allocated 128 MiB host memory buffer.
[    3.339997] nvme nvme1: 8/0/0 default/read/poll queues
[    3.346796] nvme nvme1: Ignoring bogus Namespace Identifiers
[    3.350024]  nvme1n1: p1 p2 p3
[    3.351499] igc 0000:0c:00.0 eno1: renamed from eth0
[    3.351740] AMD-Vi: AMD IOMMUv2 loaded and initialized
[    3.356334] BTRFS: device label fedora_localhost-live devid 1 transid 176=
 /dev/nvme1n1p3 scanned by (udev-worker) (659)
[    3.765996] usb 3-6: New USB device found, idVendor=3D0b05, idProduct=3D1=
a52, bcdDevice=3D 0.05
[    3.766000] usb 3-6: New USB device strings: Mfr=3D3, Product=3D1, Serial=
Number=3D0
[    3.766002] usb 3-6: Product: USB Audio
[    3.766003] usb 3-6: Manufacturer: Generic
[    3.822115] hid-generic 0003:0B05:1A52.0007: hiddev99,hidraw6: USB HID v1=
.11 Device [Generic USB Audio] on usb-0000:12:00.0-6/input7
[    3.997314] usb 3-7: new full-speed USB device number 4 using xhci_hcd
[    4.127430] [drm] amdgpu kernel modesetting enabled.
[    4.127442] amdgpu: vga_switcheroo: detected switching method \_SB_.PCI0.=
GP17.VGA_.ATPX handle
[    4.127492] ATPX version 1, functions 0x00000000
[    4.129698] amdgpu: Ignoring ACPI CRAT on non-APU system
[    4.129700] amdgpu: Virtual CRAT table created for CPU
[    4.129704] amdgpu: Topology: Add CPU node
[    4.129761] amdgpu 0000:03:00.0: enabling device (0006 -> 0007)
[    4.129778] [drm] initializing kernel modesetting (IP DISCOVERY 0x1002:0x=
744C 0x1EAE:0x7901 0xC8).
[    4.129783] [drm] register mmio base: 0xFCB00000
[    4.129783] [drm] register mmio size: 1048576
[    4.131524] [drm] add ip block number 0 <soc21_common>
[    4.131525] [drm] add ip block number 1 <gmc_v11_0>
[    4.131525] [drm] add ip block number 2 <ih_v6_0>
[    4.131525] [drm] add ip block number 3 <psp>
[    4.131526] [drm] add ip block number 4 <smu>
[    4.131526] [drm] add ip block number 5 <dm>
[    4.131526] [drm] add ip block number 6 <gfx_v11_0>
[    4.131527] [drm] add ip block number 7 <sdma_v6_0>
[    4.131527] [drm] add ip block number 8 <vcn_v4_0>
[    4.131527] [drm] add ip block number 9 <jpeg_v4_0>
[    4.131528] [drm] add ip block number 10 <mes_v11_0>
[    4.131538] amdgpu 0000:03:00.0: amdgpu: Fetched VBIOS from VFCT
[    4.131539] amdgpu: ATOM BIOS: 113-31XFSHBS1-L01
[    4.149182] amdgpu 0000:03:00.0: amdgpu: CP RS64 enable
[    4.154935] [drm] VCN(0) encode/decode are enabled in VM mode
[    4.154936] [drm] VCN(1) encode/decode are enabled in VM mode
[    4.163553] amdgpu 0000:03:00.0: [drm:jpeg_v4_0_early_init [amdgpu]] JPEG=
 decode is enabled in VM mode
[    4.185442] amdgpu 0000:03:00.0: vgaarb: deactivate vga console
[    4.185444] amdgpu 0000:03:00.0: amdgpu: Trusted Memory Zone (TMZ) featur=
e not supported
[    4.185471] amdgpu 0000:03:00.0: amdgpu: MEM ECC is not presented.
[    4.185472] amdgpu 0000:03:00.0: amdgpu: SRAM ECC is not presented.
[    4.185506] [drm] vm size is 262144 GB, 4 levels, block size is 9-bit, fr=
agment size is 9-bit
[    4.185509] amdgpu 0000:03:00.0: amdgpu: VRAM: 24560M 0x0000008000000000 -=
 0x00000085FEFFFFFF (24560M used)
[    4.185511] amdgpu 0000:03:00.0: amdgpu: GART: 512M 0x0000000000000000 - 0=
x000000001FFFFFFF
[    4.185512] amdgpu 0000:03:00.0: amdgpu: AGP: 267878400M 0x00000088000000=
00 - 0x0000FFFFFFFFFFFF
[    4.185518] [drm] Detected VRAM RAM=3D24560M, BAR=3D32768M
[    4.185518] [drm] RAM width 384bits GDDR6
[    4.185597] [drm] amdgpu: 24560M of VRAM memory ready
[    4.185598] [drm] amdgpu: 15602M of GTT memory ready.
[    4.185606] [drm] GART: num cpu pages 131072, num gpu pages 131072
[    4.185663] [drm] PCIE GART of 512M enabled (table at 0x00000085FEB00000)=
.
[    4.185854] [drm] Loading DMUB firmware via PSP: version=3D0x07001900
[    4.187480] [drm] Found VCN firmware Version ENC: 1.11 DEC: 5 VEP: 0 Revi=
sion: 12
[    4.187484] amdgpu 0000:03:00.0: amdgpu: Will use PSP to load VCN firmwar=
e
[    4.187573] [drm] max_doorbell_slices=3D32767
[    4.344429] [drm] reserve 0x1300000 from 0x85fc000000 for PSP TMR
[    4.358771] usb 3-7: config 1 has an invalid interface number: 2 but max i=
s 1
[    4.358774] usb 3-7: config 1 has no interface number 1
[    4.370745] usb 3-7: New USB device found, idVendor=3D0b05, idProduct=3D1=
9af, bcdDevice=3D 1.00
[    4.370748] usb 3-7: New USB device strings: Mfr=3D1, Product=3D2, Serial=
Number=3D3
[    4.370750] usb 3-7: Product: AURA LED Controller
[    4.370751] usb 3-7: Manufacturer: AsusTek Computer Inc.
[    4.370752] usb 3-7: SerialNumber: 9876543210
[    4.386596] hid-generic 0003:0B05:19AF.0008: hiddev100,hidraw7: USB HID v=
1.11 Device [AsusTek Computer Inc. AURA LED Controller] on usb-0000:12:00.0-=
7/input2
[    4.471837] amdgpu 0000:03:00.0: amdgpu: RAP: optional rap ta ucode is no=
t available
[    4.471838] amdgpu 0000:03:00.0: amdgpu: SECUREDISPLAY: securedisplay ta u=
code is not available
[    4.471865] amdgpu 0000:03:00.0: amdgpu: smu driver if version =3D 0x0000=
0037, smu fw if version =3D 0x0000003b, smu fw program =3D 0, smu fw version=
 =3D 0x004e5500 (78.85.0)
[    4.471867] amdgpu 0000:03:00.0: amdgpu: SMU driver if version not matche=
d
[    4.653694] amdgpu 0000:03:00.0: amdgpu: SMU is initialized successfully!=

[    4.653862] [drm] Display Core initialized with v3.2.223!
[    4.653863] [drm] DP-HDMI FRL PCON supported
[    4.655822] [drm] DMUB hardware initialized: version=3D0x07001900
[    4.768942] [drm] kiq ring mec 3 pipe 1 q 0
[    4.776318] [drm] VCN decode and encode initialized successfully(under DP=
G Mode).
[    4.776487] amdgpu 0000:03:00.0: [drm:jpeg_v4_0_hw_init [amdgpu]] JPEG de=
code initialized successfully.
[    4.777761] kfd kfd: amdgpu: Allocated 3969056 bytes on gart
[    4.777766] amdgpu: sdma_bitmap: fff0
[    4.813506] memmap_init_zone_device initialised 6291456 pages in 16ms
[    4.813510] amdgpu: HMM registered 24560MB device memory
[    4.813519] amdgpu: SRAT table not found
[    4.813519] amdgpu: Virtual CRAT table created for GPU
[    4.813783] amdgpu: Topology: Add dGPU node [0x744c:0x1002]
[    4.813784] kfd kfd: amdgpu: added device 1002:744c
[    4.813795] amdgpu 0000:03:00.0: amdgpu: SE 6, SH per SE 2, CU per SH 8, a=
ctive_cu_number 96
[    4.813845] amdgpu 0000:03:00.0: amdgpu: ring gfx_0.0.0 uses VM inv eng 0=
 on hub 0
[    4.813846] amdgpu 0000:03:00.0: amdgpu: ring comp_1.0.0 uses VM inv eng 1=
 on hub 0
[    4.813846] amdgpu 0000:03:00.0: amdgpu: ring comp_1.1.0 uses VM inv eng 4=
 on hub 0
[    4.813847] amdgpu 0000:03:00.0: amdgpu: ring comp_1.2.0 uses VM inv eng 6=
 on hub 0
[    4.813847] amdgpu 0000:03:00.0: amdgpu: ring comp_1.3.0 uses VM inv eng 7=
 on hub 0
[    4.813848] amdgpu 0000:03:00.0: amdgpu: ring comp_1.0.1 uses VM inv eng 8=
 on hub 0
[    4.813848] amdgpu 0000:03:00.0: amdgpu: ring comp_1.1.1 uses VM inv eng 9=
 on hub 0
[    4.813848] amdgpu 0000:03:00.0: amdgpu: ring comp_1.2.1 uses VM inv eng 1=
0 on hub 0
[    4.813849] amdgpu 0000:03:00.0: amdgpu: ring comp_1.3.1 uses VM inv eng 1=
1 on hub 0
[    4.813849] amdgpu 0000:03:00.0: amdgpu: ring sdma0 uses VM inv eng 12 on=
 hub 0
[    4.813850] amdgpu 0000:03:00.0: amdgpu: ring sdma1 uses VM inv eng 13 on=
 hub 0
[    4.813850] amdgpu 0000:03:00.0: amdgpu: ring vcn_unified_0 uses VM inv e=
ng 0 on hub 1
[    4.813851] amdgpu 0000:03:00.0: amdgpu: ring vcn_unified_1 uses VM inv e=
ng 1 on hub 1
[    4.813851] amdgpu 0000:03:00.0: amdgpu: ring jpeg_dec uses VM inv eng 4 o=
n hub 1
[    4.813851] amdgpu 0000:03:00.0: amdgpu: ring mes_kiq_3.1.0 uses VM inv e=
ng 14 on hub 0
[    4.814793] [drm] ring gfx_32768.1.1 was added
[    4.815299] [drm] ring compute_32768.2.2 was added
[    4.815699] [drm] ring sdma_32768.3.3 was added
[    4.815707] [drm] ring gfx_32768.1.1 test pass
[    4.815748] [drm] ring gfx_32768.1.1 ib test pass
[    4.815749] [drm] ring compute_32768.2.2 test pass
[    4.815802] [drm] ring compute_32768.2.2 ib test pass
[    4.815806] [drm] ring sdma_32768.3.3 test pass
[    4.815827] [drm] ring sdma_32768.3.3 ib test pass
[    4.816904] amdgpu 0000:03:00.0: amdgpu: Using BACO for runtime pm
[    4.817104] [drm] Initialized amdgpu 3.52.0 20150101 for 0000:03:00.0 on m=
inor 1
[    4.824852] fbcon: amdgpudrmfb (fb0) is primary device
[    4.824854] fbcon: Deferring console take-over
[    4.824855] amdgpu 0000:03:00.0: [drm] fb0: amdgpudrmfb frame buffer devi=
ce
[    4.836866] amdgpu 0000:14:00.0: enabling device (0006 -> 0007)
