Return-Path: <linux-wireless-owner@vger.kernel.org>
X-Original-To: lists+linux-wireless@lfdr.de
Delivered-To: lists+linux-wireless@lfdr.de
Received: from vger.kernel.org (vger.kernel.org [23.128.96.18])
	by mail.lfdr.de (Postfix) with ESMTP id 5CFAD2ACFA3
	for <lists+linux-wireless@lfdr.de>; Tue, 10 Nov 2020 07:27:39 +0100 (CET)
Received: (majordomo@vger.kernel.org) by vger.kernel.org via listexpand
        id S1730581AbgKJG1a (ORCPT <rfc822;lists+linux-wireless@lfdr.de>);
        Tue, 10 Nov 2020 01:27:30 -0500
Received: from mail.aperture-lab.de ([138.201.29.205]:34876 "EHLO
        mail.aperture-lab.de" rhost-flags-OK-OK-OK-OK) by vger.kernel.org
        with ESMTP id S1726010AbgKJG10 (ORCPT
        <rfc822;linux-wireless@vger.kernel.org>);
        Tue, 10 Nov 2020 01:27:26 -0500
X-Greylist: delayed 335 seconds by postgrey-1.27 at vger.kernel.org; Tue, 10 Nov 2020 01:26:20 EST
Date:   Tue, 10 Nov 2020 07:20:39 +0100
DKIM-Signature: v=1; a=rsa-sha256; c=relaxed/relaxed; d=c0d3.blue; s=2018;
        t=1604989244;
        h=from:from:reply-to:subject:subject:date:date:message-id:message-id:
         to:to:cc:cc:mime-version:mime-version:content-type:content-type:
         content-transfer-encoding:content-transfer-encoding;
        bh=3AclDd/hWNhXNZBEp8pkvqpQ3Z7/BAxiHTt0z/Nzo+Y=;
        b=ZHHEGB24U8LePpWdLTElWEEHJCSPsXkmhym0Jb9HDMEAr9yJZXEkw9pbLlczl+FQS7FXhs
        B6FtjRDHJ4RglyMFJoSogQkc6uoQ8Lbq2DXSLGz0oVW+lUnEngTDf84l83biQb6LHFh+ri
        6WDo5f3Z49oPgy0m1A9tcY/Xsi6PrnrgffTi+KMs5CU4pRRlKux8LUjAN3YeANYEakZ6MH
        hAAjD+yeGCnHZOpz929DsbnOUBdBIHn5OfGvJP1ppTBNdPEtZ1nokAWQX0lDbm9VYZjhmA
        nV2EL/K0IkzQ6/oMJx8wDoanUoc5lQa5XdLobnAGO8cdp0XS7c96DTkx95PlBQ==
From:   Linus =?utf-8?Q?L=C3=BCssing?= <linus.luessing@c0d3.blue>
To:     linux-bluetooth@vger.kernel.org, linux-wireless@vger.kernel.org,
        Intel Linux Wireless <linuxwifi@intel.com>
Cc:     Emmanuel Grumbach <emmanuel.grumbach@intel.com>,
        Luiz Augusto von Dentz <luiz.von.dentz@intel.com>,
        Marcel Holtmann <marcel@holtmann.org>
Subject: Crash / Null pointer dereference in l2cap_chan_send()
Message-ID: <20201110062039.GC2423@otheros>
MIME-Version: 1.0
Content-Type: text/plain; charset=utf-8
Content-Disposition: inline
Content-Transfer-Encoding: quoted-printable
Authentication-Results: ORIGINATING;
        auth=pass smtp.auth=linus.luessing@c0d3.blue smtp.mailfrom=linus.luessing@c0d3.blue
Precedence: bulk
List-ID: <linux-wireless.vger.kernel.org>
X-Mailing-List: linux-wireless@vger.kernel.org

Hi,

With Linux 5.9.6 and on Debian Sid I frequently run into bluetooth+wifi rel=
ated
kernel panics with iwlwifi. Typically on wifi (re)connection
bluetooth/A2DP audio first freezes. And then the kernel panics on
either triggering a disconnect in bluetoothctl, a pulseaudio
restart or on calling "hciconfig hci0 down".

Call traces are usually pointing to one of the following modules/functions:

* l2cap_chan_send+0x109/0xb80 [bluetooth]
* i915_gem_execbuffer2_ioctl+0x386/0x490 [i915]
* drm_vma_node_allow+0x27/0xd0 [drm]
* drm_syncobj_create+0x2a/0xc0 [drm]

(see bottom for full dmesg outputs)

The issue was introduced with the following commit:

    f4bfdc5e571e ("iwlwifi: mvm: stop supporting swcrypto and bt_coex_activ=
e module parameters")
    * first affected tag: v5.8-rc1


Full steps to reproduce:

$ sudo systemctl --global disable pulseaudio.service
$ sudo systemctl disable NetworkManager
$ sudo systemctl disable bluetooth.service
$ echo "options iwlwifi bt_coex_active=3D0" | sudo tee /etc/modprobe.d/iwlw=
ifi.conf
$ sudo reboot

$ sudo systemctl start bluetooth.service
$ bluetoothctl
Agent registered
[CHG] Controller 7C:76:35:14:E6:DB Pairable: yes
{ $ pulseaudio }
[CHG] Controller 7C:76:35:14:E6:DB Class: 0x0004010c
[CHG] Controller 7C:76:35:14:E6:DB UUIDs: 0000110e-0000-1000-8000-00805f9b3=
4fb
[CHG] Controller 7C:76:35:14:E6:DB UUIDs: 0000110a-0000-1000-8000-00805f9b3=
4fb
[CHG] Controller 7C:76:35:14:E6:DB UUIDs: 00001200-0000-1000-8000-00805f9b3=
4fb
[CHG] Controller 7C:76:35:14:E6:DB UUIDs: 0000110b-0000-1000-8000-00805f9b3=
4fb
[CHG] Controller 7C:76:35:14:E6:DB UUIDs: 00001108-0000-1000-8000-00805f9b3=
4fb
[CHG] Controller 7C:76:35:14:E6:DB UUIDs: 0000110c-0000-1000-8000-00805f9b3=
4fb
[CHG] Controller 7C:76:35:14:E6:DB UUIDs: 00001800-0000-1000-8000-00805f9b3=
4fb
[CHG] Controller 7C:76:35:14:E6:DB UUIDs: 00001801-0000-1000-8000-00805f9b3=
4fb
[CHG] Controller 7C:76:35:14:E6:DB UUIDs: 0000180a-0000-1000-8000-00805f9b3=
4fb
[CHG] Controller 7C:76:35:14:E6:DB UUIDs: 00001112-0000-1000-8000-00805f9b3=
4fb
[CHG] Controller 7C:76:35:14:E6:DB Class: 0x000c010c
[CHG] Controller 7C:76:35:14:E6:DB UUIDs: 0000110e-0000-1000-8000-00805f9b3=
4fb
[CHG] Controller 7C:76:35:14:E6:DB UUIDs: 0000110a-0000-1000-8000-00805f9b3=
4fb
[CHG] Controller 7C:76:35:14:E6:DB UUIDs: 00001200-0000-1000-8000-00805f9b3=
4fb
[CHG] Controller 7C:76:35:14:E6:DB UUIDs: 0000110b-0000-1000-8000-00805f9b3=
4fb
[CHG] Controller 7C:76:35:14:E6:DB UUIDs: 00001108-0000-1000-8000-00805f9b3=
4fb
[CHG] Controller 7C:76:35:14:E6:DB UUIDs: 0000110c-0000-1000-8000-00805f9b3=
4fb
[CHG] Controller 7C:76:35:14:E6:DB UUIDs: 00001800-0000-1000-8000-00805f9b3=
4fb
[CHG] Controller 7C:76:35:14:E6:DB UUIDs: 00001801-0000-1000-8000-00805f9b3=
4fb
[CHG] Controller 7C:76:35:14:E6:DB UUIDs: 0000180a-0000-1000-8000-00805f9b3=
4fb
[CHG] Controller 7C:76:35:14:E6:DB UUIDs: 00001112-0000-1000-8000-00805f9b3=
4fb
[CHG] Controller 7C:76:35:14:E6:DB UUIDs: 0000110e-0000-1000-8000-00805f9b3=
4fb
[CHG] Controller 7C:76:35:14:E6:DB UUIDs: 0000110a-0000-1000-8000-00805f9b3=
4fb
[CHG] Controller 7C:76:35:14:E6:DB UUIDs: 00001200-0000-1000-8000-00805f9b3=
4fb
[CHG] Controller 7C:76:35:14:E6:DB UUIDs: 0000110b-0000-1000-8000-00805f9b3=
4fb
[CHG] Controller 7C:76:35:14:E6:DB UUIDs: 00001108-0000-1000-8000-00805f9b3=
4fb
[CHG] Controller 7C:76:35:14:E6:DB UUIDs: 0000110c-0000-1000-8000-00805f9b3=
4fb
[CHG] Controller 7C:76:35:14:E6:DB UUIDs: 00001800-0000-1000-8000-00805f9b3=
4fb
[CHG] Controller 7C:76:35:14:E6:DB UUIDs: 00001801-0000-1000-8000-00805f9b3=
4fb
[CHG] Controller 7C:76:35:14:E6:DB UUIDs: 0000180a-0000-1000-8000-00805f9b3=
4fb
[CHG] Controller 7C:76:35:14:E6:DB UUIDs: 00001112-0000-1000-8000-00805f9b3=
4fb
[CHG] Controller 7C:76:35:14:E6:DB Class: 0x002c010c
[CHG] Controller 7C:76:35:14:E6:DB UUIDs: 0000110e-0000-1000-8000-00805f9b3=
4fb
[CHG] Controller 7C:76:35:14:E6:DB UUIDs: 0000110a-0000-1000-8000-00805f9b3=
4fb
[CHG] Controller 7C:76:35:14:E6:DB UUIDs: 00001200-0000-1000-8000-00805f9b3=
4fb
[CHG] Controller 7C:76:35:14:E6:DB UUIDs: 0000110b-0000-1000-8000-00805f9b3=
4fb
[CHG] Controller 7C:76:35:14:E6:DB UUIDs: 00001108-0000-1000-8000-00805f9b3=
4fb
[CHG] Controller 7C:76:35:14:E6:DB UUIDs: 0000110c-0000-1000-8000-00805f9b3=
4fb
[CHG] Controller 7C:76:35:14:E6:DB UUIDs: 00001800-0000-1000-8000-00805f9b3=
4fb
[CHG] Controller 7C:76:35:14:E6:DB UUIDs: 00001801-0000-1000-8000-00805f9b3=
4fb
[CHG] Controller 7C:76:35:14:E6:DB UUIDs: 0000180a-0000-1000-8000-00805f9b3=
4fb
[CHG] Controller 7C:76:35:14:E6:DB UUIDs: 00001112-0000-1000-8000-00805f9b3=
4fb
{ powering on BT headset }
[CHG] Device E4:22:A5:BE:D8:A1 Connected: yes
{ starting BT A2DP music, sucessful }
{ sudo ip link set up dev wlp61s0 }
{ sudo iw dev wlp61s0 connect vogtland.freifunk.net }
{ music stops, ~20 seconds later headset informs via "phone two disconnecte=
d" }
[PLT BB PRO 2]# disconnect E4:22:A5:BE:D8:A1
Attempting to disconnect from E4:22:A5:BE:D8:A1
Successful disconnected
[CHG] Device E4:22:A5:BE:D8:A1 Connected: no
[bluetooth]# connect E4:22:A5:BE:D8:A1=20
Attempting to connect to E4:22:A5:BE:D8:A1
Failed to connect: org.bluez.Error.Failed
{ sudo hciconfig hci0 down }
{ crash }


# Hardware

The laptop is a Thinkpad T480s with the following hardware:

$ lsusb
=2E..
8087:0a2b Intel Corp. Bluetooth wireless interface
=2E..
$ lspci
=2E..
3d:00.0 Network controller: Intel Corporation Wireless 8265 / 8275 (rev 78)
=2E..


# Software

* Linux 5.9.6 (2d182f2dc3b7d38fb1f2a74aabab50a3e0d27c3d)
* OS: Debian Sid
* pulseaudio 13.0
* bluez 5.55


# dmesg 1/5


[    0.000000] Linux version 5.9.6 (linus@linus-work) (gcc (Debian 10.2.0-1=
6) 10.2.0, GNU ld (GNU Binutils for Debian) 2.35.1) #4 SMP Sat Nov 7 17:08:=
24 CET 2020
[    0.000000] Command line: BOOT_IMAGE=3D/vmlinuz-5.9.6 root=3D/dev/mapper=
/linus--work--vg-root ro quiet crashkernel=3D384M-8G:128M,8G-:512M
[    0.000000] x86/fpu: Supporting XSAVE feature 0x001: 'x87 floating point=
 registers'
[    0.000000] x86/fpu: Supporting XSAVE feature 0x002: 'SSE registers'
[    0.000000] x86/fpu: Supporting XSAVE feature 0x004: 'AVX registers'
[    0.000000] x86/fpu: Supporting XSAVE feature 0x008: 'MPX bounds registe=
rs'
[    0.000000] x86/fpu: Supporting XSAVE feature 0x010: 'MPX CSR'
[    0.000000] x86/fpu: xstate_offset[2]:  576, xstate_sizes[2]:  256
[    0.000000] x86/fpu: xstate_offset[3]:  832, xstate_sizes[3]:   64
[    0.000000] x86/fpu: xstate_offset[4]:  896, xstate_sizes[4]:   64
[    0.000000] x86/fpu: Enabled xstate features 0x1f, context size is 960 b=
ytes, using 'compacted' format.
[    0.000000] BIOS-provided physical RAM map:
[    0.000000] BIOS-e820: [mem 0x0000000000000000-0x0000000000057fff] usable
[    0.000000] BIOS-e820: [mem 0x0000000000058000-0x0000000000058fff] reser=
ved
[    0.000000] BIOS-e820: [mem 0x0000000000059000-0x000000000009cfff] usable
[    0.000000] BIOS-e820: [mem 0x000000000009d000-0x00000000000fffff] reser=
ved
[    0.000000] BIOS-e820: [mem 0x0000000000100000-0x0000000074f9cfff] usable
[    0.000000] BIOS-e820: [mem 0x0000000074f9d000-0x0000000074f9dfff] ACPI =
NVS
[    0.000000] BIOS-e820: [mem 0x0000000074f9e000-0x0000000074f9efff] reser=
ved
[    0.000000] BIOS-e820: [mem 0x0000000074f9f000-0x000000007e8f7fff] usable
[    0.000000] BIOS-e820: [mem 0x000000007e8f8000-0x000000007e9bdfff] type =
20
[    0.000000] BIOS-e820: [mem 0x000000007e9be000-0x000000007ff2bfff] reser=
ved
[    0.000000] BIOS-e820: [mem 0x000000007ff2c000-0x000000007ff99fff] ACPI =
NVS
[    0.000000] BIOS-e820: [mem 0x000000007ff9a000-0x000000007fffefff] ACPI =
data
[    0.000000] BIOS-e820: [mem 0x000000007ffff000-0x000000007fffffff] usable
[    0.000000] BIOS-e820: [mem 0x0000000080000000-0x0000000087ffffff] reser=
ved
[    0.000000] BIOS-e820: [mem 0x0000000088600000-0x000000008c7fffff] reser=
ved
[    0.000000] BIOS-e820: [mem 0x00000000f8000000-0x00000000fbffffff] reser=
ved
[    0.000000] BIOS-e820: [mem 0x00000000fe010000-0x00000000fe010fff] reser=
ved
[    0.000000] BIOS-e820: [mem 0x0000000100000000-0x00000004727fffff] usable
[    0.000000] NX (Execute Disable) protection: active
[    0.000000] efi: EFI v2.50 by Lenovo
[    0.000000] efi: TPMFinalLog=3D0x7ff92000 SMBIOS=3D0x7f052000 SMBIOS 3.0=
=3D0x7f04f000 ACPI=3D0x7fffe000 ACPI 2.0=3D0x7fffe014 ESRT=3D0x7eeca000 MEM=
ATTR=3D0x7971d298=20
[    0.000000] SMBIOS 3.0.0 present.
[    0.000000] DMI: LENOVO 20L70053GE/20L70053GE, BIOS N22ET35W (1.12 ) 04/=
09/2018
[    0.000000] tsc: Detected 2000.000 MHz processor
[    0.000998] tsc: Detected 1999.968 MHz TSC
[    0.000998] e820: update [mem 0x00000000-0x00000fff] usable =3D=3D> rese=
rved
[    0.001001] e820: remove [mem 0x000a0000-0x000fffff] usable
[    0.001008] last_pfn =3D 0x472800 max_arch_pfn =3D 0x400000000
[    0.001012] MTRR default type: write-back
[    0.001013] MTRR fixed ranges enabled:
[    0.001015]   00000-9FFFF write-back
[    0.001016]   A0000-BFFFF uncachable
[    0.001017]   C0000-FFFFF write-protect
[    0.001017] MTRR variable ranges enabled:
[    0.001019]   0 base 00C0000000 mask 7FC0000000 uncachable
[    0.001021]   1 base 00A0000000 mask 7FE0000000 uncachable
[    0.001022]   2 base 0090000000 mask 7FF0000000 uncachable
[    0.001023]   3 base 008C000000 mask 7FFC000000 uncachable
[    0.001023]   4 base 008A000000 mask 7FFE000000 uncachable
[    0.001024]   5 disabled
[    0.001025]   6 disabled
[    0.001025]   7 disabled
[    0.001026]   8 disabled
[    0.001027]   9 disabled
[    0.001698] x86/PAT: Configuration [0-7]: WB  WC  UC- UC  WB  WP  UC- WT=
 =20
[    0.001916] last_pfn =3D 0x80000 max_arch_pfn =3D 0x400000000
[    0.019308] esrt: Reserving ESRT space from 0x000000007eeca000 to 0x0000=
00007eeca088.
[    0.019316] kexec: Reserving the low 1M of memory for crashkernel
[    0.019320] Using GB pages for direct mapping
[    0.019672] Secure boot could not be determined
[    0.019673] RAMDISK: [mem 0x316af000-0x34b4efff]
[    0.019679] ACPI: Early table checksum verification disabled
[    0.019682] ACPI: RSDP 0x000000007FFFE014 000024 (v02 LENOVO)
[    0.019686] ACPI: XSDT 0x000000007FFAD188 000124 (v01 LENOVO TP-N22   00=
001120 PTEC 00000002)
[    0.019692] ACPI: FACP 0x000000007FFE1000 0000F4 (v05 LENOVO TP-N22   00=
001120 PTEC 00000002)
[    0.019698] ACPI: DSDT 0x000000007FFBB000 0218A6 (v02 LENOVO SKL      00=
000000 INTL 20160527)
[    0.019702] ACPI: FACS 0x000000007FF3D000 000040
[    0.019705] ACPI: SSDT 0x000000007FFE9000 01320E (v02 LENOVO DptfTabl 00=
001000 INTL 20160527)
[    0.019708] ACPI: SSDT 0x000000007FFE8000 0003DB (v02 LENOVO Tpm2Tabl 00=
001000 INTL 20160527)
[    0.019711] ACPI: TPM2 0x000000007FFE7000 000034 (v03 LENOVO TP-N22   00=
001120 PTEC 00000002)
[    0.019714] ACPI: UEFI 0x000000007FF53000 000042 (v01 LENOVO TP-N22   00=
001120 PTEC 00000002)
[    0.019717] ACPI: SSDT 0x000000007FFE3000 0030A3 (v02 LENOVO SaSsdt   00=
003000 INTL 20160527)
[    0.019721] ACPI: SSDT 0x000000007FFE2000 0005C6 (v02 LENOVO PerfTune 00=
001000 INTL 20160527)
[    0.019724] ACPI: HPET 0x000000007FFE0000 000038 (v01 LENOVO TP-N22   00=
001120 PTEC 00000002)
[    0.019727] ACPI: APIC 0x000000007FFDF000 00012C (v03 LENOVO TP-N22   00=
001120 PTEC 00000002)
[    0.019730] ACPI: MCFG 0x000000007FFDE000 00003C (v01 LENOVO TP-N22   00=
001120 PTEC 00000002)
[    0.019733] ACPI: ECDT 0x000000007FFDD000 000053 (v01 LENOVO TP-N22   00=
001120 PTEC 00000002)
[    0.019736] ACPI: SSDT 0x000000007FFB9000 001C9C (v02 LENOVO RVP7Rtd3 00=
001000 INTL 20160527)
[    0.019739] ACPI: SSDT 0x000000007FFB7000 00163C (v02 LENOVO ProjSsdt 00=
000010 INTL 20160527)
[    0.019742] ACPI: BOOT 0x000000007FFB6000 000028 (v01 LENOVO TP-N22   00=
001120 PTEC 00000002)
[    0.019745] ACPI: BATB 0x000000007FFB5000 00004A (v02 LENOVO TP-N22   00=
001120 PTEC 00000002)
[    0.019748] ACPI: SLIC 0x000000007FFB4000 000176 (v01 LENOVO TP-N22   00=
001120 PTEC 00000002)
[    0.019751] ACPI: SSDT 0x000000007FFB2000 0017AE (v02 LENOVO CpuSsdt  00=
003000 INTL 20160527)
[    0.019755] ACPI: SSDT 0x000000007FFB1000 00056D (v02 LENOVO CtdpB    00=
001000 INTL 20160527)
[    0.019758] ACPI: SSDT 0x000000007FFB0000 000678 (v02 LENOVO UsbCTabl 00=
001000 INTL 20160527)
[    0.019761] ACPI: LPIT 0x000000007FFAF000 000094 (v01 LENOVO TP-N22   00=
001120 PTEC 00000002)
[    0.019764] ACPI: WSMT 0x000000007FFAE000 000028 (v01 LENOVO TP-N22   00=
001120 PTEC 00000002)
[    0.019767] ACPI: SSDT 0x000000007FFFD000 0001D8 (v02 LENOVO HdaDsp   00=
000000 INTL 20160527)
[    0.019770] ACPI: SSDT 0x000000007FFAC000 0004FC (v02 LENOVO TbtTypeC 00=
000000 INTL 20160527)
[    0.019773] ACPI: SSDT 0x000000007FFAB000 0002D1 (v02 LENOVO Wwan     00=
000001 INTL 20160527)
[    0.019776] ACPI: DBGP 0x000000007FFAA000 000034 (v01 LENOVO TP-N22   00=
001120 PTEC 00000002)
[    0.019779] ACPI: DBG2 0x000000007FFA9000 000054 (v00 LENOVO TP-N22   00=
001120 PTEC 00000002)
[    0.019783] ACPI: MSDM 0x000000007FFA8000 000055 (v03 LENOVO TP-N22   00=
001120 PTEC 00000002)
[    0.019786] ACPI: DMAR 0x000000007FFA7000 0000CC (v01 LENOVO TP-N22   00=
001120 PTEC 00000002)
[    0.019789] ACPI: ASF! 0x000000007FFA6000 0000A0 (v32 LENOVO TP-N22   00=
001120 PTEC 00000002)
[    0.019792] ACPI: FPDT 0x000000007FFA5000 000044 (v01 LENOVO TP-N22   00=
001120 PTEC 00000002)
[    0.019795] ACPI: BGRT 0x000000007FFA4000 000038 (v01 LENOVO TP-N22   00=
001120 PTEC 00000002)
[    0.019801] ACPI: UEFI 0x000000007FF3A000 00013E (v01 LENOVO TP-N22   00=
001120 PTEC 00000002)
[    0.019818] ACPI: Local APIC address 0xfee00000
[    0.019921] No NUMA configuration found
[    0.019922] Faking a node at [mem 0x0000000000000000-0x00000004727fffff]
[    0.019926] NODE_DATA(0) allocated [mem 0x4727fb000-0x4727fffff]
[    0.019946] Reserving 512MB of memory at 1280MB for crashkernel (System =
RAM: 16144MB)
[    0.019977] Zone ranges:
[    0.019978]   DMA      [mem 0x0000000000001000-0x0000000000ffffff]
[    0.019979]   DMA32    [mem 0x0000000001000000-0x00000000ffffffff]
[    0.019981]   Normal   [mem 0x0000000100000000-0x00000004727fffff]
[    0.019982]   Device   empty
[    0.019983] Movable zone start for each node
[    0.019984] Early memory node ranges
[    0.019985]   node   0: [mem 0x0000000000001000-0x0000000000057fff]
[    0.019986]   node   0: [mem 0x0000000000059000-0x000000000009cfff]
[    0.019987]   node   0: [mem 0x0000000000100000-0x0000000074f9cfff]
[    0.019988]   node   0: [mem 0x0000000074f9f000-0x000000007e8f7fff]
[    0.019989]   node   0: [mem 0x000000007ffff000-0x000000007fffffff]
[    0.019990]   node   0: [mem 0x0000000100000000-0x00000004727fffff]
[    0.020281] Zeroed struct page in unavailable ranges: 28526 pages
[    0.020283] Initmem setup node 0 [mem 0x0000000000001000-0x00000004727ff=
fff]
[    0.020284] On node 0 totalpages: 4133010
[    0.020286]   DMA zone: 64 pages used for memmap
[    0.020287]   DMA zone: 155 pages reserved
[    0.020288]   DMA zone: 3995 pages, LIFO batch:0
[    0.020341]   DMA32 zone: 8036 pages used for memmap
[    0.020342]   DMA32 zone: 514295 pages, LIFO batch:63
[    0.025917]   Normal zone: 56480 pages used for memmap
[    0.025918]   Normal zone: 3614720 pages, LIFO batch:63
[    0.026313] Reserving Intel graphics memory at [mem 0x8a800000-0x8c7ffff=
f]
[    0.026681] ACPI: PM-Timer IO Port: 0x1808
[    0.026683] ACPI: Local APIC address 0xfee00000
[    0.026691] ACPI: LAPIC_NMI (acpi_id[0x01] high edge lint[0x1])
[    0.026692] ACPI: LAPIC_NMI (acpi_id[0x02] high edge lint[0x1])
[    0.026692] ACPI: LAPIC_NMI (acpi_id[0x03] high edge lint[0x1])
[    0.026693] ACPI: LAPIC_NMI (acpi_id[0x04] high edge lint[0x1])
[    0.026694] ACPI: LAPIC_NMI (acpi_id[0x05] high edge lint[0x1])
[    0.026694] ACPI: LAPIC_NMI (acpi_id[0x06] high edge lint[0x1])
[    0.026695] ACPI: LAPIC_NMI (acpi_id[0x07] high edge lint[0x1])
[    0.026696] ACPI: LAPIC_NMI (acpi_id[0x08] high edge lint[0x1])
[    0.026696] ACPI: LAPIC_NMI (acpi_id[0x09] high edge lint[0x1])
[    0.026697] ACPI: LAPIC_NMI (acpi_id[0x0a] high edge lint[0x1])
[    0.026698] ACPI: LAPIC_NMI (acpi_id[0x0b] high edge lint[0x1])
[    0.026698] ACPI: LAPIC_NMI (acpi_id[0x0c] high edge lint[0x1])
[    0.026699] ACPI: LAPIC_NMI (acpi_id[0x0d] high edge lint[0x1])
[    0.026700] ACPI: LAPIC_NMI (acpi_id[0x0e] high edge lint[0x1])
[    0.026700] ACPI: LAPIC_NMI (acpi_id[0x0f] high edge lint[0x1])
[    0.026701] ACPI: LAPIC_NMI (acpi_id[0x10] high edge lint[0x1])
[    0.026729] IOAPIC[0]: apic_id 2, version 32, address 0xfec00000, GSI 0-=
119
[    0.026732] ACPI: INT_SRC_OVR (bus 0 bus_irq 0 global_irq 2 dfl dfl)
[    0.026733] ACPI: INT_SRC_OVR (bus 0 bus_irq 9 global_irq 9 high level)
[    0.026735] ACPI: IRQ0 used by override.
[    0.026736] ACPI: IRQ9 used by override.
[    0.026739] Using ACPI (MADT) for SMP configuration information
[    0.026740] ACPI: HPET id: 0x8086a201 base: 0xfed00000
[    0.026748] e820: update [mem 0x783d7000-0x784d6fff] usable =3D=3D> rese=
rved
[    0.026757] TSC deadline timer available
[    0.026758] smpboot: Allowing 8 CPUs, 0 hotplug CPUs
[    0.026780] PM: hibernation: Registered nosave memory: [mem 0x00000000-0=
x00000fff]
[    0.026782] PM: hibernation: Registered nosave memory: [mem 0x00058000-0=
x00058fff]
[    0.026784] PM: hibernation: Registered nosave memory: [mem 0x0009d000-0=
x000fffff]
[    0.026786] PM: hibernation: Registered nosave memory: [mem 0x74f9d000-0=
x74f9dfff]
[    0.026786] PM: hibernation: Registered nosave memory: [mem 0x74f9e000-0=
x74f9efff]
[    0.026788] PM: hibernation: Registered nosave memory: [mem 0x783d7000-0=
x784d6fff]
[    0.026790] PM: hibernation: Registered nosave memory: [mem 0x7e8f8000-0=
x7e9bdfff]
[    0.026791] PM: hibernation: Registered nosave memory: [mem 0x7e9be000-0=
x7ff2bfff]
[    0.026791] PM: hibernation: Registered nosave memory: [mem 0x7ff2c000-0=
x7ff99fff]
[    0.026792] PM: hibernation: Registered nosave memory: [mem 0x7ff9a000-0=
x7fffefff]
[    0.026794] PM: hibernation: Registered nosave memory: [mem 0x80000000-0=
x87ffffff]
[    0.026795] PM: hibernation: Registered nosave memory: [mem 0x88000000-0=
x885fffff]
[    0.026795] PM: hibernation: Registered nosave memory: [mem 0x88600000-0=
x8c7fffff]
[    0.026796] PM: hibernation: Registered nosave memory: [mem 0x8c800000-0=
xf7ffffff]
[    0.026797] PM: hibernation: Registered nosave memory: [mem 0xf8000000-0=
xfbffffff]
[    0.026798] PM: hibernation: Registered nosave memory: [mem 0xfc000000-0=
xfe00ffff]
[    0.026798] PM: hibernation: Registered nosave memory: [mem 0xfe010000-0=
xfe010fff]
[    0.026799] PM: hibernation: Registered nosave memory: [mem 0xfe011000-0=
xffffffff]
[    0.026801] [mem 0x8c800000-0xf7ffffff] available for PCI devices
[    0.026803] Booting paravirtualized kernel on bare hardware
[    0.026806] clocksource: refined-jiffies: mask: 0xffffffff max_cycles: 0=
xffffffff, max_idle_ns: 7645519600211568 ns
[    0.032912] setup_percpu: NR_CPUS:512 nr_cpumask_bits:512 nr_cpu_ids:8 n=
r_node_ids:1
[    0.033161] percpu: Embedded 55 pages/cpu s185048 r8192 d32040 u262144
[    0.033169] pcpu-alloc: s185048 r8192 d32040 u262144 alloc=3D1*2097152
[    0.033170] pcpu-alloc: [0] 0 1 2 3 4 5 6 7=20
[    0.033197] Built 1 zonelists, mobility grouping on.  Total pages: 40682=
75
[    0.033198] Policy zone: Normal
[    0.033199] Kernel command line: BOOT_IMAGE=3D/vmlinuz-5.9.6 root=3D/dev=
/mapper/linus--work--vg-root ro quiet crashkernel=3D384M-8G:128M,8G-:512M
[    0.034596] Dentry cache hash table entries: 2097152 (order: 12, 1677721=
6 bytes, linear)
[    0.035246] Inode-cache hash table entries: 1048576 (order: 11, 8388608 =
bytes, linear)
[    0.035345] mem auto-init: stack:off, heap alloc:on, heap free:off
[    0.057300] Memory: 1494496K/16532040K available (12291K kernel code, 13=
20K rwdata, 3768K rodata, 1636K init, 1748K bss, 1023068K reserved, 0K cma-=
reserved)
[    0.057309] random: get_random_u64 called from __kmem_cache_create+0x2e/=
0x540 with crng_init=3D0
[    0.057461] SLUB: HWalign=3D64, Order=3D0-3, MinObjects=3D0, CPUs=3D8, N=
odes=3D1
[    0.057474] Kernel/User page tables isolation: enabled
[    0.057497] ftrace: allocating 34845 entries in 137 pages
[    0.075038] ftrace: allocated 137 pages with 3 groups
[    0.075184] rcu: Hierarchical RCU implementation.
[    0.075185] rcu: 	RCU restricting CPUs from NR_CPUS=3D512 to nr_cpu_ids=
=3D8.
[    0.075186] 	Rude variant of Tasks RCU enabled.
[    0.075187] rcu: RCU calculated value of scheduler-enlistment delay is 2=
5 jiffies.
[    0.075188] rcu: Adjusting geometry for rcu_fanout_leaf=3D16, nr_cpu_ids=
=3D8
[    0.079717] NR_IRQS: 33024, nr_irqs: 2048, preallocated irqs: 16
[    0.080118] random: crng done (trusting CPU's manufacturer)
[    0.080147] Console: colour dummy device 80x25
[    0.080153] printk: console [tty0] enabled
[    0.080173] ACPI: Core revision 20200717
[    0.080659] clocksource: hpet: mask: 0xffffffff max_cycles: 0xffffffff, =
max_idle_ns: 79635855245 ns
[    0.080728] APIC: Switch to symmetric I/O mode setup
[    0.080730] DMAR: Host address width 39
[    0.080732] DMAR: DRHD base: 0x000000fed90000 flags: 0x0
[    0.080739] DMAR: dmar0: reg_base_addr fed90000 ver 1:0 cap 1c0000c40660=
462 ecap 19e2ff0505e
[    0.080741] DMAR: DRHD base: 0x000000fed91000 flags: 0x1
[    0.080746] DMAR: dmar1: reg_base_addr fed91000 ver 1:0 cap d2008c406604=
62 ecap f050da
[    0.080747] DMAR: RMRR base: 0x0000007f47f000 end: 0x0000007f49efff
[    0.080749] DMAR: RMRR base: 0x0000008a000000 end: 0x0000008c7fffff
[    0.080750] DMAR: ANDD device: 1 name: \_SB.PCI0.I2C0
[    0.080752] DMAR-IR: IOAPIC id 2 under DRHD base  0xfed91000 IOMMU 1
[    0.080753] DMAR-IR: HPET id 0 under DRHD base 0xfed91000
[    0.080754] DMAR-IR: Queued invalidation will be enabled to support x2ap=
ic and Intr-remapping.
[    0.082376] DMAR-IR: Enabled IRQ remapping in x2apic mode
[    0.082378] x2apic enabled
[    0.082391] Switched APIC routing to cluster x2apic.
[    0.086504] ..TIMER: vector=3D0x30 apic1=3D0 pin1=3D2 apic2=3D-1 pin2=3D=
-1
[    0.104604] clocksource: tsc-early: mask: 0xffffffffffffffff max_cycles:=
 0x39a8208cdd2, max_idle_ns: 881590748921 ns
[    0.104609] Calibrating delay loop (skipped), value calculated using tim=
er frequency.. 3999.93 BogoMIPS (lpj=3D7999872)
[    0.104612] pid_max: default: 32768 minimum: 301
[    0.108640] LSM: Security Framework initializing
[    0.108648] Yama: becoming mindful.
[    0.108682] AppArmor: AppArmor initialized
[    0.108685] TOMOYO Linux initialized
[    0.108735] Mount-cache hash table entries: 32768 (order: 6, 262144 byte=
s, linear)
[    0.108766] Mountpoint-cache hash table entries: 32768 (order: 6, 262144=
 bytes, linear)
[    0.109125] mce: CPU0: Thermal monitoring enabled (TM1)
[    0.109159] process: using mwait in idle threads
[    0.109162] Last level iTLB entries: 4KB 64, 2MB 8, 4MB 8
[    0.109163] Last level dTLB entries: 4KB 64, 2MB 0, 4MB 0, 1GB 4
[    0.109166] Spectre V1 : Mitigation: usercopy/swapgs barriers and __user=
 pointer sanitization
[    0.109168] Spectre V2 : Mitigation: Full generic retpoline
[    0.109168] Spectre V2 : Spectre v2 / SpectreRSB mitigation: Filling RSB=
 on context switch
[    0.109169] Spectre V2 : Enabling Restricted Speculation for firmware ca=
lls
[    0.109170] Spectre V2 : mitigation: Enabling conditional Indirect Branc=
h Prediction Barrier
[    0.109171] Spectre V2 : User space: Mitigation: STIBP via seccomp and p=
rctl
[    0.109172] Speculative Store Bypass: Vulnerable
[    0.109174] SRBDS: Vulnerable: No microcode
[    0.109175] MDS: Vulnerable: Clear CPU buffers attempted, no microcode
[    0.109447] Freeing SMP alternatives memory: 32K
[    0.112717] smpboot: CPU0: Intel(R) Core(TM) i7-8550U CPU @ 1.80GHz (fam=
ily: 0x6, model: 0x8e, stepping: 0xa)
[    0.112863] Performance Events: PEBS fmt3+, Skylake events, 32-deep LBR,=
 full-width counters, Intel PMU driver.
[    0.112889] ... version:                4
[    0.112890] ... bit width:              48
[    0.112890] ... generic registers:      4
[    0.112891] ... value mask:             0000ffffffffffff
[    0.112892] ... max period:             00007fffffffffff
[    0.112893] ... fixed-purpose events:   3
[    0.112893] ... event mask:             000000070000000f
[    0.112946] rcu: Hierarchical SRCU implementation.
[    0.113759] NMI watchdog: Enabled. Permanently consumes one hw-PMU count=
er.
[    0.113855] smp: Bringing up secondary CPUs ...
[    0.113964] x86: Booting SMP configuration:
[    0.113966] .... node  #0, CPUs:      #1 #2 #3 #4
[    0.117313] MDS CPU bug present and SMT on, data leak possible. See http=
s://www.kernel.org/doc/html/latest/admin-guide/hw-vuln/mds.html for more de=
tails.
[    0.117313]  #5 #6 #7
[    0.117440] smp: Brought up 1 node, 8 CPUs
[    0.117440] smpboot: Max logical packages: 1
[    0.117440] smpboot: Total of 8 processors activated (31999.48 BogoMIPS)
[    0.148681] node 0 deferred pages initialised in 28ms
[    0.149042] devtmpfs: initialized
[    0.149042] x86/mm: Memory block size: 128MB
[    0.150126] PM: Registering ACPI NVS region [mem 0x74f9d000-0x74f9dfff] =
(4096 bytes)
[    0.150126] PM: Registering ACPI NVS region [mem 0x7ff2c000-0x7ff99fff] =
(450560 bytes)
[    0.150126] clocksource: jiffies: mask: 0xffffffff max_cycles: 0xfffffff=
f, max_idle_ns: 7645041785100000 ns
[    0.150126] futex hash table entries: 2048 (order: 5, 131072 bytes, line=
ar)
[    0.150126] pinctrl core: initialized pinctrl subsystem
[    0.150126] NET: Registered protocol family 16
[    0.150126] audit: initializing netlink subsys (disabled)
[    0.150126] audit: type=3D2000 audit(1604783934.068:1): state=3Dinitiali=
zed audit_enabled=3D0 res=3D1
[    0.150126] thermal_sys: Registered thermal governor 'fair_share'
[    0.150126] thermal_sys: Registered thermal governor 'bang_bang'
[    0.150126] thermal_sys: Registered thermal governor 'step_wise'
[    0.150126] thermal_sys: Registered thermal governor 'user_space'
[    0.150126] cpuidle: using governor ladder
[    0.150126] cpuidle: using governor menu
[    0.150126] Simple Boot Flag at 0x47 set to 0x1
[    0.150126] ACPI FADT declares the system doesn't support PCIe ASPM, so =
disable it
[    0.150126] ACPI: bus type PCI registered
[    0.150126] acpiphp: ACPI Hot Plug PCI Controller Driver version: 0.5
[    0.152623] PCI: MMCONFIG for domain 0000 [bus 00-3f] at [mem 0xf8000000=
-0xfbffffff] (base 0xf8000000)
[    0.152627] PCI: MMCONFIG at [mem 0xf8000000-0xfbffffff] reserved in E820
[    0.152649] PCI: Using configuration type 1 for base access
[    0.153108] ENERGY_PERF_BIAS: Set to 'normal', was 'performance'
[    0.153845] HugeTLB registered 1.00 GiB page size, pre-allocated 0 pages
[    0.153845] HugeTLB registered 2.00 MiB page size, pre-allocated 0 pages
[    0.349162] ACPI: Added _OSI(Module Device)
[    0.349162] ACPI: Added _OSI(Processor Device)
[    0.349162] ACPI: Added _OSI(3.0 _SCP Extensions)
[    0.349162] ACPI: Added _OSI(Processor Aggregator Device)
[    0.349162] ACPI: Added _OSI(Linux-Dell-Video)
[    0.349162] ACPI: Added _OSI(Linux-Lenovo-NV-HDMI-Audio)
[    0.349162] ACPI: Added _OSI(Linux-HPI-Hybrid-Graphics)
[    0.415703] ACPI: 13 ACPI AML tables successfully acquired and loaded
[    0.417383] ACPI: EC: EC started
[    0.417384] ACPI: EC: interrupt blocked
[    0.419802] ACPI: EC: EC_CMD/EC_SC=3D0x66, EC_DATA=3D0x62
[    0.419802] ACPI: EC: Boot ECDT EC used to handle transactions
[    0.421907] ACPI: [Firmware Bug]: BIOS _OSI(Linux) query ignored
[    0.497399] ACPI: Dynamic OEM Table Load:
[    0.497422] ACPI: SSDT 0xFFFF8CD247722000 0005CD (v02 PmRef  Cpu0Ist  00=
003000 INTL 20160527)
[    0.499271] ACPI: \_PR_.PR00: _OSC native thermal LVT Acked
[    0.500712] ACPI: Dynamic OEM Table Load:
[    0.500723] ACPI: SSDT 0xFFFF8CD405EAC000 0003FF (v02 PmRef  Cpu0Cst  00=
003001 INTL 20160527)
[    0.502561] ACPI: Dynamic OEM Table Load:
[    0.502570] ACPI: SSDT 0xFFFF8CD247306540 0000BA (v02 PmRef  Cpu0Hwp  00=
003000 INTL 20160527)
[    0.504263] ACPI: Dynamic OEM Table Load:
[    0.504272] ACPI: SSDT 0xFFFF8CD247727000 000628 (v02 PmRef  HwpLvt   00=
003000 INTL 20160527)
[    0.506444] ACPI: Dynamic OEM Table Load:
[    0.506458] ACPI: SSDT 0xFFFF8CD405EB4000 000D14 (v02 PmRef  ApIst    00=
003000 INTL 20160527)
[    0.509086] ACPI: Dynamic OEM Table Load:
[    0.509095] ACPI: SSDT 0xFFFF8CD405EAB000 000317 (v02 PmRef  ApHwp    00=
003000 INTL 20160527)
[    0.510969] ACPI: Dynamic OEM Table Load:
[    0.510978] ACPI: SSDT 0xFFFF8CD405EA8800 00030A (v02 PmRef  ApCst    00=
003000 INTL 20160527)
[    0.516220] ACPI: Interpreter enabled
[    0.516291] ACPI: (supports S0 S3 S4 S5)
[    0.516292] ACPI: Using IOAPIC for interrupt routing
[    0.516343] PCI: Using host bridge windows from ACPI; if necessary, use =
"pci=3Dnocrs" and report a bug
[    0.517204] ACPI: Enabled 8 GPEs in block 00 to 7F
[    0.522003] ACPI: Power Resource [PUBS] (on)
[    0.552879] ACPI: Power Resource [PXP] (on)
[    0.574142] ACPI: PCI Root Bridge [PCI0] (domain 0000 [bus 00-3e])
[    0.574149] acpi PNP0A08:00: _OSC: OS supports [ExtendedConfig ASPM Cloc=
kPM Segments MSI HPX-Type3]
[    0.576945] acpi PNP0A08:00: _OSC: platform does not support [AER]
[    0.578542] acpi PNP0A08:00: _OSC: OS now controls [PCIeHotplug SHPCHotp=
lug PME PCIeCapability LTR]
[    0.578543] acpi PNP0A08:00: FADT indicates ASPM is unsupported, using B=
IOS configuration
[    0.581241] PCI host bridge to bus 0000:00
[    0.581244] pci_bus 0000:00: root bus resource [io  0x0000-0x0cf7 window]
[    0.581245] pci_bus 0000:00: root bus resource [io  0x0d00-0xffff window]
[    0.581247] pci_bus 0000:00: root bus resource [mem 0x000a0000-0x000bfff=
f window]
[    0.581248] pci_bus 0000:00: root bus resource [mem 0x000c0000-0x000c3ff=
f window]
[    0.581249] pci_bus 0000:00: root bus resource [mem 0x000c4000-0x000c7ff=
f window]
[    0.581250] pci_bus 0000:00: root bus resource [mem 0x000c8000-0x000cbff=
f window]
[    0.581251] pci_bus 0000:00: root bus resource [mem 0x000cc000-0x000cfff=
f window]
[    0.581252] pci_bus 0000:00: root bus resource [mem 0x000d0000-0x000d3ff=
f window]
[    0.581254] pci_bus 0000:00: root bus resource [mem 0x000d4000-0x000d7ff=
f window]
[    0.581255] pci_bus 0000:00: root bus resource [mem 0x000d8000-0x000dbff=
f window]
[    0.581256] pci_bus 0000:00: root bus resource [mem 0x000dc000-0x000dfff=
f window]
[    0.581257] pci_bus 0000:00: root bus resource [mem 0x000e0000-0x000e3ff=
f window]
[    0.581258] pci_bus 0000:00: root bus resource [mem 0x000e4000-0x000e7ff=
f window]
[    0.581259] pci_bus 0000:00: root bus resource [mem 0x000e8000-0x000ebff=
f window]
[    0.581260] pci_bus 0000:00: root bus resource [mem 0x000ec000-0x000efff=
f window]
[    0.581262] pci_bus 0000:00: root bus resource [mem 0x000f0000-0x000ffff=
f window]
[    0.581263] pci_bus 0000:00: root bus resource [mem 0x8c800000-0xf7fffff=
f window]
[    0.581264] pci_bus 0000:00: root bus resource [mem 0xfd000000-0xfe7ffff=
f window]
[    0.581266] pci_bus 0000:00: root bus resource [bus 00-3e]
[    0.581283] pci 0000:00:00.0: [8086:5914] type 00 class 0x060000
[    0.582399] pci 0000:00:02.0: [8086:5917] type 00 class 0x030000
[    0.582412] pci 0000:00:02.0: reg 0x10: [mem 0xe7000000-0xe7ffffff 64bit]
[    0.582421] pci 0000:00:02.0: reg 0x18: [mem 0xc0000000-0xcfffffff 64bit=
 pref]
[    0.582427] pci 0000:00:02.0: reg 0x20: [io  0xe000-0xe03f]
[    0.582450] pci 0000:00:02.0: BAR 2: assigned to efifb
[    0.583588] pci 0000:00:04.0: [8086:1903] type 00 class 0x118000
[    0.583601] pci 0000:00:04.0: reg 0x10: [mem 0xe8240000-0xe8247fff 64bit]
[    0.584828] pci 0000:00:08.0: [8086:1911] type 00 class 0x088000
[    0.584842] pci 0000:00:08.0: reg 0x10: [mem 0xe8250000-0xe8250fff 64bit]
[    0.585993] pci 0000:00:14.0: [8086:9d2f] type 00 class 0x0c0330
[    0.586012] pci 0000:00:14.0: reg 0x10: [mem 0xe8220000-0xe822ffff 64bit]
[    0.586088] pci 0000:00:14.0: PME# supported from D3hot D3cold
[    0.587350] pci 0000:00:14.2: [8086:9d31] type 00 class 0x118000
[    0.587371] pci 0000:00:14.2: reg 0x10: [mem 0xe8251000-0xe8251fff 64bit]
[    0.588663] pci 0000:00:15.0: [8086:9d60] type 00 class 0x118000
[    0.588870] pci 0000:00:15.0: reg 0x10: [mem 0xe8252000-0xe8252fff 64bit]
[    0.590893] pci 0000:00:16.0: [8086:9d3a] type 00 class 0x078000
[    0.590917] pci 0000:00:16.0: reg 0x10: [mem 0xe8253000-0xe8253fff 64bit]
[    0.590998] pci 0000:00:16.0: PME# supported from D3hot
[    0.592205] pci 0000:00:1c.0: [8086:9d10] type 01 class 0x060400
[    0.593338] pci 0000:00:1c.0: PME# supported from D0 D3hot D3cold
[    0.593520] pci 0000:00:1c.4: [8086:9d14] type 01 class 0x060400
[    0.594632] pci 0000:00:1c.4: PME# supported from D0 D3hot D3cold
[    0.594824] pci 0000:00:1c.6: [8086:9d16] type 01 class 0x060400
[    0.594914] pci 0000:00:1c.6: PME# supported from D0 D3hot D3cold
[    0.596126] pci 0000:00:1d.0: [8086:9d18] type 01 class 0x060400
[    0.596232] pci 0000:00:1d.0: PME# supported from D0 D3hot D3cold
[    0.597478] pci 0000:00:1f.0: [8086:9d4e] type 00 class 0x060100
[    0.598762] pci 0000:00:1f.2: [8086:9d21] type 00 class 0x058000
[    0.598777] pci 0000:00:1f.2: reg 0x10: [mem 0xe824c000-0xe824ffff]
[    0.599987] pci 0000:00:1f.3: [8086:9d71] type 00 class 0x040300
[    0.600013] pci 0000:00:1f.3: reg 0x10: [mem 0xe8248000-0xe824bfff 64bit]
[    0.600050] pci 0000:00:1f.3: reg 0x20: [mem 0xe8230000-0xe823ffff 64bit]
[    0.600109] pci 0000:00:1f.3: PME# supported from D3hot D3cold
[    0.601338] pci 0000:00:1f.4: [8086:9d23] type 00 class 0x0c0500
[    0.601390] pci 0000:00:1f.4: reg 0x10: [mem 0xe8254000-0xe82540ff 64bit]
[    0.601441] pci 0000:00:1f.4: reg 0x20: [io  0xefa0-0xefbf]
[    0.602668] pci 0000:00:1f.6: [8086:15d8] type 00 class 0x020000
[    0.602689] pci 0000:00:1f.6: reg 0x10: [mem 0xe8200000-0xe821ffff]
[    0.602801] pci 0000:00:1f.6: PME# supported from D0 D3hot D3cold
[    0.604013] pci 0000:00:1c.0: PCI bridge to [bus 01]
[    0.604102] pci 0000:04:00.0: [8086:15c0] type 01 class 0x060400
[    0.604161] pci 0000:04:00.0: enabling Extended Tags
[    0.604255] pci 0000:04:00.0: supports D1 D2
[    0.604257] pci 0000:04:00.0: PME# supported from D0 D1 D2 D3hot D3cold
[    0.604432] pci 0000:00:1c.4: PCI bridge to [bus 04-3c]
[    0.604437] pci 0000:00:1c.4:   bridge window [mem 0xd0000000-0xe60fffff]
[    0.604442] pci 0000:00:1c.4:   bridge window [mem 0x90000000-0xb1ffffff=
 64bit pref]
[    0.604525] pci 0000:05:00.0: [8086:15c0] type 01 class 0x060400
[    0.604588] pci 0000:05:00.0: enabling Extended Tags
[    0.604686] pci 0000:05:00.0: supports D1 D2
[    0.604687] pci 0000:05:00.0: PME# supported from D0 D1 D2 D3hot D3cold
[    0.604828] pci 0000:05:01.0: [8086:15c0] type 01 class 0x060400
[    0.604890] pci 0000:05:01.0: enabling Extended Tags
[    0.604990] pci 0000:05:01.0: supports D1 D2
[    0.604991] pci 0000:05:01.0: PME# supported from D0 D1 D2 D3hot D3cold
[    0.605121] pci 0000:05:02.0: [8086:15c0] type 01 class 0x060400
[    0.605183] pci 0000:05:02.0: enabling Extended Tags
[    0.605278] pci 0000:05:02.0: supports D1 D2
[    0.605279] pci 0000:05:02.0: PME# supported from D0 D1 D2 D3hot D3cold
[    0.605442] pci 0000:04:00.0: PCI bridge to [bus 05-3c]
[    0.605452] pci 0000:04:00.0:   bridge window [mem 0xd0000000-0xe60fffff]
[    0.605460] pci 0000:04:00.0:   bridge window [mem 0x90000000-0xb1ffffff=
 64bit pref]
[    0.605535] pci 0000:06:00.0: [8086:15bf] type 00 class 0x088000
[    0.605558] pci 0000:06:00.0: reg 0x10: [mem 0xe6000000-0xe603ffff]
[    0.605571] pci 0000:06:00.0: reg 0x14: [mem 0xe6040000-0xe6040fff]
[    0.605639] pci 0000:06:00.0: enabling Extended Tags
[    0.605752] pci 0000:06:00.0: supports D1 D2
[    0.605753] pci 0000:06:00.0: PME# supported from D0 D1 D2 D3hot D3cold
[    0.605930] pci 0000:05:00.0: PCI bridge to [bus 06]
[    0.605939] pci 0000:05:00.0:   bridge window [mem 0xe6000000-0xe60fffff]
[    0.605993] pci 0000:05:01.0: PCI bridge to [bus 07-3b]
[    0.606003] pci 0000:05:01.0:   bridge window [mem 0xd0000000-0xe5efffff]
[    0.606010] pci 0000:05:01.0:   bridge window [mem 0x90000000-0xb1ffffff=
 64bit pref]
[    0.606099] pci 0000:3c:00.0: [8086:15c1] type 00 class 0x0c0330
[    0.606124] pci 0000:3c:00.0: reg 0x10: [mem 0xe5f00000-0xe5f0ffff]
[    0.606210] pci 0000:3c:00.0: enabling Extended Tags
[    0.606326] pci 0000:3c:00.0: supports D1 D2
[    0.606327] pci 0000:3c:00.0: PME# supported from D0 D1 D2 D3hot D3cold
[    0.606421] pci 0000:3c:00.0: 8.000 Gb/s available PCIe bandwidth, limit=
ed by 2.5 GT/s PCIe x4 link at 0000:05:02.0 (capable of 31.504 Gb/s with 8.=
0 GT/s PCIe x4 link)
[    0.606539] pci 0000:05:02.0: PCI bridge to [bus 3c]
[    0.606549] pci 0000:05:02.0:   bridge window [mem 0xe5f00000-0xe5ffffff]
[    0.606910] pci 0000:3d:00.0: [8086:24fd] type 00 class 0x028000
[    0.606947] pci 0000:3d:00.0: reg 0x10: [mem 0xe8100000-0xe8101fff 64bit]
[    0.607384] pci 0000:3d:00.0: PME# supported from D0 D3hot D3cold
[    0.607970] pci 0000:00:1c.6: PCI bridge to [bus 3d]
[    0.607975] pci 0000:00:1c.6:   bridge window [mem 0xe8100000-0xe81fffff]
[    0.608231] pci 0000:3e:00.0: [144d:a808] type 00 class 0x010802
[    0.608255] pci 0000:3e:00.0: reg 0x10: [mem 0xe8000000-0xe8003fff 64bit]
[    0.612646] pci 0000:00:1d.0: PCI bridge to [bus 3e]
[    0.612651] pci 0000:00:1d.0:   bridge window [mem 0xe8000000-0xe80fffff]
[    0.615723] ACPI: PCI Interrupt Link [LNKA] (IRQs 3 4 5 6 10 *11 12 14 1=
5)
[    0.615789] ACPI: PCI Interrupt Link [LNKB] (IRQs 3 4 5 6 *10 11 12 14 1=
5)
[    0.615849] ACPI: PCI Interrupt Link [LNKC] (IRQs 3 4 5 6 10 *11 12 14 1=
5)
[    0.615909] ACPI: PCI Interrupt Link [LNKD] (IRQs 3 4 5 6 10 *11 12 14 1=
5)
[    0.615969] ACPI: PCI Interrupt Link [LNKE] (IRQs 3 4 5 6 10 *11 12 14 1=
5)
[    0.616028] ACPI: PCI Interrupt Link [LNKF] (IRQs 3 4 5 6 10 *11 12 14 1=
5)
[    0.616088] ACPI: PCI Interrupt Link [LNKG] (IRQs 3 4 5 6 10 *11 12 14 1=
5)
[    0.616148] ACPI: PCI Interrupt Link [LNKH] (IRQs 3 4 5 6 10 *11 12 14 1=
5)
[    0.617019] ACPI: EC: interrupt unblocked
[    0.617020] ACPI: EC: event unblocked
[    0.617033] ACPI: EC: EC_CMD/EC_SC=3D0x66, EC_DATA=3D0x62
[    0.617033] ACPI: EC: GPE=3D0x16
[    0.617035] ACPI: \_SB_.PCI0.LPCB.EC__: Boot ECDT EC initialization comp=
lete
[    0.617037] ACPI: \_SB_.PCI0.LPCB.EC__: EC: Used to handle transactions =
and events
[    0.617144] iommu: Default domain type: Translated=20
[    0.617164] pci 0000:00:02.0: vgaarb: VGA device added: decodes=3Dio+mem=
,owns=3Dmem,locks=3Dnone
[    0.617164] pci 0000:00:02.0: vgaarb: bridge control possible
[    0.617164] pci 0000:00:02.0: vgaarb: setting as boot device
[    0.617164] vgaarb: loaded
[    0.617164] EDAC MC: Ver: 3.0.0
[    0.617170] Registered efivars operations
[    0.617170] NetLabel: Initializing
[    0.617170] NetLabel:  domain hash size =3D 128
[    0.617170] NetLabel:  protocols =3D UNLABELED CIPSOv4 CALIPSO
[    0.617170] NetLabel:  unlabeled traffic allowed by default
[    0.617170] PCI: Using ACPI for IRQ routing
[    0.619306] PCI: pci_cache_line_size set to 64 bytes
[    0.621348] e820: reserve RAM buffer [mem 0x00058000-0x0005ffff]
[    0.621349] e820: reserve RAM buffer [mem 0x0009d000-0x0009ffff]
[    0.621350] e820: reserve RAM buffer [mem 0x74f9d000-0x77ffffff]
[    0.621352] e820: reserve RAM buffer [mem 0x783d7000-0x7bffffff]
[    0.621353] e820: reserve RAM buffer [mem 0x7e8f8000-0x7fffffff]
[    0.621354] e820: reserve RAM buffer [mem 0x472800000-0x473ffffff]
[    0.621394] hpet0: at MMIO 0xfed00000, IRQs 2, 8, 0, 0, 0, 0, 0, 0
[    0.621398] hpet0: 8 comparators, 64-bit 24.000000 MHz counter
[    0.623444] clocksource: Switched to clocksource tsc-early
[    0.633623] VFS: Disk quotas dquot_6.6.0
[    0.633643] VFS: Dquot-cache hash table entries: 512 (order 0, 4096 byte=
s)
[    0.633797] AppArmor: AppArmor Filesystem Enabled
[    0.633815] pnp: PnP ACPI init
[    0.634058] system 00:00: [mem 0xfd000000-0xfdabffff] has been reserved
[    0.634060] system 00:00: [mem 0xfdad0000-0xfdadffff] has been reserved
[    0.634062] system 00:00: [mem 0xfdb00000-0xfdffffff] has been reserved
[    0.634063] system 00:00: [mem 0xfe000000-0xfe01ffff] could not be reser=
ved
[    0.634065] system 00:00: [mem 0xfe036000-0xfe03bfff] has been reserved
[    0.634066] system 00:00: [mem 0xfe03d000-0xfe3fffff] has been reserved
[    0.634068] system 00:00: [mem 0xfe410000-0xfe7fffff] has been reserved
[    0.634074] system 00:00: Plug and Play ACPI device, IDs PNP0c02 (active)
[    0.634512] system 00:01: [io  0xff00-0xfffe] has been reserved
[    0.634517] system 00:01: Plug and Play ACPI device, IDs PNP0c02 (active)
[    0.635079] system 00:02: [io  0x0680-0x069f] has been reserved
[    0.635080] system 00:02: [io  0xffff] has been reserved
[    0.635082] system 00:02: [io  0xffff] has been reserved
[    0.635083] system 00:02: [io  0xffff] has been reserved
[    0.635085] system 00:02: [io  0x1800-0x18fe] has been reserved
[    0.635086] system 00:02: [io  0x164e-0x164f] has been reserved
[    0.635090] system 00:02: Plug and Play ACPI device, IDs PNP0c02 (active)
[    0.635231] pnp 00:03: Plug and Play ACPI device, IDs PNP0b00 (active)
[    0.635284] system 00:04: [io  0x1854-0x1857] has been reserved
[    0.635288] system 00:04: Plug and Play ACPI device, IDs INT3f0d PNP0c02=
 (active)
[    0.635312] pnp 00:05: Plug and Play ACPI device, IDs LEN0071 PNP0303 (a=
ctive)
[    0.635331] pnp 00:06: Plug and Play ACPI device, IDs LEN008f PNP0f13 (a=
ctive)
[    0.635469] system 00:07: [io  0x1800-0x189f] could not be reserved
[    0.635471] system 00:07: [io  0x0800-0x087f] has been reserved
[    0.635473] system 00:07: [io  0x0880-0x08ff] has been reserved
[    0.635474] system 00:07: [io  0x0900-0x097f] has been reserved
[    0.635476] system 00:07: [io  0x0980-0x09ff] has been reserved
[    0.635478] system 00:07: [io  0x0a00-0x0a7f] has been reserved
[    0.635480] system 00:07: [io  0x0a80-0x0aff] has been reserved
[    0.635481] system 00:07: [io  0x0b00-0x0b7f] has been reserved
[    0.635482] system 00:07: [io  0x0b80-0x0bff] has been reserved
[    0.635484] system 00:07: [io  0x15e0-0x15ef] has been reserved
[    0.635485] system 00:07: [io  0x1600-0x167f] could not be reserved
[    0.635487] system 00:07: [io  0x1640-0x165f] could not be reserved
[    0.635489] system 00:07: [mem 0xf8000000-0xfbffffff] has been reserved
[    0.635491] system 00:07: [mem 0xfed10000-0xfed13fff] has been reserved
[    0.635492] system 00:07: [mem 0xfed18000-0xfed18fff] has been reserved
[    0.635494] system 00:07: [mem 0xfed19000-0xfed19fff] has been reserved
[    0.635495] system 00:07: [mem 0xfeb00000-0xfebfffff] has been reserved
[    0.635497] system 00:07: [mem 0xfed20000-0xfed3ffff] has been reserved
[    0.635499] system 00:07: [mem 0xfed90000-0xfed93fff] could not be reser=
ved
[    0.635500] system 00:07: [mem 0xf7fe0000-0xf7ffffff] has been reserved
[    0.635504] system 00:07: Plug and Play ACPI device, IDs PNP0c02 (active)
[    0.637269] system 00:08: [mem 0xfdaf0000-0xfdafffff] has been reserved
[    0.637270] system 00:08: [mem 0xfdae0000-0xfdaeffff] has been reserved
[    0.637272] system 00:08: [mem 0xfdac0000-0xfdacffff] has been reserved
[    0.637276] system 00:08: Plug and Play ACPI device, IDs PNP0c02 (active)
[    0.638444] system 00:09: [mem 0xfed10000-0xfed17fff] could not be reser=
ved
[    0.638446] system 00:09: [mem 0xfed18000-0xfed18fff] has been reserved
[    0.638447] system 00:09: [mem 0xfed19000-0xfed19fff] has been reserved
[    0.638449] system 00:09: [mem 0xf8000000-0xfbffffff] has been reserved
[    0.638450] system 00:09: [mem 0xfed20000-0xfed3ffff] has been reserved
[    0.638452] system 00:09: [mem 0xfed90000-0xfed93fff] could not be reser=
ved
[    0.638453] system 00:09: [mem 0xfed45000-0xfed8ffff] has been reserved
[    0.638455] system 00:09: [mem 0xff000000-0xffffffff] has been reserved
[    0.638456] system 00:09: [mem 0xfee00000-0xfeefffff] has been reserved
[    0.638458] system 00:09: [mem 0xf7fe0000-0xf7ffffff] has been reserved
[    0.638462] system 00:09: Plug and Play ACPI device, IDs PNP0c02 (active)
[    0.638797] system 00:0a: [mem 0x00000000-0x0009ffff] could not be reser=
ved
[    0.638798] system 00:0a: [mem 0x000f0000-0x000fffff] could not be reser=
ved
[    0.638800] system 00:0a: [mem 0x00100000-0x8c7fffff] could not be reser=
ved
[    0.638802] system 00:0a: [mem 0xfec00000-0xfed3ffff] could not be reser=
ved
[    0.638803] system 00:0a: [mem 0xfed4c000-0xffffffff] could not be reser=
ved
[    0.638807] system 00:0a: Plug and Play ACPI device, IDs PNP0c01 (active)
[    0.638977] pnp: PnP ACPI: found 11 devices
[    0.645020] clocksource: acpi_pm: mask: 0xffffff max_cycles: 0xffffff, m=
ax_idle_ns: 2085701024 ns
[    0.645091] NET: Registered protocol family 2
[    0.645272] tcp_listen_portaddr_hash hash table entries: 8192 (order: 5,=
 131072 bytes, linear)
[    0.645399] TCP established hash table entries: 131072 (order: 8, 104857=
6 bytes, linear)
[    0.645663] TCP bind hash table entries: 65536 (order: 8, 1048576 bytes,=
 linear)
[    0.645766] TCP: Hash tables configured (established 131072 bind 65536)
[    0.645825] UDP hash table entries: 8192 (order: 6, 262144 bytes, linear)
[    0.645886] UDP-Lite hash table entries: 8192 (order: 6, 262144 bytes, l=
inear)
[    0.645967] NET: Registered protocol family 1
[    0.645973] NET: Registered protocol family 44
[    0.645982] pci 0000:00:1c.0: bridge window [io  0x1000-0x0fff] to [bus =
01] add_size 1000
[    0.645985] pci 0000:00:1c.0: bridge window [mem 0x00100000-0x000fffff 6=
4bit pref] to [bus 01] add_size 200000 add_align 100000
[    0.645987] pci 0000:00:1c.0: bridge window [mem 0x00100000-0x000fffff] =
to [bus 01] add_size 200000 add_align 100000
[    0.645989] pci 0000:05:01.0: bridge window [io  0x1000-0x0fff] to [bus =
07-3b] add_size 1000
[    0.645993] pci 0000:04:00.0: bridge window [io  0x1000-0x0fff] to [bus =
05-3c] add_size 1000
[    0.645994] pci 0000:00:1c.4: bridge window [io  0x1000-0x0fff] to [bus =
04-3c] add_size 2000
[    0.646009] pci 0000:00:1c.0: BAR 14: assigned [mem 0x8c800000-0x8c9ffff=
f]
[    0.646021] pci 0000:00:1c.0: BAR 15: assigned [mem 0x8ca00000-0x8cbffff=
f 64bit pref]
[    0.646024] pci 0000:00:1c.0: BAR 13: assigned [io  0x2000-0x2fff]
[    0.646026] pci 0000:00:1c.4: BAR 13: assigned [io  0x3000-0x4fff]
[    0.646030] pci 0000:00:1c.0: PCI bridge to [bus 01]
[    0.646034] pci 0000:00:1c.0:   bridge window [io  0x2000-0x2fff]
[    0.646039] pci 0000:00:1c.0:   bridge window [mem 0x8c800000-0x8c9fffff]
[    0.646042] pci 0000:00:1c.0:   bridge window [mem 0x8ca00000-0x8cbfffff=
 64bit pref]
[    0.646048] pci 0000:04:00.0: BAR 13: assigned [io  0x3000-0x3fff]
[    0.646051] pci 0000:05:01.0: BAR 13: assigned [io  0x3000-0x3fff]
[    0.646053] pci 0000:05:00.0: PCI bridge to [bus 06]
[    0.646058] pci 0000:05:00.0:   bridge window [mem 0xe6000000-0xe60fffff]
[    0.646068] pci 0000:05:01.0: PCI bridge to [bus 07-3b]
[    0.646071] pci 0000:05:01.0:   bridge window [io  0x3000-0x3fff]
[    0.646076] pci 0000:05:01.0:   bridge window [mem 0xd0000000-0xe5efffff]
[    0.646080] pci 0000:05:01.0:   bridge window [mem 0x90000000-0xb1ffffff=
 64bit pref]
[    0.646087] pci 0000:05:02.0: PCI bridge to [bus 3c]
[    0.646092] pci 0000:05:02.0:   bridge window [mem 0xe5f00000-0xe5ffffff]
[    0.646102] pci 0000:04:00.0: PCI bridge to [bus 05-3c]
[    0.646104] pci 0000:04:00.0:   bridge window [io  0x3000-0x3fff]
[    0.646109] pci 0000:04:00.0:   bridge window [mem 0xd0000000-0xe60fffff]
[    0.646113] pci 0000:04:00.0:   bridge window [mem 0x90000000-0xb1ffffff=
 64bit pref]
[    0.646119] pci 0000:00:1c.4: PCI bridge to [bus 04-3c]
[    0.646121] pci 0000:00:1c.4:   bridge window [io  0x3000-0x4fff]
[    0.646125] pci 0000:00:1c.4:   bridge window [mem 0xd0000000-0xe60fffff]
[    0.646128] pci 0000:00:1c.4:   bridge window [mem 0x90000000-0xb1ffffff=
 64bit pref]
[    0.646133] pci 0000:00:1c.6: PCI bridge to [bus 3d]
[    0.646137] pci 0000:00:1c.6:   bridge window [mem 0xe8100000-0xe81fffff]
[    0.646143] pci 0000:00:1d.0: PCI bridge to [bus 3e]
[    0.646149] pci 0000:00:1d.0:   bridge window [mem 0xe8000000-0xe80fffff]
[    0.646157] pci_bus 0000:00: resource 4 [io  0x0000-0x0cf7 window]
[    0.646158] pci_bus 0000:00: resource 5 [io  0x0d00-0xffff window]
[    0.646160] pci_bus 0000:00: resource 6 [mem 0x000a0000-0x000bffff windo=
w]
[    0.646161] pci_bus 0000:00: resource 7 [mem 0x000c0000-0x000c3fff windo=
w]
[    0.646162] pci_bus 0000:00: resource 8 [mem 0x000c4000-0x000c7fff windo=
w]
[    0.646163] pci_bus 0000:00: resource 9 [mem 0x000c8000-0x000cbfff windo=
w]
[    0.646164] pci_bus 0000:00: resource 10 [mem 0x000cc000-0x000cffff wind=
ow]
[    0.646166] pci_bus 0000:00: resource 11 [mem 0x000d0000-0x000d3fff wind=
ow]
[    0.646167] pci_bus 0000:00: resource 12 [mem 0x000d4000-0x000d7fff wind=
ow]
[    0.646168] pci_bus 0000:00: resource 13 [mem 0x000d8000-0x000dbfff wind=
ow]
[    0.646169] pci_bus 0000:00: resource 14 [mem 0x000dc000-0x000dffff wind=
ow]
[    0.646170] pci_bus 0000:00: resource 15 [mem 0x000e0000-0x000e3fff wind=
ow]
[    0.646171] pci_bus 0000:00: resource 16 [mem 0x000e4000-0x000e7fff wind=
ow]
[    0.646172] pci_bus 0000:00: resource 17 [mem 0x000e8000-0x000ebfff wind=
ow]
[    0.646174] pci_bus 0000:00: resource 18 [mem 0x000ec000-0x000effff wind=
ow]
[    0.646175] pci_bus 0000:00: resource 19 [mem 0x000f0000-0x000fffff wind=
ow]
[    0.646176] pci_bus 0000:00: resource 20 [mem 0x8c800000-0xf7ffffff wind=
ow]
[    0.646177] pci_bus 0000:00: resource 21 [mem 0xfd000000-0xfe7fffff wind=
ow]
[    0.646179] pci_bus 0000:01: resource 0 [io  0x2000-0x2fff]
[    0.646180] pci_bus 0000:01: resource 1 [mem 0x8c800000-0x8c9fffff]
[    0.646181] pci_bus 0000:01: resource 2 [mem 0x8ca00000-0x8cbfffff 64bit=
 pref]
[    0.646183] pci_bus 0000:04: resource 0 [io  0x3000-0x4fff]
[    0.646184] pci_bus 0000:04: resource 1 [mem 0xd0000000-0xe60fffff]
[    0.646185] pci_bus 0000:04: resource 2 [mem 0x90000000-0xb1ffffff 64bit=
 pref]
[    0.646186] pci_bus 0000:05: resource 0 [io  0x3000-0x3fff]
[    0.646187] pci_bus 0000:05: resource 1 [mem 0xd0000000-0xe60fffff]
[    0.646189] pci_bus 0000:05: resource 2 [mem 0x90000000-0xb1ffffff 64bit=
 pref]
[    0.646190] pci_bus 0000:06: resource 1 [mem 0xe6000000-0xe60fffff]
[    0.646191] pci_bus 0000:07: resource 0 [io  0x3000-0x3fff]
[    0.646192] pci_bus 0000:07: resource 1 [mem 0xd0000000-0xe5efffff]
[    0.646193] pci_bus 0000:07: resource 2 [mem 0x90000000-0xb1ffffff 64bit=
 pref]
[    0.646195] pci_bus 0000:3c: resource 1 [mem 0xe5f00000-0xe5ffffff]
[    0.646196] pci_bus 0000:3d: resource 1 [mem 0xe8100000-0xe81fffff]
[    0.646197] pci_bus 0000:3e: resource 1 [mem 0xe8000000-0xe80fffff]
[    0.646361] pci 0000:00:02.0: Video device with shadowed ROM at [mem 0x0=
00c0000-0x000dffff]
[    0.646886] pci 0000:04:00.0: enabling device (0006 -> 0007)
[    0.647483] PCI: CLS 128 bytes, default 64
[    0.647546] Trying to unpack rootfs image as initramfs...
[    1.863822] Freeing initrd memory: 53888K
[    1.863896] DMAR: ACPI device "device:7a" under DMAR at fed91000 as 00:1=
5.0
[    1.863918] PCI-DMA: Using software bounce buffering for IO (SWIOTLB)
[    1.863920] software IO TLB: mapped [mem 0x79f2f000-0x7df2f000] (64MB)
[    1.864573] Initialise system trusted keyrings
[    1.864582] Key type blacklist registered
[    1.864650] workingset: timestamp_bits=3D40 max_order=3D22 bucket_order=
=3D0
[    1.866061] zbud: loaded
[    1.866249] integrity: Platform Keyring initialized
[    1.866252] Key type asymmetric registered
[    1.866253] Asymmetric key parser 'x509' registered
[    1.866260] Block layer SCSI generic (bsg) driver version 0.4 loaded (ma=
jor 251)
[    1.866314] io scheduler mq-deadline registered
[    1.866752] pcieport 0000:00:1c.0: PME: Signaling with IRQ 122
[    1.866785] pcieport 0000:00:1c.0: pciehp: Slot #0 AttnBtn- PwrCtrl- MRL=
- AttnInd- PwrInd- HotPlug+ Surprise+ Interlock- NoCompl+ IbPresDis- LLActR=
ep+
[    1.866964] pcieport 0000:00:1c.4: PME: Signaling with IRQ 123
[    1.866989] pcieport 0000:00:1c.4: pciehp: Slot #4 AttnBtn- PwrCtrl- MRL=
- AttnInd- PwrInd- HotPlug+ Surprise+ Interlock- NoCompl+ IbPresDis- LLActR=
ep+
[    1.867283] pcieport 0000:00:1c.6: PME: Signaling with IRQ 124
[    1.867527] pcieport 0000:00:1d.0: PME: Signaling with IRQ 125
[    1.867914] pcieport 0000:05:01.0: enabling device (0006 -> 0007)
[    1.868051] pcieport 0000:05:01.0: pciehp: Slot #1 AttnBtn- PwrCtrl- MRL=
- AttnInd- PwrInd- HotPlug+ Surprise+ Interlock- NoCompl+ IbPresDis- LLActR=
ep+
[    1.868372] shpchp: Standard Hot Plug PCI Controller Driver version: 0.4
[    1.868399] efifb: probing for efifb
[    1.868416] efifb: framebuffer at 0xc0000000, using 14400k, total 14400k
[    1.868417] efifb: mode is 2560x1440x32, linelength=3D10240, pages=3D1
[    1.868418] efifb: scrolling: redraw
[    1.868419] efifb: Truecolor: size=3D8:8:8:8, shift=3D24:16:8:0
[    1.868522] Console: switching to colour frame buffer device 160x45
[    1.877827] fb0: EFI VGA frame buffer device
[    1.877836] intel_idle: MWAIT substates: 0x11142120
[    1.877837] intel_idle: v0.5.1 model 0x8E
[    1.878404] intel_idle: Local APIC timer is reliable in all C-states
[    1.883366] thermal LNXTHERM:00: registered as thermal_zone0
[    1.883368] ACPI: Thermal Zone [THM0] (45 C)
[    1.883654] Serial: 8250/16550 driver, 4 ports, IRQ sharing enabled
[    1.884374] Linux agpgart interface v0.103
[    1.884421] AMD-Vi: AMD IOMMUv2 driver by Joerg Roedel <jroedel@suse.de>
[    1.884422] AMD-Vi: AMD IOMMUv2 functionality not available on this syst=
em
[    1.885169] i8042: PNP: PS/2 Controller [PNP0303:KBD,PNP0f13:MOU] at 0x6=
0,0x64 irq 1,12
[    1.887195] serio: i8042 KBD port at 0x60,0x64 irq 1
[    1.887200] serio: i8042 AUX port at 0x60,0x64 irq 12
[    1.887365] mousedev: PS/2 mouse device common for all mice
[    1.887422] rtc_cmos 00:03: RTC can wake from S4
[    1.888144] rtc_cmos 00:03: registered as rtc0
[    1.888291] rtc_cmos 00:03: setting system clock to 2020-11-07T21:18:56 =
UTC (1604783936)
[    1.888327] rtc_cmos 00:03: alarms up to one month, y3k, 242 bytes nvram=
, hpet irqs
[    1.888337] intel_pstate: Intel P-state driver initializing
[    1.889061] intel_pstate: HWP enabled
[    1.889209] input: AT Translated Set 2 keyboard as /devices/platform/i80=
42/serio0/input/input0
[    1.889498] ledtrig-cpu: registered to indicate activity on CPUs
[    1.889847] NET: Registered protocol family 10
[    1.897128] Segment Routing with IPv6
[    1.897143] mip6: Mobile IPv6
[    1.897144] NET: Registered protocol family 17
[    1.897300] mpls_gso: MPLS GSO support
[    1.897977] microcode: sig=3D0x806ea, pf=3D0x80, revision=3D0x84
[    1.898228] microcode: Microcode Update Driver: v2.2.
[    1.898230] IPI shorthand broadcast: enabled
[    1.898235] sched_clock: Marking stable (1897376250, 558494)->(190552722=
7, -7592483)
[    1.898479] registered taskstats version 1
[    1.898481] Loading compiled-in X.509 certificates
[    1.898503] zswap: loaded using pool lzo/zbud
[    1.898749] Key type ._fscrypt registered
[    1.898750] Key type .fscrypt registered
[    1.898751] Key type fscrypt-provisioning registered
[    1.898777] AppArmor: AppArmor sha1 policy hashing enabled
[    1.899559] integrity: Loading X.509 certificate: UEFI:db
[    1.899575] integrity: Loaded X.509 cert 'Lenovo Ltd.: ThinkPad Product =
CA 2012: 838b1f54c1550463f45f98700640f11069265949'
[    1.899575] integrity: Loading X.509 certificate: UEFI:db
[    1.899584] integrity: Loaded X.509 cert 'Lenovo UEFI CA 2014: 4b91a6873=
2eaefdd2c8ffffc6b027ec3449e9c8f'
[    1.899585] integrity: Loading X.509 certificate: UEFI:db
[    1.899599] integrity: Loaded X.509 cert 'Microsoft Corporation UEFI CA =
2011: 13adbf4309bd82709c8cd54f316ed522988a1bd4'
[    1.899599] integrity: Loading X.509 certificate: UEFI:db
[    1.899611] integrity: Loaded X.509 cert 'Microsoft Windows Production P=
CA 2011: a92902398e16c49778cd90f99e4f9ae17c55af53'
[    1.902178] Freeing unused kernel image (initmem) memory: 1636K
[    1.929051] Write protecting the kernel read-only data: 18432k
[    1.929572] Freeing unused kernel image (text/rodata gap) memory: 2044K
[    1.929765] Freeing unused kernel image (rodata/data gap) memory: 328K
[    1.968824] x86/mm: Checked W+X mappings: passed, no W+X pages found.
[    1.968825] x86/mm: Checking user space page tables
[    2.004933] x86/mm: Checked W+X mappings: passed, no W+X pages found.
[    2.004935] Run /init as init process
[    2.004936]   with arguments:
[    2.004936]     /init
[    2.004937]   with environment:
[    2.004937]     HOME=3D/
[    2.004937]     TERM=3Dlinux
[    2.004938]     BOOT_IMAGE=3D/vmlinuz-5.9.6
[    2.004938]     crashkernel=3D384M-8G:128M,8G-:512M
[    2.073746] button: module verification failed: signature and/or require=
d key missing - tainting kernel
[    2.074008] input: Sleep Button as /devices/LNXSYSTM:00/LNXSYBUS:00/PNP0=
C0E:00/input/input2
[    2.082053] acpi PNP0C14:02: duplicate WMI GUID 05901221-D566-11D1-B2F0-=
00A0C9062910 (first instance was on PNP0C14:01)
[    2.082110] acpi PNP0C14:03: duplicate WMI GUID 05901221-D566-11D1-B2F0-=
00A0C9062910 (first instance was on PNP0C14:01)
[    2.086301] ACPI: bus type USB registered
[    2.086313] intel-lpss 0000:00:15.0: enabling device (0000 -> 0002)
[    2.086317] usbcore: registered new interface driver usbfs
[    2.086323] usbcore: registered new interface driver hub
[    2.086350] usbcore: registered new device driver usb
[    2.086573] idma64 idma64.0: Found Intel integrated DMA 64-bit
[    2.089918] i801_smbus 0000:00:1f.4: enabling device (0000 -> 0003)
[    2.091229] xhci_hcd 0000:00:14.0: xHCI Host Controller
[    2.091236] xhci_hcd 0000:00:14.0: new USB bus registered, assigned bus =
number 1
[    2.092321] xhci_hcd 0000:00:14.0: hcc params 0x200077c1 hci version 0x1=
00 quirks 0x0000000081109810
[    2.092340] cryptd: max_cpu_qlen set to 1000
[    2.092635] ACPI: Sleep Button [SLPB]
[    2.092685] i801_smbus 0000:00:1f.4: SPD Write Disable is set
[    2.092724] input: Lid Switch as /devices/LNXSYSTM:00/LNXSYBUS:00/PNP0C0=
D:00/input/input4
[    2.092734] i801_smbus 0000:00:1f.4: SMBus using PCI interrupt
[    2.092816] ACPI: Lid Switch [LID]
[    2.092875] input: Power Button as /devices/LNXSYSTM:00/LNXPWRBN:00/inpu=
t/input5
[    2.092893] ACPI: Power Button [PWRF]
[    2.092934] xhci_hcd 0000:00:14.0: cache line size of 128 is not support=
ed
[    2.093197] usb usb1: New USB device found, idVendor=3D1d6b, idProduct=
=3D0002, bcdDevice=3D 5.09
[    2.093198] usb usb1: New USB device strings: Mfr=3D3, Product=3D2, Seri=
alNumber=3D1
[    2.093199] usb usb1: Product: xHCI Host Controller
[    2.093200] usb usb1: Manufacturer: Linux 5.9.6 xhci-hcd
[    2.093200] usb usb1: SerialNumber: 0000:00:14.0
[    2.093577] hub 1-0:1.0: USB hub found
[    2.093601] hub 1-0:1.0: 12 ports detected
[    2.096051] pps_core: LinuxPPS API ver. 1 registered
[    2.096051] pps_core: Software ver. 5.3.6 - Copyright 2005-2007 Rodolfo =
Giometti <giometti@linux.it>
[    2.096367] AVX2 version of gcm_enc/dec engaged.
[    2.096367] AES CTR mode by8 optimization enabled
[    2.099946] PTP clock support registered
[    2.100219] i2c i2c-0: 2/2 memory slots populated (from DMI)
[    2.100911] i2c i2c-0: Successfully instantiated SPD at 0x51
[    2.103607] battery: ACPI: Battery Slot [BAT0] (battery present)
[    2.103700] nvme nvme0: pci function 0000:3e:00.0
[    2.103948] xhci_hcd 0000:00:14.0: xHCI Host Controller
[    2.103951] xhci_hcd 0000:00:14.0: new USB bus registered, assigned bus =
number 2
[    2.103954] xhci_hcd 0000:00:14.0: Host supports USB 3.0 SuperSpeed
[    2.104182] usb usb2: New USB device found, idVendor=3D1d6b, idProduct=
=3D0003, bcdDevice=3D 5.09
[    2.104183] usb usb2: New USB device strings: Mfr=3D3, Product=3D2, Seri=
alNumber=3D1
[    2.104184] usb usb2: Product: xHCI Host Controller
[    2.104185] usb usb2: Manufacturer: Linux 5.9.6 xhci-hcd
[    2.104186] usb usb2: SerialNumber: 0000:00:14.0
[    2.104280] hub 2-0:1.0: USB hub found
[    2.104373] hub 2-0:1.0: 6 ports detected
[    2.104765] usb: port power management may be unreliable
[    2.104987] xhci_hcd 0000:3c:00.0: xHCI Host Controller
[    2.104991] xhci_hcd 0000:3c:00.0: new USB bus registered, assigned bus =
number 3
[    2.106138] xhci_hcd 0000:3c:00.0: hcc params 0x200077c1 hci version 0x1=
10 quirks 0x0000000000009810
[    2.106291] e1000e: Intel(R) PRO/1000 Network Driver
[    2.106292] e1000e: Copyright(c) 1999 - 2015 Intel Corporation.
[    2.106465] e1000e 0000:00:1f.6: Interrupt Throttling Rate (ints/sec) se=
t to dynamic conservative mode
[    2.106685] usb usb3: New USB device found, idVendor=3D1d6b, idProduct=
=3D0002, bcdDevice=3D 5.09
[    2.106686] usb usb3: New USB device strings: Mfr=3D3, Product=3D2, Seri=
alNumber=3D1
[    2.106687] usb usb3: Product: xHCI Host Controller
[    2.106687] usb usb3: Manufacturer: Linux 5.9.6 xhci-hcd
[    2.106688] usb usb3: SerialNumber: 0000:3c:00.0
[    2.106775] hub 3-0:1.0: USB hub found
[    2.106781] hub 3-0:1.0: 2 ports detected
[    2.107223] xhci_hcd 0000:3c:00.0: xHCI Host Controller
[    2.107225] xhci_hcd 0000:3c:00.0: new USB bus registered, assigned bus =
number 4
[    2.107228] xhci_hcd 0000:3c:00.0: Host supports USB 3.1 Enhanced SuperS=
peed
[    2.107255] usb usb4: New USB device found, idVendor=3D1d6b, idProduct=
=3D0003, bcdDevice=3D 5.09
[    2.107255] usb usb4: New USB device strings: Mfr=3D3, Product=3D2, Seri=
alNumber=3D1
[    2.107256] usb usb4: Product: xHCI Host Controller
[    2.107256] usb usb4: Manufacturer: Linux 5.9.6 xhci-hcd
[    2.107257] usb usb4: SerialNumber: 0000:3c:00.0
[    2.107336] hub 4-0:1.0: USB hub found
[    2.107343] hub 4-0:1.0: 2 ports detected
[    2.111639] nvme nvme0: Shutdown timeout set to 8 seconds
[    2.120500] nvme nvme0: 8/0/0 default/read/poll queues
[    2.124432]  nvme0n1: p1 p2 p3
[    2.157770] i915 0000:00:02.0: enabling device (0006 -> 0007)
[    2.158365] checking generic (c0000000 e10000) vs hw (e7000000 1000000)
[    2.158365] checking generic (c0000000 e10000) vs hw (c0000000 10000000)
[    2.158366] fb0: switching to inteldrmfb from EFI VGA
[    2.158410] Console: switching to colour dummy device 80x25
[    2.158430] i915 0000:00:02.0: vgaarb: deactivate vga console
[    2.159371] i915 0000:00:02.0: vgaarb: changed VGA decodes: olddecodes=
=3Dio+mem,decodes=3Dio+mem:owns=3Dmem
[    2.159396] i915 0000:00:02.0: Direct firmware load for i915/kbl_dmc_ver=
1_04.bin failed with error -2
[    2.159397] i915 0000:00:02.0: [drm] Failed to load DMC firmware i915/kb=
l_dmc_ver1_04.bin. Disabling runtime power management.
[    2.159397] i915 0000:00:02.0: [drm] DMC firmware homepage: https://git.=
kernel.org/pub/scm/linux/kernel/git/firmware/linux-firmware.git/tree/i915
[    2.165075] i915 0000:00:02.0: [drm] Reducing the compressed framebuffer=
 size. This may lead to less power savings than a non-reduced-size. Try to =
increase stolen memory size if available in BIOS.
[    2.189709] [drm] Initialized i915 1.6.0 20200715 for 0000:00:02.0 on mi=
nor 0
[    2.191542] ACPI: Video Device [GFX0] (multi-head: yes  rom: no  post: n=
o)
[    2.191790] input: Video Bus as /devices/LNXSYSTM:00/LNXSYBUS:00/PNP0A08=
:00/LNXVIDEO:00/input/input6
[    2.305927] fbcon: i915drmfb (fb0) is primary device
[    2.348520] e1000e 0000:00:1f.6 0000:00:1f.6 (uninitialized): registered=
 PHC clock
[    2.415771] e1000e 0000:00:1f.6 eth0: (PCI Express:2.5GT/s:Width x1) 8c:=
16:45:66:ba:11
[    2.415775] e1000e 0000:00:1f.6 eth0: Intel(R) PRO/1000 Network Connecti=
on
[    2.415875] e1000e 0000:00:1f.6 eth0: MAC: 12, PHY: 12, PBA No: 1000FF-0=
FF
[    2.418033] e1000e 0000:00:1f.6 enp0s31f6: renamed from eth0
[    2.448987] usb 2-3: new SuperSpeed Gen 1 USB device number 2 using xhci=
_hcd
[    2.485162] usb 2-3: New USB device found, idVendor=3D0bda, idProduct=3D=
0316, bcdDevice=3D 2.04
[    2.485166] usb 2-3: New USB device strings: Mfr=3D1, Product=3D2, Seria=
lNumber=3D3
[    2.485169] usb 2-3: Product: USB3.0-CRW
[    2.485171] usb 2-3: Manufacturer: Generic
[    2.485173] usb 2-3: SerialNumber: 20120501030900000
[    2.516848] SCSI subsystem initialized
[    2.519772] usb-storage 2-3:1.0: USB Mass Storage device detected
[    2.520430] scsi host0: usb-storage 2-3:1.0
[    2.520674] usbcore: registered new interface driver usb-storage
[    2.522209] usbcore: registered new interface driver uas
[    2.587806] psmouse serio1: elantech: assuming hardware version 4 (with =
firmware version 0x7f3001)
[    2.599581] psmouse serio1: elantech: Synaptics capabilities query resul=
t 0x90, 0x18, 0x0f.
[    2.608745] usb 1-3: new full-speed USB device number 2 using xhci_hcd
[    2.611427] psmouse serio1: elantech: Elan sample query result 00, 20, c9
[    2.635393] psmouse serio1: elantech: Trying to set up SMBus access
[    2.770080] usb 1-3: New USB device found, idVendor=3D058f, idProduct=3D=
9540, bcdDevice=3D 1.20
[    2.770085] usb 1-3: New USB device strings: Mfr=3D1, Product=3D2, Seria=
lNumber=3D0
[    2.770088] usb 1-3: Product: EMV Smartcard Reader
[    2.770090] usb 1-3: Manufacturer: Generic
[    2.864886] tsc: Refined TSC clocksource calibration: 1991.999 MHz
[    2.864904] clocksource: tsc: mask: 0xffffffffffffffff max_cycles: 0x396=
d4ffc055, max_idle_ns: 881590662783 ns
[    2.864993] clocksource: Switched to clocksource tsc
[    2.896896] usb 1-5: new high-speed USB device number 3 using xhci_hcd
[    3.058251] usb 1-5: New USB device found, idVendor=3D04f2, idProduct=3D=
b615, bcdDevice=3D 0.11
[    3.058256] usb 1-5: New USB device strings: Mfr=3D1, Product=3D2, Seria=
lNumber=3D0
[    3.058259] usb 1-5: Product: Integrated IR Camera
[    3.058261] usb 1-5: Manufacturer: SunplusIT Inc
[    3.188709] usb 1-6: new high-speed USB device number 4 using xhci_hcd
[    3.346281] usb 1-6: New USB device found, idVendor=3D2cb7, idProduct=3D=
0210, bcdDevice=3D 3.33
[    3.346285] usb 1-6: New USB device strings: Mfr=3D1, Product=3D2, Seria=
lNumber=3D3
[    3.346288] usb 1-6: Product: L830-EB-00
[    3.346291] usb 1-6: Manufacturer: FIBOCOM
[    3.346293] usb 1-6: SerialNumber: 004999010640000
[    3.408536] Console: switching to colour frame buffer device 160x45
[    3.434426] i915 0000:00:02.0: [drm] fb0: i915drmfb frame buffer device
[    3.488671] usb 1-7: new full-speed USB device number 5 using xhci_hcd
[    3.538450] scsi 0:0:0:0: Direct-Access     Generic- SD/MMC           1.=
00 PQ: 0 ANSI: 6
[    3.556645] raid6: avx2x4   gen() 25824 MB/s
[    3.624646] raid6: avx2x4   xor() 20516 MB/s
[    3.641550] usb 1-7: New USB device found, idVendor=3D8087, idProduct=3D=
0a2b, bcdDevice=3D 0.10
[    3.641551] usb 1-7: New USB device strings: Mfr=3D0, Product=3D0, Seria=
lNumber=3D0
[    3.692648] raid6: avx2x2   gen() 43285 MB/s
[    3.760674] raid6: avx2x2   xor() 26043 MB/s
[    3.772652] usb 1-8: new high-speed USB device number 6 using xhci_hcd
[    3.828670] raid6: avx2x1   gen() 36427 MB/s
[    3.896675] raid6: avx2x1   xor() 22219 MB/s
[    3.935977] usb 1-8: New USB device found, idVendor=3D04f2, idProduct=3D=
b614, bcdDevice=3D 0.12
[    3.935978] usb 1-8: New USB device strings: Mfr=3D1, Product=3D2, Seria=
lNumber=3D0
[    3.935979] usb 1-8: Product: Integrated Camera
[    3.935979] usb 1-8: Manufacturer: Chicony Electronics Co.,Ltd.
[    3.964667] raid6: sse2x4   gen() 17899 MB/s
[    4.032645] raid6: sse2x4   xor() 10675 MB/s
[    4.068653] usb 1-9: new full-speed USB device number 7 using xhci_hcd
[    4.100668] raid6: sse2x2   gen() 17961 MB/s
[    4.168651] raid6: sse2x2   xor() 11106 MB/s
[    4.222008] usb 1-9: New USB device found, idVendor=3D06cb, idProduct=3D=
009a, bcdDevice=3D 1.64
[    4.222009] usb 1-9: New USB device strings: Mfr=3D0, Product=3D0, Seria=
lNumber=3D1
[    4.222010] usb 1-9: SerialNumber: 5bb5988684f7
[    4.236651] raid6: sse2x1   gen() 14987 MB/s
[    4.304672] raid6: sse2x1   xor()  7508 MB/s
[    4.304672] raid6: using algorithm avx2x2 gen() 43285 MB/s
[    4.304673] raid6: .... xor() 26043 MB/s, rmw enabled
[    4.304673] raid6: using avx2x2 recovery algorithm
[    4.304966] xor: automatically using best checksumming function   avx   =
   =20
[    4.305113] async_tx: api initialized (async)
[    4.322631] sd 0:0:0:0: [sda] Attached SCSI removable disk
[    4.501374] device-mapper: uevent: version 1.0.3
[    4.501503] device-mapper: ioctl: 4.42.0-ioctl (2020-02-27) initialised:=
 dm-devel@redhat.com
[   10.240896] Btrfs loaded, crc32c=3Dcrc32c-intel
[   10.276470] PM: Image not found (code -22)
[   10.365383] EXT4-fs (dm-1): mounted filesystem with ordered data mode. O=
pts: (null)
[   10.412971] Not activating Mandatory Access Control as /sbin/tomoyo-init=
 does not exist.
[   10.479527] systemd[1]: Inserted module 'autofs4'
[   10.559799] systemd[1]: systemd 246.6-2 running in system mode. (+PAM +A=
UDIT +SELINUX +IMA +APPARMOR +SMACK +SYSVINIT +UTMP +LIBCRYPTSETUP +GCRYPT =
+GNUTLS +ACL +XZ +LZ4 +ZSTD +SECCOMP +BLKID +ELFUTILS +KMOD +IDN2 -IDN +PCR=
E2 default-hierarchy=3Dhybrid)
[   10.577166] systemd[1]: Detected architecture x86-64.
[   10.589595] systemd[1]: Set hostname to <linus-work>.
[   10.652830] systemd[1]: /lib/systemd/system/gpsd.socket:5: ListenStream=
=3D references a path below legacy directory /var/run/, updating /var/run/g=
psd.sock \xffffffe2\xffffff86\xffffff92 /run/gpsd.sock; please update the u=
nit file accordingly.
[   10.662093] systemd[1]: /lib/systemd/system/plymouth-start.service:16: U=
nit configured to use KillMode=3Dnone. This is unsafe, as it disables syste=
md's process lifecycle management for the service. Please update your servi=
ce to use a safer KillMode=3D, such as 'mixed' or 'control-group'. Support =
for KillMode=3Dnone is deprecated and will eventually be removed.
[   10.670160] systemd[1]: /lib/systemd/system/rpc-statd.service:16: PIDFil=
e=3D references a path below legacy directory /var/run/, updating /var/run/=
rpc.statd.pid \xffffffe2\xffffff86\xffffff92 /run/rpc.statd.pid; please upd=
ate the unit file accordingly.
[   10.676787] systemd[1]: /lib/systemd/system/smartmontools.service:10: St=
andard output type syslog is obsolete, automatically updating to journal. P=
lease update your unit file, and consider removing the setting altogether.
[   10.680571] systemd[1]: /lib/systemd/system/kdump-tools.service:6: Stand=
ard output type syslog+console is obsolete, automatically updating to journ=
al+console. Please update your unit file, and consider removing the setting=
 altogether.
[   10.682451] systemd[1]: /lib/systemd/system/fancontrol.service:11: PIDFi=
le=3D references a path below legacy directory /var/run/, updating /var/run=
/fancontrol.pid \xffffffe2\xffffff86\xffffff92 /run/fancontrol.pid; please =
update the unit file accordingly.
[   10.686651] systemd[1]: Queued start job for default target Graphical In=
terface.
[   10.687304] systemd[1]: Created slice Virtual Machine and Container Slic=
e.
[   10.687708] systemd[1]: Created slice system-getty.slice.
[   10.687888] systemd[1]: Created slice system-modprobe.slice.
[   10.688099] systemd[1]: Created slice Cryptsetup Units Slice.
[   10.688271] systemd[1]: Created slice system-systemd\x2dfsck.slice.
[   10.688453] systemd[1]: Created slice system-tor.slice.
[   10.688633] systemd[1]: Created slice User and Session Slice.
[   10.688674] systemd[1]: Started Forward Password Requests to Wall Direct=
ory Watch.
[   10.688782] systemd[1]: Set up automount Arbitrary Executable File Forma=
ts File System Automount Point.
[   10.688842] systemd[1]: Reached target Slices.
[   10.688867] systemd[1]: Reached target Libvirt guests shutdown.
[   10.688906] systemd[1]: Listening on Device-mapper event daemon FIFOs.
[   10.688969] systemd[1]: Listening on LVM2 poll daemon socket.
[   10.691468] systemd[1]: Listening on RPCbind Server Activation Socket.
[   10.691555] systemd[1]: Listening on Syslog Socket.
[   10.691615] systemd[1]: Listening on fsck to fsckd communication Socket.
[   10.691649] systemd[1]: Listening on initctl Compatibility Named Pipe.
[   10.691740] systemd[1]: Listening on Journal Audit Socket.
[   10.691789] systemd[1]: Listening on Journal Socket (/dev/log).
[   10.691852] systemd[1]: Listening on Journal Socket.
[   10.691920] systemd[1]: Listening on udev Control Socket.
[   10.691968] systemd[1]: Listening on udev Kernel Socket.
[   10.692556] systemd[1]: Mounting Huge Pages File System...
[   10.693215] systemd[1]: Mounting POSIX Message Queue File System...
[   10.693772] systemd[1]: Mounting NFSD configuration filesystem...
[   10.694338] systemd[1]: Mounting RPC Pipe File System...
[   10.695092] systemd[1]: Mounting Kernel Debug File System...
[   10.695731] systemd[1]: Mounting Kernel Trace File System...
[   10.695828] systemd[1]: Condition check resulted in Kernel Module suppor=
ting RPCSEC_GSS being skipped.
[   10.695960] systemd[1]: Finished Availability of block devices.
[   10.696928] systemd[1]: Starting Set the console keyboard layout...
[   10.697608] systemd[1]: Starting Create list of static device nodes for =
the current kernel...
[   10.698200] systemd[1]: Starting Monitoring of LVM2 mirrors, snapshots e=
tc. using dmeventd or progress polling...
[   10.698243] systemd[1]: Condition check resulted in Load Kernel Module d=
rm being skipped.
[   10.698653] systemd[1]: Condition check resulted in Set Up Additional Bi=
nary Formats being skipped.
[   10.698699] systemd[1]: Condition check resulted in File System Check on=
 Root Device being skipped.
[   10.699847] systemd[1]: Starting Journal Service...
[   10.700730] systemd[1]: Starting Load Kernel Modules...
[   10.701419] systemd[1]: Starting Remount Root and Kernel File Systems...
[   10.702149] systemd[1]: Starting Coldplug All udev Devices...
[   10.703234] systemd[1]: Mounted Huge Pages File System.
[   10.703328] systemd[1]: Mounted POSIX Message Queue File System.
[   10.703420] systemd[1]: Mounted Kernel Debug File System.
[   10.703512] systemd[1]: Mounted Kernel Trace File System.
[   10.703882] systemd[1]: Finished Set the console keyboard layout.
[   10.704270] systemd[1]: Finished Create list of static device nodes for =
the current kernel.
[   10.709664] RPC: Registered named UNIX socket transport module.
[   10.709664] RPC: Registered udp transport module.
[   10.709665] RPC: Registered tcp transport module.
[   10.709665] RPC: Registered tcp NFSv4.1 backchannel transport module.
[   10.710109] EXT4-fs (dm-1): re-mounted. Opts: errors=3Dremount-ro
[   10.710665] lp: driver loaded but no devices found
[   10.711015] systemd[1]: Mounted RPC Pipe File System.
[   10.711406] systemd[1]: Finished Remount Root and Kernel File Systems.
[   10.712211] systemd[1]: Starting pNFS block layout mapping daemon...
[   10.712640] systemd[1]: Condition check resulted in Rebuild Hardware Dat=
abase being skipped.
[   10.712688] systemd[1]: Condition check resulted in Platform Persistent =
Storage Archival being skipped.
[   10.713253] ppdev: user-space parallel port driver
[   10.713376] systemd[1]: Starting Load/Save Random Seed...
[   10.714112] systemd[1]: Starting Create System Users...
[   10.714744] systemd[1]: Started pNFS block layout mapping daemon.
[   10.717825] systemd[1]: Finished Load Kernel Modules.
[   10.718039] systemd[1]: Condition check resulted in FUSE Control File Sy=
stem being skipped.
[   10.718105] systemd[1]: Condition check resulted in Kernel Configuration=
 File System being skipped.
[   10.718889] systemd[1]: Starting Apply Kernel Variables...
[   10.724373] Installing knfsd (copyright (C) 1996 okir@monad.swb.de).
[   10.725265] systemd[1]: Mounted NFSD configuration filesystem.
[   10.728846] systemd[1]: Finished Apply Kernel Variables.
[   10.729812] systemd[1]: Finished Load/Save Random Seed.
[   10.736343] systemd[1]: Finished Create System Users.
[   10.737081] systemd[1]: Starting Create Static Device Nodes in /dev...
[   10.750186] systemd[1]: Finished Create Static Device Nodes in /dev.
[   10.751552] systemd[1]: Starting Rule-based Manager for Device Events an=
d Files...
[   10.760326] systemd[1]: Finished Coldplug All udev Devices.
[   10.761213] systemd[1]: Starting Helper to synchronize boot up for ifupd=
own...
[   10.765816] systemd[1]: Finished Monitoring of LVM2 mirrors, snapshots e=
tc. using dmeventd or progress polling.
[   10.765928] systemd[1]: Reached target Local File Systems (Pre).
[   10.765960] systemd[1]: Condition check resulted in Virtual Machine and =
Container Storage (Compatibility) being skipped.
[   10.765978] systemd[1]: Reached target Containers.
[   10.805832] systemd[1]: Started Rule-based Manager for Device Events and=
 Files.
[   10.806775] systemd[1]: Starting Show Plymouth Boot Screen...
[   10.824064] systemd[1]: Started Show Plymouth Boot Screen.
[   10.824206] systemd[1]: Condition check resulted in Dispatch Password Re=
quests to Console Directory Watch being skipped.
[   10.824293] systemd[1]: Started Forward Password Requests to Plymouth Di=
rectory Watch.
[   10.853513] tpm_tis IFX0763:00: 2.0 TPM (device-id 0x1B, rev-id 16)
[   10.855817] ACPI: AC Adapter [AC] (on-line)
[   10.889197] systemd[1]: Created slice system-systemd\x2dbacklight.slice.
[   10.889966] systemd[1]: Starting Load/Save Screen Backlight Brightness o=
f backlight:intel_backlight...
[   10.895759] systemd[1]: Finished Load/Save Screen Backlight Brightness o=
f backlight:intel_backlight.
[   10.939606] mc: Linux media interface: v0.10
[   10.939801] Non-volatile memory driver v1.3
[   10.940647] proc_thermal 0000:00:04.0: enabling device (0000 -> 0002)
[   10.942618] thinkpad_acpi: ThinkPad ACPI Extras v0.26
[   10.942619] thinkpad_acpi: http://ibm-acpi.sf.net/
[   10.942619] thinkpad_acpi: ThinkPad BIOS N22ET35W (1.12 ), EC N22HT22W
[   10.942619] thinkpad_acpi: Lenovo ThinkPad T480s, model 20L70053GE
[   10.942915] thinkpad_acpi: radio switch found; radios are enabled
[   10.942926] thinkpad_acpi: This ThinkPad has standard ACPI backlight bri=
ghtness control, supported by the ACPI video driver
[   10.942927] thinkpad_acpi: Disabling thinkpad-acpi brightness events by =
default...
[   10.944471] intel_rapl_common: Found RAPL domain package
[   10.944472] intel_rapl_common: Found RAPL domain dram
[   10.944960] proc_thermal 0000:00:04.0: Creating sysfs group for PROC_THE=
RMAL_PCI
[   10.945163] thinkpad_acpi: rfkill switch tpacpi_bluetooth_sw: radio is u=
nblocked
[   10.946019] thinkpad_acpi: rfkill switch tpacpi_wwan_sw: radio is unbloc=
ked
[   10.949270] videodev: Linux video capture interface: v2.00
[   10.950408] cdc_acm 1-6:1.2: ttyACM0: USB ACM device
[   10.951442] usbcore: registered new interface driver cdc_acm
[   10.951442] cdc_acm: USB Abstract Control Model driver for USB modems an=
d ISDN adapters
[   10.956143] usbcore: registered new interface driver cdc_ether
[   10.958633] uvcvideo: Found UVC 1.00 device Integrated IR Camera (04f2:b=
615)
[   10.958634] uvcvideo: Forcing device quirks to 0x100 by module parameter=
 for testing purpose.
[   10.958634] uvcvideo: Please report required quirks to the linux-uvc-dev=
el mailing list.
[   10.959326] thinkpad_acpi: battery 1 registered (start 0, stop 100)
[   10.959330] usbcore: registered new interface driver cdc_ncm
[   10.959331] battery: new extension: ThinkPad Battery Extension
[   10.959896] input: ThinkPad Extra Buttons as /devices/platform/thinkpad_=
acpi/input/input7
[   10.960096] usbcore: registered new interface driver cdc_wdm
[   10.960285] alg: No test for fips(ansi_cprng) (fips_ansi_cprng)
[   10.975193] sd 0:0:0:0: Attached scsi generic sg0 type 0
[   10.975363] input: Integrated IR Camera: Integrate as /devices/pci0000:0=
0/0000:00:14.0/usb1/1-5/1-5:1.0/input/input8
[   10.976225] uvcvideo: Found UVC 1.00 device Integrated Camera (04f2:b614)
[   10.976225] uvcvideo: Forcing device quirks to 0x100 by module parameter=
 for testing purpose.
[   10.976226] uvcvideo: Please report required quirks to the linux-uvc-dev=
el mailing list.
[   10.989026] input: Integrated Camera: Integrated C as /devices/pci0000:0=
0/0000:00:14.0/usb1/1-8/1-8:1.0/input/input9
[   10.989066] usbcore: registered new interface driver uvcvideo
[   10.989067] USB Video Class driver (1.1.1)
[   10.997841] systemd[1]: Started Journal Service.
[   11.000257] cdc_mbim 1-6:1.0: setting rx_max =3D 16384
[   11.001799] cdc_mbim 1-6:1.0: cdc-wdm0: USB WDM device
[   11.001943] cdc_mbim 1-6:1.0 wwan0: register 'cdc_mbim' at usb-0000:00:1=
4.0-6, CDC MBIM, 22:56:bf:fa:1b:91
[   11.001971] usbcore: registered new interface driver cdc_mbim
[   11.016764] Bluetooth: Core ver 2.22
[   11.016775] NET: Registered protocol family 31
[   11.016775] Bluetooth: HCI device and connection manager initialized
[   11.016778] Bluetooth: HCI socket layer initialized
[   11.016780] Bluetooth: L2CAP socket layer initialized
[   11.016783] Bluetooth: SCO socket layer initialized
[   11.070603] elan_i2c 0-0015: supply vcc not found, using dummy regulator
[   11.078574] elan_i2c 0-0015: unexpected iap version 0x00 (ic type: 0x20)=
, firmware update will not work
[   11.078578] elan_i2c 0-0015: Elan Touchpad: Module ID: 0x0020, Firmware:=
 0x0001, Sample: 0x0000, IAP: 0x0000
[   11.078749] usbcore: registered new interface driver btusb
[   11.079276] Bluetooth: hci0: Bootloader revision 0.0 build 26 week 38 20=
15
[   11.080282] Bluetooth: hci0: Device revision is 16
[   11.080282] Bluetooth: hci0: Secure boot is enabled
[   11.080283] Bluetooth: hci0: OTP lock is enabled
[   11.080283] Bluetooth: hci0: API lock is enabled
[   11.080283] Bluetooth: hci0: Debug lock is disabled
[   11.080284] Bluetooth: hci0: Minimum firmware build 1 week 10 2014
[   11.080661] input: Elan Touchpad as /devices/pci0000:00/0000:00:1f.4/i2c=
-0/0-0015/input/input10
[   11.080711] input: Elan TrackPoint as /devices/pci0000:00/0000:00:1f.4/i=
2c-0/0-0015/input/input11
[   11.081864] cfg80211: Loading compiled-in X.509 certificates for regulat=
ory database
[   11.104584] EXT4-fs (nvme0n1p2): mounting ext2 file system using the ext=
4 subsystem
[   11.106450] Bluetooth: hci0: Found device firmware: intel/ibt-12-16.sfi
[   11.107909] EXT4-fs (nvme0n1p2): mounted filesystem without journal. Opt=
s: (null)
[   11.107913] ext2 filesystem being mounted at /boot supports timestamps u=
ntil 2038 (0x7fffffff)
[   11.112140] cfg80211: Loaded X.509 cert 'sforshee: 00b28ddf47aef9cea7'
[   11.113089] cfg80211: loaded regulatory.db is malformed or signature is =
missing/invalid
[   11.168906] iTCO_vendor_support: vendor-support=3D0
[   11.169068] input: PC Speaker as /devices/platform/pcspkr/input/input12
[   11.169426] EFI Variables Facility v0.08 2004-May-17
[   11.170863] mei_me 0000:00:16.0: enabling device (0004 -> 0006)
[   11.172518] Error: Driver 'pcspkr' is already registered, aborting...
[   11.173180] resource sanity check: requesting [mem 0xfed10000-0xfed15fff=
], which spans more than pnp 00:07 [mem 0xfed10000-0xfed13fff]
[   11.173188] caller snb_uncore_imc_init_box+0x78/0xc0 [intel_uncore] mapp=
ing multiple BARs
[   11.173330] iTCO_wdt: Intel TCO WatchDog Timer Driver v1.11
[   11.173384] iTCO_wdt: Found a Intel PCH TCO device (Version=3D4, TCOBASE=
=3D0x0400)
[   11.173632] iTCO_wdt: initialized. heartbeat=3D30 sec (nowayout=3D0)
[   11.188140] Intel(R) Wireless WiFi driver for Linux
[   11.188400] iwlwifi 0000:3d:00.0: enabling device (0000 -> 0002)
[   11.191993] iwlwifi 0000:3d:00.0: Direct firmware load for iwlwifi-8265-=
36.ucode failed with error -2
[   11.192013] iwlwifi 0000:3d:00.0: Direct firmware load for iwlwifi-8265-=
35.ucode failed with error -2
[   11.192193] iwlwifi 0000:3d:00.0: Direct firmware load for iwlwifi-8265-=
34.ucode failed with error -2
[   11.192206] iwlwifi 0000:3d:00.0: Direct firmware load for iwlwifi-8265-=
33.ucode failed with error -2
[   11.192391] iwlwifi 0000:3d:00.0: Direct firmware load for iwlwifi-8265-=
32.ucode failed with error -2
[   11.207224] RAPL PMU: API unit is 2^-32 Joules, 5 fixed counters, 655360=
 ms ovfl timer
[   11.207226] RAPL PMU: hw unit of domain pp0-core 2^-14 Joules
[   11.207226] RAPL PMU: hw unit of domain package 2^-14 Joules
[   11.207226] RAPL PMU: hw unit of domain dram 2^-14 Joules
[   11.207227] RAPL PMU: hw unit of domain pp1-gpu 2^-14 Joules
[   11.207227] RAPL PMU: hw unit of domain psys 2^-14 Joules
[   11.210870] iwlwifi 0000:3d:00.0: loaded firmware version 31.532993.0 82=
65-31.ucode op_mode iwlmvm
[   11.245608] audit: type=3D1400 audit(1604783945.852:2): apparmor=3D"STAT=
US" operation=3D"profile_load" profile=3D"unconfined" name=3D"libreoffice-s=
enddoc" pid=3D656 comm=3D"apparmor_parser"
[   11.248282] audit: type=3D1400 audit(1604783945.852:3): apparmor=3D"STAT=
US" operation=3D"profile_load" profile=3D"unconfined" name=3D"/usr/bin/lxc-=
start" pid=3D657 comm=3D"apparmor_parser"
[   11.248680] audit: type=3D1400 audit(1604783945.856:4): apparmor=3D"STAT=
US" operation=3D"profile_load" profile=3D"unconfined" name=3D"/usr/sbin/gps=
d" pid=3D661 comm=3D"apparmor_parser"
[   11.250872] audit: type=3D1400 audit(1604783945.856:5): apparmor=3D"STAT=
US" operation=3D"profile_load" profile=3D"unconfined" name=3D"/usr/bin/man"=
 pid=3D660 comm=3D"apparmor_parser"
[   11.250875] audit: type=3D1400 audit(1604783945.856:6): apparmor=3D"STAT=
US" operation=3D"profile_load" profile=3D"unconfined" name=3D"man_filter" p=
id=3D660 comm=3D"apparmor_parser"
[   11.250876] audit: type=3D1400 audit(1604783945.856:7): apparmor=3D"STAT=
US" operation=3D"profile_load" profile=3D"unconfined" name=3D"man_groff" pi=
d=3D660 comm=3D"apparmor_parser"
[   11.252278] audit: type=3D1400 audit(1604783945.856:8): apparmor=3D"STAT=
US" operation=3D"profile_load" profile=3D"unconfined" name=3D"lsb_release" =
pid=3D686 comm=3D"apparmor_parser"
[   11.253348] audit: type=3D1400 audit(1604783945.860:9): apparmor=3D"STAT=
US" operation=3D"profile_load" profile=3D"unconfined" name=3D"/usr/sbin/cup=
s-browsed" pid=3D658 comm=3D"apparmor_parser"
[   11.255343] audit: type=3D1400 audit(1604783945.860:10): apparmor=3D"STA=
TUS" operation=3D"profile_load" profile=3D"unconfined" name=3D"nvidia_modpr=
obe" pid=3D695 comm=3D"apparmor_parser"
[   11.255345] audit: type=3D1400 audit(1604783945.860:11): apparmor=3D"STA=
TUS" operation=3D"profile_load" profile=3D"unconfined" name=3D"nvidia_modpr=
obe//kmod" pid=3D695 comm=3D"apparmor_parser"
[   11.377180] pstore: Using crash dump compression: deflate
[   11.377196] pstore: Registered efi as persistent store backend
[   11.516913] Adding 16531452k swap on /dev/mapper/linus--work--vg-swap_1.=
  Priority:-2 extents:1 across:16531452k SSFS
[   11.521459] snd_hda_intel 0000:00:1f.3: bound 0000:00:02.0 (ops i915_aud=
io_component_bind_ops [i915])
[   11.613067] intel_rapl_common: Found RAPL domain package
[   11.613069] intel_rapl_common: Found RAPL domain core
[   11.613070] intel_rapl_common: Found RAPL domain uncore
[   11.613071] intel_rapl_common: Found RAPL domain dram
[   11.667867] snd_hda_codec_realtek hdaudioC0D0: autoconfig for ALC257: li=
ne_outs=3D1 (0x14/0x0/0x0/0x0/0x0) type:speaker
[   11.667868] snd_hda_codec_realtek hdaudioC0D0:    speaker_outs=3D0 (0x0/=
0x0/0x0/0x0/0x0)
[   11.667869] snd_hda_codec_realtek hdaudioC0D0:    hp_outs=3D1 (0x21/0x0/=
0x0/0x0/0x0)
[   11.667869] snd_hda_codec_realtek hdaudioC0D0:    mono: mono_out=3D0x0
[   11.667870] snd_hda_codec_realtek hdaudioC0D0:    inputs:
[   11.667871] snd_hda_codec_realtek hdaudioC0D0:      Mic=3D0x19
[   11.667871] snd_hda_codec_realtek hdaudioC0D0:      Internal Mic=3D0x12
[   11.671379] iwlwifi 0000:3d:00.0: Detected Intel(R) Dual Band Wireless A=
C 8265, REV=3D0x230
[   11.735262] iwlwifi 0000:3d:00.0: base HW address: 7c:76:35:14:e6:d7
[   11.755246] new mount options do not match the existing superblock, will=
 be ignored
[   11.811050] iwlwifi 0000:3d:00.0: iwlmvm doesn't allow to disable BT Coe=
x, check bt_coex_active module parameter
[   11.811165] ieee80211 phy0: Selected rate control algorithm 'iwl-mvm-rs'
[   11.811406] thermal thermal_zone6: failed to read out thermal zone (-61)
[   11.816895] fuse: init (API version 7.31)
[   11.819999] iwlwifi 0000:3d:00.0 wlp61s0: renamed from wlan0
[   11.930135] intel_pmc_core intel_pmc_core.0:  initialized
[   11.947792] input: HDA Digital PCBeep as /devices/pci0000:00/0000:00:1f.=
3/sound/card0/input13
[   11.947839] input: HDA Intel PCH Mic as /devices/pci0000:00/0000:00:1f.3=
/sound/card0/input14
[   11.947886] input: HDA Intel PCH Headphone as /devices/pci0000:00/0000:0=
0:1f.3/sound/card0/input15
[   11.947929] input: HDA Intel PCH HDMI/DP,pcm=3D3 as /devices/pci0000:00/=
0000:00:1f.3/sound/card0/input16
[   11.947968] input: HDA Intel PCH HDMI/DP,pcm=3D7 as /devices/pci0000:00/=
0000:00:1f.3/sound/card0/input17
[   11.948024] input: HDA Intel PCH HDMI/DP,pcm=3D8 as /devices/pci0000:00/=
0000:00:1f.3/sound/card0/input18
[   11.948087] input: HDA Intel PCH HDMI/DP,pcm=3D9 as /devices/pci0000:00/=
0000:00:1f.3/sound/card0/input19
[   11.948138] input: HDA Intel PCH HDMI/DP,pcm=3D10 as /devices/pci0000:00=
/0000:00:1f.3/sound/card0/input20
[   12.974024] Bluetooth: hci0: Waiting for firmware download to complete
[   12.974344] Bluetooth: hci0: Firmware loaded in 1851157 usecs
[   12.974374] Bluetooth: hci0: Waiting for device to boot
[   12.986341] Bluetooth: hci0: Device booted in 11710 usecs
[   12.989555] Bluetooth: hci0: Found Intel DDC parameters: intel/ibt-12-16=
=2Eddc
[   12.991409] Bluetooth: hci0: Applying Intel DDC parameters completed
[   12.993371] Bluetooth: hci0: Reading supported features failed (-16)
[   12.997411] Bluetooth: hci0: Setting Intel telemetry ddc write event mas=
k failed (-95)
[   13.001407] Bluetooth: hci0: Firmware revision 0.1 build 103 week 50 2016
[   13.288485] IPv6: ADDRCONF(NETDEV_CHANGE): veth0: link becomes ready
[   13.288556] IPv6: ADDRCONF(NETDEV_CHANGE): veth1: link becomes ready
[   13.293022] IPv6: ADDRCONF(NETDEV_CHANGE): veth3: link becomes ready
[   13.318127] bridge: filtering via arp/ip/ip6tables is no longer availabl=
e by default. Update your scripts to load br_netfilter if you need this.
[   13.326283] br0: port 1(enp0s31f6) entered blocking state
[   13.326287] br0: port 1(enp0s31f6) entered disabled state
[   13.326423] device enp0s31f6 entered promiscuous mode
[   13.520484] br0: port 2(veth0) entered blocking state
[   13.520489] br0: port 2(veth0) entered disabled state
[   13.520723] device veth0 entered promiscuous mode
[   13.529045] br0: port 3(veth2) entered blocking state
[   13.529053] br0: port 3(veth2) entered disabled state
[   13.529208] device veth2 entered promiscuous mode
[   13.535786] br0: port 3(veth2) entered blocking state
[   13.535791] br0: port 3(veth2) entered forwarding state
[   13.535827] br0: port 2(veth0) entered blocking state
[   13.535831] br0: port 2(veth0) entered forwarding state
[   15.174722] NFSD: Using UMH upcall client tracking operations.
[   15.174729] NFSD: starting 90-second grace period (net f00000a8)
[   15.422930] L1TF CPU bug present and SMT on, data leak possible. See CVE=
-2018-3646 and https://www.kernel.org/doc/html/latest/admin-guide/hw-vuln/l=
1tf.html for details.
[   63.193713] Bluetooth: BNEP (Ethernet Emulation) ver 1.3
[   63.193714] Bluetooth: BNEP filters: protocol multicast
[   63.193717] Bluetooth: BNEP socket layer initialized
[   63.197061] NET: Registered protocol family 38
[   72.287872] Bluetooth: RFCOMM TTY layer initialized
[   72.287876] Bluetooth: RFCOMM socket layer initialized
[   72.287881] Bluetooth: RFCOMM ver 1.11
[  105.042341] input: PLT BB PRO 2 (AVRCP) as /devices/virtual/input/input21
[  174.438922] wlp61s0: authenticate with 8a:04:f3:06:a8:84
[  174.454881] wlp61s0: send auth to 8a:04:f3:06:a8:84 (try 1/3)
[  174.462091] wlp61s0: authenticated
[  174.464977] wlp61s0: associate with 8a:04:f3:06:a8:84 (try 1/3)
[  174.466928] wlp61s0: RX AssocResp from 8a:04:f3:06:a8:84 (capab=3D0x421 =
status=3D0 aid=3D1)
[  174.472152] wlp61s0: associated
[  174.472243] IPv6: ADDRCONF(NETDEV_CHANGE): wlp61s0: link becomes ready
[  299.030248] Bluetooth: hci0: link tx timeout
[  299.030260] Bluetooth: hci0: killing stalled connection e4:22:a5:be:d8:a1
[  299.053464] general protection fault, probably for non-canonical address=
 0x652f31327475706e: 0000 [#1] SMP PTI
[  299.053478] CPU: 4 PID: 3866 Comm: bluetooth Kdump: loaded Tainted: G   =
         E     5.9.6 #4
[  299.053483] Hardware name: LENOVO 20L70053GE/20L70053GE, BIOS N22ET35W (=
1.12 ) 04/09/2018
[  299.053527] RIP: 0010:hci_send_acl+0x1f/0x320 [bluetooth]
[  299.053534] Code: 00 48 8d 42 03 c3 c3 0f 1f 40 00 0f 1f 44 00 00 41 57 =
49 89 ff 41 56 41 55 41 54 55 89 d5 53 48 89 f3 48 83 ec 28 4c 8b 67 18 <49=
> 8b 84 24 58 05 00 00 48 89 44 24 10 0f 1f 44 00 00 4c 8b 6c 24
[  299.053539] RSP: 0018:ffffad6580fbfcf0 EFLAGS: 00010286
[  299.053544] RAX: ffff8cd58f9a2a00 RBX: ffff8cd58e29e100 RCX: ffffad6580f=
bfe18
[  299.053548] RDX: 0000000000000002 RSI: ffff8cd58e29e100 RDI: ffff8cd59f6=
d03c0
[  299.053551] RBP: 0000000000000002 R08: ffff8cd59e91aec0 R09: 00000000000=
00800
[  299.053555] R10: 000000000000000c R11: 0000000000000027 R12: 652f3132747=
5706e
[  299.053558] R13: 000000000000035c R14: ffff8cd58e29e100 R15: ffff8cd59f6=
d03c0
[  299.053563] FS:  00007f400755f700(0000) GS:ffff8cd5a2700000(0000) knlGS:=
0000000000000000
[  299.053567] CS:  0010 DS: 0000 ES: 0000 CR0: 0000000080050033
[  299.053571] CR2: 00005644de516000 CR3: 0000000456eb4004 CR4: 00000000003=
706e0
[  299.053574] Call Trace:
[  299.053589]  ? mutex_lock+0xe/0x30
[  299.053641]  l2cap_chan_send+0x109/0xb80 [bluetooth]
[  299.053674]  ? bt_sock_wait_ready+0x13d/0x1b0 [bluetooth]
[  299.053684]  ? wake_up_q+0xa0/0xa0
[  299.053732]  l2cap_sock_sendmsg+0xc9/0x100 [bluetooth]
[  299.053741]  sock_sendmsg+0x5e/0x60
[  299.053747]  __sys_sendto+0xee/0x150
[  299.053758]  ? vfs_write+0x1da/0x210
[  299.053767]  ? exit_to_user_mode_prepare+0x32/0x140
[  299.053773]  __x64_sys_sendto+0x25/0x30
[  299.053780]  do_syscall_64+0x33/0x80
[  299.053786]  entry_SYSCALL_64_after_hwframe+0x44/0xa9
[  299.053792] RIP: 0033:0x7f4015ca8494
[  299.053798] Code: 89 4c 24 1c e8 8d f8 ff ff 44 8b 54 24 1c 8b 3c 24 45 =
31 c9 89 c5 48 8b 54 24 10 48 8b 74 24 08 45 31 c0 b8 2c 00 00 00 0f 05 <48=
> 3d 00 f0 ff ff 77 34 89 ef 48 89 04 24 e8 b9 f8 ff ff 48 8b 04
[  299.053802] RSP: 002b:00007f400755ec90 EFLAGS: 00000246 ORIG_RAX: 000000=
000000002c
[  299.053807] RAX: ffffffffffffffda RBX: 0000000000000027 RCX: 00007f4015c=
a8494
[  299.053811] RDX: 000000000000035c RSI: 00007f3ffc000b60 RDI: 00000000000=
00027
[  299.053814] RBP: 0000000000000000 R08: 0000000000000000 R09: 00000000000=
00000
[  299.053817] R10: 0000000000004000 R11: 0000000000000246 R12: 000055efd6b=
bd548
[  299.053821] R13: 000000000000035c R14: 000055efd6bbd504 R15: 000055efd6b=
bd570
[  299.053826] Modules linked in: uinput(E) rfcomm(E) cmac(E) algif_hash(E)=
 algif_skcipher(E) af_alg(E) bnep(E) xt_CHECKSUM(E) xt_tcpudp(E) bridge(E) =
stp(E) llc(E) veth(E) snd_hda_codec_hdmi(E) snd_soc_skl(E) intel_pmc_core_p=
ltdrv(E) intel_pmc_core(E) snd_soc_hdac_hda(E) snd_hda_ext_core(E) nft_chai=
n_nat(E) fuse(E) xt_MASQUERADE(E) snd_soc_sst_ipc(E) nf_nat(E) snd_soc_sst_=
dsp(E) nf_conntrack(E) snd_soc_acpi_intel_match(E) nf_defrag_ipv6(E) snd_so=
c_acpi(E) x86_pkg_temp_thermal(E) intel_powerclamp(E) nf_defrag_ipv4(E) joy=
dev(E) snd_soc_core(E) nft_compat(E) iwlmvm(E) snd_hda_codec_realtek(E) snd=
_compress(E) kvm_intel(E) intel_rapl_msr(E) snd_hda_codec_generic(E) nft_co=
unter(E) mac80211(E) snd_hda_intel(E) kvm(E) snd_intel_dspcfg(E) nf_tables(=
E) efi_pstore(E) binfmt_misc(E) nfnetlink(E) irqbypass(E) libarc4(E) snd_hd=
a_codec(E) rapl(E) nls_ascii(E) nls_cp437(E) snd_hda_core(E) intel_cstate(E=
) iwlwifi(E) vfat(E) iTCO_wdt(E) intel_pmc_bxt(E) intel_uncore(E) fat(E) se=
rio_raw(E) efivars(E) mei_me(E)
[  299.053884]  pcspkr(E) iTCO_vendor_support(E) snd_hwdep(E) btusb(E) btrt=
l(E) snd_pcm(E) watchdog(E) btbcm(E) elan_i2c(E) btintel(E) snd_timer(E) cf=
g80211(E) intel_wmi_thunderbolt(E) wmi_bmof(E) mei(E) bluetooth(E) sg(E) ji=
tterentropy_rng(E) drbg(E) cdc_mbim(E) cdc_wdm(E) cdc_ncm(E) uvcvideo(E) cd=
c_ether(E) ansi_cprng(E) videobuf2_vmalloc(E) videobuf2_memops(E) videobuf2=
_v4l2(E) ecdh_generic(E) usbnet(E) videobuf2_common(E) mii(E) cdc_acm(E) ec=
c(E) videodev(E) thinkpad_acpi(E) processor_thermal_device(E) ucsi_acpi(E) =
typec_ucsi(E) nvram(E) intel_rapl_common(E) mc(E) tpm_crb(E) ledtrig_audio(=
E) intel_xhci_usb_role_switch(E) intel_pch_thermal(E) roles(E) intel_soc_dt=
s_iosf(E) typec(E) snd(E) soundcore(E) rfkill(E) int3403_thermal(E) ac(E) i=
nt340x_thermal_zone(E) int3400_thermal(E) acpi_thermal_rel(E) tpm_tis(E) tp=
m_tis_core(E) tpm(E) rng_core(E) acpi_pad(E) evdev(E) nfsd(E) coretemp(E) p=
arport_pc(E) auth_rpcgss(E) nfs_acl(E) ppdev(E) lockd(E) grace(E) lp(E) par=
port(E) sunrpc(E) efivarfs(E)
[  299.053946]  ip_tables(E) x_tables(E) autofs4(E) ext4(E) crc32c_generic(=
E) crc16(E) mbcache(E) jbd2(E) btrfs(E) zstd_compress(E) dm_crypt(E) dm_mod=
(E) raid10(E) raid456(E) async_raid6_recov(E) async_memcpy(E) async_pq(E) a=
