Return-Path: <linux-wireless-owner@vger.kernel.org>
X-Original-To: lists+linux-wireless@lfdr.de
Delivered-To: lists+linux-wireless@lfdr.de
Received: from out1.vger.email (out1.vger.email [IPv6:2620:137:e000::1:20])
	by mail.lfdr.de (Postfix) with ESMTP id 90DE4744C88
	for <lists+linux-wireless@lfdr.de>; Sun,  2 Jul 2023 09:33:49 +0200 (CEST)
Received: (majordomo@vger.kernel.org) by vger.kernel.org via listexpand
        id S229584AbjGBHdl (ORCPT <rfc822;lists+linux-wireless@lfdr.de>);
        Sun, 2 Jul 2023 03:33:41 -0400
Received: from lindbergh.monkeyblade.net ([23.128.96.19]:59290 "EHLO
        lindbergh.monkeyblade.net" rhost-flags-OK-OK-OK-OK) by vger.kernel.org
        with ESMTP id S229516AbjGBHdj (ORCPT
        <rfc822;linux-wireless@vger.kernel.org>);
        Sun, 2 Jul 2023 03:33:39 -0400
Received: from mail-pf1-x42a.google.com (mail-pf1-x42a.google.com [IPv6:2607:f8b0:4864:20::42a])
        by lindbergh.monkeyblade.net (Postfix) with ESMTPS id 94F6A10E5
        for <linux-wireless@vger.kernel.org>; Sun,  2 Jul 2023 00:33:26 -0700 (PDT)
Received: by mail-pf1-x42a.google.com with SMTP id d2e1a72fcca58-6687446eaccso2688627b3a.3
        for <linux-wireless@vger.kernel.org>; Sun, 02 Jul 2023 00:33:26 -0700 (PDT)
DKIM-Signature: v=1; a=rsa-sha256; c=relaxed/relaxed;
        d=gmail.com; s=20221208; t=1688283206; x=1690875206;
        h=mime-version:user-agent:message-id:date:cc:subject:to:from:from:to
         :cc:subject:date:message-id:reply-to;
        bh=WUAot5XGXX6pgz0WOP/HTVhvHXZ2kOS/OsnXvqgmCig=;
        b=heumOu+nSzZvZEoHJkrK0u5tA+BLe4h/eQjNfn6KH9SMc9AN3ImcUzF4AG8WClXQF5
         aX67F2GulX8x7WG319eO1kW1ODNlLOn4iM55ydwTT6ro7TqLT33LJs2waHjB8x3caj11
         COI8gAIZNIiyvLfww5ktXd2FGfU/sRSqqreqOl5jPoBbYbnVWE1NCH8S1DOgD8+QpgoT
         8VKlJyZ8uDOnI4ZRRw17VEiN+y4q7f2zdCFcmgcGmMl8tTIllJC/A4dXiIbroydXNMIe
         a4g1e4DXoiXkcvszcIYEGCEHJ5iiuxoODdOOCt/tkIiSJc3dHPH0449zuuIm6BNzN4Qh
         cCGQ==
X-Google-DKIM-Signature: v=1; a=rsa-sha256; c=relaxed/relaxed;
        d=1e100.net; s=20221208; t=1688283206; x=1690875206;
        h=mime-version:user-agent:message-id:date:cc:subject:to:from
         :x-gm-message-state:from:to:cc:subject:date:message-id:reply-to;
        bh=WUAot5XGXX6pgz0WOP/HTVhvHXZ2kOS/OsnXvqgmCig=;
        b=h+18+9cpmGRNOKCB+fTT1bZCeJD3uRFrMP2+h/uAuUsWrsdC/zqEeDyJ/3G0jt3u+X
         MJVKEGhOyEYbQBU1IXoHa/0mpncayCdamQfdVYcytz5gpTJHKQ5+PbhxVX3tVzjuO/hc
         AhZlXMXaBafPU4B93zqmvXc89K3yPOPnhD0uk9xtggUVq0ddUrPIBuHu+UAmE/ZYAZzD
         Jxbh8NTi84BV52JZw0qH8yN2M86c0r/jnErMgvzY90iKWpbmakWtlP52lRITIUFot9u7
         +OfgTQVdHvxO8UaYQJu/xxp9TGXEwK5AgEekHqFwbTVLJRgta1Orq0pZ5+sHJOINy4oY
         tXgQ==
X-Gm-Message-State: ABy/qLaHmd6uGcUjzRrfWPvJnfyoK+GWAq8s5D1wcfyi0Fzxss6Fxrn/
        nM/uJoQ7evERS83yIBVhdKfFCwYXyouNfg==
X-Google-Smtp-Source: APBJJlHHxKnGiSgBflHvuV5AYUfrWpOArl5JGs9KQydQ4nSEG/ZhvBDSZDu6keJDO59YccGl2iZgBg==
X-Received: by 2002:a05:6a00:14cc:b0:66f:912b:d6f with SMTP id w12-20020a056a0014cc00b0066f912b0d6fmr10634582pfu.0.1688283205732;
        Sun, 02 Jul 2023 00:33:25 -0700 (PDT)
Received: from athena (104-52-52-190.lightspeed.frsnca.sbcglobal.net. [104.52.52.190])
        by smtp.gmail.com with ESMTPSA id g12-20020a62e30c000000b0067ab572c72fsm8903202pfh.84.2023.07.02.00.33.23
        (version=TLS1_3 cipher=TLS_AES_256_GCM_SHA384 bits=256/256);
        Sun, 02 Jul 2023 00:33:24 -0700 (PDT)
From:   Rob Glossop <robgssp@gmail.com>
To:     Gregory Greenman <gregory.greenman@intel.com>
Subject: [iwlwifi] wifi fails on resume from suspend
CC:     linux-wireless@vger.kernel.org, Kalle Valo <kvalo@kernel.org>
Date:   Sun, 02 Jul 2023 00:33:23 -0700
Message-ID: <87r0pq7oos.fsf@gmail.com>
User-Agent: Gnus/5.13 (Gnus v5.13) Emacs/28.2 (gnu/linux)
MIME-Version: 1.0
Content-Type: multipart/mixed; boundary="=-=-="
X-Spam-Status: No, score=-2.1 required=5.0 tests=BAYES_00,DKIM_SIGNED,
        DKIM_VALID,DKIM_VALID_AU,DKIM_VALID_EF,FREEMAIL_FROM,
        RCVD_IN_DNSWL_NONE,SPF_HELO_NONE,SPF_PASS,T_SCC_BODY_TEXT_LINE
        autolearn=ham autolearn_force=no version=3.4.6
X-Spam-Checker-Version: SpamAssassin 3.4.6 (2021-04-09) on
        lindbergh.monkeyblade.net
Precedence: bulk
List-ID: <linux-wireless.vger.kernel.org>
X-Mailing-List: linux-wireless@vger.kernel.org

--=-=-=
Content-Type: text/plain


After a kernel update my wifi's started misbehaving after suspend.
Observed behavior is on resume it'll either fail to connect, or connect
with extremely high packet loss - pings will typically get through for
two or three seconds at a time, followed by about thirty seconds of dead
time. dmesg has a bunch of messages to the tune of

[   66.620028] iwlwifi 0000:00:14.3: Queue 5 is stuck 0 14
[   66.620050] iwlwifi 0000:00:14.3: Queue 4 is stuck 0 4
[   66.620260] iwlwifi 0000:00:14.3: Microcode SW error detected. Restarting 0x0.
[   66.620328] iwlwifi 0000:00:14.3: Start IWL Error Log Dump:
[   66.620329] iwlwifi 0000:00:14.3: Transport status: 0x0000004A, valid: 6
[   66.620330] iwlwifi 0000:00:14.3: Loaded firmware version: 77.f92b5fed.0 QuZ-a0-hr-b0-77.ucode
[   66.620331] iwlwifi 0000:00:14.3: 0x00000084 | NMI_INTERRUPT_UNKNOWN
[   66.620332] iwlwifi 0000:00:14.3: 0x0000A2F0 | trm_hw_status0
[   66.620333] iwlwifi 0000:00:14.3: 0x00000000 | trm_hw_status1
[   66.620334] iwlwifi 0000:00:14.3: 0x004C8FAA | branchlink2
[   66.620335] iwlwifi 0000:00:14.3: 0x004BEF5E | interruptlink1
[   66.620336] iwlwifi 0000:00:14.3: 0x004BEF5E | interruptlink2
[   66.620336] iwlwifi 0000:00:14.3: 0x0001523A | data1
[   66.620337] iwlwifi 0000:00:14.3: 0x01000000 | data2
[   66.620338] iwlwifi 0000:00:14.3: 0x00000000 | data3
[   66.620338] iwlwifi 0000:00:14.3: 0x18810674 | beacon time
[   66.620339] iwlwifi 0000:00:14.3: 0xB2452997 | tsf low
[   66.620340] iwlwifi 0000:00:14.3: 0x00000923 | tsf hi
[   66.620341] iwlwifi 0000:00:14.3: 0x00000000 | time gp1
[   66.620341] iwlwifi 0000:00:14.3: 0x00D955C0 | time gp2
[   66.620342] iwlwifi 0000:00:14.3: 0x00000001 | uCode revision type
[   66.620343] iwlwifi 0000:00:14.3: 0x0000004D | uCode version major
[   66.620343] iwlwifi 0000:00:14.3: 0xF92B5FED | uCode version minor
[   66.620344] iwlwifi 0000:00:14.3: 0x00000351 | hw version
[   66.620345] iwlwifi 0000:00:14.3: 0x00C89001 | board version
[   66.620345] iwlwifi 0000:00:14.3: 0x8052FD4F | hcmd
[   66.620346] iwlwifi 0000:00:14.3: 0x20028000 | isr0
[   66.620347] iwlwifi 0000:00:14.3: 0x00000000 | isr1
[   66.620347] iwlwifi 0000:00:14.3: 0x08F00002 | isr2
[   66.620348] iwlwifi 0000:00:14.3: 0x00C3028C | isr3
[   66.620349] iwlwifi 0000:00:14.3: 0x00000000 | isr4
[   66.620349] iwlwifi 0000:00:14.3: 0x00760103 | last cmd Id
[   66.620350] iwlwifi 0000:00:14.3: 0x0001523A | wait_event
[   66.620351] iwlwifi 0000:00:14.3: 0x000000D4 | l2p_control
[   66.620351] iwlwifi 0000:00:14.3: 0x00000000 | l2p_duration
[   66.620352] iwlwifi 0000:00:14.3: 0x00000007 | l2p_mhvalid
[   66.620353] iwlwifi 0000:00:14.3: 0x00000000 | l2p_addr_match
[   66.620353] iwlwifi 0000:00:14.3: 0x00000009 | lmpm_pmg_sel
[   66.620354] iwlwifi 0000:00:14.3: 0x00000000 | timestamp
[   66.620355] iwlwifi 0000:00:14.3: 0x0000D848 | flow_handler
[   66.620386] iwlwifi 0000:00:14.3: Start IWL Error Log Dump:
[   66.620387] iwlwifi 0000:00:14.3: Transport status: 0x0000004A, valid: 7
[   66.620388] iwlwifi 0000:00:14.3: 0x20000066 | NMI_INTERRUPT_HOST
[   66.620388] iwlwifi 0000:00:14.3: 0x00000000 | umac branchlink1
[   66.620389] iwlwifi 0000:00:14.3: 0x8045613A | umac branchlink2
[   66.620390] iwlwifi 0000:00:14.3: 0x8047301E | umac interruptlink1
[   66.620390] iwlwifi 0000:00:14.3: 0x8047301E | umac interruptlink2
[   66.620391] iwlwifi 0000:00:14.3: 0x01000000 | umac data1
[   66.620392] iwlwifi 0000:00:14.3: 0x8047301E | umac data2
[   66.620392] iwlwifi 0000:00:14.3: 0x00000000 | umac data3
[   66.620393] iwlwifi 0000:00:14.3: 0x0000004D | umac major
[   66.620394] iwlwifi 0000:00:14.3: 0xF92B5FED | umac minor
[   66.620394] iwlwifi 0000:00:14.3: 0x00D955BE | frame pointer
[   66.620395] iwlwifi 0000:00:14.3: 0xC0886260 | stack pointer
[   66.620396] iwlwifi 0000:00:14.3: 0x0083010C | last host cmd
[   66.620396] iwlwifi 0000:00:14.3: 0x00000000 | isr status reg
[   66.620419] iwlwifi 0000:00:14.3: IML/ROM dump:
[   66.620420] iwlwifi 0000:00:14.3: 0x00000003 | IML/ROM error/state
[   66.620426] iwlwifi 0000:00:14.3: 0x0000570D | IML/ROM data1
[   66.620433] iwlwifi 0000:00:14.3: 0x00000080 | IML/ROM WFPM_AUTH_KEY_0
[   66.620438] iwlwifi 0000:00:14.3: Fseq Registers:
[   66.620440] iwlwifi 0000:00:14.3: 0x60000000 | FSEQ_ERROR_CODE
[   66.620442] iwlwifi 0000:00:14.3: 0x80290033 | FSEQ_TOP_INIT_VERSION
[   66.620444] iwlwifi 0000:00:14.3: 0x00090006 | FSEQ_CNVIO_INIT_VERSION
[   66.620446] iwlwifi 0000:00:14.3: 0x0000A482 | FSEQ_OTP_VERSION
[   66.620449] iwlwifi 0000:00:14.3: 0x00000003 | FSEQ_TOP_CONTENT_VERSION
[   66.620451] iwlwifi 0000:00:14.3: 0x4552414E | FSEQ_ALIVE_TOKEN
[   66.620453] iwlwifi 0000:00:14.3: 0x20000302 | FSEQ_CNVI_ID
[   66.620455] iwlwifi 0000:00:14.3: 0x01300504 | FSEQ_CNVR_ID
[   66.620457] iwlwifi 0000:00:14.3: 0x20000302 | CNVI_AUX_MISC_CHIP
[   66.620461] iwlwifi 0000:00:14.3: 0x01300504 | CNVR_AUX_MISC_CHIP
[   66.620465] iwlwifi 0000:00:14.3: 0x05B0905B | CNVR_SCU_SD_REGS_SD_REG_DIG_DCDC_VTRIM
[   66.620470] iwlwifi 0000:00:14.3: 0x0000025B | CNVR_SCU_SD_REGS_SD_REG_ACTIVE_VDIG_MIRROR
[   66.620472] iwlwifi 0000:00:14.3: 0x00090006 | FSEQ_PREV_CNVIO_INIT_VERSION
[   66.620474] iwlwifi 0000:00:14.3: 0x00290033 | FSEQ_WIFI_FSEQ_VERSION
[   66.620476] iwlwifi 0000:00:14.3: 0x00290033 | FSEQ_BT_FSEQ_VERSION
[   66.620478] iwlwifi 0000:00:14.3: 0x000000DC | FSEQ_CLASS_TP_VERSION
[   66.620485] iwlwifi 0000:00:14.3: UMAC CURRENT PC: 0x80472b34
[   66.620487] iwlwifi 0000:00:14.3: LMAC1 CURRENT PC: 0xd0
[   66.620566] iwlwifi 0000:00:14.3: WRT: Collecting data: ini trigger 4 fired (delay=0ms).
[   66.620570] ieee80211 phy0: Hardware restart was requested

repeated every ten seconds or so. I bisected the bug down to
597568e8df04, which turns out to be a change to the rtsx driver's power
management. On my system that's the SD card reader driver. After
blacklisting the relevant modules (rtsx_pci and rtsx_pci_sdmmc), the
wifi actually fails from boot, with the above error showing up
immediately.

Without rtsx blacklisted the bug's present from that commit up through
master. With the reader blacklisted the bug's present on every kernel I
tested, back to 5.4.

On newer kernels, plugging in an SD card also causes wifi to drop. On
5.15 wifi survives the SD card's presence.

My suspicion of what's going on is that the wifi card's power management
isn't being handled correctly, but that's being masked somehow by the sd
card driver. When the sd driver's power management code changed, or when
the driver's blacklisted, the wifi card's left without that and fails.

The hardware here's a Dell XPS 15 9500, with a "Killer AX1650" card -
the driver reports it as

[    3.086156] iwlwifi 0000:00:14.3: Detected Intel(R) Wi-Fi 6 AX203, REV=0x354

To repro: boot, suspend, resume and try and connect to wifi. Or
blacklist rsx_pci and rtsx_pci_sdmmc, no suspend required.

Thanks for any help, and let me know if you need any more info.

--

Rob


--=-=-=
Content-Type: text/plain; charset=utf-8
Content-Disposition: attachment; filename=dmesg-master-suspend
Content-Transfer-Encoding: quoted-printable
Content-Description: dmesg-master

[    0.000000] microcode: updated early: 0xc8 -> 0xf6, date =3D 2022-12-27
[    0.000000] Linux version 6.4.0 (nixbld@localhost) (gcc (GCC) 11.3.0, GN=
U ld (GNU Binutils) 2.39) #1-NixOS SMP PREEMPT_DYNAMIC Tue Jan  1 00:00:00 =
UTC 1980
[    0.000000] Command line: initrd=3D\efi\nixos\49gmkhf74zbaj23c7cqz43w0c5=
dwddgl-initrd-linux-6.4.0-initrd.efi init=3D/nix/store/9q5yllrjcbas13g2cb4w=
jcmwdapdg890-nixos-system-athena-22.11.20230701.dirty/init i915.enable_psr=
=3D0 resume_offset=3D78102528 loglevel=3D4
[    0.000000] BIOS-provided physical RAM map:
[    0.000000] BIOS-e820: [mem 0x0000000000000000-0x000000000009efff] usable
[    0.000000] BIOS-e820: [mem 0x000000000009f000-0x00000000000fffff] reser=
ved
[    0.000000] BIOS-e820: [mem 0x0000000000100000-0x000000003ae8efff] usable
[    0.000000] BIOS-e820: [mem 0x000000003ae8f000-0x000000003ae8ffff] ACPI =
NVS
[    0.000000] BIOS-e820: [mem 0x000000003ae90000-0x000000003ae90fff] reser=
ved
[    0.000000] BIOS-e820: [mem 0x000000003ae91000-0x000000004c825fff] usable
[    0.000000] BIOS-e820: [mem 0x000000004c826000-0x000000004f8b4fff] reser=
ved
[    0.000000] BIOS-e820: [mem 0x000000004f8b5000-0x000000004ff24fff] ACPI =
NVS
[    0.000000] BIOS-e820: [mem 0x000000004ff25000-0x000000004fffefff] ACPI =
data
[    0.000000] BIOS-e820: [mem 0x000000004ffff000-0x000000004fffffff] usable
[    0.000000] BIOS-e820: [mem 0x0000000050000000-0x00000000607fffff] reser=
ved
[    0.000000] BIOS-e820: [mem 0x00000000e0000000-0x00000000efffffff] reser=
ved
[    0.000000] BIOS-e820: [mem 0x00000000ff000000-0x00000000ffffffff] reser=
ved
[    0.000000] BIOS-e820: [mem 0x0000000100000000-0x000000089b7fffff] usable
[    0.000000] NX (Execute Disable) protection: active
[    0.000000] e820: update [mem 0x4c569018-0x4c578057] usable =3D=3D> usab=
le
[    0.000000] e820: update [mem 0x4c569018-0x4c578057] usable =3D=3D> usab=
le
[    0.000000] extended physical RAM map:
[    0.000000] reserve setup_data: [mem 0x0000000000000000-0x000000000009ef=
ff] usable
[    0.000000] reserve setup_data: [mem 0x000000000009f000-0x00000000000fff=
ff] reserved
[    0.000000] reserve setup_data: [mem 0x0000000000100000-0x000000003ae8ef=
ff] usable
[    0.000000] reserve setup_data: [mem 0x000000003ae8f000-0x000000003ae8ff=
ff] ACPI NVS
[    0.000000] reserve setup_data: [mem 0x000000003ae90000-0x000000003ae90f=
ff] reserved
[    0.000000] reserve setup_data: [mem 0x000000003ae91000-0x000000004c5690=
17] usable
[    0.000000] reserve setup_data: [mem 0x000000004c569018-0x000000004c5780=
57] usable
[    0.000000] reserve setup_data: [mem 0x000000004c578058-0x000000004c825f=
ff] usable
[    0.000000] reserve setup_data: [mem 0x000000004c826000-0x000000004f8b4f=
ff] reserved
[    0.000000] reserve setup_data: [mem 0x000000004f8b5000-0x000000004ff24f=
ff] ACPI NVS
[    0.000000] reserve setup_data: [mem 0x000000004ff25000-0x000000004fffef=
ff] ACPI data
[    0.000000] reserve setup_data: [mem 0x000000004ffff000-0x000000004fffff=
ff] usable
[    0.000000] reserve setup_data: [mem 0x0000000050000000-0x00000000607fff=
ff] reserved
[    0.000000] reserve setup_data: [mem 0x00000000e0000000-0x00000000efffff=
ff] reserved
[    0.000000] reserve setup_data: [mem 0x00000000ff000000-0x00000000ffffff=
ff] reserved
[    0.000000] reserve setup_data: [mem 0x0000000100000000-0x000000089b7fff=
ff] usable
[    0.000000] efi: EFI v2.7 by Dell
[    0.000000] efi: SMBIOS=3D0x4d263000 TPMFinalLog=3D0x4ff1d000 ACPI=3D0x4=
fffe000 ACPI 2.0=3D0x4fffe014 ESRT=3D0x4d121698 MEMATTR=3D0x49db4018 PROP=
=3D0x39c6f130 RNG=3D0x4ff8af18 INITRD=3D0x4c580a98 TPMEventLog=3D0x4c579018=
=20
[    0.000000] random: crng init done
[    0.000000] efi: Remove mem117: MMIO range=3D[0xe0000000-0xefffffff] (25=
6MB) from e820 map
[    0.000000] e820: remove [mem 0xe0000000-0xefffffff] reserved
[    0.000000] efi: Remove mem118: MMIO range=3D[0xff000000-0xffffffff] (16=
MB) from e820 map
[    0.000000] e820: remove [mem 0xff000000-0xffffffff] reserved
[    0.000000] SMBIOS 3.2 present.
[    0.000000] DMI: Dell Inc. XPS 15 9500/0RHXRG, BIOS 1.5.3 11/20/2020
[    0.000000] tsc: Detected 2600.000 MHz processor
[    0.000000] tsc: Detected 2599.992 MHz TSC
[    0.000827] e820: update [mem 0x00000000-0x00000fff] usable =3D=3D> rese=
rved
[    0.000829] e820: remove [mem 0x000a0000-0x000fffff] usable
[    0.000833] last_pfn =3D 0x89b800 max_arch_pfn =3D 0x400000000
[    0.000836] MTRR map: 5 entries (3 fixed + 2 variable; max 23), built fr=
om 10 variable MTRRs
[    0.000837] x86/PAT: Configuration [0-7]: WB  WC  UC- UC  WB  WP  UC- WT=
=20=20
[    0.001133] last_pfn =3D 0x50000 max_arch_pfn =3D 0x400000000
[    0.009965] esrt: Reserving ESRT space from 0x000000004d121698 to 0x0000=
00004d121720.
[    0.009972] Using GB pages for direct mapping
[    0.010296] Secure boot disabled
[    0.010297] RAMDISK: [mem 0x37609000-0x38703fff]
[    0.010299] ACPI: Early table checksum verification disabled
[    0.010301] ACPI: RSDP 0x000000004FFFE014 000024 (v02 DELL  )
[    0.010303] ACPI: XSDT 0x000000004FF93188 0000F4 (v01 DELL   Dell Inc 20=
170001 INTL 20160422)
[    0.010306] ACPI: FACP 0x000000004FFF0000 000114 (v06 DELL   Dell Inc 20=
170001 INTL 20160422)
[    0.010309] ACPI: DSDT 0x000000004FFA3000 049DC8 (v02 DELL   Dell Inc 20=
170001 INTL 20160422)
[    0.010311] ACPI: FACS 0x000000004FEA5000 000040
[    0.010312] ACPI: SSDT 0x000000004FFFA000 00203C (v02 CpuRef CpuSsdt  00=
003000 INTL 20160527)
[    0.010314] ACPI: SSDT 0x000000004FFF3000 0063E5 (v02 INTEL  DptfTabl 00=
001000 INTL 20160527)
[    0.010316] ACPI: SSDT 0x000000004FFF1000 00134A (v02 SaSsdt SaSsdt   00=
003000 INTL 20160527)
[    0.010318] ACPI: HPET 0x000000004FFEF000 000038 (v01 DELL   Dell Inc 20=
170001 INTL 20160422)
[    0.010319] ACPI: APIC 0x000000004FFEE000 000164 (v03 DELL   Dell Inc 20=
170001 INTL 20160422)
[    0.010321] ACPI: MCFG 0x000000004FFED000 00003C (v01 DELL   Dell Inc 20=
170001 INTL 20160422)
[    0.010323] ACPI: SSDT 0x000000004FFA1000 001749 (v02 DELL   DellRtd3 00=
001000 INTL 20160527)
[    0.010325] ACPI: SSDT 0x000000004FFA0000 000CB0 (v02 DELL   xh_Dell_ 00=
000000 INTL 20160527)
[    0.010326] ACPI: NHLT 0x000000004FF9F000 00002D (v00 DELL   Dell Inc 20=
170001 INTL 20160422)
[    0.010328] ACPI: SSDT 0x000000004FF9E000 000C78 (v02 DELL   UsbCTabl 00=
001000 INTL 20160527)
[    0.010330] ACPI: LPIT 0x000000004FF9D000 000094 (v01 DELL   Dell Inc 20=
170001 INTL 20160422)
[    0.010331] ACPI: WSMT 0x000000004FF9C000 000028 (v01 DELL   Dell Inc 20=
170001 INTL 20160422)
[    0.010333] ACPI: SSDT 0x000000004FF9B000 000B75 (v02 DELL   PtidDevc 00=
001000 INTL 20160527)
[    0.010335] ACPI: DBGP 0x000000004FF9A000 000034 (v01 DELL   Dell Inc 20=
170001 INTL 20160422)
[    0.010337] ACPI: DBG2 0x000000004FF99000 000054 (v00 DELL   Dell Inc 20=
170001 INTL 20160422)
[    0.010338] ACPI: SSDT 0x000000004FF98000 00060E (v02 DELL   Tpm2Tabl 00=
001000 INTL 20160527)
[    0.010340] ACPI: TPM2 0x000000004FF97000 000034 (v04 DELL   Dell Inc 20=
170001 INTL 20160422)
[    0.010344] ACPI: SLIC 0x000000004FF96000 000176 (v03 DELL   CBX3     06=
222004 MSFT 00010013)
[    0.010346] ACPI: BOOT 0x000000004FF95000 000028 (v01 DELL   CBX3     20=
170001 INTL 20160422)
[    0.010347] ACPI: MSDM 0x000000004FF94000 000055 (v03 DELL   CBX3     06=
222004 AMI  00010013)
[    0.010349] ACPI: DMAR 0x000000004FFFD000 0000A8 (v01 INTEL  Dell Inc 00=
000002      01000013)
[    0.010351] ACPI: SSDT 0x000000004FF8E000 0041A0 (v01 DELL   NvdTable 00=
001000 INTL 20160527)
[    0.010352] ACPI: SSDT 0x000000004FF8D000 000156 (v02 Dell   ADebTabl 00=
001000 INTL 20160527)
[    0.010354] ACPI: BGRT 0x000000004FF8C000 000038 (v01 DELL   Dell Inc 20=
170001 INTL 20160422)
[    0.010356] ACPI: FPDT 0x000000004FF8B000 000034 (v01 DELL   Dell Inc 20=
170001 INTL 20160422)
[    0.010357] ACPI: Reserving FACP table memory at [mem 0x4fff0000-0x4fff0=
113]
[    0.010358] ACPI: Reserving DSDT table memory at [mem 0x4ffa3000-0x4ffec=
dc7]
[    0.010359] ACPI: Reserving FACS table memory at [mem 0x4fea5000-0x4fea5=
03f]
[    0.010359] ACPI: Reserving SSDT table memory at [mem 0x4fffa000-0x4fffc=
03b]
[    0.010360] ACPI: Reserving SSDT table memory at [mem 0x4fff3000-0x4fff9=
3e4]
[    0.010360] ACPI: Reserving SSDT table memory at [mem 0x4fff1000-0x4fff2=
349]
[    0.010361] ACPI: Reserving HPET table memory at [mem 0x4ffef000-0x4ffef=
037]
[    0.010361] ACPI: Reserving APIC table memory at [mem 0x4ffee000-0x4ffee=
163]
[    0.010362] ACPI: Reserving MCFG table memory at [mem 0x4ffed000-0x4ffed=
03b]
[    0.010362] ACPI: Reserving SSDT table memory at [mem 0x4ffa1000-0x4ffa2=
748]
[    0.010363] ACPI: Reserving SSDT table memory at [mem 0x4ffa0000-0x4ffa0=
caf]
[    0.010363] ACPI: Reserving NHLT table memory at [mem 0x4ff9f000-0x4ff9f=
02c]
[    0.010364] ACPI: Reserving SSDT table memory at [mem 0x4ff9e000-0x4ff9e=
c77]
[    0.010364] ACPI: Reserving LPIT table memory at [mem 0x4ff9d000-0x4ff9d=
093]
[    0.010365] ACPI: Reserving WSMT table memory at [mem 0x4ff9c000-0x4ff9c=
027]
[    0.010365] ACPI: Reserving SSDT table memory at [mem 0x4ff9b000-0x4ff9b=
b74]
[    0.010366] ACPI: Reserving DBGP table memory at [mem 0x4ff9a000-0x4ff9a=
033]
[    0.010366] ACPI: Reserving DBG2 table memory at [mem 0x4ff99000-0x4ff99=
053]
[    0.010367] ACPI: Reserving SSDT table memory at [mem 0x4ff98000-0x4ff98=
60d]
[    0.010367] ACPI: Reserving TPM2 table memory at [mem 0x4ff97000-0x4ff97=
033]
[    0.010368] ACPI: Reserving SLIC table memory at [mem 0x4ff96000-0x4ff96=
175]
[    0.010368] ACPI: Reserving BOOT table memory at [mem 0x4ff95000-0x4ff95=
027]
[    0.010369] ACPI: Reserving MSDM table memory at [mem 0x4ff94000-0x4ff94=
054]
[    0.010369] ACPI: Reserving DMAR table memory at [mem 0x4fffd000-0x4fffd=
0a7]
[    0.010370] ACPI: Reserving SSDT table memory at [mem 0x4ff8e000-0x4ff92=
19f]
[    0.010370] ACPI: Reserving SSDT table memory at [mem 0x4ff8d000-0x4ff8d=
155]
[    0.010371] ACPI: Reserving BGRT table memory at [mem 0x4ff8c000-0x4ff8c=
037]
[    0.010371] ACPI: Reserving FPDT table memory at [mem 0x4ff8b000-0x4ff8b=
033]
[    0.010568] No NUMA configuration found
[    0.010569] Faking a node at [mem 0x0000000000000000-0x000000089b7fffff]
[    0.010571] NODE_DATA(0) allocated [mem 0x89b7fb000-0x89b7fffff]
[    0.010600] Zone ranges:
[    0.010600]   DMA      [mem 0x0000000000001000-0x0000000000ffffff]
[    0.010601]   DMA32    [mem 0x0000000001000000-0x00000000ffffffff]
[    0.010602]   Normal   [mem 0x0000000100000000-0x000000089b7fffff]
[    0.010603]   Device   empty
[    0.010604] Movable zone start for each node
[    0.010604] Early memory node ranges
[    0.010604]   node   0: [mem 0x0000000000001000-0x000000000009efff]
[    0.010605]   node   0: [mem 0x0000000000100000-0x000000003ae8efff]
[    0.010606]   node   0: [mem 0x000000003ae91000-0x000000004c825fff]
[    0.010606]   node   0: [mem 0x000000004ffff000-0x000000004fffffff]
[    0.010607]   node   0: [mem 0x0000000100000000-0x000000089b7fffff]
[    0.010610] Initmem setup node 0 [mem 0x0000000000001000-0x000000089b7ff=
fff]
[    0.010612] On node 0, zone DMA: 1 pages in unavailable ranges
[    0.010624] On node 0, zone DMA: 97 pages in unavailable ranges
[    0.011694] On node 0, zone DMA32: 2 pages in unavailable ranges
[    0.011790] On node 0, zone DMA32: 14297 pages in unavailable ranges
[    0.043262] On node 0, zone Normal: 18432 pages in unavailable ranges
[    0.043284] Reserving Intel graphics memory at [mem 0x5c800000-0x607ffff=
f]
[    0.043815] ACPI: PM-Timer IO Port: 0x1808
[    0.043819] ACPI: LAPIC_NMI (acpi_id[0x01] high edge lint[0x1])
[    0.043820] ACPI: LAPIC_NMI (acpi_id[0x02] high edge lint[0x1])
[    0.043821] ACPI: LAPIC_NMI (acpi_id[0x03] high edge lint[0x1])
[    0.043821] ACPI: LAPIC_NMI (acpi_id[0x04] high edge lint[0x1])
[    0.043821] ACPI: LAPIC_NMI (acpi_id[0x05] high edge lint[0x1])
[    0.043822] ACPI: LAPIC_NMI (acpi_id[0x06] high edge lint[0x1])
[    0.043822] ACPI: LAPIC_NMI (acpi_id[0x07] high edge lint[0x1])
[    0.043823] ACPI: LAPIC_NMI (acpi_id[0x08] high edge lint[0x1])
[    0.043823] ACPI: LAPIC_NMI (acpi_id[0x09] high edge lint[0x1])
[    0.043824] ACPI: LAPIC_NMI (acpi_id[0x0a] high edge lint[0x1])
[    0.043824] ACPI: LAPIC_NMI (acpi_id[0x0b] high edge lint[0x1])
[    0.043824] ACPI: LAPIC_NMI (acpi_id[0x0c] high edge lint[0x1])
[    0.043825] ACPI: LAPIC_NMI (acpi_id[0x0d] high edge lint[0x1])
[    0.043825] ACPI: LAPIC_NMI (acpi_id[0x0e] high edge lint[0x1])
[    0.043826] ACPI: LAPIC_NMI (acpi_id[0x0f] high edge lint[0x1])
[    0.043826] ACPI: LAPIC_NMI (acpi_id[0x10] high edge lint[0x1])
[    0.043827] ACPI: LAPIC_NMI (acpi_id[0x11] high edge lint[0x1])
[    0.043827] ACPI: LAPIC_NMI (acpi_id[0x12] high edge lint[0x1])
[    0.043828] ACPI: LAPIC_NMI (acpi_id[0x13] high edge lint[0x1])
[    0.043828] ACPI: LAPIC_NMI (acpi_id[0x14] high edge lint[0x1])
[    0.043866] IOAPIC[0]: apic_id 2, version 32, address 0xfec00000, GSI 0-=
119
[    0.043868] ACPI: INT_SRC_OVR (bus 0 bus_irq 0 global_irq 2 dfl dfl)
[    0.043869] ACPI: INT_SRC_OVR (bus 0 bus_irq 9 global_irq 9 high level)
[    0.043872] ACPI: Using ACPI (MADT) for SMP configuration information
[    0.043872] ACPI: HPET id: 0x8086a201 base: 0xfed00000
[    0.043877] e820: update [mem 0x49555000-0x495d1fff] usable =3D=3D> rese=
rved
[    0.043883] TSC deadline timer available
[    0.043883] smpboot: Allowing 12 CPUs, 0 hotplug CPUs
[    0.043893] PM: hibernation: Registered nosave memory: [mem 0x00000000-0=
x00000fff]
[    0.043894] PM: hibernation: Registered nosave memory: [mem 0x0009f000-0=
x000fffff]
[    0.043895] PM: hibernation: Registered nosave memory: [mem 0x3ae8f000-0=
x3ae8ffff]
[    0.043896] PM: hibernation: Registered nosave memory: [mem 0x3ae90000-0=
x3ae90fff]
[    0.043897] PM: hibernation: Registered nosave memory: [mem 0x49555000-0=
x495d1fff]
[    0.043898] PM: hibernation: Registered nosave memory: [mem 0x4c569000-0=
x4c569fff]
[    0.043899] PM: hibernation: Registered nosave memory: [mem 0x4c578000-0=
x4c578fff]
[    0.043900] PM: hibernation: Registered nosave memory: [mem 0x4c826000-0=
x4f8b4fff]
[    0.043900] PM: hibernation: Registered nosave memory: [mem 0x4f8b5000-0=
x4ff24fff]
[    0.043901] PM: hibernation: Registered nosave memory: [mem 0x4ff25000-0=
x4fffefff]
[    0.043902] PM: hibernation: Registered nosave memory: [mem 0x50000000-0=
x607fffff]
[    0.043902] PM: hibernation: Registered nosave memory: [mem 0x60800000-0=
xffffffff]
[    0.043903] [mem 0x60800000-0xffffffff] available for PCI devices
[    0.043904] Booting paravirtualized kernel on bare hardware
[    0.043905] clocksource: refined-jiffies: mask: 0xffffffff max_cycles: 0=
xffffffff, max_idle_ns: 1910969940391419 ns
[    0.046670] setup_percpu: NR_CPUS:384 nr_cpumask_bits:12 nr_cpu_ids:12 n=
r_node_ids:1
[    0.047086] percpu: Embedded 57 pages/cpu s196264 r8192 d29016 u262144
[    0.047090] pcpu-alloc: s196264 r8192 d29016 u262144 alloc=3D1*2097152
[    0.047092] pcpu-alloc: [0] 00 01 02 03 04 05 06 07 [0] 08 09 10 11 -- -=
- -- --=20
[    0.047108] Kernel command line: initrd=3D\efi\nixos\49gmkhf74zbaj23c7cq=
z43w0c5dwddgl-initrd-linux-6.4.0-initrd.efi init=3D/nix/store/9q5yllrjcbas1=
3g2cb4wjcmwdapdg890-nixos-system-athena-22.11.20230701.dirty/init i915.enab=
le_psr=3D0 resume_offset=3D78102528 loglevel=3D4
[    0.049192] Dentry cache hash table entries: 4194304 (order: 13, 3355443=
2 bytes, linear)
[    0.050221] Inode-cache hash table entries: 2097152 (order: 12, 16777216=
 bytes, linear)
[    0.050312] Fallback order for Node 0: 0=20
[    0.050314] Built 1 zonelists, mobility grouping on.  Total pages: 81605=
48
[    0.050316] Policy zone: Normal
[    0.050316] mem auto-init: stack:off, heap alloc:off, heap free:off
[    0.050320] software IO TLB: area num 16.
[    0.097970] Memory: 32378580K/33160972K available (14336K kernel code, 2=
244K rwdata, 4524K rodata, 2808K init, 3400K bss, 782132K reserved, 0K cma-=
reserved)
[    0.098047] SLUB: HWalign=3D64, Order=3D0-3, MinObjects=3D0, CPUs=3D12, =
Nodes=3D1
[    0.098061] ftrace: allocating 36800 entries in 144 pages
[    0.102462] ftrace: allocated 144 pages with 2 groups
[    0.102841] Dynamic Preempt: voluntary
[    0.102863] rcu: Preemptible hierarchical RCU implementation.
[    0.102864] rcu: 	RCU event tracing is enabled.
[    0.102864] rcu: 	RCU restricting CPUs from NR_CPUS=3D384 to nr_cpu_ids=
=3D12.
[    0.102865] 	Trampoline variant of Tasks RCU enabled.
[    0.102865] 	Rude variant of Tasks RCU enabled.
[    0.102865] 	Tracing variant of Tasks RCU enabled.
[    0.102866] rcu: RCU calculated value of scheduler-enlistment delay is 1=
00 jiffies.
[    0.102866] rcu: Adjusting geometry for rcu_fanout_leaf=3D16, nr_cpu_ids=
=3D12
[    0.104543] NR_IRQS: 24832, nr_irqs: 2152, preallocated irqs: 16
[    0.104821] rcu: srcu_init: Setting srcu_struct sizes based on contentio=
n.
[    0.105021] Console: colour dummy device 80x25
[    0.105023] printk: console [tty0] enabled
[    0.105046] ACPI: Core revision 20230331
[    0.105261] hpet: HPET dysfunctional in PC10. Force disabled.
[    0.105262] APIC: Switch to symmetric I/O mode setup
[    0.105263] DMAR: Host address width 39
[    0.105264] DMAR: DRHD base: 0x000000fed90000 flags: 0x0
[    0.105267] DMAR: dmar0: reg_base_addr fed90000 ver 1:0 cap 1c0000c40660=
462 ecap 19e2ff0505e
[    0.105269] DMAR: DRHD base: 0x000000fed91000 flags: 0x1
[    0.105271] DMAR: dmar1: reg_base_addr fed91000 ver 1:0 cap d2008c406604=
62 ecap f050da
[    0.105272] DMAR: RMRR base: 0x0000004f421000 end: 0x0000004f440fff
[    0.105273] DMAR: RMRR base: 0x0000005c000000 end: 0x000000607fffff
[    0.105274] DMAR-IR: IOAPIC id 2 under DRHD base  0xfed91000 IOMMU 1
[    0.105275] DMAR-IR: HPET id 0 under DRHD base 0xfed91000
[    0.105276] DMAR-IR: Queued invalidation will be enabled to support x2ap=
ic and Intr-remapping.
[    0.106882] DMAR-IR: Enabled IRQ remapping in x2apic mode
[    0.106883] x2apic enabled
[    0.106899] Switched APIC routing to cluster x2apic.
[    0.111429] clocksource: tsc-early: mask: 0xffffffffffffffff max_cycles:=
 0x257a34a6eea, max_idle_ns: 440795264358 ns
[    0.111434] Calibrating delay loop (skipped), value calculated using tim=
er frequency.. 5199.98 BogoMIPS (lpj=3D2599992)
[    0.111452] CPU0: Thermal monitoring enabled (TM1)
[    0.111479] process: using mwait in idle threads
[    0.111481] Last level iTLB entries: 4KB 64, 2MB 8, 4MB 8
[    0.111482] Last level dTLB entries: 4KB 64, 2MB 0, 4MB 0, 1GB 4
[    0.111490] Spectre V1 : Mitigation: usercopy/swapgs barriers and __user=
 pointer sanitization
[    0.111491] Spectre V2 : Mitigation: Enhanced / Automatic IBRS
[    0.111491] Spectre V2 : Spectre v2 / SpectreRSB mitigation: Filling RSB=
 on context switch
[    0.111492] Spectre V2 : Spectre v2 / PBRSB-eIBRS: Retire a single CALL =
on VMEXIT
[    0.111492] RETBleed: Mitigation: Enhanced IBRS
[    0.111493] Spectre V2 : mitigation: Enabling conditional Indirect Branc=
h Prediction Barrier
[    0.111494] Speculative Store Bypass: Mitigation: Speculative Store Bypa=
ss disabled via prctl
[    0.111497] MMIO Stale Data: Mitigation: Clear CPU buffers
[    0.111498] SRBDS: Mitigation: Microcode
[    0.111501] x86/fpu: Supporting XSAVE feature 0x001: 'x87 floating point=
 registers'
[    0.111502] x86/fpu: Supporting XSAVE feature 0x002: 'SSE registers'
[    0.111503] x86/fpu: Supporting XSAVE feature 0x004: 'AVX registers'
[    0.111503] x86/fpu: Supporting XSAVE feature 0x008: 'MPX bounds registe=
rs'
[    0.111503] x86/fpu: Supporting XSAVE feature 0x010: 'MPX CSR'
[    0.111504] x86/fpu: Supporting XSAVE feature 0x200: 'Protection Keys Us=
er registers'
[    0.111505] x86/fpu: xstate_offset[2]:  576, xstate_sizes[2]:  256
[    0.111506] x86/fpu: xstate_offset[3]:  832, xstate_sizes[3]:   64
[    0.111506] x86/fpu: xstate_offset[4]:  896, xstate_sizes[4]:   64
[    0.111507] x86/fpu: xstate_offset[9]:  960, xstate_sizes[9]:    8
[    0.111507] x86/fpu: Enabled xstate features 0x21f, context size is 968 =
bytes, using 'compacted' format.
[    0.112432] Freeing SMP alternatives memory: 32K
[    0.112432] pid_max: default: 32768 minimum: 301
[    0.112432] LSM: initializing lsm=3Dcapability,landlock,yama,selinux,bpf=
,integrity
[    0.112432] landlock: Up and running.
[    0.112432] Yama: becoming mindful.
[    0.112432] SELinux:  Initializing.
[    0.112432] LSM support for eBPF active
[    0.112432] Mount-cache hash table entries: 65536 (order: 7, 524288 byte=
s, linear)
[    0.112432] Mountpoint-cache hash table entries: 65536 (order: 7, 524288=
 bytes, linear)
[    0.112432] smpboot: CPU0: Intel(R) Core(TM) i7-10750H CPU @ 2.60GHz (fa=
mily: 0x6, model: 0xa5, stepping: 0x2)
[    0.112432] RCU Tasks: Setting shift to 4 and lim to 1 rcu_task_cb_adjus=
t=3D1.
[    0.112432] RCU Tasks Rude: Setting shift to 4 and lim to 1 rcu_task_cb_=
adjust=3D1.
[    0.112432] RCU Tasks Trace: Setting shift to 4 and lim to 1 rcu_task_cb=
_adjust=3D1.
[    0.112432] Performance Events: PEBS fmt3+, Skylake events, 32-deep LBR,=
 full-width counters, Intel PMU driver.
[    0.112432] ... version:                4
[    0.112432] ... bit width:              48
[    0.112432] ... generic registers:      4
[    0.112432] ... value mask:             0000ffffffffffff
[    0.112432] ... max period:             00007fffffffffff
[    0.112432] ... fixed-purpose events:   3
[    0.112432] ... event mask:             000000070000000f
[    0.112432] signal: max sigframe size: 3632
[    0.112432] Estimated ratio of average max frequency by base frequency (=
times 1024): 1811
[    0.112432] rcu: Hierarchical SRCU implementation.
[    0.112432] rcu: 	Max phase no-delay instances is 400.
[    0.112432] smp: Bringing up secondary CPUs ...
[    0.112432] smpboot: x86: Booting SMP configuration:
[    0.112432] .... node  #0, CPUs:        #1  #2  #3  #4  #5  #6  #7  #8  =
#9 #10 #11
[    0.115275] MMIO Stale Data CPU bug present and SMT on, data leak possib=
le. See https://www.kernel.org/doc/html/latest/admin-guide/hw-vuln/processo=
r_mmio_stale_data.html for more details.
[    0.115456] smp: Brought up 1 node, 12 CPUs
[    0.115456] smpboot: Max logical packages: 1
[    0.115456] smpboot: Total of 12 processors activated (62399.80 BogoMIPS)
[    0.117238] devtmpfs: initialized
[    0.117238] x86/mm: Memory block size: 128MB
[    0.119060] ACPI: PM: Registering ACPI NVS region [mem 0x3ae8f000-0x3ae8=
ffff] (4096 bytes)
[    0.119060] ACPI: PM: Registering ACPI NVS region [mem 0x4f8b5000-0x4ff2=
4fff] (6750208 bytes)
[    0.119060] clocksource: jiffies: mask: 0xffffffff max_cycles: 0xfffffff=
f, max_idle_ns: 1911260446275000 ns
[    0.119060] futex hash table entries: 4096 (order: 6, 262144 bytes, line=
ar)
[    0.119060] pinctrl core: initialized pinctrl subsystem
[    0.119060] NET: Registered PF_NETLINK/PF_ROUTE protocol family
[    0.119060] audit: initializing netlink subsys (disabled)
[    0.119060] audit: type=3D2000 audit(1688277005.007:1): state=3Dinitiali=
zed audit_enabled=3D0 res=3D1
[    0.119060] thermal_sys: Registered thermal governor 'bang_bang'
[    0.119060] thermal_sys: Registered thermal governor 'step_wise'
[    0.119060] thermal_sys: Registered thermal governor 'user_space'
[    0.119060] cpuidle: using governor menu
[    0.119463] Simple Boot Flag at 0x47 set to 0x80
[    0.119501] acpiphp: ACPI Hot Plug PCI Controller Driver version: 0.5
[    0.119553] PCI: MMCONFIG for domain 0000 [bus 00-ff] at [mem 0xe0000000=
-0xefffffff] (base 0xe0000000)
[    0.119556] PCI: not using MMCONFIG
[    0.119557] PCI: Using configuration type 1 for base access
[    0.119747] ENERGY_PERF_BIAS: Set to 'normal', was 'performance'
[    0.119748] kprobes: kprobe jump-optimization is enabled. All kprobes ar=
e optimized if possible.
[    0.119748] HugeTLB: registered 1.00 GiB page size, pre-allocated 0 pages
[    0.119748] HugeTLB: 16380 KiB vmemmap can be freed for a 1.00 GiB page
[    0.119748] HugeTLB: registered 2.00 MiB page size, pre-allocated 0 pages
[    0.119748] HugeTLB: 28 KiB vmemmap can be freed for a 2.00 MiB page
[    0.119748] ACPI: Added _OSI(Module Device)
[    0.119748] ACPI: Added _OSI(Processor Device)
[    0.119748] ACPI: Added _OSI(3.0 _SCP Extensions)
[    0.119748] ACPI: Added _OSI(Processor Aggregator Device)
[    0.150740] ACPI: 11 ACPI AML tables successfully acquired and loaded
[    0.215706] ACPI: Dynamic OEM Table Load:
[    0.215728] ACPI: SSDT 0xFFFF9C0FC1580900 0000FC (v02 PmRef  Cpu0Psd  00=
003000 INTL 20160527)
[    0.217231] ACPI: \_SB_.PR00: _OSC native thermal LVT Acked
[    0.218313] ACPI: Dynamic OEM Table Load:
[    0.218321] ACPI: SSDT 0xFFFF9C0FC156D000 000502 (v02 PmRef  Cpu0Cst  00=
003001 INTL 20160527)
[    0.219399] ACPI: Dynamic OEM Table Load:
[    0.219406] ACPI: SSDT 0xFFFF9C0FC156F800 000581 (v02 PmRef  Cpu0Ist  00=
003000 INTL 20160527)
[    0.220554] ACPI: Dynamic OEM Table Load:
[    0.220560] ACPI: SSDT 0xFFFF9C0FC15C0C00 00016C (v02 PmRef  Cpu0Hwp  00=
003000 INTL 20160527)
[    0.221547] ACPI: Dynamic OEM Table Load:
[    0.221555] ACPI: SSDT 0xFFFF9C0FC1558000 000BEA (v02 PmRef  HwpLvt   00=
003000 INTL 20160527)
[    0.222778] ACPI: Dynamic OEM Table Load:
[    0.222786] ACPI: SSDT 0xFFFF9C0FC156C800 000778 (v02 PmRef  ApIst    00=
003000 INTL 20160527)
[    0.223938] ACPI: Dynamic OEM Table Load:
[    0.223944] ACPI: SSDT 0xFFFF9C0FC1563800 0003D7 (v02 PmRef  ApHwp    00=
003000 INTL 20160527)
[    0.225062] ACPI: Dynamic OEM Table Load:
[    0.225068] ACPI: SSDT 0xFFFF9C0FC155C000 000D22 (v02 PmRef  ApPsd    00=
003000 INTL 20160527)
[    0.226522] ACPI: Dynamic OEM Table Load:
[    0.226528] ACPI: SSDT 0xFFFF9C0FC1563400 0003CA (v02 PmRef  ApCst    00=
003000 INTL 20160527)
[    0.230852] ACPI: EC: EC started
[    0.230853] ACPI: EC: interrupt blocked
[    0.232995] ACPI: EC: EC_CMD/EC_SC=3D0x934, EC_DATA=3D0x930
[    0.232998] ACPI: \_SB_.PCI0.LPCB.ECDV: Boot DSDT EC used to handle tran=
sactions
[    0.232999] ACPI: Interpreter enabled
[    0.233036] ACPI: PM: (supports S0 S3 S4 S5)
[    0.233037] ACPI: Using IOAPIC for interrupt routing
[    0.233065] PCI: MMCONFIG for domain 0000 [bus 00-ff] at [mem 0xe0000000=
-0xefffffff] (base 0xe0000000)
[    0.234161] PCI: MMCONFIG at [mem 0xe0000000-0xefffffff] reserved as ACP=
I motherboard resource
[    0.234170] PCI: Using host bridge windows from ACPI; if necessary, use =
"pci=3Dnocrs" and report a bug
[    0.234171] PCI: Using E820 reservations for host bridge windows
[    0.234744] ACPI: Enabled 9 GPEs in block 00 to 7F
[    0.235895] ACPI: \_SB_.PCI0.PEG0.PG00: New power resource
[    0.240747] ACPI: \_SB_.PCI0.XDCI.USBC: New power resource
[    0.242376] ACPI: \_SB_.PCI0.RP01.PXP_: New power resource
[    0.246209] ACPI: \_SB_.PCI0.SAT0.VOL0.V0PR: New power resource
[    0.246301] ACPI: \_SB_.PCI0.SAT0.VOL1.V1PR: New power resource
[    0.246387] ACPI: \_SB_.PCI0.SAT0.VOL2.V2PR: New power resource
[    0.248472] ACPI: \_SB_.PCI0.CNVW.WRST: New power resource
[    0.254407] ACPI: \PIN_: New power resource
[    0.254642] ACPI: PCI Root Bridge [PCI0] (domain 0000 [bus 00-fe])
[    0.254647] acpi PNP0A08:00: _OSC: OS supports [ExtendedConfig ASPM Cloc=
kPM Segments MSI HPX-Type3]
[    0.256662] acpi PNP0A08:00: _OSC: OS now controls [PCIeHotplug PME PCIe=
Capability LTR]
[    0.258277] PCI host bridge to bus 0000:00
[    0.258279] pci_bus 0000:00: root bus resource [io  0x0000-0x0cf7 window]
[    0.258280] pci_bus 0000:00: root bus resource [io  0x0d00-0xffff window]
[    0.258281] pci_bus 0000:00: root bus resource [mem 0x000a0000-0x000ffff=
f window]
[    0.258282] pci_bus 0000:00: root bus resource [mem 0x60800000-0xdffffff=
f window]
[    0.258283] pci_bus 0000:00: root bus resource [mem 0x4000000000-0x7ffff=
fffff window]
[    0.258284] pci_bus 0000:00: root bus resource [mem 0xfc800000-0xfe7ffff=
f window]
[    0.258285] pci_bus 0000:00: root bus resource [bus 00-fe]
[    0.258345] pci 0000:00:00.0: [8086:9b54] type 00 class 0x060000
[    0.258396] pci 0000:00:01.0: [8086:1901] type 01 class 0x060400
[    0.258425] pci 0000:00:01.0: PME# supported from D0 D3hot D3cold
[    0.258668] pci 0000:00:02.0: [8086:9bc4] type 00 class 0x030000
[    0.258674] pci 0000:00:02.0: reg 0x10: [mem 0x604a000000-0x604affffff 6=
4bit]
[    0.258678] pci 0000:00:02.0: reg 0x18: [mem 0x4000000000-0x400fffffff 6=
4bit pref]
[    0.258680] pci 0000:00:02.0: reg 0x20: [io  0x4000-0x403f]
[    0.258691] pci 0000:00:02.0: BAR 2: assigned to efifb
[    0.258694] pci 0000:00:02.0: Video device with shadowed ROM at [mem 0x0=
00c0000-0x000dffff]
[    0.258786] pci 0000:00:04.0: [8086:1903] type 00 class 0x118000
[    0.258792] pci 0000:00:04.0: reg 0x10: [mem 0x604b110000-0x604b117fff 6=
4bit]
[    0.258955] pci 0000:00:08.0: [8086:1911] type 00 class 0x088000
[    0.258960] pci 0000:00:08.0: reg 0x10: [mem 0x604b12b000-0x604b12bfff 6=
4bit]
[    0.259058] pci 0000:00:12.0: [8086:06f9] type 00 class 0x118000
[    0.259070] pci 0000:00:12.0: reg 0x10: [mem 0x604b12a000-0x604b12afff 6=
4bit]
[    0.259198] pci 0000:00:13.0: [8086:06fc] type 00 class 0x070000
[    0.259213] pci 0000:00:13.0: reg 0x10: [mem 0x604b122000-0x604b123fff 6=
4bit]
[    0.259266] pci 0000:00:13.0: PME# supported from D0 D3hot
[    0.259526] pci 0000:00:14.0: [8086:06ed] type 00 class 0x0c0330
[    0.259538] pci 0000:00:14.0: reg 0x10: [mem 0x604b100000-0x604b10ffff 6=
4bit]
[    0.259587] pci 0000:00:14.0: PME# supported from D3hot D3cold
[    0.259799] pci 0000:00:14.2: [8086:06ef] type 00 class 0x050000
[    0.259813] pci 0000:00:14.2: reg 0x10: [mem 0x604b120000-0x604b121fff 6=
4bit]
[    0.259822] pci 0000:00:14.2: reg 0x18: [mem 0x604b129000-0x604b129fff 6=
4bit]
[    0.260021] pci 0000:00:14.3: [8086:06f0] type 00 class 0x028000
[    0.260036] pci 0000:00:14.3: reg 0x10: [mem 0x604b11c000-0x604b11ffff 6=
4bit]
[    0.260192] pci 0000:00:14.3: PME# supported from D0 D3hot D3cold
[    0.260419] pci 0000:00:15.0: [8086:06e8] type 00 class 0x0c8000
[    0.260481] pci 0000:00:15.0: reg 0x10: [mem 0x00000000-0x00000fff 64bit]
[    0.260823] pci 0000:00:15.1: [8086:06e9] type 00 class 0x0c8000
[    0.260873] pci 0000:00:15.1: reg 0x10: [mem 0x00000000-0x00000fff 64bit]
[    0.261132] pci 0000:00:16.0: [8086:06e0] type 00 class 0x078000
[    0.261150] pci 0000:00:16.0: reg 0x10: [mem 0x604b126000-0x604b126fff 6=
4bit]
[    0.261215] pci 0000:00:16.0: PME# supported from D3hot
[    0.261539] pci 0000:00:1c.0: [8086:06b8] type 01 class 0x060400
[    0.261608] pci 0000:00:1c.0: PME# supported from D0 D3hot D3cold
[    0.262001] pci 0000:00:1c.6: [8086:06be] type 01 class 0x060400
[    0.262069] pci 0000:00:1c.6: PME# supported from D0 D3hot D3cold
[    0.262442] pci 0000:00:1d.0: [8086:06b0] type 01 class 0x060400
[    0.262519] pci 0000:00:1d.0: PME# supported from D0 D3hot D3cold
[    0.263000] pci 0000:00:1e.0: [8086:06a8] type 00 class 0x078000
[    0.263050] pci 0000:00:1e.0: reg 0x10: [mem 0x00000000-0x00000fff 64bit]
[    0.263330] pci 0000:00:1f.0: [8086:068e] type 00 class 0x060100
[    0.263573] pci 0000:00:1f.3: [8086:06c8] type 00 class 0x040380
[    0.263603] pci 0000:00:1f.3: reg 0x10: [mem 0x604b118000-0x604b11bfff 6=
4bit]
[    0.263639] pci 0000:00:1f.3: reg 0x20: [mem 0x604b000000-0x604b0fffff 6=
4bit]
[    0.263712] pci 0000:00:1f.3: PME# supported from D3hot D3cold
[    0.264110] pci 0000:00:1f.4: [8086:06a3] type 00 class 0x0c0500
[    0.264130] pci 0000:00:1f.4: reg 0x10: [mem 0x604b124000-0x604b1240ff 6=
4bit]
[    0.264152] pci 0000:00:1f.4: reg 0x20: [io  0xefa0-0xefbf]
[    0.264302] pci 0000:00:1f.5: [8086:06a4] type 00 class 0x0c8000
[    0.264315] pci 0000:00:1f.5: reg 0x10: [mem 0xfe010000-0xfe010fff]
[    0.264436] pci 0000:01:00.0: [10de:1f95] type 00 class 0x030200
[    0.264454] pci 0000:01:00.0: reg 0x10: [mem 0xb3000000-0xb3ffffff]
[    0.264468] pci 0000:01:00.0: reg 0x14: [mem 0x70000000-0x7fffffff 64bit=
 pref]
[    0.264482] pci 0000:01:00.0: reg 0x1c: [mem 0x80000000-0x81ffffff 64bit=
 pref]
[    0.264490] pci 0000:01:00.0: reg 0x24: [io  0x3000-0x307f]
[    0.264498] pci 0000:01:00.0: reg 0x30: [mem 0xfff80000-0xffffffff pref]
[    0.264574] pci 0000:01:00.0: PME# supported from D0 D3hot D3cold
[    0.264612] pci 0000:01:00.0: 63.008 Gb/s available PCIe bandwidth, limi=
ted by 8.0 GT/s PCIe x8 link at 0000:00:01.0 (capable of 126.016 Gb/s with =
8.0 GT/s PCIe x16 link)
[    0.264752] pci 0000:00:01.0: PCI bridge to [bus 01]
[    0.264754] pci 0000:00:01.0:   bridge window [io  0x3000-0x3fff]
[    0.264755] pci 0000:00:01.0:   bridge window [mem 0xb3000000-0xb3ffffff]
[    0.264757] pci 0000:00:01.0:   bridge window [mem 0x70000000-0x81ffffff=
 64bit pref]
[    0.264816] pci 0000:02:00.0: [8086:15ea] type 01 class 0x060400
[    0.264862] pci 0000:02:00.0: enabling Extended Tags
[    0.264953] pci 0000:02:00.0: supports D1 D2
[    0.264953] pci 0000:02:00.0: PME# supported from D0 D1 D2 D3hot D3cold
[    0.265130] pci 0000:00:1c.0: PCI bridge to [bus 02-6b]
[    0.265134] pci 0000:00:1c.0:   bridge window [mem 0x84000000-0xb20fffff]
[    0.265137] pci 0000:00:1c.0:   bridge window [mem 0x6000000000-0x6049ff=
ffff 64bit pref]
[    0.265202] pci 0000:03:00.0: [8086:15ea] type 01 class 0x060400
[    0.265251] pci 0000:03:00.0: enabling Extended Tags
[    0.265342] pci 0000:03:00.0: supports D1 D2
[    0.265342] pci 0000:03:00.0: PME# supported from D0 D1 D2 D3hot D3cold
[    0.265504] pci 0000:03:01.0: [8086:15ea] type 01 class 0x060400
[    0.265552] pci 0000:03:01.0: enabling Extended Tags
[    0.265645] pci 0000:03:01.0: supports D1 D2
[    0.265646] pci 0000:03:01.0: PME# supported from D0 D1 D2 D3hot D3cold
[    0.265803] pci 0000:03:02.0: [8086:15ea] type 01 class 0x060400
[    0.265851] pci 0000:03:02.0: enabling Extended Tags
[    0.265939] pci 0000:03:02.0: supports D1 D2
[    0.265940] pci 0000:03:02.0: PME# supported from D0 D1 D2 D3hot D3cold
[    0.266099] pci 0000:03:04.0: [8086:15ea] type 01 class 0x060400
[    0.266146] pci 0000:03:04.0: enabling Extended Tags
[    0.266239] pci 0000:03:04.0: supports D1 D2
[    0.266240] pci 0000:03:04.0: PME# supported from D0 D1 D2 D3hot D3cold
[    0.266393] pci 0000:02:00.0: PCI bridge to [bus 03-6b]
[    0.266400] pci 0000:02:00.0:   bridge window [mem 0x84000000-0xb1ffffff]
[    0.266405] pci 0000:02:00.0:   bridge window [mem 0x6000000000-0x6049ff=
ffff 64bit pref]
[    0.266466] pci 0000:04:00.0: [8086:15eb] type 00 class 0x088000
[    0.266481] pci 0000:04:00.0: reg 0x10: [mem 0xb1f00000-0xb1f3ffff]
[    0.266489] pci 0000:04:00.0: reg 0x14: [mem 0xb1f40000-0xb1f40fff]
[    0.266531] pci 0000:04:00.0: enabling Extended Tags
[    0.266628] pci 0000:04:00.0: supports D1 D2
[    0.266629] pci 0000:04:00.0: PME# supported from D0 D1 D2 D3hot D3cold
[    0.266802] pci 0000:03:00.0: PCI bridge to [bus 04]
[    0.266809] pci 0000:03:00.0:   bridge window [mem 0xb1f00000-0xb1ffffff]
[    0.266850] pci 0000:03:01.0: PCI bridge to [bus 05-37]
[    0.266857] pci 0000:03:01.0:   bridge window [mem 0x9b000000-0xb1efffff]
[    0.266862] pci 0000:03:01.0:   bridge window [mem 0x6025000000-0x6049ff=
ffff 64bit pref]
[    0.266930] pci 0000:38:00.0: [8086:15ec] type 00 class 0x0c0330
[    0.266950] pci 0000:38:00.0: reg 0x10: [mem 0x9af00000-0x9af0ffff]
[    0.267020] pci 0000:38:00.0: enabling Extended Tags
[    0.267132] pci 0000:38:00.0: supports D1 D2
[    0.267132] pci 0000:38:00.0: PME# supported from D0 D1 D2 D3hot D3cold
[    0.267207] pci 0000:38:00.0: 8.000 Gb/s available PCIe bandwidth, limit=
ed by 2.5 GT/s PCIe x4 link at 0000:03:02.0 (capable of 31.504 Gb/s with 8.=
0 GT/s PCIe x4 link)
[    0.267341] pci 0000:03:02.0: PCI bridge to [bus 38]
[    0.267348] pci 0000:03:02.0:   bridge window [mem 0x9af00000-0x9affffff]
[    0.267389] pci 0000:03:04.0: PCI bridge to [bus 39-6b]
[    0.267397] pci 0000:03:04.0:   bridge window [mem 0x84000000-0x9aefffff]
[    0.267402] pci 0000:03:04.0:   bridge window [mem 0x6000000000-0x6024ff=
ffff 64bit pref]
[    0.267477] pci 0000:6c:00.0: [10ec:5260] type 00 class 0xff0000
[    0.267490] pci 0000:6c:00.0: reg 0x10: [mem 0xb4100000-0xb4100fff]
[    0.267596] pci 0000:6c:00.0: supports D1 D2
[    0.267597] pci 0000:6c:00.0: PME# supported from D1 D2 D3hot D3cold
[    0.267749] pci 0000:00:1c.6: PCI bridge to [bus 6c]
[    0.267752] pci 0000:00:1c.6:   bridge window [mem 0xb4100000-0xb41fffff]
[    0.267842] pci 0000:6d:00.0: [1c5c:1639] type 00 class 0x010802
[    0.267860] pci 0000:6d:00.0: reg 0x10: [mem 0xb4000000-0xb4003fff 64bit]
[    0.267868] pci 0000:6d:00.0: reg 0x18: [mem 0xb4005000-0xb4005fff]
[    0.267875] pci 0000:6d:00.0: reg 0x1c: [mem 0xb4004000-0xb4004fff]
[    0.268114] pci 0000:00:1d.0: PCI bridge to [bus 6d]
[    0.268118] pci 0000:00:1d.0:   bridge window [mem 0xb4000000-0xb40fffff]
[    0.275804] Low-power S0 idle used by default for system suspend
[    0.279107] ACPI: EC: interrupt unblocked
[    0.279108] ACPI: EC: event unblocked
[    0.279113] ACPI: EC: EC_CMD/EC_SC=3D0x934, EC_DATA=3D0x930
[    0.279114] ACPI: EC: GPE=3D0x6e
[    0.279115] ACPI: \_SB_.PCI0.LPCB.ECDV: Boot DSDT EC initialization comp=
lete
[    0.279116] ACPI: \_SB_.PCI0.LPCB.ECDV: EC: Used to handle transactions =
and events
[    0.279166] iommu: Default domain type: Translated=20
[    0.279167] iommu: DMA domain TLB invalidation policy: lazy mode=20
[    0.279437] efivars: Registered efivars operations
[    0.279524] NetLabel: Initializing
[    0.279525] NetLabel:  domain hash size =3D 128
[    0.279526] NetLabel:  protocols =3D UNLABELED CIPSOv4 CALIPSO
[    0.279533] NetLabel:  unlabeled traffic allowed by default
[    0.279534] PCI: Using ACPI for IRQ routing
[    0.308953] PCI: pci_cache_line_size set to 64 bytes
[    0.309263] e820: reserve RAM buffer [mem 0x0009f000-0x0009ffff]
[    0.309264] e820: reserve RAM buffer [mem 0x3ae8f000-0x3bffffff]
[    0.309265] e820: reserve RAM buffer [mem 0x49555000-0x4bffffff]
[    0.309266] e820: reserve RAM buffer [mem 0x4c569018-0x4fffffff]
[    0.309267] e820: reserve RAM buffer [mem 0x4c826000-0x4fffffff]
[    0.309267] e820: reserve RAM buffer [mem 0x89b800000-0x89bffffff]
[    0.309451] pci 0000:00:02.0: vgaarb: setting as boot VGA device
[    0.309451] pci 0000:00:02.0: vgaarb: bridge control possible
[    0.309451] pci 0000:00:02.0: vgaarb: VGA device added: decodes=3Dio+mem=
,owns=3Dio+mem,locks=3Dnone
[    0.309451] vgaarb: loaded
[    0.310432] clocksource: Switched to clocksource tsc-early
[    0.310441] VFS: Disk quotas dquot_6.6.0
[    0.310441] VFS: Dquot-cache hash table entries: 512 (order 0, 4096 byte=
s)
[    0.310441] pnp: PnP ACPI init
[    0.310441] system 00:00: [mem 0x40000000-0x403fffff] could not be reser=
ved
[    0.310747] system 00:01: [io  0x1800-0x18fe] has been reserved
[    0.310750] system 00:01: [mem 0xfd000000-0xfd69ffff] has been reserved
[    0.310752] system 00:01: [mem 0xfd6c0000-0xfd6cffff] has been reserved
[    0.310753] system 00:01: [mem 0xfd6f0000-0xfdffffff] has been reserved
[    0.310754] system 00:01: [mem 0xfe000000-0xfe01ffff] could not be reser=
ved
[    0.310755] system 00:01: [mem 0xfe200000-0xfe7fffff] has been reserved
[    0.310756] system 00:01: [mem 0xff000000-0xffffffff] has been reserved
[    0.310945] system 00:02: [io  0x2000-0x20fe] has been reserved
[    0.311033] system 00:03: [io  0x0680-0x069f] has been reserved
[    0.311034] system 00:03: [io  0x164e-0x164f] has been reserved
[    0.311104] system 00:05: [io  0x1854-0x1857] has been reserved
[    0.311907] system 00:08: [mem 0xfed10000-0xfed17fff] has been reserved
[    0.311909] system 00:08: [mem 0xfed18000-0xfed18fff] has been reserved
[    0.311910] system 00:08: [mem 0xfed19000-0xfed19fff] has been reserved
[    0.311911] system 00:08: [mem 0xe0000000-0xefffffff] has been reserved
[    0.311912] system 00:08: [mem 0xfed20000-0xfed3ffff] has been reserved
[    0.311913] system 00:08: [mem 0xfed90000-0xfed93fff] could not be reser=
ved
[    0.311914] system 00:08: [mem 0xfed45000-0xfed8ffff] has been reserved
[    0.311915] system 00:08: [mem 0xfee00000-0xfeefffff] has been reserved
[    0.312144] system 00:09: [mem 0xfe038000-0xfe038fff] has been reserved
[    0.314563] pnp: PnP ACPI: found 10 devices
[    0.320042] clocksource: acpi_pm: mask: 0xffffff max_cycles: 0xffffff, m=
ax_idle_ns: 2085701024 ns
[    0.320075] NET: Registered PF_INET protocol family
[    0.320177] IP idents hash table entries: 262144 (order: 9, 2097152 byte=
s, linear)
[    0.321927] tcp_listen_portaddr_hash hash table entries: 16384 (order: 6=
, 262144 bytes, linear)
[    0.321944] Table-perturb hash table entries: 65536 (order: 6, 262144 by=
tes, linear)
[    0.321952] TCP established hash table entries: 262144 (order: 9, 209715=
2 bytes, linear)
[    0.322095] TCP bind hash table entries: 65536 (order: 9, 2097152 bytes,=
 linear)
[    0.322288] TCP: Hash tables configured (established 262144 bind 65536)
[    0.322367] MPTCP token hash table entries: 32768 (order: 7, 786432 byte=
s, linear)
[    0.322402] UDP hash table entries: 16384 (order: 7, 524288 bytes, linea=
r)
[    0.322440] UDP-Lite hash table entries: 16384 (order: 7, 524288 bytes, =
linear)
[    0.322501] NET: Registered PF_UNIX/PF_LOCAL protocol family
[    0.322505] NET: Registered PF_XDP protocol family
[    0.322507] pci 0000:01:00.0: can't claim BAR 6 [mem 0xfff80000-0xffffff=
ff pref]: no compatible bridge window
[    0.322511] pci 0000:03:01.0: bridge window [io  0x1000-0x0fff] to [bus =
05-37] add_size 1000
[    0.322513] pci 0000:03:04.0: bridge window [io  0x1000-0x0fff] to [bus =
39-6b] add_size 1000
[    0.322514] pci 0000:02:00.0: bridge window [io  0x1000-0x0fff] to [bus =
03-6b] add_size 2000
[    0.322515] pci 0000:00:1c.0: bridge window [io  0x1000-0x0fff] to [bus =
02-6b] add_size 3000
[    0.322521] pci 0000:00:15.0: BAR 0: assigned [mem 0x4010000000-0x401000=
0fff 64bit]
[    0.322564] pci 0000:00:15.1: BAR 0: assigned [mem 0x4010001000-0x401000=
1fff 64bit]
[    0.322608] pci 0000:00:1c.0: BAR 13: assigned [io  0x5000-0x7fff]
[    0.322610] pci 0000:00:1e.0: BAR 0: assigned [mem 0x4010002000-0x401000=
2fff 64bit]
[    0.322655] pci 0000:01:00.0: BAR 6: no space for [mem size 0x00080000 p=
ref]
[    0.322657] pci 0000:01:00.0: BAR 6: failed to assign [mem size 0x000800=
00 pref]
[    0.322658] pci 0000:00:01.0: PCI bridge to [bus 01]
[    0.322661] pci 0000:00:01.0:   bridge window [io  0x3000-0x3fff]
[    0.322662] pci 0000:00:01.0:   bridge window [mem 0xb3000000-0xb3ffffff]
[    0.322664] pci 0000:00:01.0:   bridge window [mem 0x70000000-0x81ffffff=
 64bit pref]
[    0.322667] pci 0000:02:00.0: BAR 13: assigned [io  0x5000-0x6fff]
[    0.322668] pci 0000:03:01.0: BAR 13: assigned [io  0x5000-0x5fff]
[    0.322669] pci 0000:03:04.0: BAR 13: assigned [io  0x6000-0x6fff]
[    0.322670] pci 0000:03:00.0: PCI bridge to [bus 04]
[    0.322677] pci 0000:03:00.0:   bridge window [mem 0xb1f00000-0xb1ffffff]
[    0.322684] pci 0000:03:01.0: PCI bridge to [bus 05-37]
[    0.322686] pci 0000:03:01.0:   bridge window [io  0x5000-0x5fff]
[    0.322690] pci 0000:03:01.0:   bridge window [mem 0x9b000000-0xb1efffff]
[    0.322693] pci 0000:03:01.0:   bridge window [mem 0x6025000000-0x6049ff=
ffff 64bit pref]
[    0.322698] pci 0000:03:02.0: PCI bridge to [bus 38]
[    0.322702] pci 0000:03:02.0:   bridge window [mem 0x9af00000-0x9affffff]
[    0.322709] pci 0000:03:04.0: PCI bridge to [bus 39-6b]
[    0.322711] pci 0000:03:04.0:   bridge window [io  0x6000-0x6fff]
[    0.322714] pci 0000:03:04.0:   bridge window [mem 0x84000000-0x9aefffff]
[    0.322717] pci 0000:03:04.0:   bridge window [mem 0x6000000000-0x6024ff=
ffff 64bit pref]
[    0.322722] pci 0000:02:00.0: PCI bridge to [bus 03-6b]
[    0.322724] pci 0000:02:00.0:   bridge window [io  0x5000-0x6fff]
[    0.322727] pci 0000:02:00.0:   bridge window [mem 0x84000000-0xb1ffffff]
[    0.322730] pci 0000:02:00.0:   bridge window [mem 0x6000000000-0x6049ff=
ffff 64bit pref]
[    0.322735] pci 0000:00:1c.0: PCI bridge to [bus 02-6b]
[    0.322736] pci 0000:00:1c.0:   bridge window [io  0x5000-0x7fff]
[    0.322739] pci 0000:00:1c.0:   bridge window [mem 0x84000000-0xb20fffff]
[    0.322741] pci 0000:00:1c.0:   bridge window [mem 0x6000000000-0x6049ff=
ffff 64bit pref]
[    0.322744] pci 0000:00:1c.6: PCI bridge to [bus 6c]
[    0.322746] pci 0000:00:1c.6:   bridge window [mem 0xb4100000-0xb41fffff]
[    0.322751] pci 0000:00:1d.0: PCI bridge to [bus 6d]
[    0.322753] pci 0000:00:1d.0:   bridge window [mem 0xb4000000-0xb40fffff]
[    0.322760] pci_bus 0000:00: resource 4 [io  0x0000-0x0cf7 window]
[    0.322761] pci_bus 0000:00: resource 5 [io  0x0d00-0xffff window]
[    0.322762] pci_bus 0000:00: resource 6 [mem 0x000a0000-0x000fffff windo=
w]
[    0.322763] pci_bus 0000:00: resource 7 [mem 0x60800000-0xdfffffff windo=
w]
[    0.322764] pci_bus 0000:00: resource 8 [mem 0x4000000000-0x7fffffffff w=
indow]
[    0.322764] pci_bus 0000:00: resource 9 [mem 0xfc800000-0xfe7fffff windo=
w]
[    0.322765] pci_bus 0000:01: resource 0 [io  0x3000-0x3fff]
[    0.322766] pci_bus 0000:01: resource 1 [mem 0xb3000000-0xb3ffffff]
[    0.322767] pci_bus 0000:01: resource 2 [mem 0x70000000-0x81ffffff 64bit=
 pref]
[    0.322768] pci_bus 0000:02: resource 0 [io  0x5000-0x7fff]
[    0.322768] pci_bus 0000:02: resource 1 [mem 0x84000000-0xb20fffff]
[    0.322769] pci_bus 0000:02: resource 2 [mem 0x6000000000-0x6049ffffff 6=
4bit pref]
[    0.322770] pci_bus 0000:03: resource 0 [io  0x5000-0x6fff]
[    0.322771] pci_bus 0000:03: resource 1 [mem 0x84000000-0xb1ffffff]
[    0.322771] pci_bus 0000:03: resource 2 [mem 0x6000000000-0x6049ffffff 6=
4bit pref]
[    0.322772] pci_bus 0000:04: resource 1 [mem 0xb1f00000-0xb1ffffff]
[    0.322773] pci_bus 0000:05: resource 0 [io  0x5000-0x5fff]
[    0.322774] pci_bus 0000:05: resource 1 [mem 0x9b000000-0xb1efffff]
[    0.322775] pci_bus 0000:05: resource 2 [mem 0x6025000000-0x6049ffffff 6=
4bit pref]
[    0.322776] pci_bus 0000:38: resource 1 [mem 0x9af00000-0x9affffff]
[    0.322776] pci_bus 0000:39: resource 0 [io  0x6000-0x6fff]
[    0.322777] pci_bus 0000:39: resource 1 [mem 0x84000000-0x9aefffff]
[    0.322778] pci_bus 0000:39: resource 2 [mem 0x6000000000-0x6024ffffff 6=
4bit pref]
[    0.322779] pci_bus 0000:6c: resource 1 [mem 0xb4100000-0xb41fffff]
[    0.322780] pci_bus 0000:6d: resource 1 [mem 0xb4000000-0xb40fffff]
[    0.323476] PCI: CLS 0 bytes, default 64
[    0.323492] PCI-DMA: Using software bounce buffering for IO (SWIOTLB)
[    0.323493] software IO TLB: mapped [mem 0x0000000045555000-0x0000000049=
555000] (64MB)
[    0.323511] Unpacking initramfs...
[    0.323524] sgx: EPC section 0x50200000-0x55ffffff
[    0.323958] Initialise system trusted keyrings
[    0.323976] workingset: timestamp_bits=3D40 max_order=3D23 bucket_order=
=3D0
[    0.323984] zbud: loaded
[    0.324147] Key type asymmetric registered
[    0.324148] Asymmetric key parser 'x509' registered
[    0.324154] Block layer SCSI generic (bsg) driver version 0.4 loaded (ma=
jor 251)
[    0.324174] io scheduler mq-deadline registered
[    0.324175] io scheduler kyber registered
[    0.324343] pcieport 0000:00:01.0: PME: Signaling with IRQ 122
[    0.324414] pcieport 0000:00:1c.0: PME: Signaling with IRQ 123
[    0.324428] pcieport 0000:00:1c.0: pciehp: Slot #0 AttnBtn- PwrCtrl- MRL=
- AttnInd- PwrInd- HotPlug+ Surprise+ Interlock- NoCompl+ IbPresDis- LLActR=
ep+
[    0.324624] pcieport 0000:00:1c.6: PME: Signaling with IRQ 124
[    0.324770] pcieport 0000:00:1d.0: PME: Signaling with IRQ 125
[    0.325171] pcieport 0000:03:01.0: pciehp: Slot #1 AttnBtn- PwrCtrl- MRL=
- AttnInd- PwrInd- HotPlug+ Surprise+ Interlock- NoCompl+ IbPresDis- LLActR=
ep+
[    0.325511] pcieport 0000:03:04.0: pciehp: Slot #4 AttnBtn- PwrCtrl- MRL=
- AttnInd- PwrInd- HotPlug+ Surprise+ Interlock- NoCompl+ IbPresDis- LLActR=
ep+
[    0.325762] Monitor-Mwait will be used to enter C-1 state
[    0.325768] Monitor-Mwait will be used to enter C-2 state
[    0.325773] Monitor-Mwait will be used to enter C-3 state
[    0.325776] ACPI: \_SB_.PR00: Found 3 idle states
[    0.340800] Serial: 8250/16550 driver, 4 ports, IRQ sharing enabled
[    0.341131] hpet_acpi_add: no address or irqs in _CRS
[    0.342364] intel_pstate: Intel P-state driver initializing
[    0.342934] intel_pstate: HWP enabled
[    0.342947] efifb: probing for efifb
[    0.342958] efifb: Ignoring BGRT: unexpected or invalid BMP data
[    0.342959] efifb: framebuffer at 0x4000000000, using 36000k, total 3600=
0k
[    0.342960] efifb: mode is 3840x2400x32, linelength=3D15360, pages=3D1
[    0.342961] efifb: scrolling: redraw
[    0.342961] efifb: Truecolor: size=3D8:8:8:8, shift=3D24:16:8:0
[    0.342987] fbcon: Deferring console take-over
[    0.342988] fb0: EFI VGA frame buffer device
[    0.343057] drop_monitor: Initializing network drop monitor service
[    0.343106] NET: Registered PF_INET6 protocol family
[    0.360230] Freeing initrd memory: 17388K
[    0.361004] Segment Routing with IPv6
[    0.361032] In-situ OAM (IOAM) with IPv6
[    0.361897] microcode: Microcode Update Driver: v2.2.
[    0.361901] IPI shorthand broadcast: enabled
[    0.362516] sched_clock: Marking stable (356000966, 6444129)->(381388304=
, -18943209)
[    0.362670] registered taskstats version 1
[    0.362708] Loading compiled-in X.509 certificates
[    0.363726] Key type .fscrypt registered
[    0.363727] Key type fscrypt-provisioning registered
[    0.363945] clk: Disabling unused clocks
[    0.364606] Freeing unused kernel image (initmem) memory: 2808K
[    0.372567] Write protecting the kernel read-only data: 20480k
[    0.373102] Freeing unused kernel image (rodata/data gap) memory: 1620K
[    0.373107] Run /init as init process
[    0.373107]   with arguments:
[    0.373108]     /init
[    0.373108]   with environment:
[    0.373109]     HOME=3D/
[    0.373109]     TERM=3Dlinux
[    0.374822] fbcon: Taking over console
[    0.374869] Console: switching to colour frame buffer device 480x150
[    0.393915] stage-1-init: [Sun Jul  2 05:50:05 UTC 2023] loading module =
dm_mod...
[    0.400028] device-mapper: ioctl: 4.48.0-ioctl (2023-03-01) initialised:=
 dm-devel@redhat.com
[    0.400701] stage-1-init: [Sun Jul  2 05:50:05 UTC 2023] running udev...
[    0.407120] stage-1-init: [Sun Jul  2 05:50:05 UTC 2023] Starting versio=
n 251.16
[    0.452344] rtc_cmos 00:04: RTC can wake from S4
[    0.453441] rtc_cmos 00:04: registered as rtc0
[    0.453476] rtc_cmos 00:04: alarms up to one month, y3k, 242 bytes nvram
[    0.453868] i8042: PNP: PS/2 Controller [PNP0303:PS2K,PNP0f13:PS2M] at 0=
x60,0x64 irq 1,12
[    0.454247] i8042: Warning: Keylock active
[    0.456699] serio: i8042 KBD port at 0x60,0x64 irq 1
[    0.456712] serio: i8042 AUX port at 0x60,0x64 irq 12
[    0.469302] ACPI: bus type USB registered
[    0.469329] usbcore: registered new interface driver usbfs
[    0.469335] usbcore: registered new interface driver hub
[    0.469343] usbcore: registered new device driver usb
[    0.472318] nvme 0000:6d:00.0: platform quirk: setting simple suspend
[    0.472370] nvme nvme0: pci function 0000:6d:00.0
[    0.472657] input: AT Translated Set 2 keyboard as /devices/platform/i80=
42/serio0/input/input0
[    0.579708] nvme nvme0: missing or invalid SUBNQN field.
[    0.723639] nvme nvme0: 12/0/0 default/read/poll queues
[    0.728939]  nvme0n1: p1 p2 p3 p4 p5 p6 p7
[    0.731201] xhci_hcd 0000:00:14.0: xHCI Host Controller
[    0.731211] xhci_hcd 0000:00:14.0: new USB bus registered, assigned bus =
number 1
[    0.732277] xhci_hcd 0000:00:14.0: hcc params 0x200077c1 hci version 0x1=
10 quirks 0x0000000000009810
[    0.732503] xhci_hcd 0000:00:14.0: xHCI Host Controller
[    0.732505] xhci_hcd 0000:00:14.0: new USB bus registered, assigned bus =
number 2
[    0.732506] xhci_hcd 0000:00:14.0: Host supports USB 3.1 Enhanced SuperS=
peed
[    0.732544] usb usb1: New USB device found, idVendor=3D1d6b, idProduct=
=3D0002, bcdDevice=3D 6.04
[    0.732545] usb usb1: New USB device strings: Mfr=3D3, Product=3D2, Seri=
alNumber=3D1
[    0.732546] usb usb1: Product: xHCI Host Controller
[    0.732547] usb usb1: Manufacturer: Linux 6.4.0 xhci-hcd
[    0.732547] usb usb1: SerialNumber: 0000:00:14.0
[    0.732671] hub 1-0:1.0: USB hub found
[    0.732685] hub 1-0:1.0: 16 ports detected
[    0.733635] usb usb2: New USB device found, idVendor=3D1d6b, idProduct=
=3D0003, bcdDevice=3D 6.04
[    0.733637] usb usb2: New USB device strings: Mfr=3D3, Product=3D2, Seri=
alNumber=3D1
[    0.733638] usb usb2: Product: xHCI Host Controller
[    0.733639] usb usb2: Manufacturer: Linux 6.4.0 xhci-hcd
[    0.733639] usb usb2: SerialNumber: 0000:00:14.0
[    0.733690] hub 2-0:1.0: USB hub found
[    0.733702] hub 2-0:1.0: 10 ports detected
[    0.733884] usb: port power management may be unreliable
[    0.734375] xhci_hcd 0000:38:00.0: xHCI Host Controller
[    0.734377] xhci_hcd 0000:38:00.0: new USB bus registered, assigned bus =
number 3
[    0.735548] xhci_hcd 0000:38:00.0: hcc params 0x200077c1 hci version 0x1=
10 quirks 0x0000000200009810
[    0.735764] xhci_hcd 0000:38:00.0: xHCI Host Controller
[    0.735765] xhci_hcd 0000:38:00.0: new USB bus registered, assigned bus =
number 4
[    0.735766] xhci_hcd 0000:38:00.0: Host supports USB 3.1 Enhanced SuperS=
peed
[    0.735806] usb usb3: New USB device found, idVendor=3D1d6b, idProduct=
=3D0002, bcdDevice=3D 6.04
[    0.735808] usb usb3: New USB device strings: Mfr=3D3, Product=3D2, Seri=
alNumber=3D1
[    0.735809] usb usb3: Product: xHCI Host Controller
[    0.735809] usb usb3: Manufacturer: Linux 6.4.0 xhci-hcd
[    0.735810] usb usb3: SerialNumber: 0000:38:00.0
[    0.735895] hub 3-0:1.0: USB hub found
[    0.735906] hub 3-0:1.0: 2 ports detected
[    0.736110] usb usb4: New USB device found, idVendor=3D1d6b, idProduct=
=3D0003, bcdDevice=3D 6.04
[    0.736112] usb usb4: New USB device strings: Mfr=3D3, Product=3D2, Seri=
alNumber=3D1
[    0.736112] usb usb4: Product: xHCI Host Controller
[    0.736113] usb usb4: Manufacturer: Linux 6.4.0 xhci-hcd
[    0.736114] usb usb4: SerialNumber: 0000:38:00.0
[    0.736164] hub 4-0:1.0: USB hub found
[    0.736174] hub 4-0:1.0: 2 ports detected
[    0.855342] stage-1-init: [Sun Jul  2 05:50:05 UTC 2023] starting device=
 mapper and LVM...
[    0.886979] stage-1-init: [Sun Jul  2 05:50:05 UTC 2023] failed to resum=
e...
[    0.895733] stage-1-init: [Sun Jul  2 05:50:05 UTC 2023] checking /dev/d=
isk/by-uuid/65836401-c468-4091-8879-de0c759aab27...
[    0.896228] stage-1-init: [Sun Jul  2 05:50:05 UTC 2023] fsck (busybox 1=
.35.0)
[    0.896794] stage-1-init: [Sun Jul  2 05:50:05 UTC 2023] [fsck.ext4 (1) =
-- /mnt-root/] fsck.ext4 -a /dev/disk/by-uuid/65836401-c468-4091-8879-de0c7=
59aab27
[    0.899359] stage-1-init: [Sun Jul  2 05:50:05 UTC 2023] /dev/disk/by-uu=
id/65836401-c468-4091-8879-de0c759aab27: clean, 6148338/32006144 files, 107=
133408/128000000 blocks
[    0.900352] stage-1-init: [Sun Jul  2 05:50:05 UTC 2023] mounting /dev/d=
isk/by-uuid/65836401-c468-4091-8879-de0c759aab27 on /...
[    0.950214] EXT4-fs (nvme0n1p7): mounted filesystem 65836401-c468-4091-8=
879-de0c759aab27 r/w with ordered data mode. Quota mode: none.
[    0.976501] usb 1-10: new full-speed USB device number 2 using xhci_hcd
[    1.059199] EXT4-fs (nvme0n1p7): re-mounted 65836401-c468-4091-8879-de0c=
759aab27 r/w. Quota mode: none.
[    1.059350] booting system configuration /nix/store/9q5yllrjcbas13g2cb4w=
jcmwdapdg890-nixos-system-athena-22.11.20230701.dirty
[    1.075278] stage-2-init: running activation script...
[    1.105414] usb 1-10: New USB device found, idVendor=3D27c6, idProduct=
=3D533c, bcdDevice=3D 1.00
[    1.105417] usb 1-10: New USB device strings: Mfr=3D1, Product=3D2, Seri=
alNumber=3D0
[    1.105418] usb 1-10: Product: FingerPrint
[    1.105419] usb 1-10: Manufacturer: Goodix
[    1.181097] stage-2-init: setting up /etc...
[    1.216749] stage-2-init: removing obsolete symlink =E2=80=98/etc/egl/eg=
l_external_platform.d=E2=80=99...
[    1.217938] stage-2-init: removing obsolete symlink =E2=80=98/etc/blueto=
oth/network.conf=E2=80=99...
[    1.218026] stage-2-init: removing obsolete symlink =E2=80=98/etc/blueto=
oth/input.conf=E2=80=99...
[    1.219485] usb 1-11: new high-speed USB device number 3 using xhci_hcd
[    1.225553] stage-2-init: removing obsolete symlink =E2=80=98/etc/nvidia=
/nvidia-application-profiles-rc=E2=80=99...
[    1.240063] stage-2-init: removing obsolete symlink =E2=80=98/etc/system=
d/network/40-vboxnet0.link=E2=80=99...
[    1.359452] tsc: Refined TSC clocksource calibration: 2591.999 MHz
[    1.359480] clocksource: tsc: mask: 0xffffffffffffffff max_cycles: 0x255=
cb5c6a11, max_idle_ns: 440795249002 ns
[    1.359541] clocksource: Switched to clocksource tsc
[    1.360193] usb 1-11: New USB device found, idVendor=3D0c45, idProduct=
=3D6d14, bcdDevice=3D92.67
[    1.360195] usb 1-11: New USB device strings: Mfr=3D2, Product=3D1, Seri=
alNumber=3D0
[    1.360196] usb 1-11: Product: Integrated_Webcam_HD
[    1.360197] usb 1-11: Manufacturer: Sonix Technology Co., Ltd.
[    1.428080] systemd[1]: Inserted module 'autofs4'
[    1.475607] usb 1-14: new full-speed USB device number 4 using xhci_hcd
[    1.499893] systemd[1]: systemd 251.16 running in system mode (+PAM +AUD=
IT -SELINUX +APPARMOR +IMA +SMACK +SECCOMP +GCRYPT -GNUTLS +OPENSSL +ACL +B=
LKID +CURL +ELFUTILS +FIDO2 +IDN2 -IDN +IPTC +KMOD +LIBCRYPTSETUP +LIBFDISK=
 +PCRE2 -PWQUALITY -P11KIT -QRENCODE +TPM2 +BZIP2 +LZ4 +XZ +ZLIB +ZSTD +BPF=
_FRAMEWORK -XKBCOMMON +UTMP -SYSVINIT default-hierarchy=3Dunified)
[    1.499896] systemd[1]: Detected architecture x86-64.
[    1.537068] systemd[1]: bpf-lsm: Failed to load BPF object: No such proc=
ess
[    1.550840] block nvme0n1: the capability attribute has been deprecated.
[    1.603264] usb 1-14: New USB device found, idVendor=3D8087, idProduct=
=3D0026, bcdDevice=3D 0.02
[    1.603266] usb 1-14: New USB device strings: Mfr=3D0, Product=3D0, Seri=
alNumber=3D0
[    1.665662] systemd[1]: /etc/systemd/system/cups.socket:6: ListenStream=
=3D references a path below legacy directory /var/run/, updating /var/run/c=
ups/cups.sock =E2=86=92 /run/cups/cups.sock; please update the unit file ac=
cordingly.
[    1.669870] systemd[1]: plymouth-quit.service: Service has no ExecStart=
=3D, ExecStop=3D, or SuccessAction=3D. Refusing.
[    1.671220] systemd[1]: Queued start job for default target Graphical In=
terface.
[    1.682209] systemd[1]: Created slice Virtual Machine and Container Slic=
e.
[    1.682649] systemd[1]: Created slice Slice /system/getty.
[    1.682895] systemd[1]: Created slice Slice /system/modprobe.
[    1.683129] systemd[1]: Created slice Slice /system/systemd-fsck.
[    1.683361] systemd[1]: Created slice User and Session Slice.
[    1.683422] systemd[1]: Started Dispatch Password Requests to Console Di=
rectory Watch.
[    1.683476] systemd[1]: Started Forward Password Requests to Wall Direct=
ory Watch.
[    1.683526] systemd[1]: Reached target Local Encrypted Volumes.
[    1.683561] systemd[1]: Reached target Containers.
[    1.683598] systemd[1]: Reached target Path Units.
[    1.683631] systemd[1]: Reached target Slice Units.
[    1.685898] systemd[1]: Listening on RPCbind Server Activation Socket.
[    1.685947] systemd[1]: Reached target RPC Port Mapper.
[    1.686691] systemd[1]: Listening on Process Core Dump Socket.
[    1.686805] systemd[1]: Listening on Journal Audit Socket.
[    1.686889] systemd[1]: Listening on Journal Socket (/dev/log).
[    1.686979] systemd[1]: Listening on Journal Socket.
[    1.687058] systemd[1]: Listening on Userspace Out-Of-Memory (OOM) Kille=
r Socket.
[    1.687469] systemd[1]: Listening on udev Control Socket.
[    1.687606] systemd[1]: Listening on udev Kernel Socket.
[    1.688155] systemd[1]: Mounting Huge Pages File System...
[    1.688776] systemd[1]: Mounting POSIX Message Queue File System...
[    1.689302] systemd[1]: Mounting NFSD configuration filesystem...
[    1.689963] systemd[1]: Mounting Kernel Debug File System...
[    1.690047] systemd[1]: Kernel Module supporting RPCSEC_GSS was skipped =
because of a failed condition check (ConditionPathExists=3D/etc/krb5.keytab=
).
[    1.690817] systemd[1]: Starting Create List of Static Device Nodes...
[    1.691401] systemd[1]: Starting Initialisation of swap device /swapfile=
...
[    1.692063] systemd[1]: Starting Load Kernel Module configfs...
[    1.692705] systemd[1]: Starting Load Kernel Module drm...
[    1.693336] systemd[1]: Starting Load Kernel Module fuse...
[    1.693903] systemd[1]: Starting mount-pstore.service...
[    1.693999] systemd[1]: File System Check on Root Device was skipped bec=
ause of a failed condition check (ConditionPathIsReadWrite=3D!/).
[    1.694818] systemd[1]: Starting Journal Service...
[    1.695853] systemd[1]: Starting Load Kernel Modules...
[    1.696784] systemd[1]: Starting Remount Root and Kernel File Systems...
[    1.697686] systemd[1]: Starting Coldplug All udev Devices...
[    1.699417] systemd[1]: Mounted Huge Pages File System.
[    1.699549] systemd[1]: Mounted POSIX Message Queue File System.
[    1.699661] systemd[1]: Mounted Kernel Debug File System.
[    1.699866] systemd[1]: Finished Create List of Static Device Nodes.
[    1.700165] systemd[1]: mkswap-swapfile.service: Deactivated successfull=
y.
[    1.700281] systemd[1]: Finished Initialisation of swap device /swapfile.
[    1.700540] systemd[1]: modprobe@configfs.service: Deactivated successfu=
lly.
[    1.700681] systemd[1]: Finished Load Kernel Module configfs.
[    1.700731] fuse: init (API version 7.38)
[    1.701529] systemd[1]: modprobe@fuse.service: Deactivated successfully.
[    1.701654] systemd[1]: Finished Load Kernel Module fuse.
[    1.702682] systemd[1]: Mounting FUSE Control File System...
[    1.703241] EXT4-fs (nvme0n1p7): re-mounted 65836401-c468-4091-8879-de0c=
759aab27 r/w. Quota mode: none.
[    1.703738] systemd[1]: Mounting Kernel Configuration File System...
[    1.704716] systemd[1]: Starting Create Static Device Nodes in /dev...
[    1.706099] systemd[1]: Finished Remount Root and Kernel File Systems.
[    1.706276] systemd[1]: Mounted FUSE Control File System.
[    1.706387] systemd[1]: Mounted Kernel Configuration File System.
[    1.707309] systemd[1]: Activating swap /swapfile...
[    1.708232] systemd[1]: Starting Load/Save Random Seed...
[    1.712180] systemd[1]: Finished Create Static Device Nodes in /dev.
[    1.712286] audit: type=3D1130 audit(1688277006.599:2): pid=3D1 uid=3D0 =
auid=3D4294967295 ses=3D4294967295 subj=3Dkernel msg=3D'unit=3Dsystemd-tmpf=
iles-setup-dev comm=3D"systemd" exe=3D"/nix/store/13vzx8g3ldkga0hl21706a9pi=
w95dzng-systemd-251.16/lib/systemd/systemd" hostname=3D? addr=3D? terminal=
=3D? res=3Dsuccess'
[    1.712355] systemd[1]: Reached target Preparation for Local File System=
s.
[    1.713159] Adding 33554428k swap on /swapfile.  Priority:-2 extents:382=
 across:511803392k SSFS
[    1.713454] systemd[1]: Set up automount mnt-heracles.automount.
[    1.713582] systemd[1]: Set up automount Debug Symbols File System.
[    1.713998] audit: type=3D1334 audit(1688277006.601:3): prog-id=3D78 op=
=3DLOAD
[    1.714029] audit: type=3D1334 audit(1688277006.601:4): prog-id=3D79 op=
=3DLOAD
[    1.714558] systemd[1]: Starting Rule-based Manager for Device Events an=
d Files...
[    1.714666] systemd[1]: Activated swap /swapfile.
[    1.715613] systemd[1]: Finished Load/Save Random Seed.
[    1.715688] audit: type=3D1130 audit(1688277006.603:5): pid=3D1 uid=3D0 =
auid=3D4294967295 ses=3D4294967295 subj=3Dkernel msg=3D'unit=3Dsystemd-rand=
om-seed comm=3D"systemd" exe=3D"/nix/store/13vzx8g3ldkga0hl21706a9piw95dzng=
-systemd-251.16/lib/systemd/systemd" hostname=3D? addr=3D? terminal=3D? res=
=3Dsuccess'
[    1.715786] systemd[1]: Reached target Swaps.
[    1.725766] RPC: Registered named UNIX socket transport module.
[    1.725768] RPC: Registered udp transport module.
[    1.725768] RPC: Registered tcp transport module.
[    1.725769] RPC: Registered tcp NFSv4.1 backchannel transport module.
[    1.727606] ACPI: bus type drm_connector registered
[    1.728113] systemd[1]: modprobe@drm.service: Deactivated successfully.
[    1.728258] systemd[1]: Finished Load Kernel Module drm.
[    1.728336] audit: type=3D1130 audit(1688277006.615:6): pid=3D1 uid=3D0 =
auid=3D4294967295 ses=3D4294967295 subj=3Dkernel msg=3D'unit=3Dmodprobe@drm=
 comm=3D"systemd" exe=3D"/nix/store/13vzx8g3ldkga0hl21706a9piw95dzng-system=
d-251.16/lib/systemd/systemd" hostname=3D? addr=3D? terminal=3D? res=3Dsucc=
ess'
[    1.728343] audit: type=3D1131 audit(1688277006.615:7): pid=3D1 uid=3D0 =
auid=3D4294967295 ses=3D4294967295 subj=3Dkernel msg=3D'unit=3Dmodprobe@drm=
 comm=3D"systemd" exe=3D"/nix/store/13vzx8g3ldkga0hl21706a9piw95dzng-system=
d-251.16/lib/systemd/systemd" hostname=3D? addr=3D? terminal=3D? res=3Dsucc=
ess'
[    1.735613] systemd[1]: Started Journal Service.
[    1.735720] audit: type=3D1130 audit(1688277006.623:8): pid=3D1 uid=3D0 =
auid=3D4294967295 ses=3D4294967295 subj=3Dkernel msg=3D'unit=3Dsystemd-jour=
nald comm=3D"systemd" exe=3D"/nix/store/13vzx8g3ldkga0hl21706a9piw95dzng-sy=
stemd-251.16/lib/systemd/systemd" hostname=3D? addr=3D? terminal=3D? res=3D=
success'
[    1.736190] audit: type=3D1334 audit(1688277006.623:9): prog-id=3D80 op=
=3DLOAD
[    1.736231] audit: type=3D1334 audit(1688277006.623:10): prog-id=3D81 op=
=3DLOAD
[    1.740588] systemd-journald[627]: Received client request to flush runt=
ime journal.
[    1.741305] systemd-journald[627]: File /var/log/journal/db70a9ba05a34ea=
885e2a138a113f18d/system.journal corrupted or uncleanly shut down, renaming=
 and replacing.
[    1.789712] ACPI: AC: AC Adapter [AC] (on-line)
[    1.790068] input: Intel HID events as /devices/platform/INT33D5:00/inpu=
t/input2
[    1.790142] intel-hid INT33D5:00: platform supports 5 button array
[    1.790174] input: Intel HID 5 button array as /devices/platform/INT33D5=
:00/input/input3
[    1.791034] intel_pmc_core INT33A1:00:  initialized
[    1.791268] Consider using thermal netlink events interface
[    1.798346] wmi_bus wmi_bus-PNP0C14:03: WQBC data block query control me=
thod not found
[    1.819119] tun: Universal TUN/TAP device driver, 1.6
[    1.819277] input: Lid Switch as /devices/LNXSYSTM:00/LNXSYBUS:00/PNP0C0=
D:00/input/input4
[    1.823466] hid: raw HID events driver (C) Jiri Kosina
[    1.823989] intel_pch_thermal 0000:00:12.0: enabling device (0000 -> 000=
2)
[    1.824637] ACPI: button: Lid Switch [LID0]
[    1.825268] input: Power Button as /devices/LNXSYSTM:00/LNXSYBUS:00/PNP0=
C0C:00/input/input5
[    1.826867] ACPI: button: Power Button [PBTN]
[    1.827198] serial 0000:00:13.0: enabling device (0000 -> 0002)
[    1.827391] loop: module loaded
[    1.829118] Linux agpgart interface v0.103
[    1.833555] rtsx_pci 0000:6c:00.0: enabling device (0000 -> 0002)
[    1.857772] ACPI: battery: Slot [BAT0] (battery present)
[    1.862832] mei_me 0000:00:16.0: enabling device (0000 -> 0002)
[    1.865455] i801_smbus 0000:00:1f.4: enabling device (0000 -> 0003)
[    1.865578] i801_smbus 0000:00:1f.4: SPD Write Disable is set
[    1.865627] i801_smbus 0000:00:1f.4: SMBus using PCI interrupt
[    1.879540] intel-lpss 0000:00:15.0: enabling device (0000 -> 0002)
[    1.883990] idma64 idma64.0: Found Intel integrated DMA 64-bit
[    1.896555] intel-lpss 0000:00:15.1: enabling device (0000 -> 0002)
[    1.900404] idma64 idma64.1: Found Intel integrated DMA 64-bit
[    1.904134] pstore: Registered efi_pstore as persistent store backend
[    1.908232] i2c i2c-0: 2/2 memory slots populated (from DMI)
[    1.908654] i2c i2c-0: Successfully instantiated SPD at 0x50
[    1.913458] intel-lpss 0000:00:1e.0: enabling device (0000 -> 0002)
[    1.921276] tpm_tis STM0125:00: 2.0 TPM (device-id 0x0, rev-id 78)
[    1.929274] idma64 idma64.2: Found Intel integrated DMA 64-bit
[    1.947587] cfg80211: Loading compiled-in X.509 certificates for regulat=
ory database
[    1.950803] Loaded X.509 cert 'sforshee: 00b28ddf47aef9cea7'
[    1.955178] proc_thermal 0000:00:04.0: enabling device (0000 -> 0002)
[    1.985632] RAPL PMU: API unit is 2^-32 Joules, 5 fixed counters, 655360=
 ms ovfl timer
[    1.985635] RAPL PMU: hw unit of domain pp0-core 2^-14 Joules
[    1.985636] RAPL PMU: hw unit of domain package 2^-14 Joules
[    1.985638] RAPL PMU: hw unit of domain dram 2^-14 Joules
[    1.985638] RAPL PMU: hw unit of domain pp1-gpu 2^-14 Joules
[    1.985639] RAPL PMU: hw unit of domain psys 2^-14 Joules
[    1.989692] intel_rapl_common: Found RAPL domain package
[    1.989695] intel_rapl_common: Found RAPL domain dram
[    1.990654] cryptd: max_cpu_qlen set to 1000
[    1.995729] Intel(R) Wireless WiFi driver for Linux
[    1.996894] iwlwifi 0000:00:14.3: enabling device (0000 -> 0002)
[    2.006120] AVX2 version of gcm_enc/dec engaged.
[    2.006161] AES CTR mode by8 optimization enabled
[    2.011311] iwlwifi 0000:00:14.3: Detected crf-id 0x3617, cnv-id 0x20000=
302 wfpm id 0x80000000
[    2.011330] iwlwifi 0000:00:14.3: PCI dev 06f0/1651, rev=3D0x351, rfid=
=3D0x10a100
[    2.016748] snd_hda_intel 0000:00:1f.3: DSP detected with PCI class/subc=
lass/prog-if info 0x040380
[    2.016764] snd_hda_intel 0000:00:1f.3: enabling device (0000 -> 0002)
[    2.019706] input: Dell WMI hotkeys as /devices/platform/PNP0C14:03/wmi_=
bus/wmi_bus-PNP0C14:03/9DBB5994-A997-11DA-B012-B622A1EF5492/input/input7
[    2.038722] intel_rapl_common: Found RAPL domain package
[    2.038725] intel_rapl_common: Found RAPL domain core
[    2.038726] intel_rapl_common: Found RAPL domain uncore
[    2.038727] intel_rapl_common: Found RAPL domain dram
[    2.038728] intel_rapl_common: Found RAPL domain psys
[    2.039224] intel_tcc_cooling: Programmable TCC Offset detected
[    2.047190] iTCO_wdt iTCO_wdt: Found a Intel PCH TCO device (Version=3D6=
, TCOBASE=3D0x0400)
[    2.047580] iTCO_wdt iTCO_wdt: initialized. heartbeat=3D30 sec (nowayout=
=3D0)
[    2.047976] ee1004 0-0050: 512 byte EE1004-compliant SPD EEPROM, read-on=
ly
[    2.060903] dw-apb-uart.2: ttyS0 at MMIO 0x4010002000 (irq =3D 20, base_=
baud =3D 7500000) is a 16550A
[    2.070355] iwlwifi 0000:00:14.3: api flags index 2 larger than supporte=
d by driver
[    2.070372] iwlwifi 0000:00:14.3: TLV_FW_FSEQ_VERSION: FSEQ Version: 89.=
3.35.37
[    2.070710] iwlwifi 0000:00:14.3: loaded firmware version 77.f92b5fed.0 =
QuZ-a0-hr-b0-77.ucode op_mode iwlmvm
[    2.429524] ACPI Warning: \_SB.PCI0.PEG0.PEGP._DSM: Argument #4 type mis=
match - Found [Buffer], ACPI requires [Package] (20230331/nsarguments-61)
[    2.429610] pci 0000:01:00.0: optimus capabilities: enabled, status dyna=
mic power, hda bios codec supported
[    2.429613] VGA switcheroo: detected Optimus DSM method \_SB_.PCI0.PEG0.=
PEGP handle
[    2.429614] nouveau: detected PR support, will not use DSM
[    2.429635] nouveau 0000:01:00.0: enabling device (0000 -> 0003)
[    2.430008] Console: switching to colour dummy device 80x25
[    2.430085] nouveau 0000:01:00.0: NVIDIA TU117 (167000a1)
[    2.440247] psmouse serio1: elantech: assuming hardware version 4 (with =
firmware version 0x0f5002)
[    2.441077] psmouse serio1: elantech: elantech_send_cmd query 0x02 faile=
d.
[    2.441084] psmouse serio1: elantech: failed to query capabilities.
[    2.447133] i2c_hid_acpi i2c-ELAN29E4:00: i2c_hid_get_input: IRQ trigger=
ed but there's no data
[    2.607616] nouveau 0000:01:00.0: bios: version 90.17.42.00.3a
[    2.622047] nouveau 0000:01:00.0: pmu: firmware unavailable
[    2.629112] nouveau 0000:01:00.0: fb: 4096 MiB GDDR6
[    2.635784] Setting dangerous option enable_psr - tainting kernel
[    2.636218] input: DELL097D:00 04F3:311C Mouse as /devices/pci0000:00/00=
00:00:15.1/i2c_designware.1/i2c-2/i2c-DELL097D:00/0018:04F3:311C.0001/input=
/input8
[    2.636285] input: DELL097D:00 04F3:311C Touchpad as /devices/pci0000:00=
/0000:00:15.1/i2c_designware.1/i2c-2/i2c-DELL097D:00/0018:04F3:311C.0001/in=
put/input9
[    2.636341] hid-generic 0018:04F3:311C.0001: input,hidraw0: I2C HID v1.0=
0 Mouse [DELL097D:00 04F3:311C] on i2c-DELL097D:00
[    2.636700] input: ELAN29E4:00 04F3:29E4 Touchscreen as /devices/pci0000=
:00/0000:00:15.0/i2c_designware.0/i2c-1/i2c-ELAN29E4:00/0018:04F3:29E4.0002=
/input/input11
[    2.636747] input: ELAN29E4:00 04F3:29E4 as /devices/pci0000:00/0000:00:=
15.0/i2c_designware.0/i2c-1/i2c-ELAN29E4:00/0018:04F3:29E4.0002/input/input=
12
[    2.636790] input: ELAN29E4:00 04F3:29E4 as /devices/pci0000:00/0000:00:=
15.0/i2c_designware.0/i2c-1/i2c-ELAN29E4:00/0018:04F3:29E4.0002/input/input=
13
[    2.636856] hid-generic 0018:04F3:29E4.0002: input,hidraw1: I2C HID v1.0=
0 Device [ELAN29E4:00 04F3:29E4] on i2c-ELAN29E4:00
[    2.637221] ish-hid {33AECD58-B679-4E54-9BD9-A04D34F0C226}: [hid-ish]: e=
num_devices_done OK, num_hid_devices=3D1
[    2.638081] i915 0000:00:02.0: vgaarb: deactivate vga console
[    2.639709] hid-generic 001F:8087:0AC2.0003: hidraw2: SENSOR HUB HID v2.=
00 Device [hid-ishtp 8087:0AC2] on=20
[    2.654461] i915 0000:00:02.0: vgaarb: changed VGA decodes: olddecodes=
=3Dio+mem,decodes=3Dio+mem:owns=3Dio+mem
[    2.655178] mei_hdcp 0000:00:16.0-b638ab7e-94e2-4ea2-a552-d1c54b627f04: =
bound 0000:00:02.0 (ops i915_hdcp_ops [i915])
[    2.657140] i915 0000:00:02.0: [drm] Finished loading DMC firmware i915/=
kbl_dmc_ver1_04.bin (v1.4)
[    2.676003] iwlwifi 0000:00:14.3: Detected Intel(R) Wi-Fi 6 AX203, REV=
=3D0x351
[    2.676047] thermal thermal_zone13: failed to read out thermal zone (-61)
[    2.680679] input: DELL097D:00 04F3:311C Mouse as /devices/pci0000:00/00=
00:00:15.1/i2c_designware.1/i2c-2/i2c-DELL097D:00/0018:04F3:311C.0001/input=
/input15
[    2.685652] nouveau 0000:01:00.0: DRM: VRAM: 4096 MiB
[    2.685654] nouveau 0000:01:00.0: DRM: GART: 536870912 MiB
[    2.685656] nouveau 0000:01:00.0: DRM: BIT table 'A' not found
[    2.685656] nouveau 0000:01:00.0: DRM: BIT table 'L' not found
[    2.685657] nouveau 0000:01:00.0: DRM: Pointer to TMDS table not found
[    2.685658] nouveau 0000:01:00.0: DRM: DCB version 4.1
[    2.686330] nouveau 0000:01:00.0: DRM: MM: using COPY for buffer copies
[    2.686493] [drm] Initialized nouveau 1.3.1 20120801 for 0000:01:00.0 on=
 minor 0
[    2.686522] nouveau 0000:01:00.0: [drm] No compatible format found
[    2.686524] nouveau 0000:01:00.0: [drm] Cannot find any crtc or sizes
[    2.686525] nouveau 0000:01:00.0: DRM: Disabling PCI power management to=
 avoid bug
[    2.693526] input: DELL097D:00 04F3:311C Touchpad as /devices/pci0000:00=
/0000:00:15.1/i2c_designware.1/i2c-2/i2c-DELL097D:00/0018:04F3:311C.0001/in=
put/input16
[    2.693568] hid-multitouch 0018:04F3:311C.0001: input,hidraw0: I2C HID v=
1.00 Mouse [DELL097D:00 04F3:311C] on i2c-DELL097D:00
[    2.698532] mousedev: PS/2 mouse device common for all mice
[    2.701004] input: ELAN29E4:00 04F3:29E4 as /devices/pci0000:00/0000:00:=
15.0/i2c_designware.0/i2c-1/i2c-ELAN29E4:00/0018:04F3:29E4.0002/input/input=
18
[    2.701073] input: ELAN29E4:00 04F3:29E4 UNKNOWN as /devices/pci0000:00/=
0000:00:15.0/i2c_designware.0/i2c-1/i2c-ELAN29E4:00/0018:04F3:29E4.0002/inp=
ut/input19
[    2.701281] input: ELAN29E4:00 04F3:29E4 UNKNOWN as /devices/pci0000:00/=
0000:00:15.0/i2c_designware.0/i2c-1/i2c-ELAN29E4:00/0018:04F3:29E4.0002/inp=
ut/input20
[    2.701486] hid-multitouch 0018:04F3:29E4.0002: input,hidraw1: I2C HID v=
1.00 Device [ELAN29E4:00 04F3:29E4] on i2c-ELAN29E4:00
[    2.795739] iwlwifi 0000:00:14.3: Detected RF HR B3, rfid=3D0x10a100
[    2.822526] input: PS/2 Logitech Wheel Mouse as /devices/platform/i8042/=
serio1/input/input6
[    2.861552] iwlwifi 0000:00:14.3: base HW address: dc:41:a9:9f:26:cb
[    2.876972] iwlwifi 0000:00:14.3 wlp0s20f3: renamed from wlan0
[    2.952889] mc: Linux media interface: v0.10
[    2.968373] videodev: Linux video capture interface: v2.00
[    2.978281] usb 1-11: Found UVC 1.00 device Integrated_Webcam_HD (0c45:6=
d14)
[    2.989716] usb 1-11: Found UVC 1.00 device Integrated_Webcam_HD (0c45:6=
d14)
[    2.992439] Bluetooth: Core ver 2.22
[    2.992466] NET: Registered PF_BLUETOOTH protocol family
[    2.992467] Bluetooth: HCI device and connection manager initialized
[    2.992507] Bluetooth: HCI socket layer initialized
[    2.992509] Bluetooth: L2CAP socket layer initialized
[    2.992513] Bluetooth: SCO socket layer initialized
[    2.998034] usbcore: registered new interface driver uvcvideo
[    3.001365] usbcore: registered new interface driver btusb
[    3.046789] Bluetooth: hci0: Found device firmware: intel/ibt-19-0-4.sfi
[    3.046878] Bluetooth: hci0: Boot Address: 0x24800
[    3.046879] Bluetooth: hci0: Firmware Version: 106-39.22
[    3.048194] usb 1-14: USB disconnect, device number 4
[    3.048346] Bluetooth: hci0: FW download error recovery failed (-19)
[    3.048370] Bluetooth: hci0: sending frame failed (-19)
[    3.048376] Bluetooth: hci0: Reading supported features failed (-19)
[    3.048380] Bluetooth: hci0: Error reading debug features
[    3.049074] Bluetooth: BNEP (Ethernet Emulation) ver 1.3
[    3.049079] Bluetooth: BNEP socket layer initialized
[    3.439451] usb 1-14: new full-speed USB device number 5 using xhci_hcd
[    3.453352] wireguard: WireGuard 1.0.0 loaded. See www.wireguard.com for=
 information.
[    3.453354] wireguard: Copyright (C) 2015-2019 Jason A. Donenfeld <Jason=
@zx2c4.com>. All Rights Reserved.
[    3.463987] NET: Registered PF_PACKET protocol family
[    3.566785] usb 1-14: New USB device found, idVendor=3D8087, idProduct=
=3D0026, bcdDevice=3D 0.02
[    3.566788] usb 1-14: New USB device strings: Mfr=3D0, Product=3D0, Seri=
alNumber=3D0
[    3.569602] Bluetooth: hci0: Bootloader revision 0.4 build 0 week 30 2018
[    3.570653] Bluetooth: hci0: Device revision is 2
[    3.570655] Bluetooth: hci0: Secure boot is enabled
[    3.570656] Bluetooth: hci0: OTP lock is enabled
[    3.570657] Bluetooth: hci0: API lock is enabled
[    3.570658] Bluetooth: hci0: Debug lock is disabled
[    3.570659] Bluetooth: hci0: Minimum firmware build 1 week 10 2014
[    3.601958] Bluetooth: hci0: Found device firmware: intel/ibt-19-0-4.sfi
[    3.602032] Bluetooth: hci0: Boot Address: 0x24800
[    3.602033] Bluetooth: hci0: Firmware Version: 106-39.22
[    3.849491] [drm] Initialized i915 1.6.0 20201103 for 0000:00:02.0 on mi=
nor 1
[    3.852314] ACPI: video: Video Device [PEGP] (multi-head: no  rom: yes  =
post: no)
[    3.852339] input: Video Bus as /devices/LNXSYSTM:00/LNXSYBUS:00/PNP0A08=
:00/device:00/LNXVIDEO:00/input/input22
[    3.857191] ACPI: video: Video Device [GFX0] (multi-head: yes  rom: no  =
post: no)
[    3.859485] input: Video Bus as /devices/LNXSYSTM:00/LNXSYBUS:00/PNP0A08=
:00/LNXVIDEO:01/input/input23
[    3.859646] snd_hda_intel 0000:00:1f.3: bound 0000:00:02.0 (ops i915_aud=
io_component_bind_ops [i915])
[    3.859977] vga_switcheroo: enabled
[    3.866495] fbcon: i915drmfb (fb0) is primary device
[    3.882046] Console: switching to colour frame buffer device 480x150
[    3.903423] i915 0000:00:02.0: [drm] fb0: i915drmfb frame buffer device
[    3.953894] snd_hda_codec_realtek hdaudioC0D0: autoconfig for ALC289: li=
ne_outs=3D2 (0x14/0x17/0x0/0x0/0x0) type:speaker
[    3.953899] snd_hda_codec_realtek hdaudioC0D0:    speaker_outs=3D0 (0x0/=
0x0/0x0/0x0/0x0)
[    3.953901] snd_hda_codec_realtek hdaudioC0D0:    hp_outs=3D1 (0x21/0x0/=
0x0/0x0/0x0)
[    3.953902] snd_hda_codec_realtek hdaudioC0D0:    mono: mono_out=3D0x0
[    3.953904] snd_hda_codec_realtek hdaudioC0D0:    inputs:
[    3.953905] snd_hda_codec_realtek hdaudioC0D0:      Headset Mic=3D0x19
[    3.953906] snd_hda_codec_realtek hdaudioC0D0:      Headphone Mic=3D0x1b
[    3.953907] snd_hda_codec_realtek hdaudioC0D0:      Internal Mic=3D0x12
[    3.975128] memfd_create() without MFD_EXEC nor MFD_NOEXEC_SEAL, pid=3D1=
394 'systemd'
[    4.626055] input: HDA Intel PCH Headphone Mic as /devices/pci0000:00/00=
00:00:1f.3/sound/card0/input24
[    4.626107] input: HDA Intel PCH HDMI/DP,pcm=3D3 as /devices/pci0000:00/=
0000:00:1f.3/sound/card0/input25
[    4.626146] input: HDA Intel PCH HDMI/DP,pcm=3D7 as /devices/pci0000:00/=
0000:00:1f.3/sound/card0/input26
[    4.626195] input: HDA Intel PCH HDMI/DP,pcm=3D8 as /devices/pci0000:00/=
0000:00:1f.3/sound/card0/input27
[    5.241806] Bluetooth: hci0: Waiting for firmware download to complete
[    5.242595] Bluetooth: hci0: Firmware loaded in 1602181 usecs
[    5.242638] Bluetooth: hci0: Waiting for device to boot
[    5.256595] Bluetooth: hci0: Device booted in 13657 usecs
[    5.256905] Bluetooth: hci0: Found Intel DDC parameters: intel/ibt-19-0-=
4.ddc
[    5.259628] Bluetooth: hci0: Applying Intel DDC parameters completed
[    5.260604] Bluetooth: hci0: Firmware revision 0.4 build 106 week 39 2022
[    5.325787] Bluetooth: MGMT ver 1.22
[    5.328049] NET: Registered PF_ALG protocol family
[    5.780722] rfkill: input handler disabled
[    6.108642] Bluetooth: RFCOMM TTY layer initialized
[    6.108649] Bluetooth: RFCOMM socket layer initialized
[    6.108654] Bluetooth: RFCOMM ver 1.11
[    6.822663] wlp0s20f3: authenticate with 76:ac:b9:3d:23:e1
[    6.826416] wlp0s20f3: send auth to 76:ac:b9:3d:23:e1 (try 1/3)
[    6.890918] wlp0s20f3: authenticate with 76:ac:b9:3d:23:e1
[    6.890921] wlp0s20f3: send auth to 76:ac:b9:3d:23:e1 (try 1/3)
[    6.892020] wlp0s20f3: authenticated
[    6.892450] wlp0s20f3: associate with 76:ac:b9:3d:23:e1 (try 1/3)
[    6.897115] wlp0s20f3: RX AssocResp from 76:ac:b9:3d:23:e1 (capab=3D0x11=
11 status=3D0 aid=3D7)
[    6.904360] wlp0s20f3: associated
[    7.084489] NET: Registered PF_QIPCRTR protocol family
[    7.146057] ucsi_acpi USBC000:00: unknown error 0
[    7.146061] ucsi_acpi USBC000:00: UCSI_GET_PDOS failed (-5)
[    7.152563] NFSD: Using nfsdcld client tracking operations.
[    7.152583] NFSD: no clients to reclaim, skipping NFSv4 grace period (ne=
t f0000000)
[    9.477110] systemd-journald[627]: File /var/log/journal/db70a9ba05a34ea=
885e2a138a113f18d/user-1000.journal corrupted or uncleanly shut down, renam=
ing and replacing.
[    9.774752] rfkill: input handler enabled
[   11.790489] Bluetooth: hci0: command 0x0408 tx timeout
[   11.790492] Bluetooth: hci0: Opcode 0x c24 failed: -110
[   14.324482] warning: `.kded5-wrapped' uses wireless extensions which wil=
l stop working for Wi-Fi 7 hardware; use nl80211
[   45.452940] wlp0s20f3: deauthenticating from 76:ac:b9:3d:23:e1 by local =
choice (Reason: 3=3DDEAUTH_LEAVING)
[   46.251772] PM: suspend entry (s2idle)
[   46.262603] Filesystems sync: 0.010 seconds
[   46.305168] Freezing user space processes
[   46.306577] Freezing user space processes completed (elapsed 0.001 secon=
ds)
[   46.306580] OOM killer disabled.
[   46.306581] Freezing remaining freezable tasks
[   46.307549] Freezing remaining freezable tasks completed (elapsed 0.000 =
seconds)
[   46.307552] printk: Suspending console(s) (use no_console_suspend to deb=
ug)
[   46.974166] ACPI: EC: interrupt blocked
[   46.982179] intel_pch_thermal 0000:00:12.0: CPU-PCH is cool [59C]
[   50.843626] ACPI: EC: interrupt unblocked
[   52.614284] nvme nvme0: 12/0/0 default/read/poll queues
[   52.650861] mei_hdcp 0000:00:16.0-b638ab7e-94e2-4ea2-a552-d1c54b627f04: =
bound 0000:00:02.0 (ops i915_hdcp_ops [i915])
[   52.651344] OOM killer enabled.
[   52.651345] Restarting tasks ... done.
[   52.654313] random: crng reseeded on system resumption
[   52.753957] PM: suspend exit
[   53.410473] psmouse serio1: elantech: assuming hardware version 4 (with =
firmware version 0x0f5002)
[   53.410911] psmouse serio1: elantech: elantech_send_cmd query 0x02 faile=
d.
[   53.410914] psmouse serio1: elantech: failed to query capabilities.
[   53.787920] input: PS/2 Logitech Wheel Mouse as /devices/platform/i8042/=
serio1/input/input29
[   56.481997] wlp0s20f3: authenticate with 76:ac:b9:3d:23:e1
[   56.485263] wlp0s20f3: send auth to 76:ac:b9:3d:23:e1 (try 1/3)
[   56.541053] wlp0s20f3: authenticate with 76:ac:b9:3d:23:e1
[   56.541057] wlp0s20f3: send auth to 76:ac:b9:3d:23:e1 (try 1/3)
[   56.542196] wlp0s20f3: authenticated
[   56.542928] wlp0s20f3: associate with 76:ac:b9:3d:23:e1 (try 1/3)
[   56.546049] wlp0s20f3: RX AssocResp from 76:ac:b9:3d:23:e1 (capab=3D0x11=
11 status=3D0 aid=3D6)
[   56.558703] wlp0s20f3: associated
[   66.620028] iwlwifi 0000:00:14.3: Queue 5 is stuck 0 14
[   66.620050] iwlwifi 0000:00:14.3: Queue 4 is stuck 0 4
[   66.620260] iwlwifi 0000:00:14.3: Microcode SW error detected. Restartin=
g 0x0.
[   66.620328] iwlwifi 0000:00:14.3: Start IWL Error Log Dump:
[   66.620329] iwlwifi 0000:00:14.3: Transport status: 0x0000004A, valid: 6
[   66.620330] iwlwifi 0000:00:14.3: Loaded firmware version: 77.f92b5fed.0=
 QuZ-a0-hr-b0-77.ucode
[   66.620331] iwlwifi 0000:00:14.3: 0x00000084 | NMI_INTERRUPT_UNKNOWN=20=
=20=20=20=20=20=20
[   66.620332] iwlwifi 0000:00:14.3: 0x0000A2F0 | trm_hw_status0
[   66.620333] iwlwifi 0000:00:14.3: 0x00000000 | trm_hw_status1
[   66.620334] iwlwifi 0000:00:14.3: 0x004C8FAA | branchlink2
[   66.620335] iwlwifi 0000:00:14.3: 0x004BEF5E | interruptlink1
[   66.620336] iwlwifi 0000:00:14.3: 0x004BEF5E | interruptlink2
[   66.620336] iwlwifi 0000:00:14.3: 0x0001523A | data1
[   66.620337] iwlwifi 0000:00:14.3: 0x01000000 | data2
[   66.620338] iwlwifi 0000:00:14.3: 0x00000000 | data3
[   66.620338] iwlwifi 0000:00:14.3: 0x18810674 | beacon time
[   66.620339] iwlwifi 0000:00:14.3: 0xB2452997 | tsf low
[   66.620340] iwlwifi 0000:00:14.3: 0x00000923 | tsf hi
[   66.620341] iwlwifi 0000:00:14.3: 0x00000000 | time gp1
[   66.620341] iwlwifi 0000:00:14.3: 0x00D955C0 | time gp2
[   66.620342] iwlwifi 0000:00:14.3: 0x00000001 | uCode revision type
[   66.620343] iwlwifi 0000:00:14.3: 0x0000004D | uCode version major
[   66.620343] iwlwifi 0000:00:14.3: 0xF92B5FED | uCode version minor
[   66.620344] iwlwifi 0000:00:14.3: 0x00000351 | hw version
[   66.620345] iwlwifi 0000:00:14.3: 0x00C89001 | board version
[   66.620345] iwlwifi 0000:00:14.3: 0x8052FD4F | hcmd
[   66.620346] iwlwifi 0000:00:14.3: 0x20028000 | isr0
[   66.620347] iwlwifi 0000:00:14.3: 0x00000000 | isr1
[   66.620347] iwlwifi 0000:00:14.3: 0x08F00002 | isr2
[   66.620348] iwlwifi 0000:00:14.3: 0x00C3028C | isr3
[   66.620349] iwlwifi 0000:00:14.3: 0x00000000 | isr4
[   66.620349] iwlwifi 0000:00:14.3: 0x00760103 | last cmd Id
[   66.620350] iwlwifi 0000:00:14.3: 0x0001523A | wait_event
[   66.620351] iwlwifi 0000:00:14.3: 0x000000D4 | l2p_control
[   66.620351] iwlwifi 0000:00:14.3: 0x00000000 | l2p_duration
[   66.620352] iwlwifi 0000:00:14.3: 0x00000007 | l2p_mhvalid
[   66.620353] iwlwifi 0000:00:14.3: 0x00000000 | l2p_addr_match
[   66.620353] iwlwifi 0000:00:14.3: 0x00000009 | lmpm_pmg_sel
[   66.620354] iwlwifi 0000:00:14.3: 0x00000000 | timestamp
[   66.620355] iwlwifi 0000:00:14.3: 0x0000D848 | flow_handler
[   66.620386] iwlwifi 0000:00:14.3: Start IWL Error Log Dump:
[   66.620387] iwlwifi 0000:00:14.3: Transport status: 0x0000004A, valid: 7
[   66.620388] iwlwifi 0000:00:14.3: 0x20000066 | NMI_INTERRUPT_HOST
[   66.620388] iwlwifi 0000:00:14.3: 0x00000000 | umac branchlink1
[   66.620389] iwlwifi 0000:00:14.3: 0x8045613A | umac branchlink2
[   66.620390] iwlwifi 0000:00:14.3: 0x8047301E | umac interruptlink1
[   66.620390] iwlwifi 0000:00:14.3: 0x8047301E | umac interruptlink2
[   66.620391] iwlwifi 0000:00:14.3: 0x01000000 | umac data1
[   66.620392] iwlwifi 0000:00:14.3: 0x8047301E | umac data2
[   66.620392] iwlwifi 0000:00:14.3: 0x00000000 | umac data3
[   66.620393] iwlwifi 0000:00:14.3: 0x0000004D | umac major
[   66.620394] iwlwifi 0000:00:14.3: 0xF92B5FED | umac minor
[   66.620394] iwlwifi 0000:00:14.3: 0x00D955BE | frame pointer
[   66.620395] iwlwifi 0000:00:14.3: 0xC0886260 | stack pointer
[   66.620396] iwlwifi 0000:00:14.3: 0x0083010C | last host cmd
[   66.620396] iwlwifi 0000:00:14.3: 0x00000000 | isr status reg
[   66.620419] iwlwifi 0000:00:14.3: IML/ROM dump:
[   66.620420] iwlwifi 0000:00:14.3: 0x00000003 | IML/ROM error/state
[   66.620426] iwlwifi 0000:00:14.3: 0x0000570D | IML/ROM data1
[   66.620433] iwlwifi 0000:00:14.3: 0x00000080 | IML/ROM WFPM_AUTH_KEY_0
[   66.620438] iwlwifi 0000:00:14.3: Fseq Registers:
[   66.620440] iwlwifi 0000:00:14.3: 0x60000000 | FSEQ_ERROR_CODE
[   66.620442] iwlwifi 0000:00:14.3: 0x80290033 | FSEQ_TOP_INIT_VERSION
[   66.620444] iwlwifi 0000:00:14.3: 0x00090006 | FSEQ_CNVIO_INIT_VERSION
